[2023-01-29T17:48:13.172+0100][gc] Using G1
[2023-01-29T17:48:13.173+0100][gc,init] Version: 17.0.6+10 (release)
[2023-01-29T17:48:13.173+0100][gc,init] CPUs: 8 total, 8 available
[2023-01-29T17:48:13.173+0100][gc,init] Memory: 8192M
[2023-01-29T17:48:13.173+0100][gc,init] Large Page Support: Disabled
[2023-01-29T17:48:13.173+0100][gc,init] NUMA Support: Disabled
[2023-01-29T17:48:13.173+0100][gc,init] Compressed Oops: Enabled (Zero based)
[2023-01-29T17:48:13.173+0100][gc,init] Heap Region Size: 1M
[2023-01-29T17:48:13.173+0100][gc,init] Heap Min Capacity: 1G
[2023-01-29T17:48:13.173+0100][gc,init] Heap Initial Capacity: 1G
[2023-01-29T17:48:13.173+0100][gc,init] Heap Max Capacity: 1G
[2023-01-29T17:48:13.173+0100][gc,init] Pre-touch: Disabled
[2023-01-29T17:48:13.173+0100][gc,init] Parallel Workers: 8
[2023-01-29T17:48:13.173+0100][gc,init] Concurrent Workers: 2
[2023-01-29T17:48:13.173+0100][gc,init] Concurrent Refinement Workers: 8
[2023-01-29T17:48:13.173+0100][gc,init] Periodic GC: Disabled
[2023-01-29T17:48:13.173+0100][gc,metaspace] CDS archive(s) not mapped
[2023-01-29T17:48:13.173+0100][gc,metaspace] Compressed class space mapped at: 0x0000000800000000-0x0000000840000000, reserved size: 1073741824
[2023-01-29T17:48:13.173+0100][gc,metaspace] Narrow klass base: 0x0000000800000000, Narrow klass shift: 0, Narrow klass range: 0x40000000
[2023-01-29T17:48:13.657+0100][gc,start    ] GC(0) Pause Young (Concurrent Start) (Metadata GC Threshold)
[2023-01-29T17:48:13.657+0100][gc,task     ] GC(0) Using 8 workers of 8 for evacuation
[2023-01-29T17:48:13.660+0100][gc,phases   ] GC(0)   Pre Evacuate Collection Set: 0.1ms
[2023-01-29T17:48:13.660+0100][gc,phases   ] GC(0)   Merge Heap Roots: 0.2ms
[2023-01-29T17:48:13.660+0100][gc,phases   ] GC(0)   Evacuate Collection Set: 2.1ms
[2023-01-29T17:48:13.660+0100][gc,phases   ] GC(0)   Post Evacuate Collection Set: 0.2ms
[2023-01-29T17:48:13.660+0100][gc,phases   ] GC(0)   Other: 0.2ms
[2023-01-29T17:48:13.660+0100][gc,heap     ] GC(0) Eden regions: 35->0(44)
[2023-01-29T17:48:13.660+0100][gc,heap     ] GC(0) Survivor regions: 0->7(7)
[2023-01-29T17:48:13.660+0100][gc,heap     ] GC(0) Old regions: 0->1
[2023-01-29T17:48:13.660+0100][gc,heap     ] GC(0) Archive regions: 0->0
[2023-01-29T17:48:13.660+0100][gc,heap     ] GC(0) Humongous regions: 0->0
[2023-01-29T17:48:13.660+0100][gc,metaspace] GC(0) Metaspace: 21357K(21504K)->21357K(21504K) NonClass: 19001K(19072K)->19001K(19072K) Class: 2356K(2432K)->2356K(2432K)
[2023-01-29T17:48:13.660+0100][gc          ] GC(0) Pause Young (Concurrent Start) (Metadata GC Threshold) 34M->7M(1024M) 2.934ms
[2023-01-29T17:48:13.660+0100][gc,cpu      ] GC(0) User=0.01s Sys=0.00s Real=0.01s
[2023-01-29T17:48:13.660+0100][gc          ] GC(1) Concurrent Mark Cycle
[2023-01-29T17:48:13.660+0100][gc,marking  ] GC(1) Concurrent Clear Claimed Marks
[2023-01-29T17:48:13.660+0100][gc,marking  ] GC(1) Concurrent Clear Claimed Marks 0.008ms
[2023-01-29T17:48:13.660+0100][gc,marking  ] GC(1) Concurrent Scan Root Regions
[2023-01-29T17:48:13.661+0100][gc,marking  ] GC(1) Concurrent Scan Root Regions 1.159ms
[2023-01-29T17:48:13.661+0100][gc,marking  ] GC(1) Concurrent Mark
[2023-01-29T17:48:13.661+0100][gc,marking  ] GC(1) Concurrent Mark From Roots
[2023-01-29T17:48:13.661+0100][gc,task     ] GC(1) Using 2 workers of 2 for marking
[2023-01-29T17:48:13.661+0100][gc,marking  ] GC(1) Concurrent Mark From Roots 0.089ms
[2023-01-29T17:48:13.661+0100][gc,marking  ] GC(1) Concurrent Preclean
[2023-01-29T17:48:13.661+0100][gc,marking  ] GC(1) Concurrent Preclean 0.013ms
[2023-01-29T17:48:13.661+0100][gc,start    ] GC(1) Pause Remark
[2023-01-29T17:48:13.662+0100][gc          ] GC(1) Pause Remark 7M->7M(1024M) 0.625ms
[2023-01-29T17:48:13.662+0100][gc,cpu      ] GC(1) User=0.00s Sys=0.00s Real=0.00s
[2023-01-29T17:48:13.662+0100][gc,marking  ] GC(1) Concurrent Mark 0.828ms
[2023-01-29T17:48:13.662+0100][gc,marking  ] GC(1) Concurrent Rebuild Remembered Sets
[2023-01-29T17:48:13.662+0100][gc,marking  ] GC(1) Concurrent Rebuild Remembered Sets 0.280ms
[2023-01-29T17:48:13.662+0100][gc,start    ] GC(1) Pause Cleanup
[2023-01-29T17:48:13.662+0100][gc          ] GC(1) Pause Cleanup 7M->7M(1024M) 0.076ms
[2023-01-29T17:48:13.662+0100][gc,cpu      ] GC(1) User=0.00s Sys=0.00s Real=0.00s
[2023-01-29T17:48:13.662+0100][gc,marking  ] GC(1) Concurrent Cleanup for Next Mark
[2023-01-29T17:48:13.664+0100][gc,marking  ] GC(1) Concurrent Cleanup for Next Mark 1.152ms
[2023-01-29T17:48:13.664+0100][gc          ] GC(1) Concurrent Mark Cycle 3.651ms
[2023-01-29T17:48:14.131+0100][gc,start    ] GC(2) Pause Young (Normal) (G1 Evacuation Pause)
[2023-01-29T17:48:14.131+0100][gc,task     ] GC(2) Using 8 workers of 8 for evacuation
[2023-01-29T17:48:14.135+0100][gc,phases   ] GC(2)   Pre Evacuate Collection Set: 0.1ms
[2023-01-29T17:48:14.135+0100][gc,phases   ] GC(2)   Merge Heap Roots: 0.0ms
[2023-01-29T17:48:14.135+0100][gc,phases   ] GC(2)   Evacuate Collection Set: 3.2ms
[2023-01-29T17:48:14.135+0100][gc,phases   ] GC(2)   Post Evacuate Collection Set: 0.2ms
[2023-01-29T17:48:14.135+0100][gc,phases   ] GC(2)   Other: 0.1ms
[2023-01-29T17:48:14.135+0100][gc,heap     ] GC(2) Eden regions: 44->0(48)
[2023-01-29T17:48:14.135+0100][gc,heap     ] GC(2) Survivor regions: 7->3(7)
[2023-01-29T17:48:14.135+0100][gc,heap     ] GC(2) Old regions: 1->8
[2023-01-29T17:48:14.135+0100][gc,heap     ] GC(2) Archive regions: 0->0
[2023-01-29T17:48:14.135+0100][gc,heap     ] GC(2) Humongous regions: 129->129
[2023-01-29T17:48:14.135+0100][gc,metaspace] GC(2) Metaspace: 33606K(33856K)->33606K(33856K) NonClass: 29947K(30080K)->29947K(30080K) Class: 3658K(3776K)->3658K(3776K)
[2023-01-29T17:48:14.135+0100][gc          ] GC(2) Pause Young (Normal) (G1 Evacuation Pause) 180M->138M(1024M) 3.612ms
[2023-01-29T17:48:14.135+0100][gc,cpu      ] GC(2) User=0.01s Sys=0.00s Real=0.00s
[2023-01-29T17:48:14.212+0100][gc,start    ] GC(3) Pause Young (Concurrent Start) (Metadata GC Threshold)
[2023-01-29T17:48:14.212+0100][gc,task     ] GC(3) Using 8 workers of 8 for evacuation
[2023-01-29T17:48:14.214+0100][gc,phases   ] GC(3)   Pre Evacuate Collection Set: 0.1ms
[2023-01-29T17:48:14.214+0100][gc,phases   ] GC(3)   Merge Heap Roots: 0.0ms
[2023-01-29T17:48:14.214+0100][gc,phases   ] GC(3)   Evacuate Collection Set: 1.6ms
[2023-01-29T17:48:14.214+0100][gc,phases   ] GC(3)   Post Evacuate Collection Set: 0.2ms
[2023-01-29T17:48:14.214+0100][gc,phases   ] GC(3)   Other: 0.1ms
[2023-01-29T17:48:14.214+0100][gc,heap     ] GC(3) Eden regions: 14->0(46)
[2023-01-29T17:48:14.214+0100][gc,heap     ] GC(3) Survivor regions: 3->5(7)
[2023-01-29T17:48:14.214+0100][gc,heap     ] GC(3) Old regions: 8->8
[2023-01-29T17:48:14.214+0100][gc,heap     ] GC(3) Archive regions: 0->0
[2023-01-29T17:48:14.214+0100][gc,heap     ] GC(3) Humongous regions: 129->129
[2023-01-29T17:48:14.214+0100][gc,metaspace] GC(3) Metaspace: 35787K(35968K)->35787K(35968K) NonClass: 31858K(31936K)->31858K(31936K) Class: 3929K(4032K)->3929K(4032K)
[2023-01-29T17:48:14.214+0100][gc          ] GC(3) Pause Young (Concurrent Start) (Metadata GC Threshold) 152M->140M(1024M) 2.030ms
[2023-01-29T17:48:14.214+0100][gc,cpu      ] GC(3) User=0.01s Sys=0.00s Real=0.00s
[2023-01-29T17:48:14.214+0100][gc          ] GC(4) Concurrent Mark Cycle
[2023-01-29T17:48:14.214+0100][gc,marking  ] GC(4) Concurrent Clear Claimed Marks
[2023-01-29T17:48:14.214+0100][gc,marking  ] GC(4) Concurrent Clear Claimed Marks 0.009ms
[2023-01-29T17:48:14.214+0100][gc,marking  ] GC(4) Concurrent Scan Root Regions
[2023-01-29T17:48:14.216+0100][gc,marking  ] GC(4) Concurrent Scan Root Regions 1.039ms
[2023-01-29T17:48:14.216+0100][gc,marking  ] GC(4) Concurrent Mark
[2023-01-29T17:48:14.216+0100][gc,marking  ] GC(4) Concurrent Mark From Roots
[2023-01-29T17:48:14.216+0100][gc,task     ] GC(4) Using 2 workers of 2 for marking
[2023-01-29T17:48:14.218+0100][gc,marking  ] GC(4) Concurrent Mark From Roots 2.115ms
[2023-01-29T17:48:14.218+0100][gc,marking  ] GC(4) Concurrent Preclean
[2023-01-29T17:48:14.218+0100][gc,marking  ] GC(4) Concurrent Preclean 0.032ms
[2023-01-29T17:48:14.218+0100][gc,start    ] GC(4) Pause Remark
[2023-01-29T17:48:14.219+0100][gc          ] GC(4) Pause Remark 141M->141M(1024M) 0.775ms
[2023-01-29T17:48:14.219+0100][gc,cpu      ] GC(4) User=0.01s Sys=0.00s Real=0.00s
[2023-01-29T17:48:14.219+0100][gc,marking  ] GC(4) Concurrent Mark 3.044ms
[2023-01-29T17:48:14.219+0100][gc,marking  ] GC(4) Concurrent Rebuild Remembered Sets
[2023-01-29T17:48:14.220+0100][gc,marking  ] GC(4) Concurrent Rebuild Remembered Sets 1.263ms
[2023-01-29T17:48:14.220+0100][gc,start    ] GC(4) Pause Cleanup
[2023-01-29T17:48:14.220+0100][gc          ] GC(4) Pause Cleanup 141M->141M(1024M) 0.066ms
[2023-01-29T17:48:14.220+0100][gc,cpu      ] GC(4) User=0.00s Sys=0.00s Real=0.00s
[2023-01-29T17:48:14.220+0100][gc,marking  ] GC(4) Concurrent Cleanup for Next Mark
[2023-01-29T17:48:14.222+0100][gc,marking  ] GC(4) Concurrent Cleanup for Next Mark 1.530ms
[2023-01-29T17:48:14.222+0100][gc          ] GC(4) Concurrent Mark Cycle 7.175ms
[2023-01-29T17:48:14.637+0100][gc,start    ] GC(5) Pause Young (Normal) (G1 Evacuation Pause)
[2023-01-29T17:48:14.637+0100][gc,task     ] GC(5) Using 8 workers of 8 for evacuation
[2023-01-29T17:48:14.640+0100][gc,phases   ] GC(5)   Pre Evacuate Collection Set: 0.1ms
[2023-01-29T17:48:14.640+0100][gc,phases   ] GC(5)   Merge Heap Roots: 0.0ms
[2023-01-29T17:48:14.640+0100][gc,phases   ] GC(5)   Evacuate Collection Set: 2.5ms
[2023-01-29T17:48:14.640+0100][gc,phases   ] GC(5)   Post Evacuate Collection Set: 0.2ms
[2023-01-29T17:48:14.640+0100][gc,phases   ] GC(5)   Other: 0.1ms
[2023-01-29T17:48:14.640+0100][gc,heap     ] GC(5) Eden regions: 46->0(45)
[2023-01-29T17:48:14.640+0100][gc,heap     ] GC(5) Survivor regions: 5->6(7)
[2023-01-29T17:48:14.640+0100][gc,heap     ] GC(5) Old regions: 8->10
[2023-01-29T17:48:14.640+0100][gc,heap     ] GC(5) Archive regions: 0->0
[2023-01-29T17:48:14.640+0100][gc,heap     ] GC(5) Humongous regions: 129->129
[2023-01-29T17:48:14.640+0100][gc,metaspace] GC(5) Metaspace: 44920K(45312K)->44920K(45312K) NonClass: 39914K(40128K)->39914K(40128K) Class: 5005K(5184K)->5005K(5184K)
[2023-01-29T17:48:14.640+0100][gc          ] GC(5) Pause Young (Normal) (G1 Evacuation Pause) 186M->144M(1024M) 3.005ms
[2023-01-29T17:48:14.640+0100][gc,cpu      ] GC(5) User=0.02s Sys=0.01s Real=0.01s
[2023-01-29T17:58:15.274+0100][gc,start    ] GC(6) Pause Young (Normal) (G1 Evacuation Pause)
[2023-01-29T17:58:15.274+0100][gc,task     ] GC(6) Using 8 workers of 8 for evacuation
[2023-01-29T17:58:15.291+0100][gc,phases   ] GC(6)   Pre Evacuate Collection Set: 0.7ms
[2023-01-29T17:58:15.291+0100][gc,phases   ] GC(6)   Merge Heap Roots: 0.2ms
[2023-01-29T17:58:15.291+0100][gc,phases   ] GC(6)   Evacuate Collection Set: 14.7ms
[2023-01-29T17:58:15.291+0100][gc,phases   ] GC(6)   Post Evacuate Collection Set: 0.8ms
[2023-01-29T17:58:15.291+0100][gc,phases   ] GC(6)   Other: 0.7ms
[2023-01-29T17:58:15.291+0100][gc,heap     ] GC(6) Eden regions: 45->0(46)
[2023-01-29T17:58:15.291+0100][gc,heap     ] GC(6) Survivor regions: 6->5(7)
[2023-01-29T17:58:15.291+0100][gc,heap     ] GC(6) Old regions: 10->12
[2023-01-29T17:58:15.291+0100][gc,heap     ] GC(6) Archive regions: 0->0
[2023-01-29T17:58:15.291+0100][gc,heap     ] GC(6) Humongous regions: 129->129
[2023-01-29T17:58:15.291+0100][gc,metaspace] GC(6) Metaspace: 47428K(47872K)->47428K(47872K) NonClass: 42051K(42304K)->42051K(42304K) Class: 5377K(5568K)->5377K(5568K)
[2023-01-29T17:58:15.291+0100][gc          ] GC(6) Pause Young (Normal) (G1 Evacuation Pause) 189M->145M(1024M) 17.186ms
[2023-01-29T17:58:15.291+0100][gc,cpu      ] GC(6) User=0.03s Sys=0.04s Real=0.02s
[2023-01-29T18:05:00.066+0100][gc,start    ] GC(7) Pause Young (Normal) (G1 Evacuation Pause)
[2023-01-29T18:05:00.066+0100][gc,task     ] GC(7) Using 8 workers of 8 for evacuation
[2023-01-29T18:05:00.074+0100][gc,phases   ] GC(7)   Pre Evacuate Collection Set: 0.3ms
[2023-01-29T18:05:00.074+0100][gc,phases   ] GC(7)   Merge Heap Roots: 0.1ms
[2023-01-29T18:05:00.074+0100][gc,phases   ] GC(7)   Evacuate Collection Set: 7.0ms
[2023-01-29T18:05:00.074+0100][gc,phases   ] GC(7)   Post Evacuate Collection Set: 0.3ms
[2023-01-29T18:05:00.074+0100][gc,phases   ] GC(7)   Other: 0.4ms
[2023-01-29T18:05:00.074+0100][gc,heap     ] GC(7) Eden regions: 46->0(48)
[2023-01-29T18:05:00.074+0100][gc,heap     ] GC(7) Survivor regions: 5->3(7)
[2023-01-29T18:05:00.074+0100][gc,heap     ] GC(7) Old regions: 12->15
[2023-01-29T18:05:00.074+0100][gc,heap     ] GC(7) Archive regions: 0->0
[2023-01-29T18:05:00.074+0100][gc,heap     ] GC(7) Humongous regions: 129->129
[2023-01-29T18:05:00.074+0100][gc,metaspace] GC(7) Metaspace: 49923K(50432K)->49923K(50432K) NonClass: 44157K(44416K)->44157K(44416K) Class: 5765K(6016K)->5765K(6016K)
[2023-01-29T18:05:00.074+0100][gc          ] GC(7) Pause Young (Normal) (G1 Evacuation Pause) 191M->146M(1024M) 8.142ms
[2023-01-29T18:05:00.074+0100][gc,cpu      ] GC(7) User=0.02s Sys=0.03s Real=0.01s
[2023-01-29T18:12:19.713+0100][gc,start    ] GC(8) Pause Young (Normal) (G1 Evacuation Pause)
[2023-01-29T18:12:19.713+0100][gc,task     ] GC(8) Using 8 workers of 8 for evacuation
[2023-01-29T18:12:19.721+0100][gc,phases   ] GC(8)   Pre Evacuate Collection Set: 0.4ms
[2023-01-29T18:12:19.721+0100][gc,phases   ] GC(8)   Merge Heap Roots: 0.9ms
[2023-01-29T18:12:19.721+0100][gc,phases   ] GC(8)   Evacuate Collection Set: 5.5ms
[2023-01-29T18:12:19.721+0100][gc,phases   ] GC(8)   Post Evacuate Collection Set: 0.5ms
[2023-01-29T18:12:19.721+0100][gc,phases   ] GC(8)   Other: 0.3ms
[2023-01-29T18:12:19.721+0100][gc,heap     ] GC(8) Eden regions: 48->0(48)
[2023-01-29T18:12:19.721+0100][gc,heap     ] GC(8) Survivor regions: 3->3(7)
[2023-01-29T18:12:19.721+0100][gc,heap     ] GC(8) Old regions: 15->15
[2023-01-29T18:12:19.721+0100][gc,heap     ] GC(8) Archive regions: 0->0
[2023-01-29T18:12:19.721+0100][gc,heap     ] GC(8) Humongous regions: 129->129
[2023-01-29T18:12:19.721+0100][gc,metaspace] GC(8) Metaspace: 50365K(50944K)->50365K(50944K) NonClass: 44563K(44864K)->44563K(44864K) Class: 5802K(6080K)->5802K(6080K)
[2023-01-29T18:12:19.721+0100][gc          ] GC(8) Pause Young (Normal) (G1 Evacuation Pause) 194M->146M(1024M) 7.708ms
[2023-01-29T18:12:19.721+0100][gc,cpu      ] GC(8) User=0.01s Sys=0.02s Real=0.01s
[2023-01-29T18:23:34.319+0100][gc,start    ] GC(9) Pause Young (Normal) (G1 Evacuation Pause)
[2023-01-29T18:23:34.320+0100][gc,task     ] GC(9) Using 8 workers of 8 for evacuation
[2023-01-29T18:23:34.333+0100][gc,phases   ] GC(9)   Pre Evacuate Collection Set: 0.8ms
[2023-01-29T18:23:34.333+0100][gc,phases   ] GC(9)   Merge Heap Roots: 0.3ms
[2023-01-29T18:23:34.333+0100][gc,phases   ] GC(9)   Evacuate Collection Set: 11.0ms
[2023-01-29T18:23:34.333+0100][gc,phases   ] GC(9)   Post Evacuate Collection Set: 0.7ms
[2023-01-29T18:23:34.333+0100][gc,phases   ] GC(9)   Other: 0.8ms
[2023-01-29T18:23:34.333+0100][gc,heap     ] GC(9) Eden regions: 48->0(91)
[2023-01-29T18:23:34.333+0100][gc,heap     ] GC(9) Survivor regions: 3->3(7)
[2023-01-29T18:23:34.333+0100][gc,heap     ] GC(9) Old regions: 15->15
[2023-01-29T18:23:34.333+0100][gc,heap     ] GC(9) Archive regions: 0->0
[2023-01-29T18:23:34.333+0100][gc,heap     ] GC(9) Humongous regions: 129->129
[2023-01-29T18:23:34.333+0100][gc,metaspace] GC(9) Metaspace: 50503K(51072K)->50503K(51072K) NonClass: 44678K(44992K)->44678K(44992K) Class: 5824K(6080K)->5824K(6080K)
[2023-01-29T18:23:34.333+0100][gc          ] GC(9) Pause Young (Normal) (G1 Evacuation Pause) 194M->146M(1024M) 13.686ms
[2023-01-29T18:23:34.333+0100][gc,cpu      ] GC(9) User=0.02s Sys=0.02s Real=0.02s
[2023-01-29T18:34:18.679+0100][gc,start    ] GC(10) Pause Young (Normal) (G1 Evacuation Pause)
[2023-01-29T18:34:18.679+0100][gc,task     ] GC(10) Using 8 workers of 8 for evacuation
[2023-01-29T18:34:18.704+0100][gc,mmu      ] GC(10) MMU target violated: 21.0ms (20.0ms/21.0ms)
[2023-01-29T18:34:18.704+0100][gc,phases   ] GC(10)   Pre Evacuate Collection Set: 0.6ms
[2023-01-29T18:34:18.704+0100][gc,phases   ] GC(10)   Merge Heap Roots: 0.3ms
[2023-01-29T18:34:18.704+0100][gc,phases   ] GC(10)   Evacuate Collection Set: 22.4ms
[2023-01-29T18:34:18.704+0100][gc,phases   ] GC(10)   Post Evacuate Collection Set: 1.2ms
[2023-01-29T18:34:18.704+0100][gc,phases   ] GC(10)   Other: 1.1ms
[2023-01-29T18:34:18.704+0100][gc,heap     ] GC(10) Eden regions: 91->0(45)
[2023-01-29T18:34:18.704+0100][gc,heap     ] GC(10) Survivor regions: 3->6(12)
[2023-01-29T18:34:18.704+0100][gc,heap     ] GC(10) Old regions: 15->15
[2023-01-29T18:34:18.704+0100][gc,heap     ] GC(10) Archive regions: 0->0
[2023-01-29T18:34:18.704+0100][gc,heap     ] GC(10) Humongous regions: 129->129
[2023-01-29T18:34:18.704+0100][gc,metaspace] GC(10) Metaspace: 51746K(52352K)->51746K(52352K) NonClass: 45769K(46080K)->45769K(46080K) Class: 5977K(6272K)->5977K(6272K)
[2023-01-29T18:34:18.704+0100][gc          ] GC(10) Pause Young (Normal) (G1 Evacuation Pause) 237M->149M(1024M) 25.629ms
[2023-01-29T18:34:18.704+0100][gc,cpu      ] GC(10) User=0.03s Sys=0.05s Real=0.03s
[2023-01-29T18:41:41.350+0100][gc,start    ] GC(11) Pause Young (Normal) (G1 Evacuation Pause)
[2023-01-29T18:41:41.350+0100][gc,task     ] GC(11) Using 8 workers of 8 for evacuation
[2023-01-29T18:41:41.377+0100][gc,mmu      ] GC(11) MMU target violated: 21.0ms (20.0ms/21.0ms)
[2023-01-29T18:41:41.377+0100][gc,phases   ] GC(11)   Pre Evacuate Collection Set: 0.4ms
[2023-01-29T18:41:41.377+0100][gc,phases   ] GC(11)   Merge Heap Roots: 0.3ms
[2023-01-29T18:41:41.377+0100][gc,phases   ] GC(11)   Evacuate Collection Set: 25.2ms
[2023-01-29T18:41:41.377+0100][gc,phases   ] GC(11)   Post Evacuate Collection Set: 0.5ms
[2023-01-29T18:41:41.377+0100][gc,phases   ] GC(11)   Other: 1.1ms
[2023-01-29T18:41:41.377+0100][gc,heap     ] GC(11) Eden regions: 45->0(90)
[2023-01-29T18:41:41.377+0100][gc,heap     ] GC(11) Survivor regions: 6->3(7)
[2023-01-29T18:41:41.377+0100][gc,heap     ] GC(11) Old regions: 15->18
[2023-01-29T18:41:41.377+0100][gc,heap     ] GC(11) Archive regions: 0->0
[2023-01-29T18:41:41.377+0100][gc,heap     ] GC(11) Humongous regions: 129->129
[2023-01-29T18:41:41.377+0100][gc,metaspace] GC(11) Metaspace: 52113K(52800K)->52113K(52800K) NonClass: 46077K(46464K)->46077K(46464K) Class: 6035K(6336K)->6035K(6336K)
[2023-01-29T18:41:41.377+0100][gc          ] GC(11) Pause Young (Normal) (G1 Evacuation Pause) 194M->149M(1024M) 27.404ms
[2023-01-29T18:41:41.377+0100][gc,cpu      ] GC(11) User=0.02s Sys=0.05s Real=0.02s
[2023-01-29T19:04:39.696+0100][gc,start    ] GC(12) Pause Young (Normal) (G1 Evacuation Pause)
[2023-01-29T19:04:39.697+0100][gc,task     ] GC(12) Using 8 workers of 8 for evacuation
[2023-01-29T19:04:39.726+0100][gc,mmu      ] GC(12) MMU target violated: 21.0ms (20.0ms/21.0ms)
[2023-01-29T19:04:39.726+0100][gc,phases   ] GC(12)   Pre Evacuate Collection Set: 0.8ms
[2023-01-29T19:04:39.726+0100][gc,phases   ] GC(12)   Merge Heap Roots: 0.3ms
[2023-01-29T19:04:39.726+0100][gc,phases   ] GC(12)   Evacuate Collection Set: 26.6ms
[2023-01-29T19:04:39.726+0100][gc,phases   ] GC(12)   Post Evacuate Collection Set: 0.5ms
[2023-01-29T19:04:39.726+0100][gc,phases   ] GC(12)   Other: 1.4ms
[2023-01-29T19:04:39.726+0100][gc,heap     ] GC(12) Eden regions: 90->0(47)
[2023-01-29T19:04:39.726+0100][gc,heap     ] GC(12) Survivor regions: 3->4(12)
[2023-01-29T19:04:39.726+0100][gc,heap     ] GC(12) Old regions: 18->18
[2023-01-29T19:04:39.726+0100][gc,heap     ] GC(12) Archive regions: 0->0
[2023-01-29T19:04:39.726+0100][gc,heap     ] GC(12) Humongous regions: 129->129
[2023-01-29T19:04:39.726+0100][gc,metaspace] GC(12) Metaspace: 52184K(52800K)->52184K(52800K) NonClass: 46144K(46464K)->46144K(46464K) Class: 6039K(6336K)->6039K(6336K)
[2023-01-29T19:04:39.726+0100][gc          ] GC(12) Pause Young (Normal) (G1 Evacuation Pause) 239M->150M(1024M) 29.661ms
[2023-01-29T19:04:39.726+0100][gc,cpu      ] GC(12) User=0.01s Sys=0.05s Real=0.03s
[2023-01-29T19:05:48.020+0100][gc,heap,exit] Heap
[2023-01-29T19:05:48.020+0100][gc,heap,exit]  garbage-first heap   total 1048576K, used 173122K [0x00000007c0000000, 0x0000000800000000)
[2023-01-29T19:05:48.020+0100][gc,heap,exit]   region size 1024K, 23 young (23552K), 4 survivors (4096K)
[2023-01-29T19:05:48.020+0100][gc,heap,exit]  Metaspace       used 52802K, committed 53440K, reserved 1097728K
[2023-01-29T19:05:48.020+0100][gc,heap,exit]   class space    used 6191K, committed 6464K, reserved 1048576K
