[2023-01-28T22:49:58.610+0100][gc] Using G1
[2023-01-28T22:49:58.611+0100][gc,init] Version: 17.0.6+10 (release)
[2023-01-28T22:49:58.611+0100][gc,init] CPUs: 8 total, 8 available
[2023-01-28T22:49:58.611+0100][gc,init] Memory: 8192M
[2023-01-28T22:49:58.611+0100][gc,init] Large Page Support: Disabled
[2023-01-28T22:49:58.611+0100][gc,init] NUMA Support: Disabled
[2023-01-28T22:49:58.611+0100][gc,init] Compressed Oops: Enabled (Zero based)
[2023-01-28T22:49:58.611+0100][gc,init] Heap Region Size: 1M
[2023-01-28T22:49:58.611+0100][gc,init] Heap Min Capacity: 1G
[2023-01-28T22:49:58.611+0100][gc,init] Heap Initial Capacity: 1G
[2023-01-28T22:49:58.611+0100][gc,init] Heap Max Capacity: 1G
[2023-01-28T22:49:58.611+0100][gc,init] Pre-touch: Disabled
[2023-01-28T22:49:58.611+0100][gc,init] Parallel Workers: 8
[2023-01-28T22:49:58.611+0100][gc,init] Concurrent Workers: 2
[2023-01-28T22:49:58.611+0100][gc,init] Concurrent Refinement Workers: 8
[2023-01-28T22:49:58.611+0100][gc,init] Periodic GC: Disabled
[2023-01-28T22:49:58.611+0100][gc,metaspace] CDS archive(s) not mapped
[2023-01-28T22:49:58.611+0100][gc,metaspace] Compressed class space mapped at: 0x0000000800000000-0x0000000840000000, reserved size: 1073741824
[2023-01-28T22:49:58.611+0100][gc,metaspace] Narrow klass base: 0x0000000800000000, Narrow klass shift: 0, Narrow klass range: 0x40000000
[2023-01-28T22:49:59.112+0100][gc,start    ] GC(0) Pause Young (Concurrent Start) (Metadata GC Threshold)
[2023-01-28T22:49:59.112+0100][gc,task     ] GC(0) Using 8 workers of 8 for evacuation
[2023-01-28T22:49:59.115+0100][gc,phases   ] GC(0)   Pre Evacuate Collection Set: 0.2ms
[2023-01-28T22:49:59.115+0100][gc,phases   ] GC(0)   Merge Heap Roots: 0.0ms
[2023-01-28T22:49:59.115+0100][gc,phases   ] GC(0)   Evacuate Collection Set: 2.3ms
[2023-01-28T22:49:59.115+0100][gc,phases   ] GC(0)   Post Evacuate Collection Set: 0.2ms
[2023-01-28T22:49:59.115+0100][gc,phases   ] GC(0)   Other: 0.2ms
[2023-01-28T22:49:59.115+0100][gc,heap     ] GC(0) Eden regions: 35->0(44)
[2023-01-28T22:49:59.115+0100][gc,heap     ] GC(0) Survivor regions: 0->7(7)
[2023-01-28T22:49:59.115+0100][gc,heap     ] GC(0) Old regions: 0->1
[2023-01-28T22:49:59.115+0100][gc,heap     ] GC(0) Archive regions: 0->0
[2023-01-28T22:49:59.115+0100][gc,heap     ] GC(0) Humongous regions: 0->0
[2023-01-28T22:49:59.115+0100][gc,metaspace] GC(0) Metaspace: 21354K(21504K)->21354K(21504K) NonClass: 18998K(19072K)->18998K(19072K) Class: 2356K(2432K)->2356K(2432K)
[2023-01-28T22:49:59.115+0100][gc          ] GC(0) Pause Young (Concurrent Start) (Metadata GC Threshold) 34M->7M(1024M) 3.061ms
[2023-01-28T22:49:59.115+0100][gc,cpu      ] GC(0) User=0.01s Sys=0.00s Real=0.00s
[2023-01-28T22:49:59.115+0100][gc          ] GC(1) Concurrent Mark Cycle
[2023-01-28T22:49:59.115+0100][gc,marking  ] GC(1) Concurrent Clear Claimed Marks
[2023-01-28T22:49:59.115+0100][gc,marking  ] GC(1) Concurrent Clear Claimed Marks 0.008ms
[2023-01-28T22:49:59.115+0100][gc,marking  ] GC(1) Concurrent Scan Root Regions
[2023-01-28T22:49:59.116+0100][gc,marking  ] GC(1) Concurrent Scan Root Regions 1.134ms
[2023-01-28T22:49:59.116+0100][gc,marking  ] GC(1) Concurrent Mark
[2023-01-28T22:49:59.116+0100][gc,marking  ] GC(1) Concurrent Mark From Roots
[2023-01-28T22:49:59.116+0100][gc,task     ] GC(1) Using 2 workers of 2 for marking
[2023-01-28T22:49:59.116+0100][gc,marking  ] GC(1) Concurrent Mark From Roots 0.086ms
[2023-01-28T22:49:59.116+0100][gc,marking  ] GC(1) Concurrent Preclean
[2023-01-28T22:49:59.116+0100][gc,marking  ] GC(1) Concurrent Preclean 0.013ms
[2023-01-28T22:49:59.116+0100][gc,start    ] GC(1) Pause Remark
[2023-01-28T22:49:59.117+0100][gc          ] GC(1) Pause Remark 7M->7M(1024M) 0.635ms
[2023-01-28T22:49:59.117+0100][gc,cpu      ] GC(1) User=0.00s Sys=0.00s Real=0.00s
[2023-01-28T22:49:59.117+0100][gc,marking  ] GC(1) Concurrent Mark 0.845ms
[2023-01-28T22:49:59.117+0100][gc,marking  ] GC(1) Concurrent Rebuild Remembered Sets
[2023-01-28T22:49:59.117+0100][gc,marking  ] GC(1) Concurrent Rebuild Remembered Sets 0.057ms
[2023-01-28T22:49:59.117+0100][gc,start    ] GC(1) Pause Cleanup
[2023-01-28T22:49:59.117+0100][gc          ] GC(1) Pause Cleanup 7M->7M(1024M) 0.089ms
[2023-01-28T22:49:59.117+0100][gc,cpu      ] GC(1) User=0.01s Sys=0.00s Real=0.00s
[2023-01-28T22:49:59.117+0100][gc,marking  ] GC(1) Concurrent Cleanup for Next Mark
[2023-01-28T22:49:59.118+0100][gc,marking  ] GC(1) Concurrent Cleanup for Next Mark 1.414ms
[2023-01-28T22:49:59.118+0100][gc          ] GC(1) Concurrent Mark Cycle 3.671ms
[2023-01-28T22:49:59.519+0100][gc,start    ] GC(2) Pause Young (Normal) (G1 Evacuation Pause)
[2023-01-28T22:49:59.519+0100][gc,task     ] GC(2) Using 8 workers of 8 for evacuation
[2023-01-28T22:49:59.523+0100][gc,phases   ] GC(2)   Pre Evacuate Collection Set: 0.1ms
[2023-01-28T22:49:59.523+0100][gc,phases   ] GC(2)   Merge Heap Roots: 0.0ms
[2023-01-28T22:49:59.523+0100][gc,phases   ] GC(2)   Evacuate Collection Set: 3.3ms
[2023-01-28T22:49:59.523+0100][gc,phases   ] GC(2)   Post Evacuate Collection Set: 0.3ms
[2023-01-28T22:49:59.523+0100][gc,phases   ] GC(2)   Other: 0.1ms
[2023-01-28T22:49:59.523+0100][gc,heap     ] GC(2) Eden regions: 44->0(48)
[2023-01-28T22:49:59.523+0100][gc,heap     ] GC(2) Survivor regions: 7->3(7)
[2023-01-28T22:49:59.523+0100][gc,heap     ] GC(2) Old regions: 1->8
[2023-01-28T22:49:59.523+0100][gc,heap     ] GC(2) Archive regions: 0->0
[2023-01-28T22:49:59.523+0100][gc,heap     ] GC(2) Humongous regions: 129->129
[2023-01-28T22:49:59.523+0100][gc,metaspace] GC(2) Metaspace: 33647K(33920K)->33647K(33920K) NonClass: 29985K(30144K)->29985K(30144K) Class: 3661K(3776K)->3661K(3776K)
[2023-01-28T22:49:59.523+0100][gc          ] GC(2) Pause Young (Normal) (G1 Evacuation Pause) 180M->139M(1024M) 4.121ms
[2023-01-28T22:49:59.523+0100][gc,cpu      ] GC(2) User=0.02s Sys=0.01s Real=0.01s
[2023-01-28T22:49:59.602+0100][gc,start    ] GC(3) Pause Young (Concurrent Start) (Metadata GC Threshold)
[2023-01-28T22:49:59.602+0100][gc,task     ] GC(3) Using 8 workers of 8 for evacuation
[2023-01-28T22:49:59.604+0100][gc,phases   ] GC(3)   Pre Evacuate Collection Set: 0.1ms
[2023-01-28T22:49:59.604+0100][gc,phases   ] GC(3)   Merge Heap Roots: 0.0ms
[2023-01-28T22:49:59.604+0100][gc,phases   ] GC(3)   Evacuate Collection Set: 1.6ms
[2023-01-28T22:49:59.604+0100][gc,phases   ] GC(3)   Post Evacuate Collection Set: 0.2ms
[2023-01-28T22:49:59.604+0100][gc,phases   ] GC(3)   Other: 0.1ms
[2023-01-28T22:49:59.604+0100][gc,heap     ] GC(3) Eden regions: 14->0(46)
[2023-01-28T22:49:59.604+0100][gc,heap     ] GC(3) Survivor regions: 3->5(7)
[2023-01-28T22:49:59.604+0100][gc,heap     ] GC(3) Old regions: 8->8
[2023-01-28T22:49:59.604+0100][gc,heap     ] GC(3) Archive regions: 0->0
[2023-01-28T22:49:59.604+0100][gc,heap     ] GC(3) Humongous regions: 129->129
[2023-01-28T22:49:59.604+0100][gc,metaspace] GC(3) Metaspace: 35789K(35968K)->35789K(35968K) NonClass: 31860K(31936K)->31860K(31936K) Class: 3928K(4032K)->3928K(4032K)
[2023-01-28T22:49:59.604+0100][gc          ] GC(3) Pause Young (Concurrent Start) (Metadata GC Threshold) 152M->141M(1024M) 2.113ms
[2023-01-28T22:49:59.604+0100][gc,cpu      ] GC(3) User=0.01s Sys=0.00s Real=0.00s
[2023-01-28T22:49:59.604+0100][gc          ] GC(4) Concurrent Mark Cycle
[2023-01-28T22:49:59.604+0100][gc,marking  ] GC(4) Concurrent Clear Claimed Marks
[2023-01-28T22:49:59.604+0100][gc,marking  ] GC(4) Concurrent Clear Claimed Marks 0.009ms
[2023-01-28T22:49:59.604+0100][gc,marking  ] GC(4) Concurrent Scan Root Regions
[2023-01-28T22:49:59.606+0100][gc,marking  ] GC(4) Concurrent Scan Root Regions 1.243ms
[2023-01-28T22:49:59.606+0100][gc,marking  ] GC(4) Concurrent Mark
[2023-01-28T22:49:59.606+0100][gc,marking  ] GC(4) Concurrent Mark From Roots
[2023-01-28T22:49:59.606+0100][gc,task     ] GC(4) Using 2 workers of 2 for marking
[2023-01-28T22:49:59.608+0100][gc,marking  ] GC(4) Concurrent Mark From Roots 2.553ms
[2023-01-28T22:49:59.608+0100][gc,marking  ] GC(4) Concurrent Preclean
[2023-01-28T22:49:59.608+0100][gc,marking  ] GC(4) Concurrent Preclean 0.032ms
[2023-01-28T22:49:59.609+0100][gc,start    ] GC(4) Pause Remark
[2023-01-28T22:49:59.609+0100][gc          ] GC(4) Pause Remark 141M->141M(1024M) 0.888ms
[2023-01-28T22:49:59.609+0100][gc,cpu      ] GC(4) User=0.01s Sys=0.00s Real=0.00s
[2023-01-28T22:49:59.609+0100][gc,marking  ] GC(4) Concurrent Mark 3.811ms
[2023-01-28T22:49:59.610+0100][gc,marking  ] GC(4) Concurrent Rebuild Remembered Sets
[2023-01-28T22:49:59.611+0100][gc,marking  ] GC(4) Concurrent Rebuild Remembered Sets 1.670ms
[2023-01-28T22:49:59.611+0100][gc,start    ] GC(4) Pause Cleanup
[2023-01-28T22:49:59.611+0100][gc          ] GC(4) Pause Cleanup 142M->142M(1024M) 0.059ms
[2023-01-28T22:49:59.611+0100][gc,cpu      ] GC(4) User=0.00s Sys=0.00s Real=0.00s
[2023-01-28T22:49:59.611+0100][gc,marking  ] GC(4) Concurrent Cleanup for Next Mark
[2023-01-28T22:49:59.613+0100][gc,marking  ] GC(4) Concurrent Cleanup for Next Mark 1.574ms
[2023-01-28T22:49:59.613+0100][gc          ] GC(4) Concurrent Mark Cycle 8.593ms
[2023-01-28T23:05:58.851+0100][gc,start    ] GC(5) Pause Young (Normal) (G1 Evacuation Pause)
[2023-01-28T23:05:58.852+0100][gc,task     ] GC(5) Using 8 workers of 8 for evacuation
[2023-01-28T23:05:58.864+0100][gc,phases   ] GC(5)   Pre Evacuate Collection Set: 0.3ms
[2023-01-28T23:05:58.864+0100][gc,phases   ] GC(5)   Merge Heap Roots: 0.1ms
[2023-01-28T23:05:58.864+0100][gc,phases   ] GC(5)   Evacuate Collection Set: 11.6ms
[2023-01-28T23:05:58.864+0100][gc,phases   ] GC(5)   Post Evacuate Collection Set: 0.3ms
[2023-01-28T23:05:58.864+0100][gc,phases   ] GC(5)   Other: 0.9ms
[2023-01-28T23:05:58.864+0100][gc,heap     ] GC(5) Eden regions: 46->0(45)
[2023-01-28T23:05:58.864+0100][gc,heap     ] GC(5) Survivor regions: 5->6(7)
[2023-01-28T23:05:58.864+0100][gc,heap     ] GC(5) Old regions: 8->10
[2023-01-28T23:05:58.864+0100][gc,heap     ] GC(5) Archive regions: 0->0
[2023-01-28T23:05:58.864+0100][gc,heap     ] GC(5) Humongous regions: 129->129
[2023-01-28T23:05:58.864+0100][gc,metaspace] GC(5) Metaspace: 45454K(45888K)->45454K(45888K) NonClass: 40354K(40576K)->40354K(40576K) Class: 5100K(5312K)->5100K(5312K)
[2023-01-28T23:05:58.864+0100][gc          ] GC(5) Pause Young (Normal) (G1 Evacuation Pause) 187M->143M(1024M) 13.183ms
[2023-01-28T23:05:58.864+0100][gc,cpu      ] GC(5) User=0.02s Sys=0.05s Real=0.01s
[2023-01-28T23:12:41.863+0100][gc,start    ] GC(6) Pause Young (Normal) (G1 Evacuation Pause)
[2023-01-28T23:12:41.864+0100][gc,task     ] GC(6) Using 8 workers of 8 for evacuation
[2023-01-28T23:12:41.878+0100][gc,phases   ] GC(6)   Pre Evacuate Collection Set: 0.6ms
[2023-01-28T23:12:41.878+0100][gc,phases   ] GC(6)   Merge Heap Roots: 0.2ms
[2023-01-28T23:12:41.878+0100][gc,phases   ] GC(6)   Evacuate Collection Set: 12.4ms
[2023-01-28T23:12:41.878+0100][gc,phases   ] GC(6)   Post Evacuate Collection Set: 0.6ms
[2023-01-28T23:12:41.878+0100][gc,phases   ] GC(6)   Other: 1.2ms
[2023-01-28T23:12:41.878+0100][gc,heap     ] GC(6) Eden regions: 45->0(46)
[2023-01-28T23:12:41.878+0100][gc,heap     ] GC(6) Survivor regions: 6->5(7)
[2023-01-28T23:12:41.878+0100][gc,heap     ] GC(6) Old regions: 10->12
[2023-01-28T23:12:41.878+0100][gc,heap     ] GC(6) Archive regions: 0->0
[2023-01-28T23:12:41.878+0100][gc,heap     ] GC(6) Humongous regions: 129->129
[2023-01-28T23:12:41.878+0100][gc,metaspace] GC(6) Metaspace: 46689K(47168K)->46689K(47168K) NonClass: 41555K(41792K)->41555K(41792K) Class: 5133K(5376K)->5133K(5376K)
[2023-01-28T23:12:41.878+0100][gc          ] GC(6) Pause Young (Normal) (G1 Evacuation Pause) 188M->145M(1024M) 15.055ms
[2023-01-28T23:12:41.878+0100][gc,cpu      ] GC(6) User=0.03s Sys=0.04s Real=0.01s
[2023-01-28T23:20:14.079+0100][gc,start    ] GC(7) Pause Young (Normal) (G1 Evacuation Pause)
[2023-01-28T23:20:14.080+0100][gc,task     ] GC(7) Using 8 workers of 8 for evacuation
[2023-01-28T23:20:14.088+0100][gc,phases   ] GC(7)   Pre Evacuate Collection Set: 0.4ms
[2023-01-28T23:20:14.088+0100][gc,phases   ] GC(7)   Merge Heap Roots: 0.2ms
[2023-01-28T23:20:14.088+0100][gc,phases   ] GC(7)   Evacuate Collection Set: 6.6ms
[2023-01-28T23:20:14.088+0100][gc,phases   ] GC(7)   Post Evacuate Collection Set: 0.3ms
[2023-01-28T23:20:14.088+0100][gc,phases   ] GC(7)   Other: 1.1ms
[2023-01-28T23:20:14.088+0100][gc,heap     ] GC(7) Eden regions: 46->0(48)
[2023-01-28T23:20:14.088+0100][gc,heap     ] GC(7) Survivor regions: 5->3(7)
[2023-01-28T23:20:14.088+0100][gc,heap     ] GC(7) Old regions: 12->15
[2023-01-28T23:20:14.088+0100][gc,heap     ] GC(7) Archive regions: 0->0
[2023-01-28T23:20:14.088+0100][gc,heap     ] GC(7) Humongous regions: 129->129
[2023-01-28T23:20:14.088+0100][gc,metaspace] GC(7) Metaspace: 46737K(47168K)->46737K(47168K) NonClass: 41603K(41792K)->41603K(41792K) Class: 5134K(5376K)->5134K(5376K)
[2023-01-28T23:20:14.088+0100][gc          ] GC(7) Pause Young (Normal) (G1 Evacuation Pause) 191M->146M(1024M) 8.710ms
[2023-01-28T23:20:14.088+0100][gc,cpu      ] GC(7) User=0.01s Sys=0.02s Real=0.01s
[2023-01-28T23:23:20.570+0100][gc,start    ] GC(8) Pause Young (Normal) (G1 Evacuation Pause)
[2023-01-28T23:23:20.571+0100][gc,task     ] GC(8) Using 8 workers of 8 for evacuation
[2023-01-28T23:23:20.573+0100][gc,phases   ] GC(8)   Pre Evacuate Collection Set: 0.2ms
[2023-01-28T23:23:20.573+0100][gc,phases   ] GC(8)   Merge Heap Roots: 0.0ms
[2023-01-28T23:23:20.573+0100][gc,phases   ] GC(8)   Evacuate Collection Set: 1.9ms
[2023-01-28T23:23:20.573+0100][gc,phases   ] GC(8)   Post Evacuate Collection Set: 0.2ms
[2023-01-28T23:23:20.573+0100][gc,phases   ] GC(8)   Other: 0.4ms
[2023-01-28T23:23:20.573+0100][gc,heap     ] GC(8) Eden regions: 48->0(92)
[2023-01-28T23:23:20.573+0100][gc,heap     ] GC(8) Survivor regions: 3->2(7)
[2023-01-28T23:23:20.573+0100][gc,heap     ] GC(8) Old regions: 15->15
[2023-01-28T23:23:20.573+0100][gc,heap     ] GC(8) Archive regions: 0->0
[2023-01-28T23:23:20.573+0100][gc,heap     ] GC(8) Humongous regions: 129->129
[2023-01-28T23:23:20.573+0100][gc,metaspace] GC(8) Metaspace: 47870K(48384K)->47870K(48384K) NonClass: 42610K(42880K)->42610K(42880K) Class: 5260K(5504K)->5260K(5504K)
[2023-01-28T23:23:20.573+0100][gc          ] GC(8) Pause Young (Normal) (G1 Evacuation Pause) 194M->145M(1024M) 2.760ms
[2023-01-28T23:23:20.573+0100][gc,cpu      ] GC(8) User=0.01s Sys=0.00s Real=0.00s
[2023-01-28T23:23:21.810+0100][gc,start    ] GC(9) Pause Young (Normal) (G1 Evacuation Pause)
[2023-01-28T23:23:21.810+0100][gc,task     ] GC(9) Using 8 workers of 8 for evacuation
[2023-01-28T23:23:21.813+0100][gc,phases   ] GC(9)   Pre Evacuate Collection Set: 0.2ms
[2023-01-28T23:23:21.813+0100][gc,phases   ] GC(9)   Merge Heap Roots: 0.1ms
[2023-01-28T23:23:21.813+0100][gc,phases   ] GC(9)   Evacuate Collection Set: 2.0ms
[2023-01-28T23:23:21.813+0100][gc,phases   ] GC(9)   Post Evacuate Collection Set: 0.2ms
[2023-01-28T23:23:21.813+0100][gc,phases   ] GC(9)   Other: 0.2ms
[2023-01-28T23:23:21.813+0100][gc,heap     ] GC(9) Eden regions: 92->0(105)
[2023-01-28T23:23:21.813+0100][gc,heap     ] GC(9) Survivor regions: 2->3(12)
[2023-01-28T23:23:21.813+0100][gc,heap     ] GC(9) Old regions: 15->15
[2023-01-28T23:23:21.813+0100][gc,heap     ] GC(9) Archive regions: 0->0
[2023-01-28T23:23:21.813+0100][gc,heap     ] GC(9) Humongous regions: 129->129
[2023-01-28T23:23:21.813+0100][gc,metaspace] GC(9) Metaspace: 48088K(48576K)->48088K(48576K) NonClass: 42826K(43072K)->42826K(43072K) Class: 5261K(5504K)->5261K(5504K)
[2023-01-28T23:23:21.813+0100][gc          ] GC(9) Pause Young (Normal) (G1 Evacuation Pause) 237M->146M(1024M) 2.749ms
[2023-01-28T23:23:21.813+0100][gc,cpu      ] GC(9) User=0.01s Sys=0.00s Real=0.00s
[2023-01-28T23:23:22.996+0100][gc,start    ] GC(10) Pause Young (Normal) (G1 Evacuation Pause)
[2023-01-28T23:23:22.996+0100][gc,task     ] GC(10) Using 8 workers of 8 for evacuation
[2023-01-28T23:23:23.005+0100][gc,phases   ] GC(10)   Pre Evacuate Collection Set: 0.5ms
[2023-01-28T23:23:23.005+0100][gc,phases   ] GC(10)   Merge Heap Roots: 0.3ms
[2023-01-28T23:23:23.005+0100][gc,phases   ] GC(10)   Evacuate Collection Set: 7.6ms
[2023-01-28T23:23:23.005+0100][gc,phases   ] GC(10)   Post Evacuate Collection Set: 0.5ms
[2023-01-28T23:23:23.005+0100][gc,phases   ] GC(10)   Other: 0.5ms
[2023-01-28T23:23:23.005+0100][gc,heap     ] GC(10) Eden regions: 105->0(166)
[2023-01-28T23:23:23.005+0100][gc,heap     ] GC(10) Survivor regions: 3->3(14)
[2023-01-28T23:23:23.005+0100][gc,heap     ] GC(10) Old regions: 15->15
[2023-01-28T23:23:23.005+0100][gc,heap     ] GC(10) Archive regions: 0->0
[2023-01-28T23:23:23.005+0100][gc,heap     ] GC(10) Humongous regions: 129->129
[2023-01-28T23:23:23.005+0100][gc,metaspace] GC(10) Metaspace: 48101K(48576K)->48101K(48576K) NonClass: 42840K(43072K)->42840K(43072K) Class: 5261K(5504K)->5261K(5504K)
[2023-01-28T23:23:23.005+0100][gc          ] GC(10) Pause Young (Normal) (G1 Evacuation Pause) 251M->146M(1024M) 9.393ms
[2023-01-28T23:23:23.005+0100][gc,cpu      ] GC(10) User=0.01s Sys=0.01s Real=0.01s
[2023-01-28T23:23:24.818+0100][gc,start    ] GC(11) Pause Young (Normal) (G1 Evacuation Pause)
[2023-01-28T23:23:24.818+0100][gc,task     ] GC(11) Using 8 workers of 8 for evacuation
[2023-01-28T23:23:24.824+0100][gc,phases   ] GC(11)   Pre Evacuate Collection Set: 0.8ms
[2023-01-28T23:23:24.824+0100][gc,phases   ] GC(11)   Merge Heap Roots: 0.3ms
[2023-01-28T23:23:24.824+0100][gc,phases   ] GC(11)   Evacuate Collection Set: 3.9ms
[2023-01-28T23:23:24.824+0100][gc,phases   ] GC(11)   Post Evacuate Collection Set: 0.5ms
[2023-01-28T23:23:24.824+0100][gc,phases   ] GC(11)   Other: 0.6ms
[2023-01-28T23:23:24.824+0100][gc,heap     ] GC(11) Eden regions: 166->0(611)
[2023-01-28T23:23:24.824+0100][gc,heap     ] GC(11) Survivor regions: 3->3(22)
[2023-01-28T23:23:24.824+0100][gc,heap     ] GC(11) Old regions: 15->15
[2023-01-28T23:23:24.824+0100][gc,heap     ] GC(11) Archive regions: 0->0
[2023-01-28T23:23:24.824+0100][gc,heap     ] GC(11) Humongous regions: 129->129
[2023-01-28T23:23:24.824+0100][gc,metaspace] GC(11) Metaspace: 48116K(48576K)->48116K(48576K) NonClass: 42855K(43072K)->42855K(43072K) Class: 5261K(5504K)->5261K(5504K)
[2023-01-28T23:23:24.824+0100][gc          ] GC(11) Pause Young (Normal) (G1 Evacuation Pause) 312M->146M(1024M) 6.155ms
[2023-01-28T23:23:24.824+0100][gc,cpu      ] GC(11) User=0.01s Sys=0.00s Real=0.01s
[2023-01-28T23:23:37.234+0100][gc,start    ] GC(12) Pause Young (Normal) (G1 Evacuation Pause)
[2023-01-28T23:23:37.238+0100][gc,task     ] GC(12) Using 8 workers of 8 for evacuation
[2023-01-28T23:23:37.263+0100][gc,mmu      ] GC(12) MMU target violated: 21.0ms (20.0ms/21.0ms)
[2023-01-28T23:23:37.263+0100][gc,phases   ] GC(12)   Pre Evacuate Collection Set: 0.3ms
[2023-01-28T23:23:37.263+0100][gc,phases   ] GC(12)   Merge Heap Roots: 0.2ms
[2023-01-28T23:23:37.263+0100][gc,phases   ] GC(12)   Evacuate Collection Set: 23.6ms
[2023-01-28T23:23:37.263+0100][gc,phases   ] GC(12)   Post Evacuate Collection Set: 0.6ms
[2023-01-28T23:23:37.263+0100][gc,phases   ] GC(12)   Other: 4.1ms
[2023-01-28T23:23:37.263+0100][gc,heap     ] GC(12) Eden regions: 611->0(59)
[2023-01-28T23:23:37.263+0100][gc,heap     ] GC(12) Survivor regions: 3->3(77)
[2023-01-28T23:23:37.263+0100][gc,heap     ] GC(12) Old regions: 15->15
[2023-01-28T23:23:37.263+0100][gc,heap     ] GC(12) Archive regions: 0->0
[2023-01-28T23:23:37.263+0100][gc,heap     ] GC(12) Humongous regions: 129->129
[2023-01-28T23:23:37.263+0100][gc,metaspace] GC(12) Metaspace: 48252K(48704K)->48252K(48704K) NonClass: 42957K(43200K)->42957K(43200K) Class: 5295K(5504K)->5295K(5504K)
[2023-01-28T23:23:37.263+0100][gc          ] GC(12) Pause Young (Normal) (G1 Evacuation Pause) 757M->146M(1024M) 28.784ms
[2023-01-28T23:23:37.263+0100][gc,cpu      ] GC(12) User=0.01s Sys=0.07s Real=0.03s
[2023-01-28T23:23:38.375+0100][gc,start    ] GC(13) Pause Young (Normal) (G1 Evacuation Pause)
[2023-01-28T23:23:38.375+0100][gc,task     ] GC(13) Using 8 workers of 8 for evacuation
[2023-01-28T23:23:38.377+0100][gc,phases   ] GC(13)   Pre Evacuate Collection Set: 0.1ms
[2023-01-28T23:23:38.377+0100][gc,phases   ] GC(13)   Merge Heap Roots: 0.0ms
[2023-01-28T23:23:38.377+0100][gc,phases   ] GC(13)   Evacuate Collection Set: 1.9ms
[2023-01-28T23:23:38.377+0100][gc,phases   ] GC(13)   Post Evacuate Collection Set: 0.2ms
[2023-01-28T23:23:38.377+0100][gc,phases   ] GC(13)   Other: 0.1ms
[2023-01-28T23:23:38.377+0100][gc,heap     ] GC(13) Eden regions: 59->0(126)
[2023-01-28T23:23:38.377+0100][gc,heap     ] GC(13) Survivor regions: 3->3(8)
[2023-01-28T23:23:38.377+0100][gc,heap     ] GC(13) Old regions: 15->15
[2023-01-28T23:23:38.377+0100][gc,heap     ] GC(13) Archive regions: 0->0
[2023-01-28T23:23:38.377+0100][gc,heap     ] GC(13) Humongous regions: 129->129
[2023-01-28T23:23:38.377+0100][gc,metaspace] GC(13) Metaspace: 48252K(48704K)->48252K(48704K) NonClass: 42957K(43200K)->42957K(43200K) Class: 5295K(5504K)->5295K(5504K)
[2023-01-28T23:23:38.377+0100][gc          ] GC(13) Pause Young (Normal) (G1 Evacuation Pause) 205M->146M(1024M) 2.499ms
[2023-01-28T23:23:38.377+0100][gc,cpu      ] GC(13) User=0.00s Sys=0.01s Real=0.00s
[2023-01-28T23:23:41.651+0100][gc,start    ] GC(14) Pause Young (Normal) (G1 Evacuation Pause)
[2023-01-28T23:23:41.651+0100][gc,task     ] GC(14) Using 8 workers of 8 for evacuation
[2023-01-28T23:23:41.655+0100][gc,phases   ] GC(14)   Pre Evacuate Collection Set: 0.2ms
[2023-01-28T23:23:41.655+0100][gc,phases   ] GC(14)   Merge Heap Roots: 0.1ms
[2023-01-28T23:23:41.655+0100][gc,phases   ] GC(14)   Evacuate Collection Set: 2.7ms
[2023-01-28T23:23:41.655+0100][gc,phases   ] GC(14)   Post Evacuate Collection Set: 0.4ms
[2023-01-28T23:23:41.655+0100][gc,phases   ] GC(14)   Other: 0.1ms
[2023-01-28T23:23:41.655+0100][gc,heap     ] GC(14) Eden regions: 126->0(303)
[2023-01-28T23:23:41.655+0100][gc,heap     ] GC(14) Survivor regions: 3->3(17)
[2023-01-28T23:23:41.655+0100][gc,heap     ] GC(14) Old regions: 15->15
[2023-01-28T23:23:41.655+0100][gc,heap     ] GC(14) Archive regions: 0->0
[2023-01-28T23:23:41.655+0100][gc,heap     ] GC(14) Humongous regions: 129->129
[2023-01-28T23:23:41.655+0100][gc,metaspace] GC(14) Metaspace: 48252K(48704K)->48252K(48704K) NonClass: 42957K(43200K)->42957K(43200K) Class: 5295K(5504K)->5295K(5504K)
[2023-01-28T23:23:41.655+0100][gc          ] GC(14) Pause Young (Normal) (G1 Evacuation Pause) 272M->146M(1024M) 3.469ms
[2023-01-28T23:23:41.655+0100][gc,cpu      ] GC(14) User=0.00s Sys=0.01s Real=0.00s
[2023-01-28T23:27:39.557+0100][gc,start    ] GC(15) Pause Young (Normal) (G1 Evacuation Pause)
[2023-01-28T23:27:39.557+0100][gc,task     ] GC(15) Using 8 workers of 8 for evacuation
[2023-01-28T23:27:39.562+0100][gc,phases   ] GC(15)   Pre Evacuate Collection Set: 0.3ms
[2023-01-28T23:27:39.562+0100][gc,phases   ] GC(15)   Merge Heap Roots: 0.1ms
[2023-01-28T23:27:39.562+0100][gc,phases   ] GC(15)   Evacuate Collection Set: 3.9ms
[2023-01-28T23:27:39.562+0100][gc,phases   ] GC(15)   Post Evacuate Collection Set: 0.7ms
[2023-01-28T23:27:39.562+0100][gc,phases   ] GC(15)   Other: 0.3ms
[2023-01-28T23:27:39.562+0100][gc,heap     ] GC(15) Eden regions: 303->0(528)
[2023-01-28T23:27:39.562+0100][gc,heap     ] GC(15) Survivor regions: 3->3(39)
[2023-01-28T23:27:39.562+0100][gc,heap     ] GC(15) Old regions: 15->15
[2023-01-28T23:27:39.562+0100][gc,heap     ] GC(15) Archive regions: 0->0
[2023-01-28T23:27:39.562+0100][gc,heap     ] GC(15) Humongous regions: 129->129
[2023-01-28T23:27:39.562+0100][gc,metaspace] GC(15) Metaspace: 48284K(48768K)->48284K(48768K) NonClass: 42988K(43264K)->42988K(43264K) Class: 5296K(5504K)->5296K(5504K)
[2023-01-28T23:27:39.562+0100][gc          ] GC(15) Pause Young (Normal) (G1 Evacuation Pause) 449M->146M(1024M) 5.302ms
[2023-01-28T23:27:39.562+0100][gc,cpu      ] GC(15) User=0.01s Sys=0.01s Real=0.01s
[2023-01-28T23:27:54.463+0100][gc,start    ] GC(16) Pause Young (Normal) (G1 Evacuation Pause)
[2023-01-28T23:27:54.463+0100][gc,task     ] GC(16) Using 8 workers of 8 for evacuation
[2023-01-28T23:27:54.470+0100][gc,phases   ] GC(16)   Pre Evacuate Collection Set: 0.2ms
[2023-01-28T23:27:54.470+0100][gc,phases   ] GC(16)   Merge Heap Roots: 1.0ms
[2023-01-28T23:27:54.470+0100][gc,phases   ] GC(16)   Evacuate Collection Set: 4.3ms
[2023-01-28T23:27:54.470+0100][gc,phases   ] GC(16)   Post Evacuate Collection Set: 0.7ms
[2023-01-28T23:27:54.470+0100][gc,phases   ] GC(16)   Other: 0.8ms
[2023-01-28T23:27:54.470+0100][gc,heap     ] GC(16) Eden regions: 528->0(611)
[2023-01-28T23:27:54.470+0100][gc,heap     ] GC(16) Survivor regions: 3->3(67)
[2023-01-28T23:27:54.470+0100][gc,heap     ] GC(16) Old regions: 15->15
[2023-01-28T23:27:54.470+0100][gc,heap     ] GC(16) Archive regions: 0->0
[2023-01-28T23:27:54.470+0100][gc,heap     ] GC(16) Humongous regions: 129->129
[2023-01-28T23:27:54.470+0100][gc,metaspace] GC(16) Metaspace: 48288K(48768K)->48288K(48768K) NonClass: 42991K(43264K)->42991K(43264K) Class: 5296K(5504K)->5296K(5504K)
[2023-01-28T23:27:54.470+0100][gc          ] GC(16) Pause Young (Normal) (G1 Evacuation Pause) 674M->146M(1024M) 6.823ms
[2023-01-28T23:27:54.470+0100][gc,cpu      ] GC(16) User=0.02s Sys=0.01s Real=0.01s
[2023-01-28T23:28:02.877+0100][gc,start    ] GC(17) Pause Young (Normal) (G1 Evacuation Pause)
[2023-01-28T23:28:02.877+0100][gc,task     ] GC(17) Using 8 workers of 8 for evacuation
[2023-01-28T23:28:02.918+0100][gc,mmu      ] GC(17) MMU target violated: 21.0ms (20.0ms/21.0ms)
[2023-01-28T23:28:02.918+0100][gc,phases   ] GC(17)   Pre Evacuate Collection Set: 0.4ms
[2023-01-28T23:28:02.918+0100][gc,phases   ] GC(17)   Merge Heap Roots: 0.2ms
[2023-01-28T23:28:02.918+0100][gc,phases   ] GC(17)   Evacuate Collection Set: 31.7ms
[2023-01-28T23:28:02.918+0100][gc,phases   ] GC(17)   Post Evacuate Collection Set: 7.5ms
[2023-01-28T23:28:02.918+0100][gc,phases   ] GC(17)   Other: 1.8ms
[2023-01-28T23:28:02.919+0100][gc,heap     ] GC(17) Eden regions: 611->0(80)
[2023-01-28T23:28:02.919+0100][gc,heap     ] GC(17) Survivor regions: 3->3(77)
[2023-01-28T23:28:02.919+0100][gc,heap     ] GC(17) Old regions: 15->15
[2023-01-28T23:28:02.919+0100][gc,heap     ] GC(17) Archive regions: 0->0
[2023-01-28T23:28:02.919+0100][gc,heap     ] GC(17) Humongous regions: 129->129
[2023-01-28T23:28:02.919+0100][gc,metaspace] GC(17) Metaspace: 48289K(48768K)->48289K(48768K) NonClass: 42992K(43264K)->42992K(43264K) Class: 5296K(5504K)->5296K(5504K)
[2023-01-28T23:28:02.919+0100][gc          ] GC(17) Pause Young (Normal) (G1 Evacuation Pause) 757M->146M(1024M) 42.124ms
[2023-01-28T23:28:02.919+0100][gc,cpu      ] GC(17) User=0.02s Sys=0.06s Real=0.04s
[2023-01-28T23:28:04.033+0100][gc,start    ] GC(18) Pause Young (Normal) (G1 Evacuation Pause)
[2023-01-28T23:28:04.033+0100][gc,task     ] GC(18) Using 8 workers of 8 for evacuation
[2023-01-28T23:28:04.051+0100][gc,phases   ] GC(18)   Pre Evacuate Collection Set: 2.5ms
[2023-01-28T23:28:04.051+0100][gc,phases   ] GC(18)   Merge Heap Roots: 0.8ms
[2023-01-28T23:28:04.051+0100][gc,phases   ] GC(18)   Evacuate Collection Set: 13.1ms
[2023-01-28T23:28:04.051+0100][gc,phases   ] GC(18)   Post Evacuate Collection Set: 1.0ms
[2023-01-28T23:28:04.051+0100][gc,phases   ] GC(18)   Other: 1.1ms
[2023-01-28T23:28:04.051+0100][gc,heap     ] GC(18) Eden regions: 80->0(121)
[2023-01-28T23:28:04.051+0100][gc,heap     ] GC(18) Survivor regions: 3->3(11)
[2023-01-28T23:28:04.051+0100][gc,heap     ] GC(18) Old regions: 15->15
[2023-01-28T23:28:04.051+0100][gc,heap     ] GC(18) Archive regions: 0->0
[2023-01-28T23:28:04.051+0100][gc,heap     ] GC(18) Humongous regions: 129->129
[2023-01-28T23:28:04.051+0100][gc,metaspace] GC(18) Metaspace: 48289K(48768K)->48289K(48768K) NonClass: 42992K(43264K)->42992K(43264K) Class: 5296K(5504K)->5296K(5504K)
[2023-01-28T23:28:04.051+0100][gc          ] GC(18) Pause Young (Normal) (G1 Evacuation Pause) 226M->146M(1024M) 18.500ms
[2023-01-28T23:28:04.051+0100][gc,cpu      ] GC(18) User=0.01s Sys=0.02s Real=0.02s
[2023-01-28T23:28:05.520+0100][gc,start    ] GC(19) Pause Young (Normal) (G1 Evacuation Pause)
[2023-01-28T23:28:05.520+0100][gc,task     ] GC(19) Using 8 workers of 8 for evacuation
[2023-01-28T23:28:05.525+0100][gc,phases   ] GC(19)   Pre Evacuate Collection Set: 0.2ms
[2023-01-28T23:28:05.525+0100][gc,phases   ] GC(19)   Merge Heap Roots: 0.1ms
[2023-01-28T23:28:05.525+0100][gc,phases   ] GC(19)   Evacuate Collection Set: 3.9ms
[2023-01-28T23:28:05.525+0100][gc,phases   ] GC(19)   Post Evacuate Collection Set: 0.7ms
[2023-01-28T23:28:05.525+0100][gc,phases   ] GC(19)   Other: 0.2ms
[2023-01-28T23:28:05.525+0100][gc,heap     ] GC(19) Eden regions: 121->0(323)
[2023-01-28T23:28:05.525+0100][gc,heap     ] GC(19) Survivor regions: 3->3(16)
[2023-01-28T23:28:05.525+0100][gc,heap     ] GC(19) Old regions: 15->15
[2023-01-28T23:28:05.525+0100][gc,heap     ] GC(19) Archive regions: 0->0
[2023-01-28T23:28:05.525+0100][gc,heap     ] GC(19) Humongous regions: 129->129
[2023-01-28T23:28:05.525+0100][gc,metaspace] GC(19) Metaspace: 48289K(48768K)->48289K(48768K) NonClass: 42992K(43264K)->42992K(43264K) Class: 5296K(5504K)->5296K(5504K)
[2023-01-28T23:28:05.525+0100][gc          ] GC(19) Pause Young (Normal) (G1 Evacuation Pause) 267M->146M(1024M) 5.072ms
[2023-01-28T23:28:05.525+0100][gc,cpu      ] GC(19) User=0.01s Sys=0.01s Real=0.00s
[2023-01-28T23:28:10.030+0100][gc,start    ] GC(20) Pause Young (Normal) (G1 Evacuation Pause)
[2023-01-28T23:28:10.030+0100][gc,task     ] GC(20) Using 8 workers of 8 for evacuation
[2023-01-28T23:28:10.038+0100][gc,phases   ] GC(20)   Pre Evacuate Collection Set: 0.3ms
[2023-01-28T23:28:10.038+0100][gc,phases   ] GC(20)   Merge Heap Roots: 0.5ms
[2023-01-28T23:28:10.038+0100][gc,phases   ] GC(20)   Evacuate Collection Set: 6.1ms
[2023-01-28T23:28:10.038+0100][gc,phases   ] GC(20)   Post Evacuate Collection Set: 0.8ms
[2023-01-28T23:28:10.038+0100][gc,phases   ] GC(20)   Other: 0.5ms
[2023-01-28T23:28:10.038+0100][gc,heap     ] GC(20) Eden regions: 323->0(569)
[2023-01-28T23:28:10.038+0100][gc,heap     ] GC(20) Survivor regions: 3->3(41)
[2023-01-28T23:28:10.038+0100][gc,heap     ] GC(20) Old regions: 15->15
[2023-01-28T23:28:10.038+0100][gc,heap     ] GC(20) Archive regions: 0->0
[2023-01-28T23:28:10.038+0100][gc,heap     ] GC(20) Humongous regions: 129->129
[2023-01-28T23:28:10.038+0100][gc,metaspace] GC(20) Metaspace: 48289K(48768K)->48289K(48768K) NonClass: 42992K(43264K)->42992K(43264K) Class: 5296K(5504K)->5296K(5504K)
[2023-01-28T23:28:10.038+0100][gc          ] GC(20) Pause Young (Normal) (G1 Evacuation Pause) 469M->146M(1024M) 8.240ms
[2023-01-28T23:28:10.038+0100][gc,cpu      ] GC(20) User=0.01s Sys=0.01s Real=0.00s
[2023-01-28T23:28:18.547+0100][gc,start    ] GC(21) Pause Young (Normal) (G1 Evacuation Pause)
[2023-01-28T23:28:18.547+0100][gc,task     ] GC(21) Using 8 workers of 8 for evacuation
[2023-01-28T23:28:18.558+0100][gc,phases   ] GC(21)   Pre Evacuate Collection Set: 0.4ms
[2023-01-28T23:28:18.558+0100][gc,phases   ] GC(21)   Merge Heap Roots: 0.1ms
[2023-01-28T23:28:18.558+0100][gc,phases   ] GC(21)   Evacuate Collection Set: 9.0ms
[2023-01-28T23:28:18.558+0100][gc,phases   ] GC(21)   Post Evacuate Collection Set: 1.0ms
[2023-01-28T23:28:18.558+0100][gc,phases   ] GC(21)   Other: 1.3ms
[2023-01-28T23:28:18.558+0100][gc,heap     ] GC(21) Eden regions: 569->0(611)
[2023-01-28T23:28:18.558+0100][gc,heap     ] GC(21) Survivor regions: 3->3(72)
[2023-01-28T23:28:18.558+0100][gc,heap     ] GC(21) Old regions: 15->15
[2023-01-28T23:28:18.558+0100][gc,heap     ] GC(21) Archive regions: 0->0
[2023-01-28T23:28:18.558+0100][gc,heap     ] GC(21) Humongous regions: 129->129
[2023-01-28T23:28:18.558+0100][gc,metaspace] GC(21) Metaspace: 48294K(48768K)->48294K(48768K) NonClass: 42997K(43264K)->42997K(43264K) Class: 5296K(5504K)->5296K(5504K)
[2023-01-28T23:28:18.558+0100][gc          ] GC(21) Pause Young (Normal) (G1 Evacuation Pause) 715M->146M(1024M) 11.128ms
[2023-01-28T23:28:18.558+0100][gc,cpu      ] GC(21) User=0.01s Sys=0.03s Real=0.01s
[2023-01-28T23:28:27.884+0100][gc,start    ] GC(22) Pause Young (Normal) (G1 Evacuation Pause)
[2023-01-28T23:28:27.886+0100][gc,task     ] GC(22) Using 8 workers of 8 for evacuation
[2023-01-28T23:28:27.924+0100][gc,mmu      ] GC(22) MMU target violated: 21.0ms (20.0ms/21.0ms)
[2023-01-28T23:28:27.924+0100][gc,phases   ] GC(22)   Pre Evacuate Collection Set: 3.0ms
[2023-01-28T23:28:27.924+0100][gc,phases   ] GC(22)   Merge Heap Roots: 0.7ms
[2023-01-28T23:28:27.924+0100][gc,phases   ] GC(22)   Evacuate Collection Set: 32.0ms
[2023-01-28T23:28:27.924+0100][gc,phases   ] GC(22)   Post Evacuate Collection Set: 1.3ms
[2023-01-28T23:28:27.924+0100][gc,phases   ] GC(22)   Other: 2.9ms
[2023-01-28T23:28:27.924+0100][gc,heap     ] GC(22) Eden regions: 611->0(99)
[2023-01-28T23:28:27.924+0100][gc,heap     ] GC(22) Survivor regions: 3->3(77)
[2023-01-28T23:28:27.924+0100][gc,heap     ] GC(22) Old regions: 15->15
[2023-01-28T23:28:27.924+0100][gc,heap     ] GC(22) Archive regions: 0->0
[2023-01-28T23:28:27.924+0100][gc,heap     ] GC(22) Humongous regions: 129->129
[2023-01-28T23:28:27.924+0100][gc,metaspace] GC(22) Metaspace: 48294K(48768K)->48294K(48768K) NonClass: 42997K(43264K)->42997K(43264K) Class: 5296K(5504K)->5296K(5504K)
[2023-01-28T23:28:27.924+0100][gc          ] GC(22) Pause Young (Normal) (G1 Evacuation Pause) 757M->146M(1024M) 39.989ms
[2023-01-28T23:28:27.924+0100][gc,cpu      ] GC(22) User=0.02s Sys=0.04s Real=0.04s
[2023-01-28T23:28:29.089+0100][gc,start    ] GC(23) Pause Young (Normal) (G1 Evacuation Pause)
[2023-01-28T23:28:29.089+0100][gc,task     ] GC(23) Using 8 workers of 8 for evacuation
[2023-01-28T23:28:29.093+0100][gc,phases   ] GC(23)   Pre Evacuate Collection Set: 0.2ms
[2023-01-28T23:28:29.093+0100][gc,phases   ] GC(23)   Merge Heap Roots: 0.1ms
[2023-01-28T23:28:29.093+0100][gc,phases   ] GC(23)   Evacuate Collection Set: 3.2ms
[2023-01-28T23:28:29.093+0100][gc,phases   ] GC(23)   Post Evacuate Collection Set: 0.4ms
[2023-01-28T23:28:29.093+0100][gc,phases   ] GC(23)   Other: 0.2ms
[2023-01-28T23:28:29.093+0100][gc,heap     ] GC(23) Eden regions: 99->0(402)
[2023-01-28T23:28:29.093+0100][gc,heap     ] GC(23) Survivor regions: 3->3(13)
[2023-01-28T23:28:29.093+0100][gc,heap     ] GC(23) Old regions: 15->16
[2023-01-28T23:28:29.093+0100][gc,heap     ] GC(23) Archive regions: 0->0
[2023-01-28T23:28:29.093+0100][gc,heap     ] GC(23) Humongous regions: 129->129
[2023-01-28T23:28:29.093+0100][gc,metaspace] GC(23) Metaspace: 48294K(48768K)->48294K(48768K) NonClass: 42997K(43264K)->42997K(43264K) Class: 5296K(5504K)->5296K(5504K)
[2023-01-28T23:28:29.093+0100][gc          ] GC(23) Pause Young (Normal) (G1 Evacuation Pause) 245M->146M(1024M) 4.020ms
[2023-01-28T23:28:29.093+0100][gc,cpu      ] GC(23) User=0.01s Sys=0.01s Real=0.01s
[2023-01-28T23:28:34.476+0100][gc,start    ] GC(24) Pause Young (Normal) (G1 Evacuation Pause)
[2023-01-28T23:28:34.476+0100][gc,task     ] GC(24) Using 8 workers of 8 for evacuation
[2023-01-28T23:28:34.481+0100][gc,phases   ] GC(24)   Pre Evacuate Collection Set: 0.2ms
[2023-01-28T23:28:34.481+0100][gc,phases   ] GC(24)   Merge Heap Roots: 0.3ms
[2023-01-28T23:28:34.481+0100][gc,phases   ] GC(24)   Evacuate Collection Set: 4.3ms
[2023-01-28T23:28:34.481+0100][gc,phases   ] GC(24)   Post Evacuate Collection Set: 0.5ms
[2023-01-28T23:28:34.482+0100][gc,phases   ] GC(24)   Other: 0.3ms
[2023-01-28T23:28:34.482+0100][gc,heap     ] GC(24) Eden regions: 402->0(611)
[2023-01-28T23:28:34.482+0100][gc,heap     ] GC(24) Survivor regions: 3->3(51)
[2023-01-28T23:28:34.482+0100][gc,heap     ] GC(24) Old regions: 16->16
[2023-01-28T23:28:34.482+0100][gc,heap     ] GC(24) Archive regions: 0->0
[2023-01-28T23:28:34.482+0100][gc,heap     ] GC(24) Humongous regions: 129->129
[2023-01-28T23:28:34.482+0100][gc,metaspace] GC(24) Metaspace: 48295K(48768K)->48295K(48768K) NonClass: 42998K(43264K)->42998K(43264K) Class: 5296K(5504K)->5296K(5504K)
[2023-01-28T23:28:34.482+0100][gc          ] GC(24) Pause Young (Normal) (G1 Evacuation Pause) 548M->146M(1024M) 5.677ms
[2023-01-28T23:28:34.482+0100][gc,cpu      ] GC(24) User=0.01s Sys=0.02s Real=0.01s
[2023-01-28T23:28:43.078+0100][gc,start    ] GC(25) Pause Young (Normal) (G1 Evacuation Pause)
[2023-01-28T23:28:43.078+0100][gc,task     ] GC(25) Using 8 workers of 8 for evacuation
[2023-01-28T23:28:43.087+0100][gc,phases   ] GC(25)   Pre Evacuate Collection Set: 0.3ms
[2023-01-28T23:28:43.087+0100][gc,phases   ] GC(25)   Merge Heap Roots: 0.4ms
[2023-01-28T23:28:43.087+0100][gc,phases   ] GC(25)   Evacuate Collection Set: 7.0ms
[2023-01-28T23:28:43.087+0100][gc,phases   ] GC(25)   Post Evacuate Collection Set: 1.1ms
[2023-01-28T23:28:43.087+0100][gc,phases   ] GC(25)   Other: 0.5ms
[2023-01-28T23:28:43.087+0100][gc,heap     ] GC(25) Eden regions: 611->0(611)
[2023-01-28T23:28:43.087+0100][gc,heap     ] GC(25) Survivor regions: 3->3(77)
[2023-01-28T23:28:43.087+0100][gc,heap     ] GC(25) Old regions: 16->16
[2023-01-28T23:28:43.087+0100][gc,heap     ] GC(25) Archive regions: 0->0
[2023-01-28T23:28:43.087+0100][gc,heap     ] GC(25) Humongous regions: 129->129
[2023-01-28T23:28:43.087+0100][gc,metaspace] GC(25) Metaspace: 48295K(48768K)->48295K(48768K) NonClass: 42998K(43264K)->42998K(43264K) Class: 5296K(5504K)->5296K(5504K)
[2023-01-28T23:28:43.087+0100][gc          ] GC(25) Pause Young (Normal) (G1 Evacuation Pause) 757M->146M(1024M) 9.384ms
[2023-01-28T23:28:43.087+0100][gc,cpu      ] GC(25) User=0.01s Sys=0.03s Real=0.01s
[2023-01-28T23:28:51.487+0100][gc,start    ] GC(26) Pause Young (Normal) (G1 Evacuation Pause)
[2023-01-28T23:28:51.487+0100][gc,task     ] GC(26) Using 8 workers of 8 for evacuation
[2023-01-28T23:28:51.498+0100][gc,phases   ] GC(26)   Pre Evacuate Collection Set: 0.5ms
[2023-01-28T23:28:51.498+0100][gc,phases   ] GC(26)   Merge Heap Roots: 0.4ms
[2023-01-28T23:28:51.498+0100][gc,phases   ] GC(26)   Evacuate Collection Set: 8.2ms
[2023-01-28T23:28:51.498+0100][gc,phases   ] GC(26)   Post Evacuate Collection Set: 1.0ms
[2023-01-28T23:28:51.498+0100][gc,phases   ] GC(26)   Other: 0.6ms
[2023-01-28T23:28:51.498+0100][gc,heap     ] GC(26) Eden regions: 611->0(611)
[2023-01-28T23:28:51.498+0100][gc,heap     ] GC(26) Survivor regions: 3->3(77)
[2023-01-28T23:28:51.498+0100][gc,heap     ] GC(26) Old regions: 16->16
[2023-01-28T23:28:51.498+0100][gc,heap     ] GC(26) Archive regions: 0->0
[2023-01-28T23:28:51.498+0100][gc,heap     ] GC(26) Humongous regions: 129->129
[2023-01-28T23:28:51.498+0100][gc,metaspace] GC(26) Metaspace: 48295K(48768K)->48295K(48768K) NonClass: 42998K(43264K)->42998K(43264K) Class: 5296K(5504K)->5296K(5504K)
[2023-01-28T23:28:51.498+0100][gc          ] GC(26) Pause Young (Normal) (G1 Evacuation Pause) 757M->146M(1024M) 10.693ms
[2023-01-28T23:28:51.498+0100][gc,cpu      ] GC(26) User=0.01s Sys=0.02s Real=0.01s
[2023-01-28T23:28:59.848+0100][gc,start    ] GC(27) Pause Young (Normal) (G1 Evacuation Pause)
[2023-01-28T23:28:59.848+0100][gc,task     ] GC(27) Using 8 workers of 8 for evacuation
[2023-01-28T23:28:59.864+0100][gc,phases   ] GC(27)   Pre Evacuate Collection Set: 0.1ms
[2023-01-28T23:28:59.864+0100][gc,phases   ] GC(27)   Merge Heap Roots: 0.1ms
[2023-01-28T23:28:59.864+0100][gc,phases   ] GC(27)   Evacuate Collection Set: 14.0ms
[2023-01-28T23:28:59.864+0100][gc,phases   ] GC(27)   Post Evacuate Collection Set: 1.4ms
[2023-01-28T23:28:59.864+0100][gc,phases   ] GC(27)   Other: 0.3ms
[2023-01-28T23:28:59.864+0100][gc,heap     ] GC(27) Eden regions: 611->0(611)
[2023-01-28T23:28:59.864+0100][gc,heap     ] GC(27) Survivor regions: 3->3(77)
[2023-01-28T23:28:59.864+0100][gc,heap     ] GC(27) Old regions: 16->16
[2023-01-28T23:28:59.864+0100][gc,heap     ] GC(27) Archive regions: 0->0
[2023-01-28T23:28:59.864+0100][gc,heap     ] GC(27) Humongous regions: 129->129
[2023-01-28T23:28:59.864+0100][gc,metaspace] GC(27) Metaspace: 48295K(48768K)->48295K(48768K) NonClass: 42998K(43264K)->42998K(43264K) Class: 5296K(5504K)->5296K(5504K)
[2023-01-28T23:28:59.864+0100][gc          ] GC(27) Pause Young (Normal) (G1 Evacuation Pause) 757M->146M(1024M) 16.031ms
[2023-01-28T23:28:59.864+0100][gc,cpu      ] GC(27) User=0.01s Sys=0.04s Real=0.02s
[2023-01-28T23:29:07.878+0100][gc,start    ] GC(28) Pause Young (Normal) (G1 Evacuation Pause)
[2023-01-28T23:29:07.878+0100][gc,task     ] GC(28) Using 8 workers of 8 for evacuation
[2023-01-28T23:29:07.888+0100][gc,phases   ] GC(28)   Pre Evacuate Collection Set: 0.5ms
[2023-01-28T23:29:07.888+0100][gc,phases   ] GC(28)   Merge Heap Roots: 0.3ms
[2023-01-28T23:29:07.888+0100][gc,phases   ] GC(28)   Evacuate Collection Set: 7.4ms
[2023-01-28T23:29:07.888+0100][gc,phases   ] GC(28)   Post Evacuate Collection Set: 1.0ms
[2023-01-28T23:29:07.888+0100][gc,phases   ] GC(28)   Other: 0.4ms
[2023-01-28T23:29:07.888+0100][gc,heap     ] GC(28) Eden regions: 611->0(611)
[2023-01-28T23:29:07.888+0100][gc,heap     ] GC(28) Survivor regions: 3->3(77)
[2023-01-28T23:29:07.888+0100][gc,heap     ] GC(28) Old regions: 16->16
[2023-01-28T23:29:07.888+0100][gc,heap     ] GC(28) Archive regions: 0->0
[2023-01-28T23:29:07.888+0100][gc,heap     ] GC(28) Humongous regions: 129->129
[2023-01-28T23:29:07.888+0100][gc,metaspace] GC(28) Metaspace: 48296K(48768K)->48296K(48768K) NonClass: 42999K(43264K)->42999K(43264K) Class: 5296K(5504K)->5296K(5504K)
[2023-01-28T23:29:07.888+0100][gc          ] GC(28) Pause Young (Normal) (G1 Evacuation Pause) 757M->147M(1024M) 9.654ms
[2023-01-28T23:29:07.888+0100][gc,cpu      ] GC(28) User=0.01s Sys=0.03s Real=0.01s
[2023-01-28T23:29:15.211+0100][gc,start    ] GC(29) Pause Young (Normal) (G1 Evacuation Pause)
[2023-01-28T23:29:15.211+0100][gc,task     ] GC(29) Using 8 workers of 8 for evacuation
[2023-01-28T23:29:15.220+0100][gc,phases   ] GC(29)   Pre Evacuate Collection Set: 0.4ms
[2023-01-28T23:29:15.220+0100][gc,phases   ] GC(29)   Merge Heap Roots: 0.3ms
[2023-01-28T23:29:15.220+0100][gc,phases   ] GC(29)   Evacuate Collection Set: 6.5ms
[2023-01-28T23:29:15.220+0100][gc,phases   ] GC(29)   Post Evacuate Collection Set: 0.7ms
[2023-01-28T23:29:15.220+0100][gc,phases   ] GC(29)   Other: 1.3ms
[2023-01-28T23:29:15.220+0100][gc,heap     ] GC(29) Eden regions: 611->0(610)
[2023-01-28T23:29:15.220+0100][gc,heap     ] GC(29) Survivor regions: 3->4(77)
[2023-01-28T23:29:15.220+0100][gc,heap     ] GC(29) Old regions: 16->16
[2023-01-28T23:29:15.220+0100][gc,heap     ] GC(29) Archive regions: 0->0
[2023-01-28T23:29:15.220+0100][gc,heap     ] GC(29) Humongous regions: 129->129
[2023-01-28T23:29:15.220+0100][gc,metaspace] GC(29) Metaspace: 48296K(48768K)->48296K(48768K) NonClass: 42999K(43264K)->42999K(43264K) Class: 5296K(5504K)->5296K(5504K)
[2023-01-28T23:29:15.220+0100][gc          ] GC(29) Pause Young (Normal) (G1 Evacuation Pause) 758M->147M(1024M) 8.694ms
[2023-01-28T23:29:15.220+0100][gc,cpu      ] GC(29) User=0.01s Sys=0.02s Real=0.01s
[2023-01-28T23:29:23.046+0100][gc,start    ] GC(30) Pause Young (Normal) (G1 Evacuation Pause)
[2023-01-28T23:29:23.047+0100][gc,task     ] GC(30) Using 8 workers of 8 for evacuation
[2023-01-28T23:29:23.054+0100][gc,phases   ] GC(30)   Pre Evacuate Collection Set: 0.2ms
[2023-01-28T23:29:23.054+0100][gc,phases   ] GC(30)   Merge Heap Roots: 0.1ms
[2023-01-28T23:29:23.054+0100][gc,phases   ] GC(30)   Evacuate Collection Set: 6.2ms
[2023-01-28T23:29:23.054+0100][gc,phases   ] GC(30)   Post Evacuate Collection Set: 0.7ms
[2023-01-28T23:29:23.054+0100][gc,phases   ] GC(30)   Other: 0.5ms
[2023-01-28T23:29:23.054+0100][gc,heap     ] GC(30) Eden regions: 610->0(610)
[2023-01-28T23:29:23.054+0100][gc,heap     ] GC(30) Survivor regions: 4->4(77)
[2023-01-28T23:29:23.054+0100][gc,heap     ] GC(30) Old regions: 16->16
[2023-01-28T23:29:23.054+0100][gc,heap     ] GC(30) Archive regions: 0->0
[2023-01-28T23:29:23.054+0100][gc,heap     ] GC(30) Humongous regions: 129->129
[2023-01-28T23:29:23.054+0100][gc,metaspace] GC(30) Metaspace: 48296K(48768K)->48296K(48768K) NonClass: 42999K(43264K)->42999K(43264K) Class: 5296K(5504K)->5296K(5504K)
[2023-01-28T23:29:23.054+0100][gc          ] GC(30) Pause Young (Normal) (G1 Evacuation Pause) 757M->147M(1024M) 7.682ms
[2023-01-28T23:29:23.054+0100][gc,cpu      ] GC(30) User=0.01s Sys=0.03s Real=0.01s
[2023-01-28T23:29:30.904+0100][gc,start    ] GC(31) Pause Young (Normal) (G1 Evacuation Pause)
[2023-01-28T23:29:30.904+0100][gc,task     ] GC(31) Using 8 workers of 8 for evacuation
[2023-01-28T23:29:30.915+0100][gc,phases   ] GC(31)   Pre Evacuate Collection Set: 1.2ms
[2023-01-28T23:29:30.915+0100][gc,phases   ] GC(31)   Merge Heap Roots: 0.2ms
[2023-01-28T23:29:30.915+0100][gc,phases   ] GC(31)   Evacuate Collection Set: 8.6ms
[2023-01-28T23:29:30.915+0100][gc,phases   ] GC(31)   Post Evacuate Collection Set: 1.0ms
[2023-01-28T23:29:30.915+0100][gc,phases   ] GC(31)   Other: 1.1ms
[2023-01-28T23:29:30.915+0100][gc,heap     ] GC(31) Eden regions: 610->0(610)
[2023-01-28T23:29:30.916+0100][gc,heap     ] GC(31) Survivor regions: 4->4(77)
[2023-01-28T23:29:30.916+0100][gc,heap     ] GC(31) Old regions: 16->16
[2023-01-28T23:29:30.916+0100][gc,heap     ] GC(31) Archive regions: 0->0
[2023-01-28T23:29:30.916+0100][gc,heap     ] GC(31) Humongous regions: 129->129
[2023-01-28T23:29:30.916+0100][gc,metaspace] GC(31) Metaspace: 48296K(48768K)->48296K(48768K) NonClass: 42999K(43264K)->42999K(43264K) Class: 5296K(5504K)->5296K(5504K)
[2023-01-28T23:29:30.916+0100][gc          ] GC(31) Pause Young (Normal) (G1 Evacuation Pause) 757M->148M(1024M) 12.127ms
[2023-01-28T23:29:30.916+0100][gc,cpu      ] GC(31) User=0.01s Sys=0.02s Real=0.01s
[2023-01-28T23:29:38.275+0100][gc,start    ] GC(32) Pause Young (Normal) (G1 Evacuation Pause)
[2023-01-28T23:29:38.277+0100][gc,task     ] GC(32) Using 8 workers of 8 for evacuation
[2023-01-28T23:29:38.303+0100][gc,mmu      ] GC(32) MMU target violated: 21.0ms (20.0ms/21.0ms)
[2023-01-28T23:29:38.304+0100][gc,phases   ] GC(32)   Pre Evacuate Collection Set: 0.3ms
[2023-01-28T23:29:38.304+0100][gc,phases   ] GC(32)   Merge Heap Roots: 0.2ms
[2023-01-28T23:29:38.304+0100][gc,phases   ] GC(32)   Evacuate Collection Set: 22.8ms
[2023-01-28T23:29:38.304+0100][gc,phases   ] GC(32)   Post Evacuate Collection Set: 2.9ms
[2023-01-28T23:29:38.304+0100][gc,phases   ] GC(32)   Other: 2.0ms
[2023-01-28T23:29:38.304+0100][gc,heap     ] GC(32) Eden regions: 610->0(610)
[2023-01-28T23:29:38.304+0100][gc,heap     ] GC(32) Survivor regions: 4->4(77)
[2023-01-28T23:29:38.304+0100][gc,heap     ] GC(32) Old regions: 16->16
[2023-01-28T23:29:38.304+0100][gc,heap     ] GC(32) Archive regions: 0->0
[2023-01-28T23:29:38.304+0100][gc,heap     ] GC(32) Humongous regions: 129->129
[2023-01-28T23:29:38.304+0100][gc,metaspace] GC(32) Metaspace: 48296K(48768K)->48296K(48768K) NonClass: 42999K(43264K)->42999K(43264K) Class: 5296K(5504K)->5296K(5504K)
[2023-01-28T23:29:38.304+0100][gc          ] GC(32) Pause Young (Normal) (G1 Evacuation Pause) 758M->148M(1024M) 28.293ms
[2023-01-28T23:29:38.304+0100][gc,cpu      ] GC(32) User=0.01s Sys=0.04s Real=0.03s
[2023-01-28T23:29:46.481+0100][gc,start    ] GC(33) Pause Young (Normal) (G1 Evacuation Pause)
[2023-01-28T23:29:46.484+0100][gc,task     ] GC(33) Using 8 workers of 8 for evacuation
[2023-01-28T23:29:46.502+0100][gc,phases   ] GC(33)   Pre Evacuate Collection Set: 0.2ms
[2023-01-28T23:29:46.502+0100][gc,phases   ] GC(33)   Merge Heap Roots: 0.2ms
[2023-01-28T23:29:46.502+0100][gc,phases   ] GC(33)   Evacuate Collection Set: 16.3ms
[2023-01-28T23:29:46.502+0100][gc,phases   ] GC(33)   Post Evacuate Collection Set: 1.9ms
[2023-01-28T23:29:46.502+0100][gc,phases   ] GC(33)   Other: 2.9ms
[2023-01-28T23:29:46.502+0100][gc,heap     ] GC(33) Eden regions: 610->0(118)
[2023-01-28T23:29:46.502+0100][gc,heap     ] GC(33) Survivor regions: 4->5(77)
[2023-01-28T23:29:46.502+0100][gc,heap     ] GC(33) Old regions: 16->16
[2023-01-28T23:29:46.502+0100][gc,heap     ] GC(33) Archive regions: 0->0
[2023-01-28T23:29:46.502+0100][gc,heap     ] GC(33) Humongous regions: 129->129
[2023-01-28T23:29:46.502+0100][gc,metaspace] GC(33) Metaspace: 48428K(48896K)->48428K(48896K) NonClass: 43105K(43328K)->43105K(43328K) Class: 5322K(5568K)->5322K(5568K)
[2023-01-28T23:29:46.503+0100][gc          ] GC(33) Pause Young (Normal) (G1 Evacuation Pause) 758M->149M(1024M) 21.629ms
[2023-01-28T23:29:46.503+0100][gc,cpu      ] GC(33) User=0.01s Sys=0.03s Real=0.02s
[2023-01-28T23:29:48.380+0100][gc,start    ] GC(34) Pause Young (Normal) (G1 Evacuation Pause)
[2023-01-28T23:29:48.380+0100][gc,task     ] GC(34) Using 8 workers of 8 for evacuation
[2023-01-28T23:29:48.386+0100][gc,phases   ] GC(34)   Pre Evacuate Collection Set: 0.2ms
[2023-01-28T23:29:48.386+0100][gc,phases   ] GC(34)   Merge Heap Roots: 0.1ms
[2023-01-28T23:29:48.386+0100][gc,phases   ] GC(34)   Evacuate Collection Set: 3.1ms
[2023-01-28T23:29:48.386+0100][gc,phases   ] GC(34)   Post Evacuate Collection Set: 2.0ms
[2023-01-28T23:29:48.386+0100][gc,phases   ] GC(34)   Other: 0.2ms
[2023-01-28T23:29:48.386+0100][gc,heap     ] GC(34) Eden regions: 118->0(474)
[2023-01-28T23:29:48.386+0100][gc,heap     ] GC(34) Survivor regions: 5->5(16)
[2023-01-28T23:29:48.386+0100][gc,heap     ] GC(34) Old regions: 16->16
[2023-01-28T23:29:48.386+0100][gc,heap     ] GC(34) Archive regions: 0->0
[2023-01-28T23:29:48.386+0100][gc,heap     ] GC(34) Humongous regions: 129->129
[2023-01-28T23:29:48.386+0100][gc,metaspace] GC(34) Metaspace: 48428K(48896K)->48428K(48896K) NonClass: 43105K(43328K)->43105K(43328K) Class: 5322K(5568K)->5322K(5568K)
[2023-01-28T23:29:48.386+0100][gc          ] GC(34) Pause Young (Normal) (G1 Evacuation Pause) 267M->149M(1024M) 5.828ms
[2023-01-28T23:29:48.386+0100][gc,cpu      ] GC(34) User=0.00s Sys=0.01s Real=0.00s
[2023-01-28T23:29:55.810+0100][gc,start    ] GC(35) Pause Young (Normal) (G1 Evacuation Pause)
[2023-01-28T23:29:55.810+0100][gc,task     ] GC(35) Using 8 workers of 8 for evacuation
[2023-01-28T23:29:55.819+0100][gc,phases   ] GC(35)   Pre Evacuate Collection Set: 0.5ms
[2023-01-28T23:29:55.819+0100][gc,phases   ] GC(35)   Merge Heap Roots: 0.4ms
[2023-01-28T23:29:55.819+0100][gc,phases   ] GC(35)   Evacuate Collection Set: 6.7ms
[2023-01-28T23:29:55.819+0100][gc,phases   ] GC(35)   Post Evacuate Collection Set: 0.9ms
[2023-01-28T23:29:55.819+0100][gc,phases   ] GC(35)   Other: 0.6ms
[2023-01-28T23:29:55.819+0100][gc,heap     ] GC(35) Eden regions: 474->0(609)
[2023-01-28T23:29:55.819+0100][gc,heap     ] GC(35) Survivor regions: 5->5(60)
[2023-01-28T23:29:55.819+0100][gc,heap     ] GC(35) Old regions: 16->16
[2023-01-28T23:29:55.819+0100][gc,heap     ] GC(35) Archive regions: 0->0
[2023-01-28T23:29:55.819+0100][gc,heap     ] GC(35) Humongous regions: 129->129
[2023-01-28T23:29:55.819+0100][gc,metaspace] GC(35) Metaspace: 48429K(48896K)->48429K(48896K) NonClass: 43106K(43328K)->43106K(43328K) Class: 5322K(5568K)->5322K(5568K)
[2023-01-28T23:29:55.819+0100][gc          ] GC(35) Pause Young (Normal) (G1 Evacuation Pause) 623M->149M(1024M) 9.019ms
[2023-01-28T23:29:55.819+0100][gc,cpu      ] GC(35) User=0.01s Sys=0.02s Real=0.00s
[2023-01-28T23:30:04.607+0100][gc,start    ] GC(36) Pause Young (Normal) (G1 Evacuation Pause)
[2023-01-28T23:30:04.608+0100][gc,task     ] GC(36) Using 8 workers of 8 for evacuation
[2023-01-28T23:30:04.619+0100][gc,phases   ] GC(36)   Pre Evacuate Collection Set: 0.8ms
[2023-01-28T23:30:04.619+0100][gc,phases   ] GC(36)   Merge Heap Roots: 0.3ms
[2023-01-28T23:30:04.619+0100][gc,phases   ] GC(36)   Evacuate Collection Set: 9.3ms
[2023-01-28T23:30:04.619+0100][gc,phases   ] GC(36)   Post Evacuate Collection Set: 0.7ms
[2023-01-28T23:30:04.619+0100][gc,phases   ] GC(36)   Other: 1.3ms
[2023-01-28T23:30:04.619+0100][gc,heap     ] GC(36) Eden regions: 609->0(608)
[2023-01-28T23:30:04.619+0100][gc,heap     ] GC(36) Survivor regions: 5->6(77)
[2023-01-28T23:30:04.619+0100][gc,heap     ] GC(36) Old regions: 16->17
[2023-01-28T23:30:04.619+0100][gc,heap     ] GC(36) Archive regions: 0->0
[2023-01-28T23:30:04.619+0100][gc,heap     ] GC(36) Humongous regions: 129->129
[2023-01-28T23:30:04.619+0100][gc,metaspace] GC(36) Metaspace: 48429K(48896K)->48429K(48896K) NonClass: 43106K(43328K)->43106K(43328K) Class: 5322K(5568K)->5322K(5568K)
[2023-01-28T23:30:04.619+0100][gc          ] GC(36) Pause Young (Normal) (G1 Evacuation Pause) 758M->150M(1024M) 11.975ms
[2023-01-28T23:30:04.619+0100][gc,cpu      ] GC(36) User=0.01s Sys=0.02s Real=0.01s
[2023-01-28T23:30:14.426+0100][gc,start    ] GC(37) Pause Young (Normal) (G1 Evacuation Pause)
[2023-01-28T23:30:14.426+0100][gc,task     ] GC(37) Using 8 workers of 8 for evacuation
[2023-01-28T23:30:14.438+0100][gc,phases   ] GC(37)   Pre Evacuate Collection Set: 1.2ms
[2023-01-28T23:30:14.438+0100][gc,phases   ] GC(37)   Merge Heap Roots: 0.2ms
[2023-01-28T23:30:14.438+0100][gc,phases   ] GC(37)   Evacuate Collection Set: 9.8ms
[2023-01-28T23:30:14.438+0100][gc,phases   ] GC(37)   Post Evacuate Collection Set: 0.8ms
[2023-01-28T23:30:14.438+0100][gc,phases   ] GC(37)   Other: 0.5ms
[2023-01-28T23:30:14.438+0100][gc,heap     ] GC(37) Eden regions: 608->0(608)
[2023-01-28T23:30:14.438+0100][gc,heap     ] GC(37) Survivor regions: 6->6(77)
[2023-01-28T23:30:14.438+0100][gc,heap     ] GC(37) Old regions: 17->17
[2023-01-28T23:30:14.438+0100][gc,heap     ] GC(37) Archive regions: 0->0
[2023-01-28T23:30:14.438+0100][gc,heap     ] GC(37) Humongous regions: 129->129
[2023-01-28T23:30:14.438+0100][gc,metaspace] GC(37) Metaspace: 48429K(48896K)->48429K(48896K) NonClass: 43106K(43328K)->43106K(43328K) Class: 5322K(5568K)->5322K(5568K)
[2023-01-28T23:30:14.439+0100][gc          ] GC(37) Pause Young (Normal) (G1 Evacuation Pause) 758M->150M(1024M) 12.508ms
[2023-01-28T23:30:14.439+0100][gc,cpu      ] GC(37) User=0.02s Sys=0.03s Real=0.01s
[2023-01-28T23:30:22.376+0100][gc,start    ] GC(38) Pause Young (Normal) (G1 Evacuation Pause)
[2023-01-28T23:30:22.376+0100][gc,task     ] GC(38) Using 8 workers of 8 for evacuation
[2023-01-28T23:30:22.385+0100][gc,phases   ] GC(38)   Pre Evacuate Collection Set: 0.4ms
[2023-01-28T23:30:22.385+0100][gc,phases   ] GC(38)   Merge Heap Roots: 0.3ms
[2023-01-28T23:30:22.385+0100][gc,phases   ] GC(38)   Evacuate Collection Set: 7.3ms
[2023-01-28T23:30:22.385+0100][gc,phases   ] GC(38)   Post Evacuate Collection Set: 0.8ms
[2023-01-28T23:30:22.385+0100][gc,phases   ] GC(38)   Other: 0.4ms
[2023-01-28T23:30:22.385+0100][gc,heap     ] GC(38) Eden regions: 608->0(608)
[2023-01-28T23:30:22.385+0100][gc,heap     ] GC(38) Survivor regions: 6->6(77)
[2023-01-28T23:30:22.385+0100][gc,heap     ] GC(38) Old regions: 17->17
[2023-01-28T23:30:22.385+0100][gc,heap     ] GC(38) Archive regions: 0->0
[2023-01-28T23:30:22.385+0100][gc,heap     ] GC(38) Humongous regions: 129->129
[2023-01-28T23:30:22.385+0100][gc,metaspace] GC(38) Metaspace: 48429K(48896K)->48429K(48896K) NonClass: 43106K(43328K)->43106K(43328K) Class: 5322K(5568K)->5322K(5568K)
[2023-01-28T23:30:22.385+0100][gc          ] GC(38) Pause Young (Normal) (G1 Evacuation Pause) 758M->151M(1024M) 9.414ms
[2023-01-28T23:30:22.385+0100][gc,cpu      ] GC(38) User=0.01s Sys=0.03s Real=0.01s
[2023-01-28T23:30:29.090+0100][gc,start    ] GC(39) Pause Young (Normal) (G1 Evacuation Pause)
[2023-01-28T23:30:29.091+0100][gc,task     ] GC(39) Using 8 workers of 8 for evacuation
[2023-01-28T23:30:29.124+0100][gc,mmu      ] GC(39) MMU target violated: 21.0ms (20.0ms/21.0ms)
[2023-01-28T23:30:29.124+0100][gc,phases   ] GC(39)   Pre Evacuate Collection Set: 0.9ms
[2023-01-28T23:30:29.124+0100][gc,phases   ] GC(39)   Merge Heap Roots: 0.3ms
[2023-01-28T23:30:29.124+0100][gc,phases   ] GC(39)   Evacuate Collection Set: 29.9ms
[2023-01-28T23:30:29.124+0100][gc,phases   ] GC(39)   Post Evacuate Collection Set: 1.2ms
[2023-01-28T23:30:29.124+0100][gc,phases   ] GC(39)   Other: 1.9ms
[2023-01-28T23:30:29.124+0100][gc,heap     ] GC(39) Eden regions: 608->0(68)
[2023-01-28T23:30:29.124+0100][gc,heap     ] GC(39) Survivor regions: 6->6(77)
[2023-01-28T23:30:29.124+0100][gc,heap     ] GC(39) Old regions: 17->17
[2023-01-28T23:30:29.124+0100][gc,heap     ] GC(39) Archive regions: 0->0
[2023-01-28T23:30:29.124+0100][gc,heap     ] GC(39) Humongous regions: 129->129
[2023-01-28T23:30:29.124+0100][gc,metaspace] GC(39) Metaspace: 48435K(48896K)->48435K(48896K) NonClass: 43112K(43328K)->43112K(43328K) Class: 5322K(5568K)->5322K(5568K)
[2023-01-28T23:30:29.124+0100][gc          ] GC(39) Pause Young (Normal) (G1 Evacuation Pause) 759M->151M(1024M) 34.261ms
[2023-01-28T23:30:29.124+0100][gc,cpu      ] GC(39) User=0.02s Sys=0.05s Real=0.03s
[2023-01-28T23:30:29.718+0100][gc,start    ] GC(40) Pause Young (Normal) (G1 Evacuation Pause)
[2023-01-28T23:30:29.718+0100][gc,task     ] GC(40) Using 8 workers of 8 for evacuation
[2023-01-28T23:30:29.723+0100][gc,phases   ] GC(40)   Pre Evacuate Collection Set: 0.2ms
[2023-01-28T23:30:29.723+0100][gc,phases   ] GC(40)   Merge Heap Roots: 0.1ms
[2023-01-28T23:30:29.723+0100][gc,phases   ] GC(40)   Evacuate Collection Set: 4.3ms
[2023-01-28T23:30:29.723+0100][gc,phases   ] GC(40)   Post Evacuate Collection Set: 0.4ms
[2023-01-28T23:30:29.723+0100][gc,phases   ] GC(40)   Other: 0.2ms
[2023-01-28T23:30:29.723+0100][gc,heap     ] GC(40) Eden regions: 45->0(610)
[2023-01-28T23:30:29.724+0100][gc,heap     ] GC(40) Survivor regions: 6->4(7)
[2023-01-28T23:30:29.724+0100][gc,heap     ] GC(40) Old regions: 17->19
[2023-01-28T23:30:29.724+0100][gc,heap     ] GC(40) Archive regions: 0->0
[2023-01-28T23:30:29.724+0100][gc,heap     ] GC(40) Humongous regions: 129->129
[2023-01-28T23:30:29.724+0100][gc,metaspace] GC(40) Metaspace: 48437K(48896K)->48437K(48896K) NonClass: 43114K(43328K)->43114K(43328K) Class: 5322K(5568K)->5322K(5568K)
[2023-01-28T23:30:29.724+0100][gc          ] GC(40) Pause Young (Normal) (G1 Evacuation Pause) 196M->151M(1024M) 5.354ms
[2023-01-28T23:30:29.724+0100][gc,cpu      ] GC(40) User=0.02s Sys=0.00s Real=0.01s
[2023-01-28T23:30:37.283+0100][gc,start    ] GC(41) Pause Young (Normal) (G1 Evacuation Pause)
[2023-01-28T23:30:37.284+0100][gc,task     ] GC(41) Using 8 workers of 8 for evacuation
[2023-01-28T23:30:37.302+0100][gc,phases   ] GC(41)   Pre Evacuate Collection Set: 0.2ms
[2023-01-28T23:30:37.302+0100][gc,phases   ] GC(41)   Merge Heap Roots: 0.2ms
[2023-01-28T23:30:37.302+0100][gc,phases   ] GC(41)   Evacuate Collection Set: 15.3ms
[2023-01-28T23:30:37.302+0100][gc,phases   ] GC(41)   Post Evacuate Collection Set: 2.2ms
[2023-01-28T23:30:37.302+0100][gc,phases   ] GC(41)   Other: 1.0ms
[2023-01-28T23:30:37.302+0100][gc,heap     ] GC(41) Eden regions: 610->0(610)
[2023-01-28T23:30:37.302+0100][gc,heap     ] GC(41) Survivor regions: 4->4(77)
[2023-01-28T23:30:37.302+0100][gc,heap     ] GC(41) Old regions: 19->19
[2023-01-28T23:30:37.302+0100][gc,heap     ] GC(41) Archive regions: 0->0
[2023-01-28T23:30:37.302+0100][gc,heap     ] GC(41) Humongous regions: 129->129
[2023-01-28T23:30:37.302+0100][gc,metaspace] GC(41) Metaspace: 48440K(48896K)->48440K(48896K) NonClass: 43117K(43328K)->43117K(43328K) Class: 5322K(5568K)->5322K(5568K)
[2023-01-28T23:30:37.302+0100][gc          ] GC(41) Pause Young (Normal) (G1 Evacuation Pause) 761M->151M(1024M) 18.994ms
[2023-01-28T23:30:37.302+0100][gc,cpu      ] GC(41) User=0.01s Sys=0.04s Real=0.02s
[2023-01-28T23:30:44.461+0100][gc,start    ] GC(42) Pause Young (Normal) (G1 Evacuation Pause)
[2023-01-28T23:30:44.461+0100][gc,task     ] GC(42) Using 8 workers of 8 for evacuation
[2023-01-28T23:30:44.487+0100][gc,mmu      ] GC(42) MMU target violated: 21.0ms (20.0ms/21.0ms)
[2023-01-28T23:30:44.487+0100][gc,phases   ] GC(42)   Pre Evacuate Collection Set: 0.4ms
[2023-01-28T23:30:44.487+0100][gc,phases   ] GC(42)   Merge Heap Roots: 0.2ms
[2023-01-28T23:30:44.487+0100][gc,phases   ] GC(42)   Evacuate Collection Set: 21.8ms
[2023-01-28T23:30:44.487+0100][gc,phases   ] GC(42)   Post Evacuate Collection Set: 3.2ms
[2023-01-28T23:30:44.487+0100][gc,phases   ] GC(42)   Other: 0.5ms
[2023-01-28T23:30:44.487+0100][gc,heap     ] GC(42) Eden regions: 610->0(46)
[2023-01-28T23:30:44.487+0100][gc,heap     ] GC(42) Survivor regions: 4->5(77)
[2023-01-28T23:30:44.487+0100][gc,heap     ] GC(42) Old regions: 19->19
[2023-01-28T23:30:44.487+0100][gc,heap     ] GC(42) Archive regions: 0->0
[2023-01-28T23:30:44.487+0100][gc,heap     ] GC(42) Humongous regions: 129->129
[2023-01-28T23:30:44.487+0100][gc,metaspace] GC(42) Metaspace: 48440K(48896K)->48440K(48896K) NonClass: 43117K(43328K)->43117K(43328K) Class: 5322K(5568K)->5322K(5568K)
[2023-01-28T23:30:44.487+0100][gc          ] GC(42) Pause Young (Normal) (G1 Evacuation Pause) 761M->152M(1024M) 26.212ms
[2023-01-28T23:30:44.487+0100][gc,cpu      ] GC(42) User=0.02s Sys=0.03s Real=0.02s
[2023-01-28T23:30:45.784+0100][gc,start    ] GC(43) Pause Young (Normal) (G1 Evacuation Pause)
[2023-01-28T23:30:45.784+0100][gc,task     ] GC(43) Using 8 workers of 8 for evacuation
[2023-01-28T23:30:45.790+0100][gc,phases   ] GC(43)   Pre Evacuate Collection Set: 0.3ms
[2023-01-28T23:30:45.790+0100][gc,phases   ] GC(43)   Merge Heap Roots: 0.4ms
[2023-01-28T23:30:45.790+0100][gc,phases   ] GC(43)   Evacuate Collection Set: 4.2ms
[2023-01-28T23:30:45.790+0100][gc,phases   ] GC(43)   Post Evacuate Collection Set: 0.8ms
[2023-01-28T23:30:45.790+0100][gc,phases   ] GC(43)   Other: 0.3ms
[2023-01-28T23:30:45.790+0100][gc,heap     ] GC(43) Eden regions: 46->0(610)
[2023-01-28T23:30:45.790+0100][gc,heap     ] GC(43) Survivor regions: 5->4(7)
[2023-01-28T23:30:45.790+0100][gc,heap     ] GC(43) Old regions: 19->20
[2023-01-28T23:30:45.790+0100][gc,heap     ] GC(43) Archive regions: 0->0
[2023-01-28T23:30:45.790+0100][gc,heap     ] GC(43) Humongous regions: 129->129
[2023-01-28T23:30:45.790+0100][gc,metaspace] GC(43) Metaspace: 48440K(48896K)->48440K(48896K) NonClass: 43117K(43328K)->43117K(43328K) Class: 5322K(5568K)->5322K(5568K)
[2023-01-28T23:30:45.790+0100][gc          ] GC(43) Pause Young (Normal) (G1 Evacuation Pause) 198M->152M(1024M) 6.089ms
[2023-01-28T23:30:45.790+0100][gc,cpu      ] GC(43) User=0.01s Sys=0.01s Real=0.01s
[2023-01-28T23:30:52.229+0100][gc,start    ] GC(44) Pause Young (Normal) (G1 Evacuation Pause)
[2023-01-28T23:30:52.230+0100][gc,task     ] GC(44) Using 8 workers of 8 for evacuation
[2023-01-28T23:30:52.239+0100][gc,phases   ] GC(44)   Pre Evacuate Collection Set: 0.2ms
[2023-01-28T23:30:52.239+0100][gc,phases   ] GC(44)   Merge Heap Roots: 0.4ms
[2023-01-28T23:30:52.239+0100][gc,phases   ] GC(44)   Evacuate Collection Set: 7.3ms
[2023-01-28T23:30:52.239+0100][gc,phases   ] GC(44)   Post Evacuate Collection Set: 0.9ms
[2023-01-28T23:30:52.239+0100][gc,phases   ] GC(44)   Other: 2.1ms
[2023-01-28T23:30:52.239+0100][gc,heap     ] GC(44) Eden regions: 610->0(610)
[2023-01-28T23:30:52.239+0100][gc,heap     ] GC(44) Survivor regions: 4->4(77)
[2023-01-28T23:30:52.239+0100][gc,heap     ] GC(44) Old regions: 20->20
[2023-01-28T23:30:52.239+0100][gc,heap     ] GC(44) Archive regions: 0->0
[2023-01-28T23:30:52.239+0100][gc,heap     ] GC(44) Humongous regions: 129->129
[2023-01-28T23:30:52.239+0100][gc,metaspace] GC(44) Metaspace: 48452K(48960K)->48452K(48960K) NonClass: 43129K(43392K)->43129K(43392K) Class: 5322K(5568K)->5322K(5568K)
[2023-01-28T23:30:52.239+0100][gc          ] GC(44) Pause Young (Normal) (G1 Evacuation Pause) 762M->152M(1024M) 10.934ms
[2023-01-28T23:30:52.239+0100][gc,cpu      ] GC(44) User=0.01s Sys=0.02s Real=0.01s
[2023-01-28T23:30:59.481+0100][gc,start    ] GC(45) Pause Young (Normal) (G1 Evacuation Pause)
[2023-01-28T23:30:59.483+0100][gc,task     ] GC(45) Using 8 workers of 8 for evacuation
[2023-01-28T23:30:59.502+0100][gc,phases   ] GC(45)   Pre Evacuate Collection Set: 0.3ms
[2023-01-28T23:30:59.502+0100][gc,phases   ] GC(45)   Merge Heap Roots: 0.2ms
[2023-01-28T23:30:59.502+0100][gc,phases   ] GC(45)   Evacuate Collection Set: 16.5ms
[2023-01-28T23:30:59.502+0100][gc,phases   ] GC(45)   Post Evacuate Collection Set: 1.7ms
[2023-01-28T23:30:59.502+0100][gc,phases   ] GC(45)   Other: 2.0ms
[2023-01-28T23:30:59.502+0100][gc,heap     ] GC(45) Eden regions: 610->0(609)
[2023-01-28T23:30:59.502+0100][gc,heap     ] GC(45) Survivor regions: 4->5(77)
[2023-01-28T23:30:59.502+0100][gc,heap     ] GC(45) Old regions: 20->20
[2023-01-28T23:30:59.502+0100][gc,heap     ] GC(45) Archive regions: 0->0
[2023-01-28T23:30:59.502+0100][gc,heap     ] GC(45) Humongous regions: 129->129
[2023-01-28T23:30:59.502+0100][gc,metaspace] GC(45) Metaspace: 48453K(48960K)->48453K(48960K) NonClass: 43130K(43392K)->43130K(43392K) Class: 5322K(5568K)->5322K(5568K)
[2023-01-28T23:30:59.502+0100][gc          ] GC(45) Pause Young (Normal) (G1 Evacuation Pause) 762M->152M(1024M) 20.787ms
[2023-01-28T23:30:59.502+0100][gc,cpu      ] GC(45) User=0.01s Sys=0.03s Real=0.02s
[2023-01-28T23:31:07.636+0100][gc,start    ] GC(46) Pause Young (Normal) (G1 Evacuation Pause)
[2023-01-28T23:31:07.638+0100][gc,task     ] GC(46) Using 8 workers of 8 for evacuation
[2023-01-28T23:31:07.662+0100][gc,mmu      ] GC(46) MMU target violated: 21.0ms (20.0ms/21.0ms)
[2023-01-28T23:31:07.662+0100][gc,phases   ] GC(46)   Pre Evacuate Collection Set: 0.3ms
[2023-01-28T23:31:07.662+0100][gc,phases   ] GC(46)   Merge Heap Roots: 0.2ms
[2023-01-28T23:31:07.662+0100][gc,phases   ] GC(46)   Evacuate Collection Set: 20.9ms
[2023-01-28T23:31:07.662+0100][gc,phases   ] GC(46)   Post Evacuate Collection Set: 2.0ms
[2023-01-28T23:31:07.662+0100][gc,phases   ] GC(46)   Other: 2.2ms
[2023-01-28T23:31:07.662+0100][gc,heap     ] GC(46) Eden regions: 609->0(97)
[2023-01-28T23:31:07.662+0100][gc,heap     ] GC(46) Survivor regions: 5->5(77)
[2023-01-28T23:31:07.662+0100][gc,heap     ] GC(46) Old regions: 20->20
[2023-01-28T23:31:07.662+0100][gc,heap     ] GC(46) Archive regions: 0->0
[2023-01-28T23:31:07.662+0100][gc,heap     ] GC(46) Humongous regions: 129->129
[2023-01-28T23:31:07.662+0100][gc,metaspace] GC(46) Metaspace: 48453K(48960K)->48453K(48960K) NonClass: 43130K(43392K)->43130K(43392K) Class: 5322K(5568K)->5322K(5568K)
[2023-01-28T23:31:07.662+0100][gc          ] GC(46) Pause Young (Normal) (G1 Evacuation Pause) 761M->153M(1024M) 25.665ms
[2023-01-28T23:31:07.662+0100][gc,cpu      ] GC(46) User=0.02s Sys=0.05s Real=0.03s
[2023-01-28T23:31:08.628+0100][gc,start    ] GC(47) Pause Young (Normal) (G1 Evacuation Pause)
[2023-01-28T23:31:08.628+0100][gc,task     ] GC(47) Using 8 workers of 8 for evacuation
[2023-01-28T23:31:08.631+0100][gc,phases   ] GC(47)   Pre Evacuate Collection Set: 0.1ms
[2023-01-28T23:31:08.631+0100][gc,phases   ] GC(47)   Merge Heap Roots: 0.1ms
[2023-01-28T23:31:08.631+0100][gc,phases   ] GC(47)   Evacuate Collection Set: 2.3ms
[2023-01-28T23:31:08.631+0100][gc,phases   ] GC(47)   Post Evacuate Collection Set: 0.3ms
[2023-01-28T23:31:08.631+0100][gc,phases   ] GC(47)   Other: 0.1ms
[2023-01-28T23:31:08.631+0100][gc,heap     ] GC(47) Eden regions: 97->0(609)
[2023-01-28T23:31:08.631+0100][gc,heap     ] GC(47) Survivor regions: 5->5(13)
[2023-01-28T23:31:08.631+0100][gc,heap     ] GC(47) Old regions: 20->20
[2023-01-28T23:31:08.631+0100][gc,heap     ] GC(47) Archive regions: 0->0
[2023-01-28T23:31:08.631+0100][gc,heap     ] GC(47) Humongous regions: 129->129
[2023-01-28T23:31:08.631+0100][gc,metaspace] GC(47) Metaspace: 48456K(48960K)->48456K(48960K) NonClass: 43134K(43392K)->43134K(43392K) Class: 5322K(5568K)->5322K(5568K)
[2023-01-28T23:31:08.631+0100][gc          ] GC(47) Pause Young (Normal) (G1 Evacuation Pause) 250M->153M(1024M) 2.961ms
[2023-01-28T23:31:08.631+0100][gc,cpu      ] GC(47) User=0.01s Sys=0.00s Real=0.01s
[2023-01-28T23:31:16.559+0100][gc,start    ] GC(48) Pause Young (Normal) (G1 Evacuation Pause)
[2023-01-28T23:31:16.559+0100][gc,task     ] GC(48) Using 8 workers of 8 for evacuation
[2023-01-28T23:31:16.580+0100][gc,phases   ] GC(48)   Pre Evacuate Collection Set: 0.2ms
[2023-01-28T23:31:16.580+0100][gc,phases   ] GC(48)   Merge Heap Roots: 0.2ms
[2023-01-28T23:31:16.580+0100][gc,phases   ] GC(48)   Evacuate Collection Set: 16.8ms
[2023-01-28T23:31:16.580+0100][gc,phases   ] GC(48)   Post Evacuate Collection Set: 2.6ms
[2023-01-28T23:31:16.580+0100][gc,phases   ] GC(48)   Other: 0.5ms
[2023-01-28T23:31:16.580+0100][gc,heap     ] GC(48) Eden regions: 609->0(609)
[2023-01-28T23:31:16.580+0100][gc,heap     ] GC(48) Survivor regions: 5->5(77)
[2023-01-28T23:31:16.580+0100][gc,heap     ] GC(48) Old regions: 20->20
[2023-01-28T23:31:16.580+0100][gc,heap     ] GC(48) Archive regions: 0->0
[2023-01-28T23:31:16.580+0100][gc,heap     ] GC(48) Humongous regions: 129->129
[2023-01-28T23:31:16.580+0100][gc,metaspace] GC(48) Metaspace: 48462K(49024K)->48462K(49024K) NonClass: 43140K(43456K)->43140K(43456K) Class: 5322K(5568K)->5322K(5568K)
[2023-01-28T23:31:16.580+0100][gc          ] GC(48) Pause Young (Normal) (G1 Evacuation Pause) 762M->153M(1024M) 20.437ms
[2023-01-28T23:31:16.580+0100][gc,cpu      ] GC(48) User=0.02s Sys=0.04s Real=0.03s
[2023-01-28T23:31:23.353+0100][gc,start    ] GC(49) Pause Young (Normal) (G1 Evacuation Pause)
[2023-01-28T23:31:23.354+0100][gc,task     ] GC(49) Using 8 workers of 8 for evacuation
[2023-01-28T23:31:23.374+0100][gc,phases   ] GC(49)   Pre Evacuate Collection Set: 0.9ms
[2023-01-28T23:31:23.374+0100][gc,phases   ] GC(49)   Merge Heap Roots: 0.5ms
[2023-01-28T23:31:23.374+0100][gc,phases   ] GC(49)   Evacuate Collection Set: 16.8ms
[2023-01-28T23:31:23.374+0100][gc,phases   ] GC(49)   Post Evacuate Collection Set: 1.6ms
[2023-01-28T23:31:23.374+0100][gc,phases   ] GC(49)   Other: 1.5ms
[2023-01-28T23:31:23.374+0100][gc,heap     ] GC(49) Eden regions: 583->0(247)
[2023-01-28T23:31:23.374+0100][gc,heap     ] GC(49) Survivor regions: 5->6(74)
[2023-01-28T23:31:23.374+0100][gc,heap     ] GC(49) Old regions: 20->21
[2023-01-28T23:31:23.374+0100][gc,heap     ] GC(49) Archive regions: 0->0
[2023-01-28T23:31:23.374+0100][gc,heap     ] GC(49) Humongous regions: 129->129
[2023-01-28T23:31:23.374+0100][gc,metaspace] GC(49) Metaspace: 48462K(49024K)->48462K(49024K) NonClass: 43140K(43456K)->43140K(43456K) Class: 5322K(5568K)->5322K(5568K)
[2023-01-28T23:31:23.374+0100][gc          ] GC(49) Pause Young (Normal) (G1 Evacuation Pause) 736M->154M(1024M) 20.966ms
[2023-01-28T23:31:23.374+0100][gc,cpu      ] GC(49) User=0.02s Sys=0.04s Real=0.02s
[2023-01-28T23:31:26.143+0100][gc,start    ] GC(50) Pause Young (Normal) (G1 Evacuation Pause)
[2023-01-28T23:31:26.144+0100][gc,task     ] GC(50) Using 8 workers of 8 for evacuation
[2023-01-28T23:31:26.166+0100][gc,mmu      ] GC(50) MMU target violated: 20.5ms (20.0ms/21.0ms)
[2023-01-28T23:31:26.166+0100][gc,phases   ] GC(50)   Pre Evacuate Collection Set: 2.0ms
[2023-01-28T23:31:26.166+0100][gc,phases   ] GC(50)   Merge Heap Roots: 0.6ms
[2023-01-28T23:31:26.166+0100][gc,phases   ] GC(50)   Evacuate Collection Set: 15.4ms
[2023-01-28T23:31:26.166+0100][gc,phases   ] GC(50)   Post Evacuate Collection Set: 3.7ms
[2023-01-28T23:31:26.166+0100][gc,phases   ] GC(50)   Other: 1.6ms
[2023-01-28T23:31:26.166+0100][gc,heap     ] GC(50) Eden regions: 247->0(598)
[2023-01-28T23:31:26.166+0100][gc,heap     ] GC(50) Survivor regions: 6->5(32)
[2023-01-28T23:31:26.166+0100][gc,heap     ] GC(50) Old regions: 21->21
[2023-01-28T23:31:26.166+0100][gc,heap     ] GC(50) Archive regions: 0->0
[2023-01-28T23:31:26.166+0100][gc,heap     ] GC(50) Humongous regions: 129->129
[2023-01-28T23:31:26.166+0100][gc,metaspace] GC(50) Metaspace: 48463K(49024K)->48463K(49024K) NonClass: 43140K(43456K)->43140K(43456K) Class: 5322K(5568K)->5322K(5568K)
[2023-01-28T23:31:26.167+0100][gc          ] GC(50) Pause Young (Normal) (G1 Evacuation Pause) 401M->154M(1024M) 23.122ms
[2023-01-28T23:31:26.167+0100][gc,cpu      ] GC(50) User=0.02s Sys=0.03s Real=0.02s
[2023-01-28T23:31:33.407+0100][gc,start    ] GC(51) Pause Young (Normal) (G1 Evacuation Pause)
[2023-01-28T23:31:33.408+0100][gc,task     ] GC(51) Using 8 workers of 8 for evacuation
[2023-01-28T23:31:33.419+0100][gc,phases   ] GC(51)   Pre Evacuate Collection Set: 0.3ms
[2023-01-28T23:31:33.419+0100][gc,phases   ] GC(51)   Merge Heap Roots: 0.3ms
[2023-01-28T23:31:33.419+0100][gc,phases   ] GC(51)   Evacuate Collection Set: 9.3ms
[2023-01-28T23:31:33.419+0100][gc,phases   ] GC(51)   Post Evacuate Collection Set: 1.6ms
[2023-01-28T23:31:33.419+0100][gc,phases   ] GC(51)   Other: 1.1ms
[2023-01-28T23:31:33.419+0100][gc,heap     ] GC(51) Eden regions: 564->0(609)
[2023-01-28T23:31:33.419+0100][gc,heap     ] GC(51) Survivor regions: 5->5(72)
[2023-01-28T23:31:33.419+0100][gc,heap     ] GC(51) Old regions: 21->21
[2023-01-28T23:31:33.419+0100][gc,heap     ] GC(51) Archive regions: 0->0
[2023-01-28T23:31:33.419+0100][gc,heap     ] GC(51) Humongous regions: 129->129
[2023-01-28T23:31:33.419+0100][gc,metaspace] GC(51) Metaspace: 48468K(49024K)->48468K(49024K) NonClass: 43145K(43456K)->43145K(43456K) Class: 5322K(5568K)->5322K(5568K)
[2023-01-28T23:31:33.419+0100][gc          ] GC(51) Pause Young (Normal) (G1 Evacuation Pause) 718M->154M(1024M) 12.765ms
[2023-01-28T23:31:33.419+0100][gc,cpu      ] GC(51) User=0.02s Sys=0.02s Real=0.01s
[2023-01-28T23:31:41.820+0100][gc,start    ] GC(52) Pause Young (Normal) (G1 Evacuation Pause)
[2023-01-28T23:31:41.821+0100][gc,task     ] GC(52) Using 8 workers of 8 for evacuation
[2023-01-28T23:31:41.850+0100][gc,mmu      ] GC(52) MMU target violated: 21.0ms (20.0ms/21.0ms)
[2023-01-28T23:31:41.850+0100][gc,phases   ] GC(52)   Pre Evacuate Collection Set: 0.2ms
[2023-01-28T23:31:41.850+0100][gc,phases   ] GC(52)   Merge Heap Roots: 0.3ms
[2023-01-28T23:31:41.850+0100][gc,phases   ] GC(52)   Evacuate Collection Set: 24.6ms
[2023-01-28T23:31:41.850+0100][gc,phases   ] GC(52)   Post Evacuate Collection Set: 3.5ms
[2023-01-28T23:31:41.850+0100][gc,phases   ] GC(52)   Other: 1.1ms
[2023-01-28T23:31:41.850+0100][gc,heap     ] GC(52) Eden regions: 609->0(124)
[2023-01-28T23:31:41.850+0100][gc,heap     ] GC(52) Survivor regions: 5->5(77)
[2023-01-28T23:31:41.850+0100][gc,heap     ] GC(52) Old regions: 21->22
[2023-01-28T23:31:41.850+0100][gc,heap     ] GC(52) Archive regions: 0->0
[2023-01-28T23:31:41.850+0100][gc,heap     ] GC(52) Humongous regions: 129->129
[2023-01-28T23:31:41.850+0100][gc,metaspace] GC(52) Metaspace: 48468K(49024K)->48468K(49024K) NonClass: 43146K(43456K)->43146K(43456K) Class: 5322K(5568K)->5322K(5568K)
[2023-01-28T23:31:41.850+0100][gc          ] GC(52) Pause Young (Normal) (G1 Evacuation Pause) 763M->155M(1024M) 29.858ms
[2023-01-28T23:31:41.850+0100][gc,cpu      ] GC(52) User=0.02s Sys=0.05s Real=0.03s
[2023-01-28T23:31:42.893+0100][gc,start    ] GC(53) Pause Young (Normal) (G1 Evacuation Pause)
[2023-01-28T23:31:42.893+0100][gc,task     ] GC(53) Using 8 workers of 8 for evacuation
[2023-01-28T23:31:42.900+0100][gc,phases   ] GC(53)   Pre Evacuate Collection Set: 0.2ms
[2023-01-28T23:31:42.900+0100][gc,phases   ] GC(53)   Merge Heap Roots: 0.2ms
[2023-01-28T23:31:42.900+0100][gc,phases   ] GC(53)   Evacuate Collection Set: 3.2ms
[2023-01-28T23:31:42.900+0100][gc,phases   ] GC(53)   Post Evacuate Collection Set: 2.7ms
[2023-01-28T23:31:42.900+0100][gc,phases   ] GC(53)   Other: 0.4ms
[2023-01-28T23:31:42.900+0100][gc,heap     ] GC(53) Eden regions: 89->0(460)
[2023-01-28T23:31:42.900+0100][gc,heap     ] GC(53) Survivor regions: 5->5(12)
[2023-01-28T23:31:42.900+0100][gc,heap     ] GC(53) Old regions: 22->22
[2023-01-28T23:31:42.900+0100][gc,heap     ] GC(53) Archive regions: 0->0
[2023-01-28T23:31:42.900+0100][gc,heap     ] GC(53) Humongous regions: 129->129
[2023-01-28T23:31:42.900+0100][gc,metaspace] GC(53) Metaspace: 48469K(49024K)->48469K(49024K) NonClass: 43146K(43456K)->43146K(43456K) Class: 5322K(5568K)->5322K(5568K)
[2023-01-28T23:31:42.900+0100][gc          ] GC(53) Pause Young (Normal) (G1 Evacuation Pause) 244M->155M(1024M) 6.852ms
[2023-01-28T23:31:42.900+0100][gc,cpu      ] GC(53) User=0.01s Sys=0.01s Real=0.01s
[2023-01-28T23:32:33.501+0100][gc,start    ] GC(54) Pause Young (Normal) (G1 Evacuation Pause)
[2023-01-28T23:32:33.502+0100][gc,task     ] GC(54) Using 8 workers of 8 for evacuation
[2023-01-28T23:32:33.510+0100][gc,phases   ] GC(54)   Pre Evacuate Collection Set: 0.3ms
[2023-01-28T23:32:33.510+0100][gc,phases   ] GC(54)   Merge Heap Roots: 0.2ms
[2023-01-28T23:32:33.510+0100][gc,phases   ] GC(54)   Evacuate Collection Set: 6.2ms
[2023-01-28T23:32:33.510+0100][gc,phases   ] GC(54)   Post Evacuate Collection Set: 1.1ms
[2023-01-28T23:32:33.510+0100][gc,phases   ] GC(54)   Other: 0.8ms
[2023-01-28T23:32:33.510+0100][gc,heap     ] GC(54) Eden regions: 460->0(609)
[2023-01-28T23:32:33.510+0100][gc,heap     ] GC(54) Survivor regions: 5->5(59)
[2023-01-28T23:32:33.510+0100][gc,heap     ] GC(54) Old regions: 22->23
[2023-01-28T23:32:33.510+0100][gc,heap     ] GC(54) Archive regions: 0->0
[2023-01-28T23:32:33.510+0100][gc,heap     ] GC(54) Humongous regions: 129->129
[2023-01-28T23:32:33.510+0100][gc,metaspace] GC(54) Metaspace: 48484K(49024K)->48484K(49024K) NonClass: 43161K(43456K)->43161K(43456K) Class: 5322K(5568K)->5322K(5568K)
[2023-01-28T23:32:33.510+0100][gc          ] GC(54) Pause Young (Normal) (G1 Evacuation Pause) 615M->155M(1024M) 8.573ms
[2023-01-28T23:32:33.510+0100][gc,cpu      ] GC(54) User=0.02s Sys=0.01s Real=0.01s
[2023-01-28T23:32:41.454+0100][gc,start    ] GC(55) Pause Young (Normal) (G1 Evacuation Pause)
[2023-01-28T23:32:41.455+0100][gc,task     ] GC(55) Using 8 workers of 8 for evacuation
[2023-01-28T23:32:41.472+0100][gc,phases   ] GC(55)   Pre Evacuate Collection Set: 0.5ms
[2023-01-28T23:32:41.472+0100][gc,phases   ] GC(55)   Merge Heap Roots: 1.2ms
[2023-01-28T23:32:41.472+0100][gc,phases   ] GC(55)   Evacuate Collection Set: 14.9ms
[2023-01-28T23:32:41.473+0100][gc,phases   ] GC(55)   Post Evacuate Collection Set: 0.9ms
[2023-01-28T23:32:41.473+0100][gc,phases   ] GC(55)   Other: 0.6ms
[2023-01-28T23:32:41.473+0100][gc,heap     ] GC(55) Eden regions: 609->0(609)
[2023-01-28T23:32:41.473+0100][gc,heap     ] GC(55) Survivor regions: 5->5(77)
[2023-01-28T23:32:41.473+0100][gc,heap     ] GC(55) Old regions: 23->23
[2023-01-28T23:32:41.473+0100][gc,heap     ] GC(55) Archive regions: 0->0
[2023-01-28T23:32:41.473+0100][gc,heap     ] GC(55) Humongous regions: 129->129
[2023-01-28T23:32:41.473+0100][gc,metaspace] GC(55) Metaspace: 48489K(49024K)->48489K(49024K) NonClass: 43166K(43456K)->43166K(43456K) Class: 5322K(5568K)->5322K(5568K)
[2023-01-28T23:32:41.473+0100][gc          ] GC(55) Pause Young (Normal) (G1 Evacuation Pause) 764M->156M(1024M) 18.205ms
[2023-01-28T23:32:41.473+0100][gc,cpu      ] GC(55) User=0.02s Sys=0.03s Real=0.02s
[2023-01-28T23:32:49.515+0100][gc,start    ] GC(56) Pause Young (Normal) (G1 Evacuation Pause)
[2023-01-28T23:32:49.515+0100][gc,task     ] GC(56) Using 8 workers of 8 for evacuation
[2023-01-28T23:32:49.527+0100][gc,phases   ] GC(56)   Pre Evacuate Collection Set: 0.4ms
[2023-01-28T23:32:49.527+0100][gc,phases   ] GC(56)   Merge Heap Roots: 0.2ms
[2023-01-28T23:32:49.527+0100][gc,phases   ] GC(56)   Evacuate Collection Set: 9.9ms
[2023-01-28T23:32:49.527+0100][gc,phases   ] GC(56)   Post Evacuate Collection Set: 1.3ms
[2023-01-28T23:32:49.527+0100][gc,phases   ] GC(56)   Other: 0.5ms
[2023-01-28T23:32:49.527+0100][gc,heap     ] GC(56) Eden regions: 609->0(609)
[2023-01-28T23:32:49.527+0100][gc,heap     ] GC(56) Survivor regions: 5->5(77)
[2023-01-28T23:32:49.527+0100][gc,heap     ] GC(56) Old regions: 23->23
[2023-01-28T23:32:49.527+0100][gc,heap     ] GC(56) Archive regions: 0->0
[2023-01-28T23:32:49.527+0100][gc,heap     ] GC(56) Humongous regions: 129->129
[2023-01-28T23:32:49.527+0100][gc,metaspace] GC(56) Metaspace: 48489K(49024K)->48489K(49024K) NonClass: 43166K(43456K)->43166K(43456K) Class: 5322K(5568K)->5322K(5568K)
[2023-01-28T23:32:49.528+0100][gc          ] GC(56) Pause Young (Normal) (G1 Evacuation Pause) 765M->156M(1024M) 12.360ms
[2023-01-28T23:32:49.528+0100][gc,cpu      ] GC(56) User=0.02s Sys=0.04s Real=0.01s
[2023-01-28T23:32:57.458+0100][gc,start    ] GC(57) Pause Young (Normal) (G1 Evacuation Pause)
[2023-01-28T23:32:57.459+0100][gc,task     ] GC(57) Using 8 workers of 8 for evacuation
[2023-01-28T23:32:57.470+0100][gc,phases   ] GC(57)   Pre Evacuate Collection Set: 0.3ms
[2023-01-28T23:32:57.470+0100][gc,phases   ] GC(57)   Merge Heap Roots: 0.3ms
[2023-01-28T23:32:57.471+0100][gc,phases   ] GC(57)   Evacuate Collection Set: 9.9ms
[2023-01-28T23:32:57.471+0100][gc,phases   ] GC(57)   Post Evacuate Collection Set: 1.2ms
[2023-01-28T23:32:57.471+0100][gc,phases   ] GC(57)   Other: 0.3ms
[2023-01-28T23:32:57.471+0100][gc,heap     ] GC(57) Eden regions: 609->0(609)
[2023-01-28T23:32:57.471+0100][gc,heap     ] GC(57) Survivor regions: 5->5(77)
[2023-01-28T23:32:57.471+0100][gc,heap     ] GC(57) Old regions: 23->24
[2023-01-28T23:32:57.471+0100][gc,heap     ] GC(57) Archive regions: 0->0
[2023-01-28T23:32:57.471+0100][gc,heap     ] GC(57) Humongous regions: 129->129
[2023-01-28T23:32:57.471+0100][gc,metaspace] GC(57) Metaspace: 48489K(49024K)->48489K(49024K) NonClass: 43166K(43456K)->43166K(43456K) Class: 5322K(5568K)->5322K(5568K)
[2023-01-28T23:32:57.471+0100][gc          ] GC(57) Pause Young (Normal) (G1 Evacuation Pause) 765M->157M(1024M) 12.075ms
[2023-01-28T23:32:57.471+0100][gc,cpu      ] GC(57) User=0.01s Sys=0.03s Real=0.02s
[2023-01-28T23:33:05.189+0100][gc,start    ] GC(58) Pause Young (Normal) (G1 Evacuation Pause)
[2023-01-28T23:33:05.189+0100][gc,task     ] GC(58) Using 8 workers of 8 for evacuation
[2023-01-28T23:33:05.201+0100][gc,phases   ] GC(58)   Pre Evacuate Collection Set: 0.4ms
[2023-01-28T23:33:05.201+0100][gc,phases   ] GC(58)   Merge Heap Roots: 0.4ms
[2023-01-28T23:33:05.201+0100][gc,phases   ] GC(58)   Evacuate Collection Set: 9.4ms
[2023-01-28T23:33:05.201+0100][gc,phases   ] GC(58)   Post Evacuate Collection Set: 1.2ms
[2023-01-28T23:33:05.201+0100][gc,phases   ] GC(58)   Other: 0.6ms
[2023-01-28T23:33:05.201+0100][gc,heap     ] GC(58) Eden regions: 609->0(608)
[2023-01-28T23:33:05.201+0100][gc,heap     ] GC(58) Survivor regions: 5->6(77)
[2023-01-28T23:33:05.201+0100][gc,heap     ] GC(58) Old regions: 24->24
[2023-01-28T23:33:05.201+0100][gc,heap     ] GC(58) Archive regions: 0->0
[2023-01-28T23:33:05.201+0100][gc,heap     ] GC(58) Humongous regions: 129->129
[2023-01-28T23:33:05.201+0100][gc,metaspace] GC(58) Metaspace: 48489K(49024K)->48489K(49024K) NonClass: 43166K(43456K)->43166K(43456K) Class: 5322K(5568K)->5322K(5568K)
[2023-01-28T23:33:05.201+0100][gc          ] GC(58) Pause Young (Normal) (G1 Evacuation Pause) 766M->157M(1024M) 12.046ms
[2023-01-28T23:33:05.201+0100][gc,cpu      ] GC(58) User=0.02s Sys=0.03s Real=0.02s
[2023-01-28T23:33:13.259+0100][gc,start    ] GC(59) Pause Young (Normal) (G1 Evacuation Pause)
[2023-01-28T23:33:13.260+0100][gc,task     ] GC(59) Using 8 workers of 8 for evacuation
[2023-01-28T23:33:13.279+0100][gc,phases   ] GC(59)   Pre Evacuate Collection Set: 0.7ms
[2023-01-28T23:33:13.279+0100][gc,phases   ] GC(59)   Merge Heap Roots: 0.5ms
[2023-01-28T23:33:13.279+0100][gc,phases   ] GC(59)   Evacuate Collection Set: 12.7ms
[2023-01-28T23:33:13.279+0100][gc,phases   ] GC(59)   Post Evacuate Collection Set: 4.8ms
[2023-01-28T23:33:13.279+0100][gc,phases   ] GC(59)   Other: 1.0ms
[2023-01-28T23:33:13.279+0100][gc,heap     ] GC(59) Eden regions: 608->0(608)
[2023-01-28T23:33:13.279+0100][gc,heap     ] GC(59) Survivor regions: 6->6(77)
[2023-01-28T23:33:13.279+0100][gc,heap     ] GC(59) Old regions: 24->24
[2023-01-28T23:33:13.279+0100][gc,heap     ] GC(59) Archive regions: 0->0
[2023-01-28T23:33:13.279+0100][gc,heap     ] GC(59) Humongous regions: 129->129
[2023-01-28T23:33:13.279+0100][gc,metaspace] GC(59) Metaspace: 48489K(49024K)->48489K(49024K) NonClass: 43166K(43456K)->43166K(43456K) Class: 5322K(5568K)->5322K(5568K)
[2023-01-28T23:33:13.279+0100][gc          ] GC(59) Pause Young (Normal) (G1 Evacuation Pause) 765M->158M(1024M) 19.937ms
[2023-01-28T23:33:13.279+0100][gc,cpu      ] GC(59) User=0.02s Sys=0.03s Real=0.02s
[2023-01-28T23:33:22.899+0100][gc,start    ] GC(60) Pause Young (Normal) (G1 Evacuation Pause)
[2023-01-28T23:33:22.900+0100][gc,task     ] GC(60) Using 8 workers of 8 for evacuation
[2023-01-28T23:33:22.913+0100][gc,phases   ] GC(60)   Pre Evacuate Collection Set: 0.4ms
[2023-01-28T23:33:22.913+0100][gc,phases   ] GC(60)   Merge Heap Roots: 0.3ms
[2023-01-28T23:33:22.913+0100][gc,phases   ] GC(60)   Evacuate Collection Set: 10.9ms
[2023-01-28T23:33:22.913+0100][gc,phases   ] GC(60)   Post Evacuate Collection Set: 1.3ms
[2023-01-28T23:33:22.913+0100][gc,phases   ] GC(60)   Other: 0.7ms
[2023-01-28T23:33:22.913+0100][gc,heap     ] GC(60) Eden regions: 608->0(608)
[2023-01-28T23:33:22.913+0100][gc,heap     ] GC(60) Survivor regions: 6->6(77)
[2023-01-28T23:33:22.913+0100][gc,heap     ] GC(60) Old regions: 24->24
[2023-01-28T23:33:22.913+0100][gc,heap     ] GC(60) Archive regions: 0->0
[2023-01-28T23:33:22.913+0100][gc,heap     ] GC(60) Humongous regions: 129->129
[2023-01-28T23:33:22.913+0100][gc,metaspace] GC(60) Metaspace: 48489K(49024K)->48489K(49024K) NonClass: 43166K(43456K)->43166K(43456K) Class: 5322K(5568K)->5322K(5568K)
[2023-01-28T23:33:22.913+0100][gc          ] GC(60) Pause Young (Normal) (G1 Evacuation Pause) 766M->158M(1024M) 13.793ms
[2023-01-28T23:33:22.913+0100][gc,cpu      ] GC(60) User=0.02s Sys=0.02s Real=0.02s
[2023-01-28T23:33:30.835+0100][gc,start    ] GC(61) Pause Young (Normal) (G1 Evacuation Pause)
[2023-01-28T23:33:30.835+0100][gc,task     ] GC(61) Using 8 workers of 8 for evacuation
[2023-01-28T23:33:30.849+0100][gc,phases   ] GC(61)   Pre Evacuate Collection Set: 0.4ms
[2023-01-28T23:33:30.849+0100][gc,phases   ] GC(61)   Merge Heap Roots: 0.3ms
[2023-01-28T23:33:30.849+0100][gc,phases   ] GC(61)   Evacuate Collection Set: 11.4ms
[2023-01-28T23:33:30.849+0100][gc,phases   ] GC(61)   Post Evacuate Collection Set: 1.6ms
[2023-01-28T23:33:30.849+0100][gc,phases   ] GC(61)   Other: 0.6ms
[2023-01-28T23:33:30.849+0100][gc,heap     ] GC(61) Eden regions: 608->0(608)
[2023-01-28T23:33:30.849+0100][gc,heap     ] GC(61) Survivor regions: 6->6(77)
[2023-01-28T23:33:30.849+0100][gc,heap     ] GC(61) Old regions: 24->25
[2023-01-28T23:33:30.849+0100][gc,heap     ] GC(61) Archive regions: 0->0
[2023-01-28T23:33:30.849+0100][gc,heap     ] GC(61) Humongous regions: 129->129
[2023-01-28T23:33:30.849+0100][gc,metaspace] GC(61) Metaspace: 48489K(49024K)->48489K(49024K) NonClass: 43167K(43456K)->43167K(43456K) Class: 5322K(5568K)->5322K(5568K)
[2023-01-28T23:33:30.849+0100][gc          ] GC(61) Pause Young (Normal) (G1 Evacuation Pause) 766M->158M(1024M) 14.354ms
[2023-01-28T23:33:30.849+0100][gc,cpu      ] GC(61) User=0.02s Sys=0.03s Real=0.01s
[2023-01-28T23:33:38.419+0100][gc,start    ] GC(62) Pause Young (Normal) (G1 Evacuation Pause)
[2023-01-28T23:33:38.419+0100][gc,task     ] GC(62) Using 8 workers of 8 for evacuation
[2023-01-28T23:33:38.453+0100][gc,mmu      ] GC(62) MMU target violated: 21.0ms (20.0ms/21.0ms)
[2023-01-28T23:33:38.453+0100][gc,phases   ] GC(62)   Pre Evacuate Collection Set: 0.2ms
[2023-01-28T23:33:38.453+0100][gc,phases   ] GC(62)   Merge Heap Roots: 0.3ms
[2023-01-28T23:33:38.453+0100][gc,phases   ] GC(62)   Evacuate Collection Set: 31.3ms
[2023-01-28T23:33:38.453+0100][gc,phases   ] GC(62)   Post Evacuate Collection Set: 1.5ms
[2023-01-28T23:33:38.453+0100][gc,phases   ] GC(62)   Other: 1.0ms
[2023-01-28T23:33:38.453+0100][gc,heap     ] GC(62) Eden regions: 608->0(45)
[2023-01-28T23:33:38.453+0100][gc,heap     ] GC(62) Survivor regions: 6->6(77)
[2023-01-28T23:33:38.453+0100][gc,heap     ] GC(62) Old regions: 25->25
[2023-01-28T23:33:38.453+0100][gc,heap     ] GC(62) Archive regions: 0->0
[2023-01-28T23:33:38.453+0100][gc,heap     ] GC(62) Humongous regions: 129->129
[2023-01-28T23:33:38.453+0100][gc,metaspace] GC(62) Metaspace: 48489K(49024K)->48489K(49024K) NonClass: 43167K(43456K)->43167K(43456K) Class: 5322K(5568K)->5322K(5568K)
[2023-01-28T23:33:38.453+0100][gc          ] GC(62) Pause Young (Normal) (G1 Evacuation Pause) 766M->159M(1024M) 34.373ms
[2023-01-28T23:33:38.453+0100][gc,cpu      ] GC(62) User=0.02s Sys=0.05s Real=0.04s
[2023-01-28T23:33:38.863+0100][gc,start    ] GC(63) Pause Young (Normal) (G1 Evacuation Pause)
[2023-01-28T23:33:38.863+0100][gc,task     ] GC(63) Using 8 workers of 8 for evacuation
[2023-01-28T23:33:38.867+0100][gc,phases   ] GC(63)   Pre Evacuate Collection Set: 0.1ms
[2023-01-28T23:33:38.867+0100][gc,phases   ] GC(63)   Merge Heap Roots: 0.1ms
[2023-01-28T23:33:38.867+0100][gc,phases   ] GC(63)   Evacuate Collection Set: 3.5ms
[2023-01-28T23:33:38.867+0100][gc,phases   ] GC(63)   Post Evacuate Collection Set: 0.3ms
[2023-01-28T23:33:38.867+0100][gc,phases   ] GC(63)   Other: 0.1ms
[2023-01-28T23:33:38.867+0100][gc,heap     ] GC(63) Eden regions: 45->0(610)
[2023-01-28T23:33:38.867+0100][gc,heap     ] GC(63) Survivor regions: 6->4(7)
[2023-01-28T23:33:38.867+0100][gc,heap     ] GC(63) Old regions: 25->27
[2023-01-28T23:33:38.867+0100][gc,heap     ] GC(63) Archive regions: 0->0
[2023-01-28T23:33:38.867+0100][gc,heap     ] GC(63) Humongous regions: 129->129
[2023-01-28T23:33:38.867+0100][gc,metaspace] GC(63) Metaspace: 48489K(49024K)->48489K(49024K) NonClass: 43167K(43456K)->43167K(43456K) Class: 5322K(5568K)->5322K(5568K)
[2023-01-28T23:33:38.867+0100][gc          ] GC(63) Pause Young (Normal) (G1 Evacuation Pause) 204M->159M(1024M) 4.291ms
[2023-01-28T23:33:38.867+0100][gc,cpu      ] GC(63) User=0.02s Sys=0.00s Real=0.00s
[2023-01-28T23:33:47.521+0100][gc,start    ] GC(64) Pause Young (Normal) (G1 Evacuation Pause)
[2023-01-28T23:33:47.522+0100][gc,task     ] GC(64) Using 8 workers of 8 for evacuation
[2023-01-28T23:33:47.571+0100][gc,mmu      ] GC(64) MMU target violated: 21.0ms (20.0ms/21.0ms)
[2023-01-28T23:33:47.571+0100][gc,phases   ] GC(64)   Pre Evacuate Collection Set: 0.5ms
[2023-01-28T23:33:47.571+0100][gc,phases   ] GC(64)   Merge Heap Roots: 0.3ms
[2023-01-28T23:33:47.571+0100][gc,phases   ] GC(64)   Evacuate Collection Set: 43.4ms
[2023-01-28T23:33:47.571+0100][gc,phases   ] GC(64)   Post Evacuate Collection Set: 4.7ms
[2023-01-28T23:33:47.571+0100][gc,phases   ] GC(64)   Other: 0.7ms
[2023-01-28T23:33:47.571+0100][gc,heap     ] GC(64) Eden regions: 610->0(47)
[2023-01-28T23:33:47.571+0100][gc,heap     ] GC(64) Survivor regions: 4->4(77)
[2023-01-28T23:33:47.571+0100][gc,heap     ] GC(64) Old regions: 27->27
[2023-01-28T23:33:47.571+0100][gc,heap     ] GC(64) Archive regions: 0->0
[2023-01-28T23:33:47.571+0100][gc,heap     ] GC(64) Humongous regions: 129->129
[2023-01-28T23:33:47.571+0100][gc,metaspace] GC(64) Metaspace: 48489K(49024K)->48489K(49024K) NonClass: 43167K(43456K)->43167K(43456K) Class: 5322K(5568K)->5322K(5568K)
[2023-01-28T23:33:47.571+0100][gc          ] GC(64) Pause Young (Normal) (G1 Evacuation Pause) 769M->159M(1024M) 49.703ms
[2023-01-28T23:33:47.571+0100][gc,cpu      ] GC(64) User=0.02s Sys=0.06s Real=0.05s
[2023-01-28T23:33:48.746+0100][gc,start    ] GC(65) Pause Young (Normal) (G1 Evacuation Pause)
[2023-01-28T23:33:48.746+0100][gc,task     ] GC(65) Using 8 workers of 8 for evacuation
[2023-01-28T23:33:48.755+0100][gc,phases   ] GC(65)   Pre Evacuate Collection Set: 0.4ms
[2023-01-28T23:33:48.755+0100][gc,phases   ] GC(65)   Merge Heap Roots: 0.6ms
[2023-01-28T23:33:48.755+0100][gc,phases   ] GC(65)   Evacuate Collection Set: 6.1ms
[2023-01-28T23:33:48.755+0100][gc,phases   ] GC(65)   Post Evacuate Collection Set: 0.8ms
[2023-01-28T23:33:48.755+0100][gc,phases   ] GC(65)   Other: 0.4ms
[2023-01-28T23:33:48.755+0100][gc,heap     ] GC(65) Eden regions: 47->0(272)
[2023-01-28T23:33:48.755+0100][gc,heap     ] GC(65) Survivor regions: 4->4(7)
[2023-01-28T23:33:48.755+0100][gc,heap     ] GC(65) Old regions: 27->27
[2023-01-28T23:33:48.755+0100][gc,heap     ] GC(65) Archive regions: 0->0
[2023-01-28T23:33:48.755+0100][gc,heap     ] GC(65) Humongous regions: 129->129
[2023-01-28T23:33:48.755+0100][gc,metaspace] GC(65) Metaspace: 48489K(49024K)->48489K(49024K) NonClass: 43167K(43456K)->43167K(43456K) Class: 5322K(5568K)->5322K(5568K)
[2023-01-28T23:33:48.755+0100][gc          ] GC(65) Pause Young (Normal) (G1 Evacuation Pause) 206M->159M(1024M) 8.468ms
[2023-01-28T23:33:48.755+0100][gc,cpu      ] GC(65) User=0.02s Sys=0.01s Real=0.01s
[2023-01-28T23:33:53.101+0100][gc,start    ] GC(66) Pause Young (Normal) (G1 Evacuation Pause)
[2023-01-28T23:33:53.101+0100][gc,task     ] GC(66) Using 8 workers of 8 for evacuation
[2023-01-28T23:33:53.117+0100][gc,phases   ] GC(66)   Pre Evacuate Collection Set: 0.3ms
[2023-01-28T23:33:53.117+0100][gc,phases   ] GC(66)   Merge Heap Roots: 0.3ms
[2023-01-28T23:33:53.117+0100][gc,phases   ] GC(66)   Evacuate Collection Set: 11.9ms
[2023-01-28T23:33:53.117+0100][gc,phases   ] GC(66)   Post Evacuate Collection Set: 3.4ms
[2023-01-28T23:33:53.117+0100][gc,phases   ] GC(66)   Other: 0.5ms
[2023-01-28T23:33:53.117+0100][gc,heap     ] GC(66) Eden regions: 261->0(363)
[2023-01-28T23:33:53.117+0100][gc,heap     ] GC(66) Survivor regions: 4->4(34)
[2023-01-28T23:33:53.117+0100][gc,heap     ] GC(66) Old regions: 27->27
[2023-01-28T23:33:53.117+0100][gc,heap     ] GC(66) Archive regions: 0->0
[2023-01-28T23:33:53.117+0100][gc,heap     ] GC(66) Humongous regions: 129->129
[2023-01-28T23:33:53.117+0100][gc,metaspace] GC(66) Metaspace: 48489K(49024K)->48489K(49024K) NonClass: 43167K(43456K)->43167K(43456K) Class: 5322K(5568K)->5322K(5568K)
[2023-01-28T23:33:53.117+0100][gc          ] GC(66) Pause Young (Normal) (G1 Evacuation Pause) 420M->159M(1024M) 16.476ms
[2023-01-28T23:33:53.117+0100][gc,cpu      ] GC(66) User=0.02s Sys=0.03s Real=0.01s
[2023-01-28T23:33:58.009+0100][gc,start    ] GC(67) Pause Young (Normal) (G1 Evacuation Pause)
[2023-01-28T23:33:58.010+0100][gc,task     ] GC(67) Using 8 workers of 8 for evacuation
[2023-01-28T23:33:58.019+0100][gc,phases   ] GC(67)   Pre Evacuate Collection Set: 0.3ms
[2023-01-28T23:33:58.019+0100][gc,phases   ] GC(67)   Merge Heap Roots: 0.3ms
[2023-01-28T23:33:58.019+0100][gc,phases   ] GC(67)   Evacuate Collection Set: 8.1ms
[2023-01-28T23:33:58.019+0100][gc,phases   ] GC(67)   Post Evacuate Collection Set: 0.8ms
[2023-01-28T23:33:58.019+0100][gc,phases   ] GC(67)   Other: 0.4ms
[2023-01-28T23:33:58.019+0100][gc,heap     ] GC(67) Eden regions: 363->0(610)
[2023-01-28T23:33:58.019+0100][gc,heap     ] GC(67) Survivor regions: 4->4(46)
[2023-01-28T23:33:58.019+0100][gc,heap     ] GC(67) Old regions: 27->27
[2023-01-28T23:33:58.019+0100][gc,heap     ] GC(67) Archive regions: 0->0
[2023-01-28T23:33:58.019+0100][gc,heap     ] GC(67) Humongous regions: 129->129
[2023-01-28T23:33:58.019+0100][gc,metaspace] GC(67) Metaspace: 48489K(49024K)->48489K(49024K) NonClass: 43167K(43456K)->43167K(43456K) Class: 5322K(5568K)->5322K(5568K)
[2023-01-28T23:33:58.019+0100][gc          ] GC(67) Pause Young (Normal) (G1 Evacuation Pause) 522M->159M(1024M) 9.926ms
[2023-01-28T23:33:58.019+0100][gc,cpu      ] GC(67) User=0.01s Sys=0.02s Real=0.01s
[2023-01-28T23:34:05.134+0100][gc,start    ] GC(68) Pause Young (Normal) (G1 Evacuation Pause)
[2023-01-28T23:34:05.137+0100][gc,task     ] GC(68) Using 8 workers of 8 for evacuation
[2023-01-28T23:34:05.147+0100][gc,phases   ] GC(68)   Pre Evacuate Collection Set: 0.3ms
[2023-01-28T23:34:05.147+0100][gc,phases   ] GC(68)   Merge Heap Roots: 0.2ms
[2023-01-28T23:34:05.147+0100][gc,phases   ] GC(68)   Evacuate Collection Set: 9.0ms
[2023-01-28T23:34:05.147+0100][gc,phases   ] GC(68)   Post Evacuate Collection Set: 0.9ms
[2023-01-28T23:34:05.147+0100][gc,phases   ] GC(68)   Other: 2.8ms
[2023-01-28T23:34:05.147+0100][gc,heap     ] GC(68) Eden regions: 610->0(609)
[2023-01-28T23:34:05.147+0100][gc,heap     ] GC(68) Survivor regions: 4->5(77)
[2023-01-28T23:34:05.147+0100][gc,heap     ] GC(68) Old regions: 27->27
[2023-01-28T23:34:05.147+0100][gc,heap     ] GC(68) Archive regions: 0->0
[2023-01-28T23:34:05.147+0100][gc,heap     ] GC(68) Humongous regions: 129->129
[2023-01-28T23:34:05.147+0100][gc,metaspace] GC(68) Metaspace: 48489K(49024K)->48489K(49024K) NonClass: 43167K(43456K)->43167K(43456K) Class: 5322K(5568K)->5322K(5568K)
[2023-01-28T23:34:05.147+0100][gc          ] GC(68) Pause Young (Normal) (G1 Evacuation Pause) 769M->160M(1024M) 13.201ms
[2023-01-28T23:34:05.147+0100][gc,cpu      ] GC(68) User=0.01s Sys=0.03s Real=0.01s
[2023-01-28T23:34:12.850+0100][gc,start    ] GC(69) Pause Young (Normal) (G1 Evacuation Pause)
[2023-01-28T23:34:12.850+0100][gc,task     ] GC(69) Using 8 workers of 8 for evacuation
[2023-01-28T23:34:12.875+0100][gc,mmu      ] GC(69) MMU target violated: 21.0ms (20.0ms/21.0ms)
[2023-01-28T23:34:12.875+0100][gc,phases   ] GC(69)   Pre Evacuate Collection Set: 0.7ms
[2023-01-28T23:34:12.875+0100][gc,phases   ] GC(69)   Merge Heap Roots: 1.0ms
[2023-01-28T23:34:12.875+0100][gc,phases   ] GC(69)   Evacuate Collection Set: 21.0ms
[2023-01-28T23:34:12.875+0100][gc,phases   ] GC(69)   Post Evacuate Collection Set: 1.7ms
[2023-01-28T23:34:12.875+0100][gc,phases   ] GC(69)   Other: 1.1ms
[2023-01-28T23:34:12.875+0100][gc,heap     ] GC(69) Eden regions: 609->0(284)
[2023-01-28T23:34:12.875+0100][gc,heap     ] GC(69) Survivor regions: 5->5(77)
[2023-01-28T23:34:12.875+0100][gc,heap     ] GC(69) Old regions: 27->27
[2023-01-28T23:34:12.875+0100][gc,heap     ] GC(69) Archive regions: 0->0
[2023-01-28T23:34:12.875+0100][gc,heap     ] GC(69) Humongous regions: 129->129
[2023-01-28T23:34:12.875+0100][gc,metaspace] GC(69) Metaspace: 48489K(49024K)->48489K(49024K) NonClass: 43167K(43456K)->43167K(43456K) Class: 5322K(5568K)->5322K(5568K)
[2023-01-28T23:34:12.875+0100][gc          ] GC(69) Pause Young (Normal) (G1 Evacuation Pause) 769M->160M(1024M) 25.418ms
[2023-01-28T23:34:12.875+0100][gc,cpu      ] GC(69) User=0.02s Sys=0.04s Real=0.02s
[2023-01-28T23:34:16.170+0100][gc,start    ] GC(70) Pause Young (Normal) (G1 Evacuation Pause)
[2023-01-28T23:34:16.170+0100][gc,task     ] GC(70) Using 8 workers of 8 for evacuation
[2023-01-28T23:34:16.179+0100][gc,phases   ] GC(70)   Pre Evacuate Collection Set: 0.4ms
[2023-01-28T23:34:16.179+0100][gc,phases   ] GC(70)   Merge Heap Roots: 0.3ms
[2023-01-28T23:34:16.179+0100][gc,phases   ] GC(70)   Evacuate Collection Set: 7.1ms
[2023-01-28T23:34:16.179+0100][gc,phases   ] GC(70)   Post Evacuate Collection Set: 1.1ms
[2023-01-28T23:34:16.179+0100][gc,phases   ] GC(70)   Other: 0.3ms
[2023-01-28T23:34:16.179+0100][gc,heap     ] GC(70) Eden regions: 284->0(609)
[2023-01-28T23:34:16.179+0100][gc,heap     ] GC(70) Survivor regions: 5->5(37)
[2023-01-28T23:34:16.179+0100][gc,heap     ] GC(70) Old regions: 27->27
[2023-01-28T23:34:16.179+0100][gc,heap     ] GC(70) Archive regions: 0->0
[2023-01-28T23:34:16.179+0100][gc,heap     ] GC(70) Humongous regions: 129->129
[2023-01-28T23:34:16.179+0100][gc,metaspace] GC(70) Metaspace: 48489K(49024K)->48489K(49024K) NonClass: 43167K(43456K)->43167K(43456K) Class: 5322K(5568K)->5322K(5568K)
[2023-01-28T23:34:16.179+0100][gc          ] GC(70) Pause Young (Normal) (G1 Evacuation Pause) 444M->160M(1024M) 9.199ms
[2023-01-28T23:34:16.179+0100][gc,cpu      ] GC(70) User=0.02s Sys=0.02s Real=0.00s
[2023-01-28T23:34:24.141+0100][gc,start    ] GC(71) Pause Young (Normal) (G1 Evacuation Pause)
[2023-01-28T23:34:24.142+0100][gc,task     ] GC(71) Using 8 workers of 8 for evacuation
[2023-01-28T23:34:24.153+0100][gc,phases   ] GC(71)   Pre Evacuate Collection Set: 0.3ms
[2023-01-28T23:34:24.153+0100][gc,phases   ] GC(71)   Merge Heap Roots: 0.3ms
[2023-01-28T23:34:24.153+0100][gc,phases   ] GC(71)   Evacuate Collection Set: 9.5ms
[2023-01-28T23:34:24.153+0100][gc,phases   ] GC(71)   Post Evacuate Collection Set: 1.2ms
[2023-01-28T23:34:24.153+0100][gc,phases   ] GC(71)   Other: 1.1ms
[2023-01-28T23:34:24.153+0100][gc,heap     ] GC(71) Eden regions: 609->0(609)
[2023-01-28T23:34:24.153+0100][gc,heap     ] GC(71) Survivor regions: 5->5(77)
[2023-01-28T23:34:24.153+0100][gc,heap     ] GC(71) Old regions: 27->28
[2023-01-28T23:34:24.153+0100][gc,heap     ] GC(71) Archive regions: 0->0
[2023-01-28T23:34:24.153+0100][gc,heap     ] GC(71) Humongous regions: 129->129
[2023-01-28T23:34:24.153+0100][gc,metaspace] GC(71) Metaspace: 48489K(49024K)->48489K(49024K) NonClass: 43167K(43456K)->43167K(43456K) Class: 5322K(5568K)->5322K(5568K)
[2023-01-28T23:34:24.153+0100][gc          ] GC(71) Pause Young (Normal) (G1 Evacuation Pause) 769M->161M(1024M) 12.456ms
[2023-01-28T23:34:24.153+0100][gc,cpu      ] GC(71) User=0.02s Sys=0.03s Real=0.01s
[2023-01-28T23:34:32.952+0100][gc,start    ] GC(72) Pause Young (Normal) (G1 Evacuation Pause)
[2023-01-28T23:34:32.952+0100][gc,task     ] GC(72) Using 8 workers of 8 for evacuation
[2023-01-28T23:34:32.973+0100][gc,mmu      ] GC(72) MMU target violated: 20.3ms (20.0ms/21.0ms)
[2023-01-28T23:34:32.973+0100][gc,phases   ] GC(72)   Pre Evacuate Collection Set: 0.2ms
[2023-01-28T23:34:32.973+0100][gc,phases   ] GC(72)   Merge Heap Roots: 0.3ms
[2023-01-28T23:34:32.973+0100][gc,phases   ] GC(72)   Evacuate Collection Set: 18.3ms
[2023-01-28T23:34:32.973+0100][gc,phases   ] GC(72)   Post Evacuate Collection Set: 1.5ms
[2023-01-28T23:34:32.973+0100][gc,phases   ] GC(72)   Other: 0.5ms
[2023-01-28T23:34:32.973+0100][gc,heap     ] GC(72) Eden regions: 609->0(609)
[2023-01-28T23:34:32.973+0100][gc,heap     ] GC(72) Survivor regions: 5->5(77)
[2023-01-28T23:34:32.973+0100][gc,heap     ] GC(72) Old regions: 28->28
[2023-01-28T23:34:32.973+0100][gc,heap     ] GC(72) Archive regions: 0->0
[2023-01-28T23:34:32.973+0100][gc,heap     ] GC(72) Humongous regions: 129->129
[2023-01-28T23:34:32.973+0100][gc,metaspace] GC(72) Metaspace: 48489K(49024K)->48489K(49024K) NonClass: 43167K(43456K)->43167K(43456K) Class: 5322K(5568K)->5322K(5568K)
[2023-01-28T23:34:32.973+0100][gc          ] GC(72) Pause Young (Normal) (G1 Evacuation Pause) 770M->161M(1024M) 20.886ms
[2023-01-28T23:34:32.973+0100][gc,cpu      ] GC(72) User=0.02s Sys=0.04s Real=0.02s
[2023-01-28T23:34:41.670+0100][gc,start    ] GC(73) Pause Young (Normal) (G1 Evacuation Pause)
[2023-01-28T23:34:41.670+0100][gc,task     ] GC(73) Using 8 workers of 8 for evacuation
[2023-01-28T23:34:41.683+0100][gc,phases   ] GC(73)   Pre Evacuate Collection Set: 0.3ms
[2023-01-28T23:34:41.683+0100][gc,phases   ] GC(73)   Merge Heap Roots: 0.3ms
[2023-01-28T23:34:41.683+0100][gc,phases   ] GC(73)   Evacuate Collection Set: 8.3ms
[2023-01-28T23:34:41.683+0100][gc,phases   ] GC(73)   Post Evacuate Collection Set: 4.1ms
[2023-01-28T23:34:41.683+0100][gc,phases   ] GC(73)   Other: 0.5ms
[2023-01-28T23:34:41.683+0100][gc,heap     ] GC(73) Eden regions: 609->0(609)
[2023-01-28T23:34:41.683+0100][gc,heap     ] GC(73) Survivor regions: 5->5(77)
[2023-01-28T23:34:41.683+0100][gc,heap     ] GC(73) Old regions: 28->29
[2023-01-28T23:34:41.683+0100][gc,heap     ] GC(73) Archive regions: 0->0
[2023-01-28T23:34:41.683+0100][gc,heap     ] GC(73) Humongous regions: 129->129
[2023-01-28T23:34:41.683+0100][gc,metaspace] GC(73) Metaspace: 48489K(49024K)->48489K(49024K) NonClass: 43167K(43456K)->43167K(43456K) Class: 5322K(5568K)->5322K(5568K)
[2023-01-28T23:34:41.683+0100][gc          ] GC(73) Pause Young (Normal) (G1 Evacuation Pause) 770M->162M(1024M) 13.544ms
[2023-01-28T23:34:41.683+0100][gc,cpu      ] GC(73) User=0.02s Sys=0.03s Real=0.01s
[2023-01-28T23:34:51.125+0100][gc,start    ] GC(74) Pause Young (Normal) (G1 Evacuation Pause)
[2023-01-28T23:34:51.126+0100][gc,task     ] GC(74) Using 8 workers of 8 for evacuation
[2023-01-28T23:34:51.155+0100][gc,mmu      ] GC(74) MMU target violated: 21.0ms (20.0ms/21.0ms)
[2023-01-28T23:34:51.155+0100][gc,phases   ] GC(74)   Pre Evacuate Collection Set: 0.3ms
[2023-01-28T23:34:51.155+0100][gc,phases   ] GC(74)   Merge Heap Roots: 0.3ms
[2023-01-28T23:34:51.155+0100][gc,phases   ] GC(74)   Evacuate Collection Set: 26.4ms
[2023-01-28T23:34:51.155+0100][gc,phases   ] GC(74)   Post Evacuate Collection Set: 2.3ms
[2023-01-28T23:34:51.155+0100][gc,phases   ] GC(74)   Other: 0.5ms
[2023-01-28T23:34:51.155+0100][gc,heap     ] GC(74) Eden regions: 609->0(194)
[2023-01-28T23:34:51.155+0100][gc,heap     ] GC(74) Survivor regions: 5->5(77)
[2023-01-28T23:34:51.155+0100][gc,heap     ] GC(74) Old regions: 29->29
[2023-01-28T23:34:51.155+0100][gc,heap     ] GC(74) Archive regions: 0->0
[2023-01-28T23:34:51.155+0100][gc,heap     ] GC(74) Humongous regions: 129->129
[2023-01-28T23:34:51.155+0100][gc,metaspace] GC(74) Metaspace: 48489K(49024K)->48489K(49024K) NonClass: 43167K(43456K)->43167K(43456K) Class: 5322K(5568K)->5322K(5568K)
[2023-01-28T23:34:51.155+0100][gc          ] GC(74) Pause Young (Normal) (G1 Evacuation Pause) 771M->162M(1024M) 29.818ms
[2023-01-28T23:34:51.155+0100][gc,cpu      ] GC(74) User=0.02s Sys=0.05s Real=0.03s
[2023-01-28T23:34:53.030+0100][gc,start    ] GC(75) Pause Young (Normal) (G1 Evacuation Pause)
[2023-01-28T23:34:53.030+0100][gc,task     ] GC(75) Using 8 workers of 8 for evacuation
[2023-01-28T23:34:53.051+0100][gc,mmu      ] GC(75) MMU target violated: 20.1ms (20.0ms/21.0ms)
[2023-01-28T23:34:53.051+0100][gc,phases   ] GC(75)   Pre Evacuate Collection Set: 1.7ms
[2023-01-28T23:34:53.051+0100][gc,phases   ] GC(75)   Merge Heap Roots: 0.8ms
[2023-01-28T23:34:53.051+0100][gc,phases   ] GC(75)   Evacuate Collection Set: 16.9ms
[2023-01-28T23:34:53.051+0100][gc,phases   ] GC(75)   Post Evacuate Collection Set: 1.0ms
[2023-01-28T23:34:53.051+0100][gc,phases   ] GC(75)   Other: 0.9ms
[2023-01-28T23:34:53.051+0100][gc,heap     ] GC(75) Eden regions: 169->0(598)
[2023-01-28T23:34:53.051+0100][gc,heap     ] GC(75) Survivor regions: 5->5(22)
[2023-01-28T23:34:53.051+0100][gc,heap     ] GC(75) Old regions: 29->30
[2023-01-28T23:34:53.051+0100][gc,heap     ] GC(75) Archive regions: 0->0
[2023-01-28T23:34:53.051+0100][gc,heap     ] GC(75) Humongous regions: 129->129
[2023-01-28T23:34:53.051+0100][gc,metaspace] GC(75) Metaspace: 48489K(49024K)->48489K(49024K) NonClass: 43167K(43456K)->43167K(43456K) Class: 5322K(5568K)->5322K(5568K)
[2023-01-28T23:34:53.051+0100][gc          ] GC(75) Pause Young (Normal) (G1 Evacuation Pause) 331M->162M(1024M) 21.192ms
[2023-01-28T23:34:53.051+0100][gc,cpu      ] GC(75) User=0.02s Sys=0.02s Real=0.02s
[2023-01-28T23:35:18.913+0100][gc,start    ] GC(76) Pause Young (Normal) (G1 Evacuation Pause)
[2023-01-28T23:35:18.914+0100][gc,task     ] GC(76) Using 8 workers of 8 for evacuation
[2023-01-28T23:35:18.928+0100][gc,phases   ] GC(76)   Pre Evacuate Collection Set: 0.5ms
[2023-01-28T23:35:18.928+0100][gc,phases   ] GC(76)   Merge Heap Roots: 0.4ms
[2023-01-28T23:35:18.928+0100][gc,phases   ] GC(76)   Evacuate Collection Set: 12.0ms
[2023-01-28T23:35:18.928+0100][gc,phases   ] GC(76)   Post Evacuate Collection Set: 1.5ms
[2023-01-28T23:35:18.928+0100][gc,phases   ] GC(76)   Other: 0.6ms
[2023-01-28T23:35:18.928+0100][gc,heap     ] GC(76) Eden regions: 543->0(609)
[2023-01-28T23:35:18.928+0100][gc,heap     ] GC(76) Survivor regions: 5->5(69)
[2023-01-28T23:35:18.928+0100][gc,heap     ] GC(76) Old regions: 30->30
[2023-01-28T23:35:18.928+0100][gc,heap     ] GC(76) Archive regions: 0->0
[2023-01-28T23:35:18.928+0100][gc,heap     ] GC(76) Humongous regions: 129->129
[2023-01-28T23:35:18.928+0100][gc,metaspace] GC(76) Metaspace: 48490K(49024K)->48490K(49024K) NonClass: 43168K(43456K)->43168K(43456K) Class: 5322K(5568K)->5322K(5568K)
[2023-01-28T23:35:18.928+0100][gc          ] GC(76) Pause Young (Normal) (G1 Evacuation Pause) 705M->162M(1024M) 15.074ms
[2023-01-28T23:35:18.928+0100][gc,cpu      ] GC(76) User=0.02s Sys=0.04s Real=0.01s
[2023-01-28T23:35:56.213+0100][gc,start    ] GC(77) Pause Young (Normal) (G1 Evacuation Pause)
[2023-01-28T23:35:56.213+0100][gc,task     ] GC(77) Using 8 workers of 8 for evacuation
[2023-01-28T23:35:56.244+0100][gc,mmu      ] GC(77) MMU target violated: 21.0ms (20.0ms/21.0ms)
[2023-01-28T23:35:56.244+0100][gc,phases   ] GC(77)   Pre Evacuate Collection Set: 0.2ms
[2023-01-28T23:35:56.244+0100][gc,phases   ] GC(77)   Merge Heap Roots: 0.3ms
[2023-01-28T23:35:56.244+0100][gc,phases   ] GC(77)   Evacuate Collection Set: 28.6ms
[2023-01-28T23:35:56.244+0100][gc,phases   ] GC(77)   Post Evacuate Collection Set: 1.8ms
[2023-01-28T23:35:56.244+0100][gc,phases   ] GC(77)   Other: 0.6ms
[2023-01-28T23:35:56.244+0100][gc,heap     ] GC(77) Eden regions: 609->0(46)
[2023-01-28T23:35:56.244+0100][gc,heap     ] GC(77) Survivor regions: 5->5(77)
[2023-01-28T23:35:56.244+0100][gc,heap     ] GC(77) Old regions: 30->30
[2023-01-28T23:35:56.244+0100][gc,heap     ] GC(77) Archive regions: 0->0
[2023-01-28T23:35:56.244+0100][gc,heap     ] GC(77) Humongous regions: 129->129
[2023-01-28T23:35:56.244+0100][gc,metaspace] GC(77) Metaspace: 48490K(49024K)->48490K(49024K) NonClass: 43168K(43456K)->43168K(43456K) Class: 5322K(5568K)->5322K(5568K)
[2023-01-28T23:35:56.244+0100][gc          ] GC(77) Pause Young (Normal) (G1 Evacuation Pause) 771M->163M(1024M) 31.547ms
[2023-01-28T23:35:56.244+0100][gc,cpu      ] GC(77) User=0.02s Sys=0.05s Real=0.03s
[2023-01-28T23:35:56.697+0100][gc,start    ] GC(78) Pause Young (Normal) (G1 Evacuation Pause)
[2023-01-28T23:35:56.697+0100][gc,task     ] GC(78) Using 8 workers of 8 for evacuation
[2023-01-28T23:35:56.702+0100][gc,phases   ] GC(78)   Pre Evacuate Collection Set: 0.1ms
[2023-01-28T23:35:56.702+0100][gc,phases   ] GC(78)   Merge Heap Roots: 0.1ms
[2023-01-28T23:35:56.702+0100][gc,phases   ] GC(78)   Evacuate Collection Set: 4.6ms
[2023-01-28T23:35:56.702+0100][gc,phases   ] GC(78)   Post Evacuate Collection Set: 0.3ms
[2023-01-28T23:35:56.702+0100][gc,phases   ] GC(78)   Other: 0.1ms
[2023-01-28T23:35:56.702+0100][gc,heap     ] GC(78) Eden regions: 46->0(610)
[2023-01-28T23:35:56.702+0100][gc,heap     ] GC(78) Survivor regions: 5->4(7)
[2023-01-28T23:35:56.702+0100][gc,heap     ] GC(78) Old regions: 30->31
[2023-01-28T23:35:56.702+0100][gc,heap     ] GC(78) Archive regions: 0->0
[2023-01-28T23:35:56.702+0100][gc,heap     ] GC(78) Humongous regions: 129->129
[2023-01-28T23:35:56.702+0100][gc,metaspace] GC(78) Metaspace: 48490K(49024K)->48490K(49024K) NonClass: 43168K(43456K)->43168K(43456K) Class: 5322K(5568K)->5322K(5568K)
[2023-01-28T23:35:56.702+0100][gc          ] GC(78) Pause Young (Normal) (G1 Evacuation Pause) 209M->163M(1024M) 5.231ms
[2023-01-28T23:35:56.702+0100][gc,cpu      ] GC(78) User=0.01s Sys=0.00s Real=0.01s
[2023-01-28T23:36:06.878+0100][gc,start    ] GC(79) Pause Young (Normal) (G1 Evacuation Pause)
[2023-01-28T23:36:06.879+0100][gc,task     ] GC(79) Using 8 workers of 8 for evacuation
[2023-01-28T23:36:06.947+0100][gc,mmu      ] GC(79) MMU target violated: 21.0ms (20.0ms/21.0ms)
[2023-01-28T23:36:06.947+0100][gc,phases   ] GC(79)   Pre Evacuate Collection Set: 3.7ms
[2023-01-28T23:36:06.947+0100][gc,phases   ] GC(79)   Merge Heap Roots: 1.3ms
[2023-01-28T23:36:06.947+0100][gc,phases   ] GC(79)   Evacuate Collection Set: 57.6ms
[2023-01-28T23:36:06.947+0100][gc,phases   ] GC(79)   Post Evacuate Collection Set: 2.4ms
[2023-01-28T23:36:06.947+0100][gc,phases   ] GC(79)   Other: 3.6ms
[2023-01-28T23:36:06.947+0100][gc,heap     ] GC(79) Eden regions: 610->0(46)
[2023-01-28T23:36:06.947+0100][gc,heap     ] GC(79) Survivor regions: 4->5(77)
[2023-01-28T23:36:06.947+0100][gc,heap     ] GC(79) Old regions: 31->31
[2023-01-28T23:36:06.947+0100][gc,heap     ] GC(79) Archive regions: 0->0
[2023-01-28T23:36:06.947+0100][gc,heap     ] GC(79) Humongous regions: 129->129
[2023-01-28T23:36:06.947+0100][gc,metaspace] GC(79) Metaspace: 48491K(49024K)->48491K(49024K) NonClass: 43168K(43456K)->43168K(43456K) Class: 5322K(5568K)->5322K(5568K)
[2023-01-28T23:36:06.947+0100][gc          ] GC(79) Pause Young (Normal) (G1 Evacuation Pause) 773M->163M(1024M) 68.386ms
[2023-01-28T23:36:06.947+0100][gc,cpu      ] GC(79) User=0.01s Sys=0.06s Real=0.07s
[2023-01-28T23:36:07.831+0100][gc,start    ] GC(80) Pause Young (Normal) (G1 Evacuation Pause)
[2023-01-28T23:36:07.831+0100][gc,task     ] GC(80) Using 8 workers of 8 for evacuation
[2023-01-28T23:36:07.838+0100][gc,phases   ] GC(80)   Pre Evacuate Collection Set: 0.3ms
[2023-01-28T23:36:07.838+0100][gc,phases   ] GC(80)   Merge Heap Roots: 0.5ms
[2023-01-28T23:36:07.838+0100][gc,phases   ] GC(80)   Evacuate Collection Set: 4.9ms
[2023-01-28T23:36:07.838+0100][gc,phases   ] GC(80)   Post Evacuate Collection Set: 0.7ms
[2023-01-28T23:36:07.838+0100][gc,phases   ] GC(80)   Other: 0.4ms
[2023-01-28T23:36:07.838+0100][gc,heap     ] GC(80) Eden regions: 46->0(47)
[2023-01-28T23:36:07.838+0100][gc,heap     ] GC(80) Survivor regions: 5->4(7)
[2023-01-28T23:36:07.838+0100][gc,heap     ] GC(80) Old regions: 31->32
[2023-01-28T23:36:07.838+0100][gc,heap     ] GC(80) Archive regions: 0->0
[2023-01-28T23:36:07.838+0100][gc,heap     ] GC(80) Humongous regions: 129->129
[2023-01-28T23:36:07.838+0100][gc,metaspace] GC(80) Metaspace: 48491K(49024K)->48491K(49024K) NonClass: 43168K(43456K)->43168K(43456K) Class: 5322K(5568K)->5322K(5568K)
[2023-01-28T23:36:07.838+0100][gc          ] GC(80) Pause Young (Normal) (G1 Evacuation Pause) 209M->164M(1024M) 6.799ms
[2023-01-28T23:36:07.838+0100][gc,cpu      ] GC(80) User=0.02s Sys=0.01s Real=0.00s
[2023-01-28T23:36:08.360+0100][gc,start    ] GC(81) Pause Young (Normal) (G1 Evacuation Pause)
[2023-01-28T23:36:08.360+0100][gc,task     ] GC(81) Using 8 workers of 8 for evacuation
[2023-01-28T23:36:08.366+0100][gc,phases   ] GC(81)   Pre Evacuate Collection Set: 0.1ms
[2023-01-28T23:36:08.366+0100][gc,phases   ] GC(81)   Merge Heap Roots: 0.2ms
[2023-01-28T23:36:08.366+0100][gc,phases   ] GC(81)   Evacuate Collection Set: 5.1ms
[2023-01-28T23:36:08.366+0100][gc,phases   ] GC(81)   Post Evacuate Collection Set: 0.6ms
[2023-01-28T23:36:08.366+0100][gc,phases   ] GC(81)   Other: 0.1ms
[2023-01-28T23:36:08.366+0100][gc,heap     ] GC(81) Eden regions: 47->0(51)
[2023-01-28T23:36:08.366+0100][gc,heap     ] GC(81) Survivor regions: 4->4(7)
[2023-01-28T23:36:08.366+0100][gc,heap     ] GC(81) Old regions: 32->32
[2023-01-28T23:36:08.366+0100][gc,heap     ] GC(81) Archive regions: 0->0
[2023-01-28T23:36:08.366+0100][gc,heap     ] GC(81) Humongous regions: 129->129
[2023-01-28T23:36:08.366+0100][gc,metaspace] GC(81) Metaspace: 48491K(49024K)->48491K(49024K) NonClass: 43168K(43456K)->43168K(43456K) Class: 5322K(5568K)->5322K(5568K)
[2023-01-28T23:36:08.366+0100][gc          ] GC(81) Pause Young (Normal) (G1 Evacuation Pause) 211M->163M(1024M) 6.176ms
[2023-01-28T23:36:08.366+0100][gc,cpu      ] GC(81) User=0.01s Sys=0.00s Real=0.00s
[2023-01-28T23:36:08.897+0100][gc,start    ] GC(82) Pause Young (Normal) (G1 Evacuation Pause)
[2023-01-28T23:36:08.897+0100][gc,task     ] GC(82) Using 8 workers of 8 for evacuation
[2023-01-28T23:36:08.902+0100][gc,phases   ] GC(82)   Pre Evacuate Collection Set: 0.2ms
[2023-01-28T23:36:08.902+0100][gc,phases   ] GC(82)   Merge Heap Roots: 0.2ms
[2023-01-28T23:36:08.902+0100][gc,phases   ] GC(82)   Evacuate Collection Set: 3.5ms
[2023-01-28T23:36:08.902+0100][gc,phases   ] GC(82)   Post Evacuate Collection Set: 0.4ms
[2023-01-28T23:36:08.902+0100][gc,phases   ] GC(82)   Other: 0.1ms
[2023-01-28T23:36:08.902+0100][gc,heap     ] GC(82) Eden regions: 51->0(610)
[2023-01-28T23:36:08.902+0100][gc,heap     ] GC(82) Survivor regions: 4->4(7)
[2023-01-28T23:36:08.902+0100][gc,heap     ] GC(82) Old regions: 32->32
[2023-01-28T23:36:08.902+0100][gc,heap     ] GC(82) Archive regions: 0->0
[2023-01-28T23:36:08.902+0100][gc,heap     ] GC(82) Humongous regions: 129->129
[2023-01-28T23:36:08.902+0100][gc,metaspace] GC(82) Metaspace: 48491K(49024K)->48491K(49024K) NonClass: 43168K(43456K)->43168K(43456K) Class: 5322K(5568K)->5322K(5568K)
[2023-01-28T23:36:08.902+0100][gc          ] GC(82) Pause Young (Normal) (G1 Evacuation Pause) 214M->164M(1024M) 4.474ms
[2023-01-28T23:36:08.902+0100][gc,cpu      ] GC(82) User=0.02s Sys=0.01s Real=0.01s
[2023-01-28T23:36:21.285+0100][gc,start    ] GC(83) Pause Young (Normal) (G1 Evacuation Pause)
[2023-01-28T23:36:21.286+0100][gc,task     ] GC(83) Using 8 workers of 8 for evacuation
[2023-01-28T23:36:21.314+0100][gc,mmu      ] GC(83) MMU target violated: 21.0ms (20.0ms/21.0ms)
[2023-01-28T23:36:21.314+0100][gc,phases   ] GC(83)   Pre Evacuate Collection Set: 0.3ms
[2023-01-28T23:36:21.314+0100][gc,phases   ] GC(83)   Merge Heap Roots: 0.5ms
[2023-01-28T23:36:21.314+0100][gc,phases   ] GC(83)   Evacuate Collection Set: 25.4ms
[2023-01-28T23:36:21.314+0100][gc,phases   ] GC(83)   Post Evacuate Collection Set: 1.2ms
[2023-01-28T23:36:21.314+0100][gc,phases   ] GC(83)   Other: 0.9ms
[2023-01-28T23:36:21.314+0100][gc,heap     ] GC(83) Eden regions: 610->0(46)
[2023-01-28T23:36:21.314+0100][gc,heap     ] GC(83) Survivor regions: 4->5(77)
[2023-01-28T23:36:21.314+0100][gc,heap     ] GC(83) Old regions: 32->32
[2023-01-28T23:36:21.314+0100][gc,heap     ] GC(83) Archive regions: 0->0
[2023-01-28T23:36:21.314+0100][gc,heap     ] GC(83) Humongous regions: 129->129
[2023-01-28T23:36:21.314+0100][gc,metaspace] GC(83) Metaspace: 48498K(49024K)->48498K(49024K) NonClass: 43174K(43456K)->43174K(43456K) Class: 5323K(5568K)->5323K(5568K)
[2023-01-28T23:36:21.314+0100][gc          ] GC(83) Pause Young (Normal) (G1 Evacuation Pause) 774M->164M(1024M) 28.334ms
[2023-01-28T23:36:21.314+0100][gc,cpu      ] GC(83) User=0.02s Sys=0.05s Real=0.03s
[2023-01-28T23:36:22.481+0100][gc,start    ] GC(84) Pause Young (Normal) (G1 Evacuation Pause)
[2023-01-28T23:36:22.481+0100][gc,task     ] GC(84) Using 8 workers of 8 for evacuation
[2023-01-28T23:36:22.492+0100][gc,phases   ] GC(84)   Pre Evacuate Collection Set: 0.7ms
[2023-01-28T23:36:22.492+0100][gc,phases   ] GC(84)   Merge Heap Roots: 1.7ms
[2023-01-28T23:36:22.492+0100][gc,phases   ] GC(84)   Evacuate Collection Set: 6.9ms
[2023-01-28T23:36:22.492+0100][gc,phases   ] GC(84)   Post Evacuate Collection Set: 0.5ms
[2023-01-28T23:36:22.492+0100][gc,phases   ] GC(84)   Other: 0.5ms
[2023-01-28T23:36:22.492+0100][gc,heap     ] GC(84) Eden regions: 46->0(610)
[2023-01-28T23:36:22.492+0100][gc,heap     ] GC(84) Survivor regions: 5->4(7)
[2023-01-28T23:36:22.492+0100][gc,heap     ] GC(84) Old regions: 32->32
[2023-01-28T23:36:22.492+0100][gc,heap     ] GC(84) Archive regions: 0->0
[2023-01-28T23:36:22.492+0100][gc,heap     ] GC(84) Humongous regions: 129->129
[2023-01-28T23:36:22.492+0100][gc,metaspace] GC(84) Metaspace: 48498K(49024K)->48498K(49024K) NonClass: 43174K(43456K)->43174K(43456K) Class: 5323K(5568K)->5323K(5568K)
[2023-01-28T23:36:22.492+0100][gc          ] GC(84) Pause Young (Normal) (G1 Evacuation Pause) 210M->164M(1024M) 10.436ms
[2023-01-28T23:36:22.492+0100][gc,cpu      ] GC(84) User=0.02s Sys=0.01s Real=0.01s
[2023-01-28T23:36:29.206+0100][gc,start    ] GC(85) Pause Young (Normal) (G1 Evacuation Pause)
[2023-01-28T23:36:29.209+0100][gc,task     ] GC(85) Using 8 workers of 8 for evacuation
[2023-01-28T23:36:29.238+0100][gc,mmu      ] GC(85) MMU target violated: 21.0ms (20.0ms/21.0ms)
[2023-01-28T23:36:29.238+0100][gc,phases   ] GC(85)   Pre Evacuate Collection Set: 1.3ms
[2023-01-28T23:36:29.238+0100][gc,phases   ] GC(85)   Merge Heap Roots: 0.8ms
[2023-01-28T23:36:29.238+0100][gc,phases   ] GC(85)   Evacuate Collection Set: 25.6ms
[2023-01-28T23:36:29.238+0100][gc,phases   ] GC(85)   Post Evacuate Collection Set: 0.8ms
[2023-01-28T23:36:29.238+0100][gc,phases   ] GC(85)   Other: 3.1ms
[2023-01-28T23:36:29.238+0100][gc,heap     ] GC(85) Eden regions: 471->0(46)
[2023-01-28T23:36:29.238+0100][gc,heap     ] GC(85) Survivor regions: 4->5(60)
[2023-01-28T23:36:29.238+0100][gc,heap     ] GC(85) Old regions: 32->32
[2023-01-28T23:36:29.238+0100][gc,heap     ] GC(85) Archive regions: 0->0
[2023-01-28T23:36:29.238+0100][gc,heap     ] GC(85) Humongous regions: 129->129
[2023-01-28T23:36:29.238+0100][gc,metaspace] GC(85) Metaspace: 48498K(49024K)->48498K(49024K) NonClass: 43174K(43456K)->43174K(43456K) Class: 5323K(5568K)->5323K(5568K)
[2023-01-28T23:36:29.238+0100][gc          ] GC(85) Pause Young (Normal) (G1 Evacuation Pause) 635M->164M(1024M) 31.680ms
[2023-01-28T23:36:29.238+0100][gc,cpu      ] GC(85) User=0.02s Sys=0.04s Real=0.03s
[2023-01-28T23:36:29.748+0100][gc,start    ] GC(86) Pause Young (Normal) (G1 Evacuation Pause)
[2023-01-28T23:36:29.748+0100][gc,task     ] GC(86) Using 8 workers of 8 for evacuation
[2023-01-28T23:36:29.752+0100][gc,phases   ] GC(86)   Pre Evacuate Collection Set: 0.3ms
[2023-01-28T23:36:29.752+0100][gc,phases   ] GC(86)   Merge Heap Roots: 0.1ms
[2023-01-28T23:36:29.752+0100][gc,phases   ] GC(86)   Evacuate Collection Set: 3.2ms
[2023-01-28T23:36:29.752+0100][gc,phases   ] GC(86)   Post Evacuate Collection Set: 0.2ms
[2023-01-28T23:36:29.752+0100][gc,phases   ] GC(86)   Other: 0.1ms
[2023-01-28T23:36:29.752+0100][gc,heap     ] GC(86) Eden regions: 46->0(610)
[2023-01-28T23:36:29.752+0100][gc,heap     ] GC(86) Survivor regions: 5->4(7)
[2023-01-28T23:36:29.752+0100][gc,heap     ] GC(86) Old regions: 32->33
[2023-01-28T23:36:29.752+0100][gc,heap     ] GC(86) Archive regions: 0->0
[2023-01-28T23:36:29.752+0100][gc,heap     ] GC(86) Humongous regions: 129->129
[2023-01-28T23:36:29.752+0100][gc,metaspace] GC(86) Metaspace: 48498K(49024K)->48498K(49024K) NonClass: 43174K(43456K)->43174K(43456K) Class: 5323K(5568K)->5323K(5568K)
[2023-01-28T23:36:29.752+0100][gc          ] GC(86) Pause Young (Normal) (G1 Evacuation Pause) 210M->164M(1024M) 3.960ms
[2023-01-28T23:36:29.752+0100][gc,cpu      ] GC(86) User=0.01s Sys=0.00s Real=0.01s
[2023-01-28T23:36:38.361+0100][gc,start    ] GC(87) Pause Young (Normal) (G1 Evacuation Pause)
[2023-01-28T23:36:38.363+0100][gc,task     ] GC(87) Using 8 workers of 8 for evacuation
[2023-01-28T23:36:38.374+0100][gc,phases   ] GC(87)   Pre Evacuate Collection Set: 0.2ms
[2023-01-28T23:36:38.374+0100][gc,phases   ] GC(87)   Merge Heap Roots: 0.3ms
[2023-01-28T23:36:38.374+0100][gc,phases   ] GC(87)   Evacuate Collection Set: 10.0ms
[2023-01-28T23:36:38.374+0100][gc,phases   ] GC(87)   Post Evacuate Collection Set: 0.9ms
[2023-01-28T23:36:38.374+0100][gc,phases   ] GC(87)   Other: 1.7ms
[2023-01-28T23:36:38.374+0100][gc,heap     ] GC(87) Eden regions: 610->0(610)
[2023-01-28T23:36:38.374+0100][gc,heap     ] GC(87) Survivor regions: 4->4(77)
[2023-01-28T23:36:38.374+0100][gc,heap     ] GC(87) Old regions: 33->33
[2023-01-28T23:36:38.374+0100][gc,heap     ] GC(87) Archive regions: 0->0
[2023-01-28T23:36:38.374+0100][gc,heap     ] GC(87) Humongous regions: 129->129
[2023-01-28T23:36:38.374+0100][gc,metaspace] GC(87) Metaspace: 48498K(49024K)->48498K(49024K) NonClass: 43174K(43456K)->43174K(43456K) Class: 5323K(5568K)->5323K(5568K)
[2023-01-28T23:36:38.374+0100][gc          ] GC(87) Pause Young (Normal) (G1 Evacuation Pause) 774M->165M(1024M) 13.233ms
[2023-01-28T23:36:38.374+0100][gc,cpu      ] GC(87) User=0.02s Sys=0.03s Real=0.01s
[2023-01-28T23:37:27.474+0100][gc,heap,exit] Heap
[2023-01-28T23:37:27.476+0100][gc,heap,exit]  garbage-first heap   total 1048576K, used 474894K [0x00000007c0000000, 0x0000000800000000)
[2023-01-28T23:37:27.476+0100][gc,heap,exit]   region size 1024K, 303 young (310272K), 4 survivors (4096K)
[2023-01-28T23:37:27.476+0100][gc,heap,exit]  Metaspace       used 49363K, committed 49856K, reserved 1097728K
[2023-01-28T23:37:27.476+0100][gc,heap,exit]   class space    used 5530K, committed 5760K, reserved 1048576K
