[2023-01-28T21:30:08.176+0100][gc] Using G1
[2023-01-28T21:30:08.178+0100][gc,init] Version: 17.0.6+10 (release)
[2023-01-28T21:30:08.178+0100][gc,init] CPUs: 8 total, 8 available
[2023-01-28T21:30:08.178+0100][gc,init] Memory: 8192M
[2023-01-28T21:30:08.178+0100][gc,init] Large Page Support: Disabled
[2023-01-28T21:30:08.178+0100][gc,init] NUMA Support: Disabled
[2023-01-28T21:30:08.178+0100][gc,init] Compressed Oops: Enabled (Zero based)
[2023-01-28T21:30:08.178+0100][gc,init] Heap Region Size: 1M
[2023-01-28T21:30:08.178+0100][gc,init] Heap Min Capacity: 1G
[2023-01-28T21:30:08.178+0100][gc,init] Heap Initial Capacity: 1G
[2023-01-28T21:30:08.178+0100][gc,init] Heap Max Capacity: 1G
[2023-01-28T21:30:08.178+0100][gc,init] Pre-touch: Disabled
[2023-01-28T21:30:08.178+0100][gc,init] Parallel Workers: 8
[2023-01-28T21:30:08.178+0100][gc,init] Concurrent Workers: 2
[2023-01-28T21:30:08.178+0100][gc,init] Concurrent Refinement Workers: 8
[2023-01-28T21:30:08.178+0100][gc,init] Periodic GC: Disabled
[2023-01-28T21:30:08.178+0100][gc,metaspace] CDS archive(s) not mapped
[2023-01-28T21:30:08.178+0100][gc,metaspace] Compressed class space mapped at: 0x0000000800000000-0x0000000840000000, reserved size: 1073741824
[2023-01-28T21:30:08.178+0100][gc,metaspace] Narrow klass base: 0x0000000800000000, Narrow klass shift: 0, Narrow klass range: 0x40000000
[2023-01-28T21:30:08.715+0100][gc,heap,exit] Heap
[2023-01-28T21:30:08.715+0100][gc,heap,exit]  garbage-first heap   total 1048576K, used 25600K [0x00000007c0000000, 0x0000000800000000)
[2023-01-28T21:30:08.715+0100][gc,heap,exit]   region size 1024K, 25 young (25600K), 0 survivors (0K)
[2023-01-28T21:30:08.715+0100][gc,heap,exit]  Metaspace       used 17425K, committed 17600K, reserved 1064960K
[2023-01-28T21:30:08.715+0100][gc,heap,exit]   class space    used 1888K, committed 1984K, reserved 1048576K
