[2023-01-28T23:39:27.724+0100][gc] Using G1
[2023-01-28T23:39:27.726+0100][gc,init] Version: 17.0.6+10 (release)
[2023-01-28T23:39:27.726+0100][gc,init] CPUs: 8 total, 8 available
[2023-01-28T23:39:27.726+0100][gc,init] Memory: 8192M
[2023-01-28T23:39:27.726+0100][gc,init] Large Page Support: Disabled
[2023-01-28T23:39:27.726+0100][gc,init] NUMA Support: Disabled
[2023-01-28T23:39:27.726+0100][gc,init] Compressed Oops: Enabled (Zero based)
[2023-01-28T23:39:27.726+0100][gc,init] Heap Region Size: 1M
[2023-01-28T23:39:27.726+0100][gc,init] Heap Min Capacity: 1G
[2023-01-28T23:39:27.726+0100][gc,init] Heap Initial Capacity: 1G
[2023-01-28T23:39:27.726+0100][gc,init] Heap Max Capacity: 1G
[2023-01-28T23:39:27.726+0100][gc,init] Pre-touch: Disabled
[2023-01-28T23:39:27.726+0100][gc,init] Parallel Workers: 8
[2023-01-28T23:39:27.726+0100][gc,init] Concurrent Workers: 2
[2023-01-28T23:39:27.726+0100][gc,init] Concurrent Refinement Workers: 8
[2023-01-28T23:39:27.726+0100][gc,init] Periodic GC: Disabled
[2023-01-28T23:39:27.726+0100][gc,metaspace] CDS archive(s) not mapped
[2023-01-28T23:39:27.726+0100][gc,metaspace] Compressed class space mapped at: 0x0000000800000000-0x0000000840000000, reserved size: 1073741824
[2023-01-28T23:39:27.726+0100][gc,metaspace] Narrow klass base: 0x0000000800000000, Narrow klass shift: 0, Narrow klass range: 0x40000000
[2023-01-28T23:39:28.110+0100][gc,start    ] GC(0) Pause Young (Concurrent Start) (Metadata GC Threshold)
[2023-01-28T23:39:28.110+0100][gc,task     ] GC(0) Using 8 workers of 8 for evacuation
[2023-01-28T23:39:28.113+0100][gc,phases   ] GC(0)   Pre Evacuate Collection Set: 0.1ms
[2023-01-28T23:39:28.113+0100][gc,phases   ] GC(0)   Merge Heap Roots: 0.0ms
[2023-01-28T23:39:28.113+0100][gc,phases   ] GC(0)   Evacuate Collection Set: 2.2ms
[2023-01-28T23:39:28.113+0100][gc,phases   ] GC(0)   Post Evacuate Collection Set: 0.2ms
[2023-01-28T23:39:28.113+0100][gc,phases   ] GC(0)   Other: 0.2ms
[2023-01-28T23:39:28.113+0100][gc,heap     ] GC(0) Eden regions: 35->0(44)
[2023-01-28T23:39:28.113+0100][gc,heap     ] GC(0) Survivor regions: 0->7(7)
[2023-01-28T23:39:28.113+0100][gc,heap     ] GC(0) Old regions: 0->1
[2023-01-28T23:39:28.113+0100][gc,heap     ] GC(0) Archive regions: 0->0
[2023-01-28T23:39:28.113+0100][gc,heap     ] GC(0) Humongous regions: 0->0
[2023-01-28T23:39:28.113+0100][gc,metaspace] GC(0) Metaspace: 21358K(21504K)->21358K(21504K) NonClass: 19002K(19072K)->19002K(19072K) Class: 2356K(2432K)->2356K(2432K)
[2023-01-28T23:39:28.113+0100][gc          ] GC(0) Pause Young (Concurrent Start) (Metadata GC Threshold) 34M->7M(1024M) 2.919ms
[2023-01-28T23:39:28.113+0100][gc,cpu      ] GC(0) User=0.01s Sys=0.01s Real=0.00s
[2023-01-28T23:39:28.113+0100][gc          ] GC(1) Concurrent Mark Cycle
[2023-01-28T23:39:28.113+0100][gc,marking  ] GC(1) Concurrent Clear Claimed Marks
[2023-01-28T23:39:28.113+0100][gc,marking  ] GC(1) Concurrent Clear Claimed Marks 0.008ms
[2023-01-28T23:39:28.113+0100][gc,marking  ] GC(1) Concurrent Scan Root Regions
[2023-01-28T23:39:28.114+0100][gc,marking  ] GC(1) Concurrent Scan Root Regions 1.010ms
[2023-01-28T23:39:28.114+0100][gc,marking  ] GC(1) Concurrent Mark
[2023-01-28T23:39:28.114+0100][gc,marking  ] GC(1) Concurrent Mark From Roots
[2023-01-28T23:39:28.114+0100][gc,task     ] GC(1) Using 2 workers of 2 for marking
[2023-01-28T23:39:28.114+0100][gc,marking  ] GC(1) Concurrent Mark From Roots 0.161ms
[2023-01-28T23:39:28.114+0100][gc,marking  ] GC(1) Concurrent Preclean
[2023-01-28T23:39:28.114+0100][gc,marking  ] GC(1) Concurrent Preclean 0.013ms
[2023-01-28T23:39:28.114+0100][gc,start    ] GC(1) Pause Remark
[2023-01-28T23:39:28.115+0100][gc          ] GC(1) Pause Remark 7M->7M(1024M) 0.620ms
[2023-01-28T23:39:28.115+0100][gc,cpu      ] GC(1) User=0.00s Sys=0.00s Real=0.00s
[2023-01-28T23:39:28.115+0100][gc,marking  ] GC(1) Concurrent Mark 0.913ms
[2023-01-28T23:39:28.115+0100][gc,marking  ] GC(1) Concurrent Rebuild Remembered Sets
[2023-01-28T23:39:28.115+0100][gc,marking  ] GC(1) Concurrent Rebuild Remembered Sets 0.104ms
[2023-01-28T23:39:28.115+0100][gc,start    ] GC(1) Pause Cleanup
[2023-01-28T23:39:28.115+0100][gc          ] GC(1) Pause Cleanup 7M->7M(1024M) 0.082ms
[2023-01-28T23:39:28.115+0100][gc,cpu      ] GC(1) User=0.00s Sys=0.00s Real=0.00s
[2023-01-28T23:39:28.115+0100][gc,marking  ] GC(1) Concurrent Cleanup for Next Mark
[2023-01-28T23:39:28.116+0100][gc,marking  ] GC(1) Concurrent Cleanup for Next Mark 1.187ms
[2023-01-28T23:39:28.116+0100][gc          ] GC(1) Concurrent Mark Cycle 3.508ms
[2023-01-28T23:39:28.500+0100][gc,start    ] GC(2) Pause Young (Normal) (G1 Evacuation Pause)
[2023-01-28T23:39:28.500+0100][gc,task     ] GC(2) Using 8 workers of 8 for evacuation
[2023-01-28T23:39:28.503+0100][gc,phases   ] GC(2)   Pre Evacuate Collection Set: 0.1ms
[2023-01-28T23:39:28.503+0100][gc,phases   ] GC(2)   Merge Heap Roots: 0.0ms
[2023-01-28T23:39:28.503+0100][gc,phases   ] GC(2)   Evacuate Collection Set: 3.1ms
[2023-01-28T23:39:28.503+0100][gc,phases   ] GC(2)   Post Evacuate Collection Set: 0.3ms
[2023-01-28T23:39:28.503+0100][gc,phases   ] GC(2)   Other: 0.1ms
[2023-01-28T23:39:28.503+0100][gc,heap     ] GC(2) Eden regions: 44->0(48)
[2023-01-28T23:39:28.503+0100][gc,heap     ] GC(2) Survivor regions: 7->3(7)
[2023-01-28T23:39:28.503+0100][gc,heap     ] GC(2) Old regions: 1->7
[2023-01-28T23:39:28.503+0100][gc,heap     ] GC(2) Archive regions: 0->0
[2023-01-28T23:39:28.503+0100][gc,heap     ] GC(2) Humongous regions: 129->129
[2023-01-28T23:39:28.503+0100][gc,metaspace] GC(2) Metaspace: 33672K(33920K)->33672K(33920K) NonClass: 30010K(30144K)->30010K(30144K) Class: 3661K(3776K)->3661K(3776K)
[2023-01-28T23:39:28.503+0100][gc          ] GC(2) Pause Young (Normal) (G1 Evacuation Pause) 180M->138M(1024M) 3.525ms
[2023-01-28T23:39:28.503+0100][gc,cpu      ] GC(2) User=0.02s Sys=0.00s Real=0.00s
[2023-01-28T23:39:28.576+0100][gc,start    ] GC(3) Pause Young (Concurrent Start) (Metadata GC Threshold)
[2023-01-28T23:39:28.576+0100][gc,task     ] GC(3) Using 8 workers of 8 for evacuation
[2023-01-28T23:39:28.578+0100][gc,phases   ] GC(3)   Pre Evacuate Collection Set: 0.1ms
[2023-01-28T23:39:28.578+0100][gc,phases   ] GC(3)   Merge Heap Roots: 0.0ms
[2023-01-28T23:39:28.578+0100][gc,phases   ] GC(3)   Evacuate Collection Set: 1.7ms
[2023-01-28T23:39:28.578+0100][gc,phases   ] GC(3)   Post Evacuate Collection Set: 0.2ms
[2023-01-28T23:39:28.578+0100][gc,phases   ] GC(3)   Other: 0.1ms
[2023-01-28T23:39:28.578+0100][gc,heap     ] GC(3) Eden regions: 13->0(46)
[2023-01-28T23:39:28.578+0100][gc,heap     ] GC(3) Survivor regions: 3->5(7)
[2023-01-28T23:39:28.578+0100][gc,heap     ] GC(3) Old regions: 7->7
[2023-01-28T23:39:28.578+0100][gc,heap     ] GC(3) Archive regions: 0->0
[2023-01-28T23:39:28.578+0100][gc,heap     ] GC(3) Humongous regions: 129->129
[2023-01-28T23:39:28.578+0100][gc,metaspace] GC(3) Metaspace: 35714K(35968K)->35714K(35968K) NonClass: 31797K(31936K)->31797K(31936K) Class: 3916K(4032K)->3916K(4032K)
[2023-01-28T23:39:28.578+0100][gc          ] GC(3) Pause Young (Concurrent Start) (Metadata GC Threshold) 151M->140M(1024M) 2.066ms
[2023-01-28T23:39:28.578+0100][gc,cpu      ] GC(3) User=0.01s Sys=0.00s Real=0.00s
[2023-01-28T23:39:28.578+0100][gc          ] GC(4) Concurrent Mark Cycle
[2023-01-28T23:39:28.578+0100][gc,marking  ] GC(4) Concurrent Clear Claimed Marks
[2023-01-28T23:39:28.578+0100][gc,marking  ] GC(4) Concurrent Clear Claimed Marks 0.009ms
[2023-01-28T23:39:28.579+0100][gc,marking  ] GC(4) Concurrent Scan Root Regions
[2023-01-28T23:39:28.579+0100][gc,marking  ] GC(4) Concurrent Scan Root Regions 0.876ms
[2023-01-28T23:39:28.579+0100][gc,marking  ] GC(4) Concurrent Mark
[2023-01-28T23:39:28.579+0100][gc,marking  ] GC(4) Concurrent Mark From Roots
[2023-01-28T23:39:28.579+0100][gc,task     ] GC(4) Using 2 workers of 2 for marking
[2023-01-28T23:39:28.582+0100][gc,marking  ] GC(4) Concurrent Mark From Roots 2.363ms
[2023-01-28T23:39:28.582+0100][gc,marking  ] GC(4) Concurrent Preclean
[2023-01-28T23:39:28.582+0100][gc,marking  ] GC(4) Concurrent Preclean 0.050ms
[2023-01-28T23:39:28.582+0100][gc,start    ] GC(4) Pause Remark
[2023-01-28T23:39:28.582+0100][gc          ] GC(4) Pause Remark 141M->141M(1024M) 0.561ms
[2023-01-28T23:39:28.582+0100][gc,cpu      ] GC(4) User=0.01s Sys=0.00s Real=0.00s
[2023-01-28T23:39:28.582+0100][gc,marking  ] GC(4) Concurrent Mark 3.064ms
[2023-01-28T23:39:28.582+0100][gc,marking  ] GC(4) Concurrent Rebuild Remembered Sets
[2023-01-28T23:39:28.582+0100][gc,marking  ] GC(4) Concurrent Rebuild Remembered Sets 0.004ms
[2023-01-28T23:39:28.583+0100][gc,start    ] GC(4) Pause Cleanup
[2023-01-28T23:39:28.583+0100][gc          ] GC(4) Pause Cleanup 141M->141M(1024M) 0.007ms
[2023-01-28T23:39:28.583+0100][gc,cpu      ] GC(4) User=0.00s Sys=0.00s Real=0.00s
[2023-01-28T23:39:28.583+0100][gc,marking  ] GC(4) Concurrent Cleanup for Next Mark
[2023-01-28T23:39:28.584+0100][gc,marking  ] GC(4) Concurrent Cleanup for Next Mark 1.106ms
[2023-01-28T23:39:28.584+0100][gc          ] GC(4) Concurrent Mark Cycle 5.172ms
[2023-01-28T23:40:21.863+0100][gc,start    ] GC(5) Pause Young (Normal) (G1 Evacuation Pause)
[2023-01-28T23:40:21.863+0100][gc,task     ] GC(5) Using 8 workers of 8 for evacuation
[2023-01-28T23:40:21.881+0100][gc,phases   ] GC(5)   Pre Evacuate Collection Set: 0.3ms
[2023-01-28T23:40:21.881+0100][gc,phases   ] GC(5)   Merge Heap Roots: 0.1ms
[2023-01-28T23:40:21.881+0100][gc,phases   ] GC(5)   Evacuate Collection Set: 17.5ms
[2023-01-28T23:40:21.881+0100][gc,phases   ] GC(5)   Post Evacuate Collection Set: 0.4ms
[2023-01-28T23:40:21.881+0100][gc,phases   ] GC(5)   Other: 0.2ms
[2023-01-28T23:40:21.881+0100][gc,heap     ] GC(5) Eden regions: 46->0(45)
[2023-01-28T23:40:21.881+0100][gc,heap     ] GC(5) Survivor regions: 5->6(7)
[2023-01-28T23:40:21.881+0100][gc,heap     ] GC(5) Old regions: 7->10
[2023-01-28T23:40:21.881+0100][gc,heap     ] GC(5) Archive regions: 0->0
[2023-01-28T23:40:21.881+0100][gc,heap     ] GC(5) Humongous regions: 129->129
[2023-01-28T23:40:21.881+0100][gc,metaspace] GC(5) Metaspace: 45915K(46464K)->45915K(46464K) NonClass: 40717K(41024K)->40717K(41024K) Class: 5198K(5440K)->5198K(5440K)
[2023-01-28T23:40:21.881+0100][gc          ] GC(5) Pause Young (Normal) (G1 Evacuation Pause) 186M->143M(1024M) 18.805ms
[2023-01-28T23:40:21.881+0100][gc,cpu      ] GC(5) User=0.02s Sys=0.05s Real=0.02s
[2023-01-28T23:40:28.321+0100][gc,start    ] GC(6) Pause Young (Normal) (G1 Evacuation Pause)
[2023-01-28T23:40:28.321+0100][gc,task     ] GC(6) Using 8 workers of 8 for evacuation
[2023-01-28T23:40:28.325+0100][gc,phases   ] GC(6)   Pre Evacuate Collection Set: 0.2ms
[2023-01-28T23:40:28.325+0100][gc,phases   ] GC(6)   Merge Heap Roots: 0.1ms
[2023-01-28T23:40:28.325+0100][gc,phases   ] GC(6)   Evacuate Collection Set: 3.3ms
[2023-01-28T23:40:28.325+0100][gc,phases   ] GC(6)   Post Evacuate Collection Set: 0.3ms
[2023-01-28T23:40:28.325+0100][gc,phases   ] GC(6)   Other: 0.2ms
[2023-01-28T23:40:28.325+0100][gc,heap     ] GC(6) Eden regions: 45->0(46)
[2023-01-28T23:40:28.325+0100][gc,heap     ] GC(6) Survivor regions: 6->5(7)
[2023-01-28T23:40:28.325+0100][gc,heap     ] GC(6) Old regions: 10->12
[2023-01-28T23:40:28.325+0100][gc,heap     ] GC(6) Archive regions: 0->0
[2023-01-28T23:40:28.325+0100][gc,heap     ] GC(6) Humongous regions: 129->129
[2023-01-28T23:40:28.325+0100][gc,metaspace] GC(6) Metaspace: 47327K(47872K)->47327K(47872K) NonClass: 42018K(42304K)->42018K(42304K) Class: 5308K(5568K)->5308K(5568K)
[2023-01-28T23:40:28.325+0100][gc          ] GC(6) Pause Young (Normal) (G1 Evacuation Pause) 188M->144M(1024M) 4.203ms
[2023-01-28T23:40:28.325+0100][gc,cpu      ] GC(6) User=0.01s Sys=0.01s Real=0.00s
[2023-01-28T23:40:28.753+0100][gc,start    ] GC(7) Pause Young (Normal) (G1 Evacuation Pause)
[2023-01-28T23:40:28.753+0100][gc,task     ] GC(7) Using 8 workers of 8 for evacuation
[2023-01-28T23:40:28.756+0100][gc,phases   ] GC(7)   Pre Evacuate Collection Set: 0.1ms
[2023-01-28T23:40:28.756+0100][gc,phases   ] GC(7)   Merge Heap Roots: 0.0ms
[2023-01-28T23:40:28.756+0100][gc,phases   ] GC(7)   Evacuate Collection Set: 2.2ms
[2023-01-28T23:40:28.756+0100][gc,phases   ] GC(7)   Post Evacuate Collection Set: 0.3ms
[2023-01-28T23:40:28.756+0100][gc,phases   ] GC(7)   Other: 0.1ms
[2023-01-28T23:40:28.756+0100][gc,heap     ] GC(7) Eden regions: 46->0(48)
[2023-01-28T23:40:28.756+0100][gc,heap     ] GC(7) Survivor regions: 5->3(7)
[2023-01-28T23:40:28.756+0100][gc,heap     ] GC(7) Old regions: 12->15
[2023-01-28T23:40:28.756+0100][gc,heap     ] GC(7) Archive regions: 0->0
[2023-01-28T23:40:28.756+0100][gc,heap     ] GC(7) Humongous regions: 129->129
[2023-01-28T23:40:28.756+0100][gc,metaspace] GC(7) Metaspace: 47881K(48448K)->47881K(48448K) NonClass: 42565K(42880K)->42565K(42880K) Class: 5316K(5568K)->5316K(5568K)
[2023-01-28T23:40:28.756+0100][gc          ] GC(7) Pause Young (Normal) (G1 Evacuation Pause) 190M->145M(1024M) 2.731ms
[2023-01-28T23:40:28.756+0100][gc,cpu      ] GC(7) User=0.02s Sys=0.01s Real=0.00s
[2023-01-28T23:40:29.216+0100][gc,start    ] GC(8) Pause Young (Normal) (G1 Evacuation Pause)
[2023-01-28T23:40:29.216+0100][gc,task     ] GC(8) Using 8 workers of 8 for evacuation
[2023-01-28T23:40:29.219+0100][gc,phases   ] GC(8)   Pre Evacuate Collection Set: 0.1ms
[2023-01-28T23:40:29.219+0100][gc,phases   ] GC(8)   Merge Heap Roots: 0.0ms
[2023-01-28T23:40:29.219+0100][gc,phases   ] GC(8)   Evacuate Collection Set: 2.1ms
[2023-01-28T23:40:29.219+0100][gc,phases   ] GC(8)   Post Evacuate Collection Set: 0.2ms
[2023-01-28T23:40:29.219+0100][gc,phases   ] GC(8)   Other: 0.1ms
[2023-01-28T23:40:29.219+0100][gc,heap     ] GC(8) Eden regions: 48->0(49)
[2023-01-28T23:40:29.219+0100][gc,heap     ] GC(8) Survivor regions: 3->4(7)
[2023-01-28T23:40:29.219+0100][gc,heap     ] GC(8) Old regions: 15->15
[2023-01-28T23:40:29.219+0100][gc,heap     ] GC(8) Archive regions: 0->0
[2023-01-28T23:40:29.219+0100][gc,heap     ] GC(8) Humongous regions: 129->129
[2023-01-28T23:40:29.219+0100][gc,metaspace] GC(8) Metaspace: 48076K(48640K)->48076K(48640K) NonClass: 42760K(43072K)->42760K(43072K) Class: 5316K(5568K)->5316K(5568K)
[2023-01-28T23:40:29.219+0100][gc          ] GC(8) Pause Young (Normal) (G1 Evacuation Pause) 193M->146M(1024M) 2.547ms
[2023-01-28T23:40:29.219+0100][gc,cpu      ] GC(8) User=0.00s Sys=0.00s Real=0.00s
[2023-01-28T23:40:29.524+0100][gc,start    ] GC(9) Pause Young (Normal) (G1 Evacuation Pause)
[2023-01-28T23:40:29.524+0100][gc,task     ] GC(9) Using 8 workers of 8 for evacuation
[2023-01-28T23:40:29.527+0100][gc,phases   ] GC(9)   Pre Evacuate Collection Set: 0.1ms
[2023-01-28T23:40:29.527+0100][gc,phases   ] GC(9)   Merge Heap Roots: 0.0ms
[2023-01-28T23:40:29.527+0100][gc,phases   ] GC(9)   Evacuate Collection Set: 2.0ms
[2023-01-28T23:40:29.527+0100][gc,phases   ] GC(9)   Post Evacuate Collection Set: 0.3ms
[2023-01-28T23:40:29.527+0100][gc,phases   ] GC(9)   Other: 0.1ms
[2023-01-28T23:40:29.527+0100][gc,heap     ] GC(9) Eden regions: 49->0(83)
[2023-01-28T23:40:29.527+0100][gc,heap     ] GC(9) Survivor regions: 4->5(7)
[2023-01-28T23:40:29.527+0100][gc,heap     ] GC(9) Old regions: 15->15
[2023-01-28T23:40:29.527+0100][gc,heap     ] GC(9) Archive regions: 0->0
[2023-01-28T23:40:29.527+0100][gc,heap     ] GC(9) Humongous regions: 129->129
[2023-01-28T23:40:29.527+0100][gc,metaspace] GC(9) Metaspace: 48089K(48640K)->48089K(48640K) NonClass: 42773K(43072K)->42773K(43072K) Class: 5316K(5568K)->5316K(5568K)
[2023-01-28T23:40:29.527+0100][gc          ] GC(9) Pause Young (Normal) (G1 Evacuation Pause) 195M->148M(1024M) 2.536ms
[2023-01-28T23:40:29.527+0100][gc,cpu      ] GC(9) User=0.01s Sys=0.00s Real=0.00s
[2023-01-28T23:40:30.148+0100][gc,start    ] GC(10) Pause Young (Normal) (G1 Evacuation Pause)
[2023-01-28T23:40:30.148+0100][gc,task     ] GC(10) Using 8 workers of 8 for evacuation
[2023-01-28T23:40:30.153+0100][gc,phases   ] GC(10)   Pre Evacuate Collection Set: 0.4ms
[2023-01-28T23:40:30.153+0100][gc,phases   ] GC(10)   Merge Heap Roots: 0.1ms
[2023-01-28T23:40:30.153+0100][gc,phases   ] GC(10)   Evacuate Collection Set: 4.4ms
[2023-01-28T23:40:30.153+0100][gc,phases   ] GC(10)   Post Evacuate Collection Set: 0.5ms
[2023-01-28T23:40:30.153+0100][gc,phases   ] GC(10)   Other: 0.2ms
[2023-01-28T23:40:30.153+0100][gc,heap     ] GC(10) Eden regions: 83->0(109)
[2023-01-28T23:40:30.153+0100][gc,heap     ] GC(10) Survivor regions: 5->6(11)
[2023-01-28T23:40:30.153+0100][gc,heap     ] GC(10) Old regions: 15->15
[2023-01-28T23:40:30.153+0100][gc,heap     ] GC(10) Archive regions: 0->0
[2023-01-28T23:40:30.153+0100][gc,heap     ] GC(10) Humongous regions: 129->129
[2023-01-28T23:40:30.153+0100][gc,metaspace] GC(10) Metaspace: 48111K(48640K)->48111K(48640K) NonClass: 42795K(43072K)->42795K(43072K) Class: 5316K(5568K)->5316K(5568K)
[2023-01-28T23:40:30.153+0100][gc          ] GC(10) Pause Young (Normal) (G1 Evacuation Pause) 231M->148M(1024M) 5.708ms
[2023-01-28T23:40:30.153+0100][gc,cpu      ] GC(10) User=0.02s Sys=0.01s Real=0.01s
[2023-01-28T23:40:31.041+0100][gc,start    ] GC(11) Pause Young (Normal) (G1 Evacuation Pause)
[2023-01-28T23:40:31.041+0100][gc,task     ] GC(11) Using 8 workers of 8 for evacuation
[2023-01-28T23:40:31.044+0100][gc,phases   ] GC(11)   Pre Evacuate Collection Set: 0.2ms
[2023-01-28T23:40:31.044+0100][gc,phases   ] GC(11)   Merge Heap Roots: 0.0ms
[2023-01-28T23:40:31.044+0100][gc,phases   ] GC(11)   Evacuate Collection Set: 3.2ms
[2023-01-28T23:40:31.044+0100][gc,phases   ] GC(11)   Post Evacuate Collection Set: 0.3ms
[2023-01-28T23:40:31.044+0100][gc,phases   ] GC(11)   Other: 0.1ms
[2023-01-28T23:40:31.044+0100][gc,heap     ] GC(11) Eden regions: 109->0(166)
[2023-01-28T23:40:31.044+0100][gc,heap     ] GC(11) Survivor regions: 6->7(15)
[2023-01-28T23:40:31.044+0100][gc,heap     ] GC(11) Old regions: 15->15
[2023-01-28T23:40:31.044+0100][gc,heap     ] GC(11) Archive regions: 0->0
[2023-01-28T23:40:31.044+0100][gc,heap     ] GC(11) Humongous regions: 129->129
[2023-01-28T23:40:31.044+0100][gc,metaspace] GC(11) Metaspace: 48120K(48640K)->48120K(48640K) NonClass: 42804K(43072K)->42804K(43072K) Class: 5316K(5568K)->5316K(5568K)
[2023-01-28T23:40:31.044+0100][gc          ] GC(11) Pause Young (Normal) (G1 Evacuation Pause) 257M->149M(1024M) 3.919ms
[2023-01-28T23:40:31.044+0100][gc,cpu      ] GC(11) User=0.01s Sys=0.00s Real=0.00s
[2023-01-28T23:40:32.655+0100][gc,start    ] GC(12) Pause Young (Normal) (G1 Evacuation Pause)
[2023-01-28T23:40:32.655+0100][gc,task     ] GC(12) Using 8 workers of 8 for evacuation
[2023-01-28T23:40:32.660+0100][gc,phases   ] GC(12)   Pre Evacuate Collection Set: 0.3ms
[2023-01-28T23:40:32.660+0100][gc,phases   ] GC(12)   Merge Heap Roots: 0.1ms
[2023-01-28T23:40:32.660+0100][gc,phases   ] GC(12)   Evacuate Collection Set: 3.7ms
[2023-01-28T23:40:32.660+0100][gc,phases   ] GC(12)   Post Evacuate Collection Set: 1.1ms
[2023-01-28T23:40:32.660+0100][gc,phases   ] GC(12)   Other: 0.2ms
[2023-01-28T23:40:32.660+0100][gc,heap     ] GC(12) Eden regions: 166->0(299)
[2023-01-28T23:40:32.660+0100][gc,heap     ] GC(12) Survivor regions: 7->8(22)
[2023-01-28T23:40:32.660+0100][gc,heap     ] GC(12) Old regions: 15->15
[2023-01-28T23:40:32.660+0100][gc,heap     ] GC(12) Archive regions: 0->0
[2023-01-28T23:40:32.660+0100][gc,heap     ] GC(12) Humongous regions: 129->129
[2023-01-28T23:40:32.660+0100][gc,metaspace] GC(12) Metaspace: 48123K(48640K)->48123K(48640K) NonClass: 42807K(43072K)->42807K(43072K) Class: 5316K(5568K)->5316K(5568K)
[2023-01-28T23:40:32.660+0100][gc          ] GC(12) Pause Young (Normal) (G1 Evacuation Pause) 315M->150M(1024M) 5.348ms
[2023-01-28T23:40:32.660+0100][gc,cpu      ] GC(12) User=0.01s Sys=0.01s Real=0.01s
[2023-01-28T23:40:35.615+0100][gc,start    ] GC(13) Pause Young (Normal) (G1 Evacuation Pause)
[2023-01-28T23:40:35.615+0100][gc,task     ] GC(13) Using 8 workers of 8 for evacuation
[2023-01-28T23:40:35.627+0100][gc,phases   ] GC(13)   Pre Evacuate Collection Set: 0.3ms
[2023-01-28T23:40:35.627+0100][gc,phases   ] GC(13)   Merge Heap Roots: 0.1ms
[2023-01-28T23:40:35.627+0100][gc,phases   ] GC(13)   Evacuate Collection Set: 11.0ms
[2023-01-28T23:40:35.627+0100][gc,phases   ] GC(13)   Post Evacuate Collection Set: 0.7ms
[2023-01-28T23:40:35.627+0100][gc,phases   ] GC(13)   Other: 0.5ms
[2023-01-28T23:40:35.627+0100][gc,heap     ] GC(13) Eden regions: 299->0(348)
[2023-01-28T23:40:35.627+0100][gc,heap     ] GC(13) Survivor regions: 8->9(39)
[2023-01-28T23:40:35.627+0100][gc,heap     ] GC(13) Old regions: 15->15
[2023-01-28T23:40:35.627+0100][gc,heap     ] GC(13) Archive regions: 0->0
[2023-01-28T23:40:35.627+0100][gc,heap     ] GC(13) Humongous regions: 129->129
[2023-01-28T23:40:35.627+0100][gc,metaspace] GC(13) Metaspace: 48127K(48640K)->48127K(48640K) NonClass: 42811K(43072K)->42811K(43072K) Class: 5316K(5568K)->5316K(5568K)
[2023-01-28T23:40:35.627+0100][gc          ] GC(13) Pause Young (Normal) (G1 Evacuation Pause) 449M->151M(1024M) 12.616ms
[2023-01-28T23:40:35.627+0100][gc,cpu      ] GC(13) User=0.02s Sys=0.02s Real=0.01s
[2023-01-28T23:40:38.588+0100][gc,start    ] GC(14) Pause Young (Normal) (G1 Evacuation Pause)
[2023-01-28T23:40:38.589+0100][gc,task     ] GC(14) Using 8 workers of 8 for evacuation
[2023-01-28T23:40:38.598+0100][gc,phases   ] GC(14)   Pre Evacuate Collection Set: 0.2ms
[2023-01-28T23:40:38.598+0100][gc,phases   ] GC(14)   Merge Heap Roots: 0.1ms
[2023-01-28T23:40:38.598+0100][gc,phases   ] GC(14)   Evacuate Collection Set: 8.3ms
[2023-01-28T23:40:38.598+0100][gc,phases   ] GC(14)   Post Evacuate Collection Set: 0.4ms
[2023-01-28T23:40:38.598+0100][gc,phases   ] GC(14)   Other: 0.8ms
[2023-01-28T23:40:38.598+0100][gc,heap     ] GC(14) Eden regions: 348->0(410)
[2023-01-28T23:40:38.598+0100][gc,heap     ] GC(14) Survivor regions: 9->10(45)
[2023-01-28T23:40:38.598+0100][gc,heap     ] GC(14) Old regions: 15->15
[2023-01-28T23:40:38.598+0100][gc,heap     ] GC(14) Archive regions: 0->0
[2023-01-28T23:40:38.598+0100][gc,heap     ] GC(14) Humongous regions: 129->129
[2023-01-28T23:40:38.598+0100][gc,metaspace] GC(14) Metaspace: 48127K(48640K)->48127K(48640K) NonClass: 42811K(43072K)->42811K(43072K) Class: 5316K(5568K)->5316K(5568K)
[2023-01-28T23:40:38.598+0100][gc          ] GC(14) Pause Young (Normal) (G1 Evacuation Pause) 499M->153M(1024M) 9.872ms
[2023-01-28T23:40:38.598+0100][gc,cpu      ] GC(14) User=0.02s Sys=0.03s Real=0.01s
[2023-01-28T23:40:41.974+0100][gc,start    ] GC(15) Pause Young (Normal) (G1 Evacuation Pause)
[2023-01-28T23:40:41.974+0100][gc,task     ] GC(15) Using 8 workers of 8 for evacuation
[2023-01-28T23:40:41.988+0100][gc,phases   ] GC(15)   Pre Evacuate Collection Set: 0.2ms
[2023-01-28T23:40:41.989+0100][gc,phases   ] GC(15)   Merge Heap Roots: 0.1ms
[2023-01-28T23:40:41.989+0100][gc,phases   ] GC(15)   Evacuate Collection Set: 13.8ms
[2023-01-28T23:40:41.989+0100][gc,phases   ] GC(15)   Post Evacuate Collection Set: 0.4ms
[2023-01-28T23:40:41.989+0100][gc,phases   ] GC(15)   Other: 0.2ms
[2023-01-28T23:40:41.989+0100][gc,heap     ] GC(15) Eden regions: 410->0(433)
[2023-01-28T23:40:41.989+0100][gc,heap     ] GC(15) Survivor regions: 10->11(53)
[2023-01-28T23:40:41.989+0100][gc,heap     ] GC(15) Old regions: 15->15
[2023-01-28T23:40:41.989+0100][gc,heap     ] GC(15) Archive regions: 0->0
[2023-01-28T23:40:41.989+0100][gc,heap     ] GC(15) Humongous regions: 129->129
[2023-01-28T23:40:41.989+0100][gc,metaspace] GC(15) Metaspace: 48137K(48640K)->48137K(48640K) NonClass: 42820K(43072K)->42820K(43072K) Class: 5316K(5568K)->5316K(5568K)
[2023-01-28T23:40:41.989+0100][gc          ] GC(15) Pause Young (Normal) (G1 Evacuation Pause) 563M->153M(1024M) 14.861ms
[2023-01-28T23:40:41.989+0100][gc,cpu      ] GC(15) User=0.03s Sys=0.02s Real=0.01s
[2023-01-28T23:40:46.081+0100][gc,start    ] GC(16) Pause Young (Normal) (G1 Evacuation Pause)
[2023-01-28T23:40:46.081+0100][gc,task     ] GC(16) Using 8 workers of 8 for evacuation
[2023-01-28T23:40:46.092+0100][gc,phases   ] GC(16)   Pre Evacuate Collection Set: 0.2ms
[2023-01-28T23:40:46.092+0100][gc,phases   ] GC(16)   Merge Heap Roots: 0.1ms
[2023-01-28T23:40:46.092+0100][gc,phases   ] GC(16)   Evacuate Collection Set: 9.6ms
[2023-01-28T23:40:46.092+0100][gc,phases   ] GC(16)   Post Evacuate Collection Set: 0.4ms
[2023-01-28T23:40:46.092+0100][gc,phases   ] GC(16)   Other: 0.4ms
[2023-01-28T23:40:46.092+0100][gc,heap     ] GC(16) Eden regions: 433->0(603)
[2023-01-28T23:40:46.092+0100][gc,heap     ] GC(16) Survivor regions: 11->11(56)
[2023-01-28T23:40:46.092+0100][gc,heap     ] GC(16) Old regions: 15->15
[2023-01-28T23:40:46.092+0100][gc,heap     ] GC(16) Archive regions: 0->0
[2023-01-28T23:40:46.092+0100][gc,heap     ] GC(16) Humongous regions: 129->129
[2023-01-28T23:40:46.092+0100][gc,metaspace] GC(16) Metaspace: 48137K(48640K)->48137K(48640K) NonClass: 42820K(43072K)->42820K(43072K) Class: 5316K(5568K)->5316K(5568K)
[2023-01-28T23:40:46.092+0100][gc          ] GC(16) Pause Young (Normal) (G1 Evacuation Pause) 586M->154M(1024M) 10.741ms
[2023-01-28T23:40:46.092+0100][gc,cpu      ] GC(16) User=0.03s Sys=0.03s Real=0.01s
[2023-01-28T23:40:52.095+0100][gc,start    ] GC(17) Pause Young (Normal) (G1 Evacuation Pause)
[2023-01-28T23:40:52.095+0100][gc,task     ] GC(17) Using 8 workers of 8 for evacuation
[2023-01-28T23:40:52.106+0100][gc,phases   ] GC(17)   Pre Evacuate Collection Set: 0.2ms
[2023-01-28T23:40:52.106+0100][gc,phases   ] GC(17)   Merge Heap Roots: 0.1ms
[2023-01-28T23:40:52.106+0100][gc,phases   ] GC(17)   Evacuate Collection Set: 10.5ms
[2023-01-28T23:40:52.106+0100][gc,phases   ] GC(17)   Post Evacuate Collection Set: 0.4ms
[2023-01-28T23:40:52.106+0100][gc,phases   ] GC(17)   Other: 0.4ms
[2023-01-28T23:40:52.106+0100][gc,heap     ] GC(17) Eden regions: 603->0(602)
[2023-01-28T23:40:52.106+0100][gc,heap     ] GC(17) Survivor regions: 11->12(77)
[2023-01-28T23:40:52.106+0100][gc,heap     ] GC(17) Old regions: 15->15
[2023-01-28T23:40:52.106+0100][gc,heap     ] GC(17) Archive regions: 0->0
[2023-01-28T23:40:52.106+0100][gc,heap     ] GC(17) Humongous regions: 129->129
[2023-01-28T23:40:52.106+0100][gc,metaspace] GC(17) Metaspace: 48317K(48832K)->48317K(48832K) NonClass: 42968K(43264K)->42968K(43264K) Class: 5348K(5568K)->5348K(5568K)
[2023-01-28T23:40:52.106+0100][gc          ] GC(17) Pause Young (Normal) (G1 Evacuation Pause) 757M->155M(1024M) 11.665ms
[2023-01-28T23:40:52.106+0100][gc,cpu      ] GC(17) User=0.02s Sys=0.04s Real=0.01s
[2023-01-28T23:40:58.460+0100][gc,start    ] GC(18) Pause Young (Normal) (G1 Evacuation Pause)
[2023-01-28T23:40:58.460+0100][gc,task     ] GC(18) Using 8 workers of 8 for evacuation
[2023-01-28T23:40:58.487+0100][gc,mmu      ] GC(18) MMU target violated: 21.0ms (20.0ms/21.0ms)
[2023-01-28T23:40:58.487+0100][gc,phases   ] GC(18)   Pre Evacuate Collection Set: 0.2ms
[2023-01-28T23:40:58.487+0100][gc,phases   ] GC(18)   Merge Heap Roots: 0.1ms
[2023-01-28T23:40:58.487+0100][gc,phases   ] GC(18)   Evacuate Collection Set: 26.3ms
[2023-01-28T23:40:58.488+0100][gc,phases   ] GC(18)   Post Evacuate Collection Set: 0.8ms
[2023-01-28T23:40:58.488+0100][gc,phases   ] GC(18)   Other: 0.4ms
[2023-01-28T23:40:58.488+0100][gc,heap     ] GC(18) Eden regions: 602->0(60)
[2023-01-28T23:40:58.488+0100][gc,heap     ] GC(18) Survivor regions: 12->12(77)
[2023-01-28T23:40:58.488+0100][gc,heap     ] GC(18) Old regions: 15->15
[2023-01-28T23:40:58.488+0100][gc,heap     ] GC(18) Archive regions: 0->0
[2023-01-28T23:40:58.488+0100][gc,heap     ] GC(18) Humongous regions: 129->129
[2023-01-28T23:40:58.488+0100][gc,metaspace] GC(18) Metaspace: 48338K(48832K)->48338K(48832K) NonClass: 42988K(43264K)->42988K(43264K) Class: 5350K(5568K)->5350K(5568K)
[2023-01-28T23:40:58.488+0100][gc          ] GC(18) Pause Young (Normal) (G1 Evacuation Pause) 757M->155M(1024M) 27.973ms
[2023-01-28T23:40:58.488+0100][gc,cpu      ] GC(18) User=0.02s Sys=0.05s Real=0.02s
[2023-01-28T23:40:59.085+0100][gc,start    ] GC(19) Pause Young (Normal) (G1 Evacuation Pause)
[2023-01-28T23:40:59.085+0100][gc,task     ] GC(19) Using 8 workers of 8 for evacuation
[2023-01-28T23:40:59.091+0100][gc,phases   ] GC(19)   Pre Evacuate Collection Set: 0.1ms
[2023-01-28T23:40:59.091+0100][gc,phases   ] GC(19)   Merge Heap Roots: 0.0ms
[2023-01-28T23:40:59.091+0100][gc,phases   ] GC(19)   Evacuate Collection Set: 5.7ms
[2023-01-28T23:40:59.091+0100][gc,phases   ] GC(19)   Post Evacuate Collection Set: 0.7ms
[2023-01-28T23:40:59.091+0100][gc,phases   ] GC(19)   Other: 0.1ms
[2023-01-28T23:40:59.091+0100][gc,heap     ] GC(19) Eden regions: 60->0(608)
[2023-01-28T23:40:59.091+0100][gc,heap     ] GC(19) Survivor regions: 12->6(9)
[2023-01-28T23:40:59.091+0100][gc,heap     ] GC(19) Old regions: 15->22
[2023-01-28T23:40:59.091+0100][gc,heap     ] GC(19) Archive regions: 0->0
[2023-01-28T23:40:59.091+0100][gc,heap     ] GC(19) Humongous regions: 129->129
[2023-01-28T23:40:59.091+0100][gc,metaspace] GC(19) Metaspace: 48338K(48832K)->48338K(48832K) NonClass: 42988K(43264K)->42988K(43264K) Class: 5350K(5568K)->5350K(5568K)
[2023-01-28T23:40:59.091+0100][gc          ] GC(19) Pause Young (Normal) (G1 Evacuation Pause) 215M->156M(1024M) 6.756ms
[2023-01-28T23:40:59.091+0100][gc,cpu      ] GC(19) User=0.02s Sys=0.01s Real=0.01s
[2023-01-28T23:41:04.199+0100][gc,start    ] GC(20) Pause Young (Normal) (G1 Evacuation Pause)
[2023-01-28T23:41:04.199+0100][gc,task     ] GC(20) Using 8 workers of 8 for evacuation
[2023-01-28T23:41:04.228+0100][gc,mmu      ] GC(20) MMU target violated: 21.0ms (20.0ms/21.0ms)
[2023-01-28T23:41:04.228+0100][gc,phases   ] GC(20)   Pre Evacuate Collection Set: 0.7ms
[2023-01-28T23:41:04.228+0100][gc,phases   ] GC(20)   Merge Heap Roots: 0.9ms
[2023-01-28T23:41:04.228+0100][gc,phases   ] GC(20)   Evacuate Collection Set: 25.7ms
[2023-01-28T23:41:04.228+0100][gc,phases   ] GC(20)   Post Evacuate Collection Set: 1.3ms
[2023-01-28T23:41:04.228+0100][gc,phases   ] GC(20)   Other: 1.0ms
[2023-01-28T23:41:04.228+0100][gc,heap     ] GC(20) Eden regions: 608->0(301)
[2023-01-28T23:41:04.228+0100][gc,heap     ] GC(20) Survivor regions: 6->6(77)
[2023-01-28T23:41:04.228+0100][gc,heap     ] GC(20) Old regions: 22->22
[2023-01-28T23:41:04.228+0100][gc,heap     ] GC(20) Archive regions: 0->0
[2023-01-28T23:41:04.228+0100][gc,heap     ] GC(20) Humongous regions: 129->129
[2023-01-28T23:41:04.228+0100][gc,metaspace] GC(20) Metaspace: 48342K(48832K)->48342K(48832K) NonClass: 42991K(43264K)->42991K(43264K) Class: 5350K(5568K)->5350K(5568K)
[2023-01-28T23:41:04.228+0100][gc          ] GC(20) Pause Young (Normal) (G1 Evacuation Pause) 764M->156M(1024M) 29.660ms
[2023-01-28T23:41:04.228+0100][gc,cpu      ] GC(20) User=0.01s Sys=0.04s Real=0.03s
[2023-01-28T23:41:06.913+0100][gc,start    ] GC(21) Pause Young (Normal) (G1 Evacuation Pause)
[2023-01-28T23:41:06.914+0100][gc,task     ] GC(21) Using 8 workers of 8 for evacuation
[2023-01-28T23:41:06.933+0100][gc,phases   ] GC(21)   Pre Evacuate Collection Set: 0.2ms
[2023-01-28T23:41:06.933+0100][gc,phases   ] GC(21)   Merge Heap Roots: 0.1ms
[2023-01-28T23:41:06.933+0100][gc,phases   ] GC(21)   Evacuate Collection Set: 13.0ms
[2023-01-28T23:41:06.933+0100][gc,phases   ] GC(21)   Post Evacuate Collection Set: 6.3ms
[2023-01-28T23:41:06.933+0100][gc,phases   ] GC(21)   Other: 0.2ms
[2023-01-28T23:41:06.933+0100][gc,heap     ] GC(21) Eden regions: 257->0(276)
[2023-01-28T23:41:06.933+0100][gc,heap     ] GC(21) Survivor regions: 6->6(33)
[2023-01-28T23:41:06.933+0100][gc,heap     ] GC(21) Old regions: 22->22
[2023-01-28T23:41:06.933+0100][gc,heap     ] GC(21) Archive regions: 0->0
[2023-01-28T23:41:06.933+0100][gc,heap     ] GC(21) Humongous regions: 129->129
[2023-01-28T23:41:06.933+0100][gc,metaspace] GC(21) Metaspace: 48343K(48832K)->48343K(48832K) NonClass: 42992K(43264K)->42992K(43264K) Class: 5350K(5568K)->5350K(5568K)
[2023-01-28T23:41:06.933+0100][gc          ] GC(21) Pause Young (Normal) (G1 Evacuation Pause) 413M->156M(1024M) 19.926ms
[2023-01-28T23:41:06.933+0100][gc,cpu      ] GC(21) User=0.01s Sys=0.02s Real=0.02s
[2023-01-28T23:41:09.963+0100][gc,start    ] GC(22) Pause Young (Normal) (G1 Evacuation Pause)
[2023-01-28T23:41:09.963+0100][gc,task     ] GC(22) Using 8 workers of 8 for evacuation
[2023-01-28T23:41:09.970+0100][gc,phases   ] GC(22)   Pre Evacuate Collection Set: 0.3ms
[2023-01-28T23:41:09.970+0100][gc,phases   ] GC(22)   Merge Heap Roots: 0.1ms
[2023-01-28T23:41:09.970+0100][gc,phases   ] GC(22)   Evacuate Collection Set: 6.6ms
[2023-01-28T23:41:09.970+0100][gc,phases   ] GC(22)   Post Evacuate Collection Set: 0.6ms
[2023-01-28T23:41:09.970+0100][gc,phases   ] GC(22)   Other: 0.3ms
[2023-01-28T23:41:09.970+0100][gc,heap     ] GC(22) Eden regions: 239->0(608)
[2023-01-28T23:41:09.970+0100][gc,heap     ] GC(22) Survivor regions: 6->6(31)
[2023-01-28T23:41:09.970+0100][gc,heap     ] GC(22) Old regions: 22->22
[2023-01-28T23:41:09.970+0100][gc,heap     ] GC(22) Archive regions: 0->0
[2023-01-28T23:41:09.970+0100][gc,heap     ] GC(22) Humongous regions: 129->129
[2023-01-28T23:41:09.970+0100][gc,metaspace] GC(22) Metaspace: 48345K(48832K)->48345K(48832K) NonClass: 42995K(43264K)->42995K(43264K) Class: 5350K(5568K)->5350K(5568K)
[2023-01-28T23:41:09.970+0100][gc          ] GC(22) Pause Young (Normal) (G1 Evacuation Pause) 395M->156M(1024M) 7.923ms
[2023-01-28T23:41:09.970+0100][gc,cpu      ] GC(22) User=0.01s Sys=0.02s Real=0.01s
[2023-01-28T23:41:14.481+0100][gc,start    ] GC(23) Pause Young (Normal) (G1 Evacuation Pause)
[2023-01-28T23:41:14.481+0100][gc,task     ] GC(23) Using 8 workers of 8 for evacuation
[2023-01-28T23:41:14.492+0100][gc,phases   ] GC(23)   Pre Evacuate Collection Set: 0.2ms
[2023-01-28T23:41:14.492+0100][gc,phases   ] GC(23)   Merge Heap Roots: 0.1ms
[2023-01-28T23:41:14.492+0100][gc,phases   ] GC(23)   Evacuate Collection Set: 9.6ms
[2023-01-28T23:41:14.492+0100][gc,phases   ] GC(23)   Post Evacuate Collection Set: 0.9ms
[2023-01-28T23:41:14.492+0100][gc,phases   ] GC(23)   Other: 0.3ms
[2023-01-28T23:41:14.492+0100][gc,heap     ] GC(23) Eden regions: 608->0(607)
[2023-01-28T23:41:14.492+0100][gc,heap     ] GC(23) Survivor regions: 6->7(77)
[2023-01-28T23:41:14.492+0100][gc,heap     ] GC(23) Old regions: 22->22
[2023-01-28T23:41:14.492+0100][gc,heap     ] GC(23) Archive regions: 0->0
[2023-01-28T23:41:14.492+0100][gc,heap     ] GC(23) Humongous regions: 129->129
[2023-01-28T23:41:14.492+0100][gc,metaspace] GC(23) Metaspace: 48346K(48832K)->48346K(48832K) NonClass: 42995K(43264K)->42995K(43264K) Class: 5350K(5568K)->5350K(5568K)
[2023-01-28T23:41:14.492+0100][gc          ] GC(23) Pause Young (Normal) (G1 Evacuation Pause) 764M->157M(1024M) 11.192ms
[2023-01-28T23:41:14.492+0100][gc,cpu      ] GC(23) User=0.02s Sys=0.03s Real=0.01s
[2023-01-28T23:41:20.111+0100][gc,start    ] GC(24) Pause Young (Normal) (G1 Evacuation Pause)
[2023-01-28T23:41:20.112+0100][gc,task     ] GC(24) Using 8 workers of 8 for evacuation
[2023-01-28T23:41:20.168+0100][gc,mmu      ] GC(24) MMU target violated: 21.0ms (20.0ms/21.0ms)
[2023-01-28T23:41:20.169+0100][gc,phases   ] GC(24)   Pre Evacuate Collection Set: 1.7ms
[2023-01-28T23:41:20.169+0100][gc,phases   ] GC(24)   Merge Heap Roots: 0.5ms
[2023-01-28T23:41:20.169+0100][gc,phases   ] GC(24)   Evacuate Collection Set: 49.9ms
[2023-01-28T23:41:20.169+0100][gc,phases   ] GC(24)   Post Evacuate Collection Set: 3.5ms
[2023-01-28T23:41:20.169+0100][gc,phases   ] GC(24)   Other: 2.7ms
[2023-01-28T23:41:20.169+0100][gc,heap     ] GC(24) Eden regions: 607->0(43)
[2023-01-28T23:41:20.169+0100][gc,heap     ] GC(24) Survivor regions: 7->8(77)
[2023-01-28T23:41:20.169+0100][gc,heap     ] GC(24) Old regions: 22->22
[2023-01-28T23:41:20.169+0100][gc,heap     ] GC(24) Archive regions: 0->0
[2023-01-28T23:41:20.169+0100][gc,heap     ] GC(24) Humongous regions: 129->129
[2023-01-28T23:41:20.169+0100][gc,metaspace] GC(24) Metaspace: 48347K(48832K)->48347K(48832K) NonClass: 42996K(43264K)->42996K(43264K) Class: 5350K(5568K)->5350K(5568K)
[2023-01-28T23:41:20.169+0100][gc          ] GC(24) Pause Young (Normal) (G1 Evacuation Pause) 764M->158M(1024M) 58.341ms
[2023-01-28T23:41:20.169+0100][gc,cpu      ] GC(24) User=0.02s Sys=0.06s Real=0.05s
[2023-01-28T23:41:20.647+0100][gc,start    ] GC(25) Pause Young (Normal) (G1 Evacuation Pause)
[2023-01-28T23:41:20.647+0100][gc,task     ] GC(25) Using 8 workers of 8 for evacuation
[2023-01-28T23:41:20.660+0100][gc,phases   ] GC(25)   Pre Evacuate Collection Set: 0.1ms
[2023-01-28T23:41:20.660+0100][gc,phases   ] GC(25)   Merge Heap Roots: 0.1ms
[2023-01-28T23:41:20.660+0100][gc,phases   ] GC(25)   Evacuate Collection Set: 11.3ms
[2023-01-28T23:41:20.660+0100][gc,phases   ] GC(25)   Post Evacuate Collection Set: 1.3ms
[2023-01-28T23:41:20.660+0100][gc,phases   ] GC(25)   Other: 0.2ms
[2023-01-28T23:41:20.660+0100][gc,heap     ] GC(25) Eden regions: 43->0(581)
[2023-01-28T23:41:20.660+0100][gc,heap     ] GC(25) Survivor regions: 8->4(7)
[2023-01-28T23:41:20.660+0100][gc,heap     ] GC(25) Old regions: 22->26
[2023-01-28T23:41:20.660+0100][gc,heap     ] GC(25) Archive regions: 0->0
[2023-01-28T23:41:20.660+0100][gc,heap     ] GC(25) Humongous regions: 129->129
[2023-01-28T23:41:20.660+0100][gc,metaspace] GC(25) Metaspace: 48347K(48832K)->48347K(48832K) NonClass: 42996K(43264K)->42996K(43264K) Class: 5350K(5568K)->5350K(5568K)
[2023-01-28T23:41:20.660+0100][gc          ] GC(25) Pause Young (Normal) (G1 Evacuation Pause) 201M->157M(1024M) 13.052ms
[2023-01-28T23:41:20.660+0100][gc,cpu      ] GC(25) User=0.02s Sys=0.01s Real=0.02s
[2023-01-28T23:41:24.253+0100][gc,start    ] GC(26) Pause Young (Normal) (G1 Evacuation Pause)
[2023-01-28T23:41:24.253+0100][gc,task     ] GC(26) Using 8 workers of 8 for evacuation
[2023-01-28T23:41:24.268+0100][gc,phases   ] GC(26)   Pre Evacuate Collection Set: 0.4ms
[2023-01-28T23:41:24.268+0100][gc,phases   ] GC(26)   Merge Heap Roots: 0.3ms
[2023-01-28T23:41:24.268+0100][gc,phases   ] GC(26)   Evacuate Collection Set: 12.4ms
[2023-01-28T23:41:24.268+0100][gc,phases   ] GC(26)   Post Evacuate Collection Set: 1.6ms
[2023-01-28T23:41:24.268+0100][gc,phases   ] GC(26)   Other: 0.3ms
[2023-01-28T23:41:24.268+0100][gc,heap     ] GC(26) Eden regions: 381->0(571)
[2023-01-28T23:41:24.268+0100][gc,heap     ] GC(26) Survivor regions: 4->4(49)
[2023-01-28T23:41:24.268+0100][gc,heap     ] GC(26) Old regions: 26->26
[2023-01-28T23:41:24.268+0100][gc,heap     ] GC(26) Archive regions: 0->0
[2023-01-28T23:41:24.268+0100][gc,heap     ] GC(26) Humongous regions: 129->129
[2023-01-28T23:41:24.268+0100][gc,metaspace] GC(26) Metaspace: 48348K(48832K)->48348K(48832K) NonClass: 42997K(43264K)->42997K(43264K) Class: 5350K(5568K)->5350K(5568K)
[2023-01-28T23:41:24.268+0100][gc          ] GC(26) Pause Young (Normal) (G1 Evacuation Pause) 538M->157M(1024M) 15.071ms
[2023-01-28T23:41:24.268+0100][gc,cpu      ] GC(26) User=0.01s Sys=0.03s Real=0.01s
[2023-01-28T23:41:28.608+0100][gc,start    ] GC(27) Pause Young (Normal) (G1 Evacuation Pause)
[2023-01-28T23:41:28.609+0100][gc,task     ] GC(27) Using 8 workers of 8 for evacuation
[2023-01-28T23:41:28.622+0100][gc,phases   ] GC(27)   Pre Evacuate Collection Set: 0.3ms
[2023-01-28T23:41:28.622+0100][gc,phases   ] GC(27)   Merge Heap Roots: 0.2ms
[2023-01-28T23:41:28.622+0100][gc,phases   ] GC(27)   Evacuate Collection Set: 8.6ms
[2023-01-28T23:41:28.622+0100][gc,phases   ] GC(27)   Post Evacuate Collection Set: 3.9ms
[2023-01-28T23:41:28.622+0100][gc,phases   ] GC(27)   Other: 0.5ms
[2023-01-28T23:41:28.622+0100][gc,heap     ] GC(27) Eden regions: 571->0(324)
[2023-01-28T23:41:28.622+0100][gc,heap     ] GC(27) Survivor regions: 4->5(72)
[2023-01-28T23:41:28.622+0100][gc,heap     ] GC(27) Old regions: 26->26
[2023-01-28T23:41:28.622+0100][gc,heap     ] GC(27) Archive regions: 0->0
[2023-01-28T23:41:28.622+0100][gc,heap     ] GC(27) Humongous regions: 129->129
[2023-01-28T23:41:28.622+0100][gc,metaspace] GC(27) Metaspace: 48349K(48832K)->48349K(48832K) NonClass: 42998K(43264K)->42998K(43264K) Class: 5350K(5568K)->5350K(5568K)
[2023-01-28T23:41:28.622+0100][gc          ] GC(27) Pause Young (Normal) (G1 Evacuation Pause) 728M->158M(1024M) 13.593ms
[2023-01-28T23:41:28.622+0100][gc,cpu      ] GC(27) User=0.02s Sys=0.02s Real=0.02s
[2023-01-28T23:41:30.868+0100][gc,start    ] GC(28) Pause Young (Normal) (G1 Evacuation Pause)
[2023-01-28T23:41:30.868+0100][gc,task     ] GC(28) Using 8 workers of 8 for evacuation
[2023-01-28T23:41:30.874+0100][gc,phases   ] GC(28)   Pre Evacuate Collection Set: 0.2ms
[2023-01-28T23:41:30.874+0100][gc,phases   ] GC(28)   Merge Heap Roots: 0.1ms
[2023-01-28T23:41:30.875+0100][gc,phases   ] GC(28)   Evacuate Collection Set: 5.3ms
[2023-01-28T23:41:30.875+0100][gc,phases   ] GC(28)   Post Evacuate Collection Set: 0.6ms
[2023-01-28T23:41:30.875+0100][gc,phases   ] GC(28)   Other: 0.2ms
[2023-01-28T23:41:30.875+0100][gc,heap     ] GC(28) Eden regions: 324->0(609)
[2023-01-28T23:41:30.875+0100][gc,heap     ] GC(28) Survivor regions: 5->5(42)
[2023-01-28T23:41:30.875+0100][gc,heap     ] GC(28) Old regions: 26->26
[2023-01-28T23:41:30.875+0100][gc,heap     ] GC(28) Archive regions: 0->0
[2023-01-28T23:41:30.875+0100][gc,heap     ] GC(28) Humongous regions: 129->129
[2023-01-28T23:41:30.875+0100][gc,metaspace] GC(28) Metaspace: 48349K(48832K)->48349K(48832K) NonClass: 42998K(43264K)->42998K(43264K) Class: 5350K(5568K)->5350K(5568K)
[2023-01-28T23:41:30.875+0100][gc          ] GC(28) Pause Young (Normal) (G1 Evacuation Pause) 482M->158M(1024M) 6.494ms
[2023-01-28T23:41:30.875+0100][gc,cpu      ] GC(28) User=0.01s Sys=0.02s Real=0.01s
[2023-01-28T23:41:44.775+0100][gc,start    ] GC(29) Pause Young (Normal) (G1 Evacuation Pause)
[2023-01-28T23:41:44.777+0100][gc,task     ] GC(29) Using 8 workers of 8 for evacuation
[2023-01-28T23:41:44.782+0100][gc,phases   ] GC(29)   Pre Evacuate Collection Set: 0.3ms
[2023-01-28T23:41:44.782+0100][gc,phases   ] GC(29)   Merge Heap Roots: 0.1ms
[2023-01-28T23:41:44.782+0100][gc,phases   ] GC(29)   Evacuate Collection Set: 4.3ms
[2023-01-28T23:41:44.783+0100][gc,phases   ] GC(29)   Post Evacuate Collection Set: 0.6ms
[2023-01-28T23:41:44.783+0100][gc,phases   ] GC(29)   Other: 1.8ms
[2023-01-28T23:41:44.783+0100][gc,heap     ] GC(29) Eden regions: 609->0(609)
[2023-01-28T23:41:44.783+0100][gc,heap     ] GC(29) Survivor regions: 5->5(77)
[2023-01-28T23:41:44.783+0100][gc,heap     ] GC(29) Old regions: 26->26
[2023-01-28T23:41:44.783+0100][gc,heap     ] GC(29) Archive regions: 0->0
[2023-01-28T23:41:44.783+0100][gc,heap     ] GC(29) Humongous regions: 129->129
[2023-01-28T23:41:44.783+0100][gc,metaspace] GC(29) Metaspace: 48360K(48832K)->48360K(48832K) NonClass: 43010K(43264K)->43010K(43264K) Class: 5350K(5568K)->5350K(5568K)
[2023-01-28T23:41:44.783+0100][gc          ] GC(29) Pause Young (Normal) (G1 Evacuation Pause) 767M->158M(1024M) 7.231ms
[2023-01-28T23:41:44.783+0100][gc,cpu      ] GC(29) User=0.01s Sys=0.02s Real=0.01s
[2023-01-28T23:41:58.237+0100][gc,start    ] GC(30) Pause Young (Normal) (G1 Evacuation Pause)
[2023-01-28T23:41:58.238+0100][gc,task     ] GC(30) Using 8 workers of 8 for evacuation
[2023-01-28T23:41:58.243+0100][gc,phases   ] GC(30)   Pre Evacuate Collection Set: 0.3ms
[2023-01-28T23:41:58.243+0100][gc,phases   ] GC(30)   Merge Heap Roots: 0.2ms
[2023-01-28T23:41:58.243+0100][gc,phases   ] GC(30)   Evacuate Collection Set: 4.3ms
[2023-01-28T23:41:58.243+0100][gc,phases   ] GC(30)   Post Evacuate Collection Set: 0.7ms
[2023-01-28T23:41:58.243+0100][gc,phases   ] GC(30)   Other: 1.2ms
[2023-01-28T23:41:58.243+0100][gc,heap     ] GC(30) Eden regions: 609->0(609)
[2023-01-28T23:41:58.243+0100][gc,heap     ] GC(30) Survivor regions: 5->5(77)
[2023-01-28T23:41:58.243+0100][gc,heap     ] GC(30) Old regions: 26->26
[2023-01-28T23:41:58.243+0100][gc,heap     ] GC(30) Archive regions: 0->0
[2023-01-28T23:41:58.243+0100][gc,heap     ] GC(30) Humongous regions: 129->129
[2023-01-28T23:41:58.243+0100][gc,metaspace] GC(30) Metaspace: 48365K(48896K)->48365K(48896K) NonClass: 43015K(43328K)->43015K(43328K) Class: 5350K(5568K)->5350K(5568K)
[2023-01-28T23:41:58.243+0100][gc          ] GC(30) Pause Young (Normal) (G1 Evacuation Pause) 767M->158M(1024M) 6.651ms
[2023-01-28T23:41:58.243+0100][gc,cpu      ] GC(30) User=0.01s Sys=0.01s Real=0.01s
[2023-01-28T23:42:12.583+0100][gc,start    ] GC(31) Pause Young (Normal) (G1 Evacuation Pause)
[2023-01-28T23:42:12.584+0100][gc,task     ] GC(31) Using 8 workers of 8 for evacuation
[2023-01-28T23:42:12.605+0100][gc,mmu      ] GC(31) MMU target violated: 20.1ms (20.0ms/21.0ms)
[2023-01-28T23:42:12.605+0100][gc,phases   ] GC(31)   Pre Evacuate Collection Set: 2.1ms
[2023-01-28T23:42:12.605+0100][gc,phases   ] GC(31)   Merge Heap Roots: 2.0ms
[2023-01-28T23:42:12.605+0100][gc,phases   ] GC(31)   Evacuate Collection Set: 16.2ms
[2023-01-28T23:42:12.605+0100][gc,phases   ] GC(31)   Post Evacuate Collection Set: 1.2ms
[2023-01-28T23:42:12.605+0100][gc,phases   ] GC(31)   Other: 1.4ms
[2023-01-28T23:42:12.605+0100][gc,heap     ] GC(31) Eden regions: 609->0(609)
[2023-01-28T23:42:12.605+0100][gc,heap     ] GC(31) Survivor regions: 5->5(77)
[2023-01-28T23:42:12.605+0100][gc,heap     ] GC(31) Old regions: 26->26
[2023-01-28T23:42:12.605+0100][gc,heap     ] GC(31) Archive regions: 0->0
[2023-01-28T23:42:12.605+0100][gc,heap     ] GC(31) Humongous regions: 129->129
[2023-01-28T23:42:12.605+0100][gc,metaspace] GC(31) Metaspace: 48368K(48896K)->48368K(48896K) NonClass: 43018K(43328K)->43018K(43328K) Class: 5350K(5568K)->5350K(5568K)
[2023-01-28T23:42:12.605+0100][gc          ] GC(31) Pause Young (Normal) (G1 Evacuation Pause) 767M->158M(1024M) 22.893ms
[2023-01-28T23:42:12.605+0100][gc,cpu      ] GC(31) User=0.01s Sys=0.03s Real=0.02s
[2023-01-28T23:42:18.655+0100][gc,start    ] GC(32) Pause Young (Normal) (G1 Evacuation Pause)
[2023-01-28T23:42:18.658+0100][gc,task     ] GC(32) Using 8 workers of 8 for evacuation
[2023-01-28T23:42:18.671+0100][gc,phases   ] GC(32)   Pre Evacuate Collection Set: 0.3ms
[2023-01-28T23:42:18.671+0100][gc,phases   ] GC(32)   Merge Heap Roots: 0.4ms
[2023-01-28T23:42:18.671+0100][gc,phases   ] GC(32)   Evacuate Collection Set: 11.0ms
[2023-01-28T23:42:18.671+0100][gc,phases   ] GC(32)   Post Evacuate Collection Set: 1.0ms
[2023-01-28T23:42:18.671+0100][gc,phases   ] GC(32)   Other: 2.6ms
[2023-01-28T23:42:18.671+0100][gc,heap     ] GC(32) Eden regions: 609->0(608)
[2023-01-28T23:42:18.671+0100][gc,heap     ] GC(32) Survivor regions: 5->6(77)
[2023-01-28T23:42:18.671+0100][gc,heap     ] GC(32) Old regions: 26->26
[2023-01-28T23:42:18.671+0100][gc,heap     ] GC(32) Archive regions: 0->0
[2023-01-28T23:42:18.671+0100][gc,heap     ] GC(32) Humongous regions: 129->129
[2023-01-28T23:42:18.671+0100][gc,metaspace] GC(32) Metaspace: 48376K(48896K)->48376K(48896K) NonClass: 43025K(43328K)->43025K(43328K) Class: 5350K(5568K)->5350K(5568K)
[2023-01-28T23:42:18.671+0100][gc          ] GC(32) Pause Young (Normal) (G1 Evacuation Pause) 767M->159M(1024M) 15.438ms
[2023-01-28T23:42:18.671+0100][gc,cpu      ] GC(32) User=0.02s Sys=0.03s Real=0.02s
[2023-01-28T23:42:25.414+0100][gc,start    ] GC(33) Pause Young (Normal) (G1 Evacuation Pause)
[2023-01-28T23:42:25.415+0100][gc,task     ] GC(33) Using 8 workers of 8 for evacuation
[2023-01-28T23:42:25.435+0100][gc,mmu      ] GC(33) MMU target violated: 20.5ms (20.0ms/21.0ms)
[2023-01-28T23:42:25.435+0100][gc,phases   ] GC(33)   Pre Evacuate Collection Set: 0.2ms
[2023-01-28T23:42:25.435+0100][gc,phases   ] GC(33)   Merge Heap Roots: 0.2ms
[2023-01-28T23:42:25.435+0100][gc,phases   ] GC(33)   Evacuate Collection Set: 17.9ms
[2023-01-28T23:42:25.435+0100][gc,phases   ] GC(33)   Post Evacuate Collection Set: 2.3ms
[2023-01-28T23:42:25.435+0100][gc,phases   ] GC(33)   Other: 0.4ms
[2023-01-28T23:42:25.435+0100][gc,heap     ] GC(33) Eden regions: 608->0(609)
[2023-01-28T23:42:25.435+0100][gc,heap     ] GC(33) Survivor regions: 6->5(77)
[2023-01-28T23:42:25.435+0100][gc,heap     ] GC(33) Old regions: 26->26
[2023-01-28T23:42:25.435+0100][gc,heap     ] GC(33) Archive regions: 0->0
[2023-01-28T23:42:25.435+0100][gc,heap     ] GC(33) Humongous regions: 129->129
[2023-01-28T23:42:25.436+0100][gc,metaspace] GC(33) Metaspace: 48377K(48896K)->48377K(48896K) NonClass: 43026K(43328K)->43026K(43328K) Class: 5350K(5568K)->5350K(5568K)
[2023-01-28T23:42:25.436+0100][gc          ] GC(33) Pause Young (Normal) (G1 Evacuation Pause) 767M->159M(1024M) 21.062ms
[2023-01-28T23:42:25.436+0100][gc,cpu      ] GC(33) User=0.02s Sys=0.06s Real=0.02s
[2023-01-28T23:42:29.209+0100][gc,start    ] GC(34) Pause Young (Normal) (G1 Evacuation Pause)
[2023-01-28T23:42:29.209+0100][gc,task     ] GC(34) Using 8 workers of 8 for evacuation
[2023-01-28T23:42:29.217+0100][gc,phases   ] GC(34)   Pre Evacuate Collection Set: 0.2ms
[2023-01-28T23:42:29.217+0100][gc,phases   ] GC(34)   Merge Heap Roots: 0.2ms
[2023-01-28T23:42:29.217+0100][gc,phases   ] GC(34)   Evacuate Collection Set: 6.8ms
[2023-01-28T23:42:29.217+0100][gc,phases   ] GC(34)   Post Evacuate Collection Set: 0.8ms
[2023-01-28T23:42:29.217+0100][gc,phases   ] GC(34)   Other: 0.2ms
[2023-01-28T23:42:29.217+0100][gc,heap     ] GC(34) Eden regions: 609->0(608)
[2023-01-28T23:42:29.217+0100][gc,heap     ] GC(34) Survivor regions: 5->6(77)
[2023-01-28T23:42:29.217+0100][gc,heap     ] GC(34) Old regions: 26->27
[2023-01-28T23:42:29.217+0100][gc,heap     ] GC(34) Archive regions: 0->0
[2023-01-28T23:42:29.217+0100][gc,heap     ] GC(34) Humongous regions: 129->129
[2023-01-28T23:42:29.217+0100][gc,metaspace] GC(34) Metaspace: 48377K(48896K)->48377K(48896K) NonClass: 43027K(43328K)->43027K(43328K) Class: 5350K(5568K)->5350K(5568K)
[2023-01-28T23:42:29.217+0100][gc          ] GC(34) Pause Young (Normal) (G1 Evacuation Pause) 768M->160M(1024M) 8.389ms
[2023-01-28T23:42:29.217+0100][gc,cpu      ] GC(34) User=0.02s Sys=0.03s Real=0.01s
[2023-01-28T23:42:33.465+0100][gc,start    ] GC(35) Pause Young (Normal) (G1 Evacuation Pause)
[2023-01-28T23:42:33.465+0100][gc,task     ] GC(35) Using 8 workers of 8 for evacuation
[2023-01-28T23:42:33.493+0100][gc,mmu      ] GC(35) MMU target violated: 21.0ms (20.0ms/21.0ms)
[2023-01-28T23:42:33.493+0100][gc,phases   ] GC(35)   Pre Evacuate Collection Set: 0.3ms
[2023-01-28T23:42:33.493+0100][gc,phases   ] GC(35)   Merge Heap Roots: 0.2ms
[2023-01-28T23:42:33.493+0100][gc,phases   ] GC(35)   Evacuate Collection Set: 23.8ms
[2023-01-28T23:42:33.493+0100][gc,phases   ] GC(35)   Post Evacuate Collection Set: 2.9ms
[2023-01-28T23:42:33.493+0100][gc,phases   ] GC(35)   Other: 0.7ms
[2023-01-28T23:42:33.493+0100][gc,heap     ] GC(35) Eden regions: 608->0(339)
[2023-01-28T23:42:33.493+0100][gc,heap     ] GC(35) Survivor regions: 6->6(77)
[2023-01-28T23:42:33.493+0100][gc,heap     ] GC(35) Old regions: 27->27
[2023-01-28T23:42:33.493+0100][gc,heap     ] GC(35) Archive regions: 0->0
[2023-01-28T23:42:33.493+0100][gc,heap     ] GC(35) Humongous regions: 129->129
[2023-01-28T23:42:33.493+0100][gc,metaspace] GC(35) Metaspace: 48377K(48896K)->48377K(48896K) NonClass: 43027K(43328K)->43027K(43328K) Class: 5350K(5568K)->5350K(5568K)
[2023-01-28T23:42:33.493+0100][gc          ] GC(35) Pause Young (Normal) (G1 Evacuation Pause) 768M->161M(1024M) 27.994ms
[2023-01-28T23:42:33.493+0100][gc,cpu      ] GC(35) User=0.02s Sys=0.06s Real=0.03s
[2023-01-28T23:42:34.958+0100][gc,start    ] GC(36) Pause Young (Normal) (G1 Evacuation Pause)
[2023-01-28T23:42:34.959+0100][gc,task     ] GC(36) Using 8 workers of 8 for evacuation
[2023-01-28T23:42:34.964+0100][gc,phases   ] GC(36)   Pre Evacuate Collection Set: 0.3ms
[2023-01-28T23:42:34.964+0100][gc,phases   ] GC(36)   Merge Heap Roots: 0.2ms
[2023-01-28T23:42:34.964+0100][gc,phases   ] GC(36)   Evacuate Collection Set: 4.4ms
[2023-01-28T23:42:34.964+0100][gc,phases   ] GC(36)   Post Evacuate Collection Set: 0.8ms
[2023-01-28T23:42:34.964+0100][gc,phases   ] GC(36)   Other: 0.2ms
[2023-01-28T23:42:34.964+0100][gc,heap     ] GC(36) Eden regions: 197->0(608)
[2023-01-28T23:42:34.964+0100][gc,heap     ] GC(36) Survivor regions: 6->6(26)
[2023-01-28T23:42:34.964+0100][gc,heap     ] GC(36) Old regions: 27->28
[2023-01-28T23:42:34.964+0100][gc,heap     ] GC(36) Archive regions: 0->0
[2023-01-28T23:42:34.964+0100][gc,heap     ] GC(36) Humongous regions: 129->129
[2023-01-28T23:42:34.964+0100][gc,metaspace] GC(36) Metaspace: 48377K(48896K)->48377K(48896K) NonClass: 43027K(43328K)->43027K(43328K) Class: 5350K(5568K)->5350K(5568K)
[2023-01-28T23:42:34.964+0100][gc          ] GC(36) Pause Young (Normal) (G1 Evacuation Pause) 358M->161M(1024M) 5.941ms
[2023-01-28T23:42:34.964+0100][gc,cpu      ] GC(36) User=0.02s Sys=0.02s Real=0.01s
[2023-01-28T23:42:44.306+0100][gc,start    ] GC(37) Pause Young (Normal) (G1 Evacuation Pause)
[2023-01-28T23:42:44.306+0100][gc,task     ] GC(37) Using 8 workers of 8 for evacuation
[2023-01-28T23:42:44.334+0100][gc,mmu      ] GC(37) MMU target violated: 21.0ms (20.0ms/21.0ms)
[2023-01-28T23:42:44.334+0100][gc,phases   ] GC(37)   Pre Evacuate Collection Set: 1.1ms
[2023-01-28T23:42:44.334+0100][gc,phases   ] GC(37)   Merge Heap Roots: 0.8ms
[2023-01-28T23:42:44.334+0100][gc,phases   ] GC(37)   Evacuate Collection Set: 23.7ms
[2023-01-28T23:42:44.334+0100][gc,phases   ] GC(37)   Post Evacuate Collection Set: 1.0ms
[2023-01-28T23:42:44.334+0100][gc,phases   ] GC(37)   Other: 1.1ms
[2023-01-28T23:42:44.334+0100][gc,heap     ] GC(37) Eden regions: 608->0(120)
[2023-01-28T23:42:44.334+0100][gc,heap     ] GC(37) Survivor regions: 6->6(77)
[2023-01-28T23:42:44.334+0100][gc,heap     ] GC(37) Old regions: 28->28
[2023-01-28T23:42:44.334+0100][gc,heap     ] GC(37) Archive regions: 0->0
[2023-01-28T23:42:44.334+0100][gc,heap     ] GC(37) Humongous regions: 129->129
[2023-01-28T23:42:44.334+0100][gc,metaspace] GC(37) Metaspace: 48380K(48896K)->48380K(48896K) NonClass: 43029K(43328K)->43029K(43328K) Class: 5350K(5568K)->5350K(5568K)
[2023-01-28T23:42:44.334+0100][gc          ] GC(37) Pause Young (Normal) (G1 Evacuation Pause) 769M->162M(1024M) 27.763ms
[2023-01-28T23:42:44.334+0100][gc,cpu      ] GC(37) User=0.02s Sys=0.07s Real=0.03s
[2023-01-28T23:42:48.050+0100][gc,start    ] GC(38) Pause Young (Normal) (G1 Evacuation Pause)
[2023-01-28T23:42:48.050+0100][gc,task     ] GC(38) Using 8 workers of 8 for evacuation
[2023-01-28T23:42:48.057+0100][gc,phases   ] GC(38)   Pre Evacuate Collection Set: 0.3ms
[2023-01-28T23:42:48.057+0100][gc,phases   ] GC(38)   Merge Heap Roots: 0.2ms
[2023-01-28T23:42:48.057+0100][gc,phases   ] GC(38)   Evacuate Collection Set: 5.6ms
[2023-01-28T23:42:48.057+0100][gc,phases   ] GC(38)   Post Evacuate Collection Set: 0.8ms
[2023-01-28T23:42:48.057+0100][gc,phases   ] GC(38)   Other: 0.3ms
[2023-01-28T23:42:48.057+0100][gc,heap     ] GC(38) Eden regions: 120->0(609)
[2023-01-28T23:42:48.057+0100][gc,heap     ] GC(38) Survivor regions: 6->5(16)
[2023-01-28T23:42:48.057+0100][gc,heap     ] GC(38) Old regions: 28->29
[2023-01-28T23:42:48.057+0100][gc,heap     ] GC(38) Archive regions: 0->0
[2023-01-28T23:42:48.057+0100][gc,heap     ] GC(38) Humongous regions: 129->129
[2023-01-28T23:42:48.057+0100][gc,metaspace] GC(38) Metaspace: 48380K(48896K)->48380K(48896K) NonClass: 43029K(43328K)->43029K(43328K) Class: 5350K(5568K)->5350K(5568K)
[2023-01-28T23:42:48.057+0100][gc          ] GC(38) Pause Young (Normal) (G1 Evacuation Pause) 282M->161M(1024M) 7.335ms
[2023-01-28T23:42:48.057+0100][gc,cpu      ] GC(38) User=0.02s Sys=0.02s Real=0.00s
[2023-01-28T23:43:12.590+0100][gc,start    ] GC(39) Pause Young (Normal) (G1 Evacuation Pause)
[2023-01-28T23:43:12.591+0100][gc,task     ] GC(39) Using 8 workers of 8 for evacuation
[2023-01-28T23:43:12.600+0100][gc,phases   ] GC(39)   Pre Evacuate Collection Set: 0.6ms
[2023-01-28T23:43:12.600+0100][gc,phases   ] GC(39)   Merge Heap Roots: 0.4ms
[2023-01-28T23:43:12.600+0100][gc,phases   ] GC(39)   Evacuate Collection Set: 6.9ms
[2023-01-28T23:43:12.600+0100][gc,phases   ] GC(39)   Post Evacuate Collection Set: 1.4ms
[2023-01-28T23:43:12.600+0100][gc,phases   ] GC(39)   Other: 0.6ms
[2023-01-28T23:43:12.600+0100][gc,heap     ] GC(39) Eden regions: 609->0(609)
[2023-01-28T23:43:12.600+0100][gc,heap     ] GC(39) Survivor regions: 5->5(77)
[2023-01-28T23:43:12.600+0100][gc,heap     ] GC(39) Old regions: 29->29
[2023-01-28T23:43:12.600+0100][gc,heap     ] GC(39) Archive regions: 0->0
[2023-01-28T23:43:12.600+0100][gc,heap     ] GC(39) Humongous regions: 129->129
[2023-01-28T23:43:12.600+0100][gc,metaspace] GC(39) Metaspace: 48385K(48896K)->48385K(48896K) NonClass: 43035K(43328K)->43035K(43328K) Class: 5350K(5568K)->5350K(5568K)
[2023-01-28T23:43:12.600+0100][gc          ] GC(39) Pause Young (Normal) (G1 Evacuation Pause) 770M->161M(1024M) 9.943ms
[2023-01-28T23:43:12.600+0100][gc,cpu      ] GC(39) User=0.02s Sys=0.02s Real=0.01s
[2023-01-28T23:43:30.526+0100][gc,start    ] GC(40) Pause Young (Normal) (G1 Evacuation Pause)
[2023-01-28T23:43:30.526+0100][gc,task     ] GC(40) Using 8 workers of 8 for evacuation
[2023-01-28T23:43:30.537+0100][gc,phases   ] GC(40)   Pre Evacuate Collection Set: 0.5ms
[2023-01-28T23:43:30.537+0100][gc,phases   ] GC(40)   Merge Heap Roots: 0.6ms
[2023-01-28T23:43:30.537+0100][gc,phases   ] GC(40)   Evacuate Collection Set: 7.9ms
[2023-01-28T23:43:30.537+0100][gc,phases   ] GC(40)   Post Evacuate Collection Set: 1.1ms
[2023-01-28T23:43:30.537+0100][gc,phases   ] GC(40)   Other: 0.4ms
[2023-01-28T23:43:30.537+0100][gc,heap     ] GC(40) Eden regions: 609->0(609)
[2023-01-28T23:43:30.537+0100][gc,heap     ] GC(40) Survivor regions: 5->5(77)
[2023-01-28T23:43:30.537+0100][gc,heap     ] GC(40) Old regions: 29->29
[2023-01-28T23:43:30.537+0100][gc,heap     ] GC(40) Archive regions: 0->0
[2023-01-28T23:43:30.537+0100][gc,heap     ] GC(40) Humongous regions: 129->129
[2023-01-28T23:43:30.537+0100][gc,metaspace] GC(40) Metaspace: 48393K(48896K)->48393K(48896K) NonClass: 43042K(43328K)->43042K(43328K) Class: 5350K(5568K)->5350K(5568K)
[2023-01-28T23:43:30.537+0100][gc          ] GC(40) Pause Young (Normal) (G1 Evacuation Pause) 770M->162M(1024M) 10.646ms
[2023-01-28T23:43:30.537+0100][gc,cpu      ] GC(40) User=0.03s Sys=0.02s Real=0.01s
[2023-01-28T23:43:34.942+0100][gc,start    ] GC(41) Pause Young (Normal) (G1 Evacuation Pause)
[2023-01-28T23:43:34.942+0100][gc,task     ] GC(41) Using 8 workers of 8 for evacuation
[2023-01-28T23:43:34.951+0100][gc,phases   ] GC(41)   Pre Evacuate Collection Set: 0.2ms
[2023-01-28T23:43:34.951+0100][gc,phases   ] GC(41)   Merge Heap Roots: 0.2ms
[2023-01-28T23:43:34.951+0100][gc,phases   ] GC(41)   Evacuate Collection Set: 8.1ms
[2023-01-28T23:43:34.951+0100][gc,phases   ] GC(41)   Post Evacuate Collection Set: 0.9ms
[2023-01-28T23:43:34.951+0100][gc,phases   ] GC(41)   Other: 0.3ms
[2023-01-28T23:43:34.951+0100][gc,heap     ] GC(41) Eden regions: 609->0(608)
[2023-01-28T23:43:34.951+0100][gc,heap     ] GC(41) Survivor regions: 5->6(77)
[2023-01-28T23:43:34.951+0100][gc,heap     ] GC(41) Old regions: 29->30
[2023-01-28T23:43:34.951+0100][gc,heap     ] GC(41) Archive regions: 0->0
[2023-01-28T23:43:34.951+0100][gc,heap     ] GC(41) Humongous regions: 129->129
[2023-01-28T23:43:34.951+0100][gc,metaspace] GC(41) Metaspace: 48409K(48896K)->48409K(48896K) NonClass: 43059K(43328K)->43059K(43328K) Class: 5350K(5568K)->5350K(5568K)
[2023-01-28T23:43:34.951+0100][gc          ] GC(41) Pause Young (Normal) (G1 Evacuation Pause) 771M->163M(1024M) 9.731ms
[2023-01-28T23:43:34.951+0100][gc,cpu      ] GC(41) User=0.03s Sys=0.03s Real=0.01s
[2023-01-28T23:43:38.165+0100][gc,start    ] GC(42) Pause Young (Normal) (G1 Evacuation Pause)
[2023-01-28T23:43:38.166+0100][gc,task     ] GC(42) Using 8 workers of 8 for evacuation
[2023-01-28T23:43:38.175+0100][gc,phases   ] GC(42)   Pre Evacuate Collection Set: 0.3ms
[2023-01-28T23:43:38.175+0100][gc,phases   ] GC(42)   Merge Heap Roots: 0.3ms
[2023-01-28T23:43:38.175+0100][gc,phases   ] GC(42)   Evacuate Collection Set: 7.0ms
[2023-01-28T23:43:38.175+0100][gc,phases   ] GC(42)   Post Evacuate Collection Set: 1.2ms
[2023-01-28T23:43:38.175+0100][gc,phases   ] GC(42)   Other: 1.0ms
[2023-01-28T23:43:38.175+0100][gc,heap     ] GC(42) Eden regions: 608->0(608)
[2023-01-28T23:43:38.175+0100][gc,heap     ] GC(42) Survivor regions: 6->6(77)
[2023-01-28T23:43:38.175+0100][gc,heap     ] GC(42) Old regions: 30->30
[2023-01-28T23:43:38.175+0100][gc,heap     ] GC(42) Archive regions: 0->0
[2023-01-28T23:43:38.175+0100][gc,heap     ] GC(42) Humongous regions: 129->129
[2023-01-28T23:43:38.175+0100][gc,metaspace] GC(42) Metaspace: 48409K(48896K)->48409K(48896K) NonClass: 43059K(43328K)->43059K(43328K) Class: 5350K(5568K)->5350K(5568K)
[2023-01-28T23:43:38.175+0100][gc          ] GC(42) Pause Young (Normal) (G1 Evacuation Pause) 771M->164M(1024M) 9.953ms
[2023-01-28T23:43:38.175+0100][gc,cpu      ] GC(42) User=0.03s Sys=0.02s Real=0.01s
[2023-01-28T23:43:41.036+0100][gc,start    ] GC(43) Pause Young (Normal) (G1 Evacuation Pause)
[2023-01-28T23:43:41.036+0100][gc,task     ] GC(43) Using 8 workers of 8 for evacuation
[2023-01-28T23:43:41.053+0100][gc,phases   ] GC(43)   Pre Evacuate Collection Set: 0.4ms
[2023-01-28T23:43:41.053+0100][gc,phases   ] GC(43)   Merge Heap Roots: 0.4ms
[2023-01-28T23:43:41.053+0100][gc,phases   ] GC(43)   Evacuate Collection Set: 13.9ms
[2023-01-28T23:43:41.053+0100][gc,phases   ] GC(43)   Post Evacuate Collection Set: 2.1ms
[2023-01-28T23:43:41.053+0100][gc,phases   ] GC(43)   Other: 0.4ms
[2023-01-28T23:43:41.053+0100][gc,heap     ] GC(43) Eden regions: 608->0(607)
[2023-01-28T23:43:41.053+0100][gc,heap     ] GC(43) Survivor regions: 6->7(77)
[2023-01-28T23:43:41.053+0100][gc,heap     ] GC(43) Old regions: 30->30
[2023-01-28T23:43:41.053+0100][gc,heap     ] GC(43) Archive regions: 0->0
[2023-01-28T23:43:41.053+0100][gc,heap     ] GC(43) Humongous regions: 129->129
[2023-01-28T23:43:41.053+0100][gc,metaspace] GC(43) Metaspace: 48422K(48896K)->48422K(48896K) NonClass: 43072K(43328K)->43072K(43328K) Class: 5350K(5568K)->5350K(5568K)
[2023-01-28T23:43:41.053+0100][gc          ] GC(43) Pause Young (Normal) (G1 Evacuation Pause) 772M->164M(1024M) 17.326ms
[2023-01-28T23:43:41.053+0100][gc,cpu      ] GC(43) User=0.03s Sys=0.03s Real=0.02s
[2023-01-28T23:43:44.291+0100][gc,start    ] GC(44) Pause Young (Normal) (G1 Evacuation Pause)
[2023-01-28T23:43:44.291+0100][gc,task     ] GC(44) Using 8 workers of 8 for evacuation
[2023-01-28T23:43:44.311+0100][gc,phases   ] GC(44)   Pre Evacuate Collection Set: 0.2ms
[2023-01-28T23:43:44.311+0100][gc,phases   ] GC(44)   Merge Heap Roots: 0.3ms
[2023-01-28T23:43:44.311+0100][gc,phases   ] GC(44)   Evacuate Collection Set: 16.6ms
[2023-01-28T23:43:44.311+0100][gc,phases   ] GC(44)   Post Evacuate Collection Set: 2.0ms
[2023-01-28T23:43:44.311+0100][gc,phases   ] GC(44)   Other: 0.5ms
[2023-01-28T23:43:44.311+0100][gc,heap     ] GC(44) Eden regions: 607->0(607)
[2023-01-28T23:43:44.311+0100][gc,heap     ] GC(44) Survivor regions: 7->7(77)
[2023-01-28T23:43:44.311+0100][gc,heap     ] GC(44) Old regions: 30->30
[2023-01-28T23:43:44.311+0100][gc,heap     ] GC(44) Archive regions: 0->0
[2023-01-28T23:43:44.311+0100][gc,heap     ] GC(44) Humongous regions: 129->129
[2023-01-28T23:43:44.311+0100][gc,metaspace] GC(44) Metaspace: 48423K(48896K)->48423K(48896K) NonClass: 43072K(43328K)->43072K(43328K) Class: 5350K(5568K)->5350K(5568K)
[2023-01-28T23:43:44.311+0100][gc          ] GC(44) Pause Young (Normal) (G1 Evacuation Pause) 771M->165M(1024M) 19.657ms
[2023-01-28T23:43:44.311+0100][gc,cpu      ] GC(44) User=0.03s Sys=0.03s Real=0.02s
[2023-01-28T23:44:59.603+0100][gc,start    ] GC(45) Pause Young (Normal) (G1 Evacuation Pause)
[2023-01-28T23:44:59.603+0100][gc,task     ] GC(45) Using 8 workers of 8 for evacuation
[2023-01-28T23:44:59.613+0100][gc,phases   ] GC(45)   Pre Evacuate Collection Set: 0.2ms
[2023-01-28T23:44:59.613+0100][gc,phases   ] GC(45)   Merge Heap Roots: 0.1ms
[2023-01-28T23:44:59.613+0100][gc,phases   ] GC(45)   Evacuate Collection Set: 7.5ms
[2023-01-28T23:44:59.613+0100][gc,phases   ] GC(45)   Post Evacuate Collection Set: 1.8ms
[2023-01-28T23:44:59.613+0100][gc,phases   ] GC(45)   Other: 0.4ms
[2023-01-28T23:44:59.613+0100][gc,heap     ] GC(45) Eden regions: 607->0(607)
[2023-01-28T23:44:59.613+0100][gc,heap     ] GC(45) Survivor regions: 7->7(77)
[2023-01-28T23:44:59.613+0100][gc,heap     ] GC(45) Old regions: 30->30
[2023-01-28T23:44:59.613+0100][gc,heap     ] GC(45) Archive regions: 0->0
[2023-01-28T23:44:59.613+0100][gc,heap     ] GC(45) Humongous regions: 129->129
[2023-01-28T23:44:59.613+0100][gc,metaspace] GC(45) Metaspace: 48485K(48960K)->48485K(48960K) NonClass: 43123K(43392K)->43123K(43392K) Class: 5361K(5568K)->5361K(5568K)
[2023-01-28T23:44:59.613+0100][gc          ] GC(45) Pause Young (Normal) (G1 Evacuation Pause) 772M->165M(1024M) 10.057ms
[2023-01-28T23:44:59.613+0100][gc,cpu      ] GC(45) User=0.02s Sys=0.03s Real=0.01s
[2023-01-29T00:05:23.218+0100][gc,start    ] GC(46) Pause Young (Normal) (G1 Evacuation Pause)
[2023-01-29T00:05:23.218+0100][gc,task     ] GC(46) Using 8 workers of 8 for evacuation
[2023-01-29T00:05:23.280+0100][gc,mmu      ] GC(46) MMU target violated: 21.0ms (20.0ms/21.0ms)
[2023-01-29T00:05:23.280+0100][gc,phases   ] GC(46)   Pre Evacuate Collection Set: 2.0ms
[2023-01-29T00:05:23.280+0100][gc,phases   ] GC(46)   Merge Heap Roots: 1.4ms
[2023-01-29T00:05:23.280+0100][gc,phases   ] GC(46)   Evacuate Collection Set: 57.6ms
[2023-01-29T00:05:23.280+0100][gc,phases   ] GC(46)   Post Evacuate Collection Set: 0.9ms
[2023-01-29T00:05:23.280+0100][gc,phases   ] GC(46)   Other: 0.8ms
[2023-01-29T00:05:23.280+0100][gc,heap     ] GC(46) Eden regions: 607->0(30)
[2023-01-29T00:05:23.280+0100][gc,heap     ] GC(46) Survivor regions: 7->21(77)
[2023-01-29T00:05:23.280+0100][gc,heap     ] GC(46) Old regions: 30->30
[2023-01-29T00:05:23.280+0100][gc,heap     ] GC(46) Archive regions: 0->0
[2023-01-29T00:05:23.280+0100][gc,heap     ] GC(46) Humongous regions: 129->129
[2023-01-29T00:05:23.280+0100][gc,metaspace] GC(46) Metaspace: 48878K(49408K)->48878K(49408K) NonClass: 43496K(43776K)->43496K(43776K) Class: 5381K(5632K)->5381K(5632K)
[2023-01-29T00:05:23.280+0100][gc          ] GC(46) Pause Young (Normal) (G1 Evacuation Pause) 772M->179M(1024M) 62.727ms
[2023-01-29T00:05:23.280+0100][gc,cpu      ] GC(46) User=0.07s Sys=0.15s Real=0.07s
[2023-01-29T00:06:46.359+0100][gc,start    ] GC(47) Pause Young (Normal) (G1 Evacuation Pause)
[2023-01-29T00:06:46.359+0100][gc,task     ] GC(47) Using 8 workers of 8 for evacuation
[2023-01-29T00:06:46.383+0100][gc,mmu      ] GC(47) MMU target violated: 21.0ms (20.0ms/21.0ms)
[2023-01-29T00:06:46.383+0100][gc,phases   ] GC(47)   Pre Evacuate Collection Set: 0.3ms
[2023-01-29T00:06:46.383+0100][gc,phases   ] GC(47)   Merge Heap Roots: 0.2ms
[2023-01-29T00:06:46.383+0100][gc,phases   ] GC(47)   Evacuate Collection Set: 21.8ms
[2023-01-29T00:06:46.383+0100][gc,phases   ] GC(47)   Post Evacuate Collection Set: 1.1ms
[2023-01-29T00:06:46.383+0100][gc,phases   ] GC(47)   Other: 1.0ms
[2023-01-29T00:06:46.383+0100][gc,heap     ] GC(47) Eden regions: 30->0(142)
[2023-01-29T00:06:46.383+0100][gc,heap     ] GC(47) Survivor regions: 21->3(7)
[2023-01-29T00:06:46.383+0100][gc,heap     ] GC(47) Old regions: 30->51
[2023-01-29T00:06:46.383+0100][gc,heap     ] GC(47) Archive regions: 0->0
[2023-01-29T00:06:46.383+0100][gc,heap     ] GC(47) Humongous regions: 129->129
[2023-01-29T00:06:46.383+0100][gc,metaspace] GC(47) Metaspace: 48885K(49408K)->48885K(49408K) NonClass: 43503K(43776K)->43503K(43776K) Class: 5381K(5632K)->5381K(5632K)
[2023-01-29T00:06:46.383+0100][gc          ] GC(47) Pause Young (Normal) (G1 Evacuation Pause) 209M->182M(1024M) 24.395ms
[2023-01-29T00:06:46.383+0100][gc,cpu      ] GC(47) User=0.04s Sys=0.06s Real=0.03s
[2023-01-29T00:26:24.110+0100][gc,start    ] GC(48) Pause Young (Normal) (G1 Evacuation Pause)
[2023-01-29T00:26:24.110+0100][gc,task     ] GC(48) Using 8 workers of 8 for evacuation
[2023-01-29T00:26:24.143+0100][gc,mmu      ] GC(48) MMU target violated: 21.0ms (20.0ms/21.0ms)
[2023-01-29T00:26:24.143+0100][gc,phases   ] GC(48)   Pre Evacuate Collection Set: 0.8ms
[2023-01-29T00:26:24.143+0100][gc,phases   ] GC(48)   Merge Heap Roots: 0.3ms
[2023-01-29T00:26:24.143+0100][gc,phases   ] GC(48)   Evacuate Collection Set: 31.0ms
[2023-01-29T00:26:24.143+0100][gc,phases   ] GC(48)   Post Evacuate Collection Set: 0.6ms
[2023-01-29T00:26:24.143+0100][gc,phases   ] GC(48)   Other: 0.6ms
[2023-01-29T00:26:24.143+0100][gc,heap     ] GC(48) Eden regions: 142->0(39)
[2023-01-29T00:26:24.143+0100][gc,heap     ] GC(48) Survivor regions: 3->12(19)
[2023-01-29T00:26:24.143+0100][gc,heap     ] GC(48) Old regions: 51->51
[2023-01-29T00:26:24.143+0100][gc,heap     ] GC(48) Archive regions: 0->0
[2023-01-29T00:26:24.143+0100][gc,heap     ] GC(48) Humongous regions: 129->129
[2023-01-29T00:26:24.143+0100][gc,metaspace] GC(48) Metaspace: 48982K(49536K)->48982K(49536K) NonClass: 43600K(43904K)->43600K(43904K) Class: 5382K(5632K)->5382K(5632K)
[2023-01-29T00:26:24.143+0100][gc          ] GC(48) Pause Young (Normal) (G1 Evacuation Pause) 324M->190M(1024M) 33.328ms
[2023-01-29T00:26:24.143+0100][gc,cpu      ] GC(48) User=0.03s Sys=0.07s Real=0.03s
[2023-01-29T00:32:39.421+0100][gc,start    ] GC(49) Pause Young (Normal) (G1 Evacuation Pause)
[2023-01-29T00:32:39.421+0100][gc,task     ] GC(49) Using 8 workers of 8 for evacuation
[2023-01-29T00:32:39.440+0100][gc,phases   ] GC(49)   Pre Evacuate Collection Set: 0.5ms
[2023-01-29T00:32:39.440+0100][gc,phases   ] GC(49)   Merge Heap Roots: 0.3ms
[2023-01-29T00:32:39.440+0100][gc,phases   ] GC(49)   Evacuate Collection Set: 17.0ms
[2023-01-29T00:32:39.440+0100][gc,phases   ] GC(49)   Post Evacuate Collection Set: 1.2ms
[2023-01-29T00:32:39.440+0100][gc,phases   ] GC(49)   Other: 0.8ms
[2023-01-29T00:32:39.440+0100][gc,heap     ] GC(49) Eden regions: 39->0(111)
[2023-01-29T00:32:39.440+0100][gc,heap     ] GC(49) Survivor regions: 12->3(7)
[2023-01-29T00:32:39.440+0100][gc,heap     ] GC(49) Old regions: 51->61
[2023-01-29T00:32:39.440+0100][gc,heap     ] GC(49) Archive regions: 0->0
[2023-01-29T00:32:39.440+0100][gc,heap     ] GC(49) Humongous regions: 129->129
[2023-01-29T00:32:39.440+0100][gc,metaspace] GC(49) Metaspace: 49002K(49536K)->49002K(49536K) NonClass: 43619K(43904K)->43619K(43904K) Class: 5382K(5632K)->5382K(5632K)
[2023-01-29T00:32:39.440+0100][gc          ] GC(49) Pause Young (Normal) (G1 Evacuation Pause) 229M->192M(1024M) 19.857ms
[2023-01-29T00:32:39.440+0100][gc,cpu      ] GC(49) User=0.04s Sys=0.05s Real=0.02s
[2023-01-29T00:56:14.553+0100][gc,start    ] GC(50) Pause Young (Normal) (G1 Evacuation Pause)
[2023-01-29T00:56:14.553+0100][gc,task     ] GC(50) Using 8 workers of 8 for evacuation
[2023-01-29T00:56:14.576+0100][gc,mmu      ] GC(50) MMU target violated: 21.0ms (20.0ms/21.0ms)
[2023-01-29T00:56:14.576+0100][gc,phases   ] GC(50)   Pre Evacuate Collection Set: 0.8ms
[2023-01-29T00:56:14.576+0100][gc,phases   ] GC(50)   Merge Heap Roots: 0.3ms
[2023-01-29T00:56:14.576+0100][gc,phases   ] GC(50)   Evacuate Collection Set: 19.8ms
[2023-01-29T00:56:14.576+0100][gc,phases   ] GC(50)   Post Evacuate Collection Set: 1.2ms
[2023-01-29T00:56:14.576+0100][gc,phases   ] GC(50)   Other: 1.4ms
[2023-01-29T00:56:14.576+0100][gc,heap     ] GC(50) Eden regions: 111->0(44)
[2023-01-29T00:56:14.576+0100][gc,heap     ] GC(50) Survivor regions: 3->7(15)
[2023-01-29T00:56:14.576+0100][gc,heap     ] GC(50) Old regions: 61->61
[2023-01-29T00:56:14.576+0100][gc,heap     ] GC(50) Archive regions: 0->0
[2023-01-29T00:56:14.576+0100][gc,heap     ] GC(50) Humongous regions: 129->129
[2023-01-29T00:56:14.576+0100][gc,metaspace] GC(50) Metaspace: 49059K(49600K)->49059K(49600K) NonClass: 43673K(43968K)->43673K(43968K) Class: 5385K(5632K)->5385K(5632K)
[2023-01-29T00:56:14.576+0100][gc          ] GC(50) Pause Young (Normal) (G1 Evacuation Pause) 303M->196M(1024M) 23.572ms
[2023-01-29T00:56:14.576+0100][gc,cpu      ] GC(50) User=0.04s Sys=0.04s Real=0.02s
[2023-01-29T00:59:58.398+0100][gc,start    ] GC(51) Pause Young (Normal) (G1 Evacuation Pause)
[2023-01-29T00:59:58.399+0100][gc,task     ] GC(51) Using 8 workers of 8 for evacuation
[2023-01-29T00:59:58.410+0100][gc,phases   ] GC(51)   Pre Evacuate Collection Set: 0.2ms
[2023-01-29T00:59:58.410+0100][gc,phases   ] GC(51)   Merge Heap Roots: 0.1ms
[2023-01-29T00:59:58.410+0100][gc,phases   ] GC(51)   Evacuate Collection Set: 10.4ms
[2023-01-29T00:59:58.410+0100][gc,phases   ] GC(51)   Post Evacuate Collection Set: 0.5ms
[2023-01-29T00:59:58.410+0100][gc,phases   ] GC(51)   Other: 0.4ms
[2023-01-29T00:59:58.410+0100][gc,heap     ] GC(51) Eden regions: 44->0(127)
[2023-01-29T00:59:58.410+0100][gc,heap     ] GC(51) Survivor regions: 7->3(7)
[2023-01-29T00:59:58.410+0100][gc,heap     ] GC(51) Old regions: 61->66
[2023-01-29T00:59:58.410+0100][gc,heap     ] GC(51) Archive regions: 0->0
[2023-01-29T00:59:58.410+0100][gc,heap     ] GC(51) Humongous regions: 129->129
[2023-01-29T00:59:58.410+0100][gc,metaspace] GC(51) Metaspace: 50912K(51456K)->50912K(51456K) NonClass: 45083K(45376K)->45083K(45376K) Class: 5829K(6080K)->5829K(6080K)
[2023-01-29T00:59:58.410+0100][gc          ] GC(51) Pause Young (Normal) (G1 Evacuation Pause) 240M->197M(1024M) 11.768ms
[2023-01-29T00:59:58.410+0100][gc,cpu      ] GC(51) User=0.02s Sys=0.03s Real=0.02s
[2023-01-29T00:59:58.414+0100][gc,heap,exit] Heap
[2023-01-29T00:59:58.414+0100][gc,heap,exit]  garbage-first heap   total 1048576K, used 203459K [0x00000007c0000000, 0x0000000800000000)
[2023-01-29T00:59:58.414+0100][gc,heap,exit]   region size 1024K, 5 young (5120K), 3 survivors (3072K)
[2023-01-29T00:59:58.414+0100][gc,heap,exit]  Metaspace       used 50935K, committed 51456K, reserved 1097728K
[2023-01-29T00:59:58.414+0100][gc,heap,exit]   class space    used 5836K, committed 6080K, reserved 1048576K
