[2023-01-28T21:30:25.605+0100][gc] Using G1
[2023-01-28T21:30:25.606+0100][gc,init] Version: 17.0.6+10 (release)
[2023-01-28T21:30:25.606+0100][gc,init] CPUs: 8 total, 8 available
[2023-01-28T21:30:25.606+0100][gc,init] Memory: 8192M
[2023-01-28T21:30:25.606+0100][gc,init] Large Page Support: Disabled
[2023-01-28T21:30:25.607+0100][gc,init] NUMA Support: Disabled
[2023-01-28T21:30:25.607+0100][gc,init] Compressed Oops: Enabled (Zero based)
[2023-01-28T21:30:25.607+0100][gc,init] Heap Region Size: 1M
[2023-01-28T21:30:25.607+0100][gc,init] Heap Min Capacity: 1G
[2023-01-28T21:30:25.607+0100][gc,init] Heap Initial Capacity: 1G
[2023-01-28T21:30:25.607+0100][gc,init] Heap Max Capacity: 1G
[2023-01-28T21:30:25.607+0100][gc,init] Pre-touch: Disabled
[2023-01-28T21:30:25.607+0100][gc,init] Parallel Workers: 8
[2023-01-28T21:30:25.607+0100][gc,init] Concurrent Workers: 2
[2023-01-28T21:30:25.607+0100][gc,init] Concurrent Refinement Workers: 8
[2023-01-28T21:30:25.607+0100][gc,init] Periodic GC: Disabled
[2023-01-28T21:30:25.607+0100][gc,metaspace] CDS archive(s) not mapped
[2023-01-28T21:30:25.607+0100][gc,metaspace] Compressed class space mapped at: 0x0000000800000000-0x0000000840000000, reserved size: 1073741824
[2023-01-28T21:30:25.607+0100][gc,metaspace] Narrow klass base: 0x0000000800000000, Narrow klass shift: 0, Narrow klass range: 0x40000000
[2023-01-28T21:30:26.302+0100][gc,start    ] GC(0) Pause Young (Concurrent Start) (Metadata GC Threshold)
[2023-01-28T21:30:26.302+0100][gc,task     ] GC(0) Using 8 workers of 8 for evacuation
[2023-01-28T21:30:26.305+0100][gc,phases   ] GC(0)   Pre Evacuate Collection Set: 0.1ms
[2023-01-28T21:30:26.305+0100][gc,phases   ] GC(0)   Merge Heap Roots: 0.0ms
[2023-01-28T21:30:26.305+0100][gc,phases   ] GC(0)   Evacuate Collection Set: 2.8ms
[2023-01-28T21:30:26.305+0100][gc,phases   ] GC(0)   Post Evacuate Collection Set: 0.3ms
[2023-01-28T21:30:26.305+0100][gc,phases   ] GC(0)   Other: 0.4ms
[2023-01-28T21:30:26.305+0100][gc,heap     ] GC(0) Eden regions: 35->0(44)
[2023-01-28T21:30:26.305+0100][gc,heap     ] GC(0) Survivor regions: 0->7(7)
[2023-01-28T21:30:26.305+0100][gc,heap     ] GC(0) Old regions: 0->1
[2023-01-28T21:30:26.305+0100][gc,heap     ] GC(0) Archive regions: 0->0
[2023-01-28T21:30:26.305+0100][gc,heap     ] GC(0) Humongous regions: 0->0
[2023-01-28T21:30:26.305+0100][gc,metaspace] GC(0) Metaspace: 21351K(21504K)->21351K(21504K) NonClass: 18994K(19072K)->18994K(19072K) Class: 2356K(2432K)->2356K(2432K)
[2023-01-28T21:30:26.305+0100][gc          ] GC(0) Pause Young (Concurrent Start) (Metadata GC Threshold) 35M->7M(1024M) 3.704ms
[2023-01-28T21:30:26.305+0100][gc,cpu      ] GC(0) User=0.02s Sys=0.01s Real=0.00s
[2023-01-28T21:30:26.305+0100][gc          ] GC(1) Concurrent Mark Cycle
[2023-01-28T21:30:26.305+0100][gc,marking  ] GC(1) Concurrent Clear Claimed Marks
[2023-01-28T21:30:26.305+0100][gc,marking  ] GC(1) Concurrent Clear Claimed Marks 0.012ms
[2023-01-28T21:30:26.305+0100][gc,marking  ] GC(1) Concurrent Scan Root Regions
[2023-01-28T21:30:26.307+0100][gc,marking  ] GC(1) Concurrent Scan Root Regions 1.561ms
[2023-01-28T21:30:26.307+0100][gc,marking  ] GC(1) Concurrent Mark
[2023-01-28T21:30:26.307+0100][gc,marking  ] GC(1) Concurrent Mark From Roots
[2023-01-28T21:30:26.307+0100][gc,task     ] GC(1) Using 2 workers of 2 for marking
[2023-01-28T21:30:26.307+0100][gc,marking  ] GC(1) Concurrent Mark From Roots 0.135ms
[2023-01-28T21:30:26.307+0100][gc,marking  ] GC(1) Concurrent Preclean
[2023-01-28T21:30:26.307+0100][gc,marking  ] GC(1) Concurrent Preclean 0.020ms
[2023-01-28T21:30:26.307+0100][gc,start    ] GC(1) Pause Remark
[2023-01-28T21:30:26.308+0100][gc          ] GC(1) Pause Remark 7M->7M(1024M) 0.982ms
[2023-01-28T21:30:26.308+0100][gc,cpu      ] GC(1) User=0.00s Sys=0.00s Real=0.00s
[2023-01-28T21:30:26.308+0100][gc,marking  ] GC(1) Concurrent Mark 1.294ms
[2023-01-28T21:30:26.308+0100][gc,marking  ] GC(1) Concurrent Rebuild Remembered Sets
[2023-01-28T21:30:26.308+0100][gc,marking  ] GC(1) Concurrent Rebuild Remembered Sets 0.178ms
[2023-01-28T21:30:26.309+0100][gc,start    ] GC(1) Pause Cleanup
[2023-01-28T21:30:26.309+0100][gc          ] GC(1) Pause Cleanup 7M->7M(1024M) 0.066ms
[2023-01-28T21:30:26.309+0100][gc,cpu      ] GC(1) User=0.00s Sys=0.00s Real=0.00s
[2023-01-28T21:30:26.309+0100][gc,marking  ] GC(1) Concurrent Cleanup for Next Mark
[2023-01-28T21:30:26.310+0100][gc,marking  ] GC(1) Concurrent Cleanup for Next Mark 1.500ms
[2023-01-28T21:30:26.310+0100][gc          ] GC(1) Concurrent Mark Cycle 4.849ms
[2023-01-28T21:30:27.074+0100][gc,start    ] GC(2) Pause Young (Normal) (G1 Evacuation Pause)
[2023-01-28T21:30:27.074+0100][gc,task     ] GC(2) Using 8 workers of 8 for evacuation
[2023-01-28T21:30:27.079+0100][gc,phases   ] GC(2)   Pre Evacuate Collection Set: 0.1ms
[2023-01-28T21:30:27.079+0100][gc,phases   ] GC(2)   Merge Heap Roots: 0.1ms
[2023-01-28T21:30:27.079+0100][gc,phases   ] GC(2)   Evacuate Collection Set: 4.2ms
[2023-01-28T21:30:27.079+0100][gc,phases   ] GC(2)   Post Evacuate Collection Set: 0.2ms
[2023-01-28T21:30:27.079+0100][gc,phases   ] GC(2)   Other: 0.1ms
[2023-01-28T21:30:27.079+0100][gc,heap     ] GC(2) Eden regions: 44->0(48)
[2023-01-28T21:30:27.079+0100][gc,heap     ] GC(2) Survivor regions: 7->3(7)
[2023-01-28T21:30:27.079+0100][gc,heap     ] GC(2) Old regions: 1->7
[2023-01-28T21:30:27.079+0100][gc,heap     ] GC(2) Archive regions: 0->0
[2023-01-28T21:30:27.079+0100][gc,heap     ] GC(2) Humongous regions: 129->129
[2023-01-28T21:30:27.079+0100][gc,metaspace] GC(2) Metaspace: 33565K(33792K)->33565K(33792K) NonClass: 29917K(30016K)->29917K(30016K) Class: 3647K(3776K)->3647K(3776K)
[2023-01-28T21:30:27.079+0100][gc          ] GC(2) Pause Young (Normal) (G1 Evacuation Pause) 180M->138M(1024M) 4.748ms
[2023-01-28T21:30:27.079+0100][gc,cpu      ] GC(2) User=0.02s Sys=0.01s Real=0.00s
[2023-01-28T21:30:27.202+0100][gc,start    ] GC(3) Pause Young (Concurrent Start) (Metadata GC Threshold)
[2023-01-28T21:30:27.202+0100][gc,task     ] GC(3) Using 8 workers of 8 for evacuation
[2023-01-28T21:30:27.204+0100][gc,phases   ] GC(3)   Pre Evacuate Collection Set: 0.1ms
[2023-01-28T21:30:27.204+0100][gc,phases   ] GC(3)   Merge Heap Roots: 0.0ms
[2023-01-28T21:30:27.204+0100][gc,phases   ] GC(3)   Evacuate Collection Set: 1.7ms
[2023-01-28T21:30:27.204+0100][gc,phases   ] GC(3)   Post Evacuate Collection Set: 0.2ms
[2023-01-28T21:30:27.204+0100][gc,phases   ] GC(3)   Other: 0.1ms
[2023-01-28T21:30:27.204+0100][gc,heap     ] GC(3) Eden regions: 14->0(46)
[2023-01-28T21:30:27.204+0100][gc,heap     ] GC(3) Survivor regions: 3->5(7)
[2023-01-28T21:30:27.204+0100][gc,heap     ] GC(3) Old regions: 7->7
[2023-01-28T21:30:27.204+0100][gc,heap     ] GC(3) Archive regions: 0->0
[2023-01-28T21:30:27.204+0100][gc,heap     ] GC(3) Humongous regions: 129->129
[2023-01-28T21:30:27.204+0100][gc,metaspace] GC(3) Metaspace: 35764K(35968K)->35764K(35968K) NonClass: 31849K(31936K)->31849K(31936K) Class: 3915K(4032K)->3915K(4032K)
[2023-01-28T21:30:27.204+0100][gc          ] GC(3) Pause Young (Concurrent Start) (Metadata GC Threshold) 152M->140M(1024M) 2.216ms
[2023-01-28T21:30:27.204+0100][gc,cpu      ] GC(3) User=0.01s Sys=0.00s Real=0.00s
[2023-01-28T21:30:27.204+0100][gc          ] GC(4) Concurrent Mark Cycle
[2023-01-28T21:30:27.204+0100][gc,marking  ] GC(4) Concurrent Clear Claimed Marks
[2023-01-28T21:30:27.204+0100][gc,marking  ] GC(4) Concurrent Clear Claimed Marks 0.013ms
[2023-01-28T21:30:27.204+0100][gc,marking  ] GC(4) Concurrent Scan Root Regions
[2023-01-28T21:30:27.206+0100][gc,marking  ] GC(4) Concurrent Scan Root Regions 1.648ms
[2023-01-28T21:30:27.206+0100][gc,marking  ] GC(4) Concurrent Mark
[2023-01-28T21:30:27.206+0100][gc,marking  ] GC(4) Concurrent Mark From Roots
[2023-01-28T21:30:27.206+0100][gc,task     ] GC(4) Using 2 workers of 2 for marking
[2023-01-28T21:30:27.209+0100][gc,marking  ] GC(4) Concurrent Mark From Roots 3.337ms
[2023-01-28T21:30:27.209+0100][gc,marking  ] GC(4) Concurrent Preclean
[2023-01-28T21:30:27.209+0100][gc,marking  ] GC(4) Concurrent Preclean 0.041ms
[2023-01-28T21:30:27.209+0100][gc,start    ] GC(4) Pause Remark
[2023-01-28T21:30:27.210+0100][gc          ] GC(4) Pause Remark 141M->141M(1024M) 0.902ms
[2023-01-28T21:30:27.210+0100][gc,cpu      ] GC(4) User=0.00s Sys=0.00s Real=0.01s
[2023-01-28T21:30:27.210+0100][gc,marking  ] GC(4) Concurrent Mark 4.437ms
[2023-01-28T21:30:27.210+0100][gc,marking  ] GC(4) Concurrent Rebuild Remembered Sets
[2023-01-28T21:30:27.213+0100][gc,marking  ] GC(4) Concurrent Rebuild Remembered Sets 2.296ms
[2023-01-28T21:30:27.213+0100][gc,start    ] GC(4) Pause Cleanup
[2023-01-28T21:30:27.213+0100][gc          ] GC(4) Pause Cleanup 142M->142M(1024M) 0.082ms
[2023-01-28T21:30:27.213+0100][gc,cpu      ] GC(4) User=0.00s Sys=0.00s Real=0.00s
[2023-01-28T21:30:27.213+0100][gc,marking  ] GC(4) Concurrent Cleanup for Next Mark
[2023-01-28T21:30:27.214+0100][gc,marking  ] GC(4) Concurrent Cleanup for Next Mark 1.482ms
[2023-01-28T21:30:27.214+0100][gc          ] GC(4) Concurrent Mark Cycle 10.109ms
[2023-01-28T21:34:24.294+0100][gc,start    ] GC(5) Pause Young (Normal) (G1 Evacuation Pause)
[2023-01-28T21:34:24.294+0100][gc,task     ] GC(5) Using 8 workers of 8 for evacuation
[2023-01-28T21:34:24.305+0100][gc,phases   ] GC(5)   Pre Evacuate Collection Set: 0.3ms
[2023-01-28T21:34:24.305+0100][gc,phases   ] GC(5)   Merge Heap Roots: 0.1ms
[2023-01-28T21:34:24.305+0100][gc,phases   ] GC(5)   Evacuate Collection Set: 9.9ms
[2023-01-28T21:34:24.305+0100][gc,phases   ] GC(5)   Post Evacuate Collection Set: 0.4ms
[2023-01-28T21:34:24.305+0100][gc,phases   ] GC(5)   Other: 0.2ms
[2023-01-28T21:34:24.305+0100][gc,heap     ] GC(5) Eden regions: 46->0(45)
[2023-01-28T21:34:24.305+0100][gc,heap     ] GC(5) Survivor regions: 5->6(7)
[2023-01-28T21:34:24.305+0100][gc,heap     ] GC(5) Old regions: 7->10
[2023-01-28T21:34:24.305+0100][gc,heap     ] GC(5) Archive regions: 0->0
[2023-01-28T21:34:24.305+0100][gc,heap     ] GC(5) Humongous regions: 129->129
[2023-01-28T21:34:24.305+0100][gc,metaspace] GC(5) Metaspace: 45631K(46080K)->45631K(46080K) NonClass: 40400K(40640K)->40400K(40640K) Class: 5231K(5440K)->5231K(5440K)
[2023-01-28T21:34:24.305+0100][gc          ] GC(5) Pause Young (Normal) (G1 Evacuation Pause) 186M->143M(1024M) 11.034ms
[2023-01-28T21:34:24.305+0100][gc,cpu      ] GC(5) User=0.02s Sys=0.03s Real=0.01s
[2023-01-28T21:44:32.072+0100][gc,start    ] GC(6) Pause Young (Normal) (G1 Evacuation Pause)
[2023-01-28T21:44:32.073+0100][gc,task     ] GC(6) Using 8 workers of 8 for evacuation
[2023-01-28T21:44:32.086+0100][gc,phases   ] GC(6)   Pre Evacuate Collection Set: 0.3ms
[2023-01-28T21:44:32.086+0100][gc,phases   ] GC(6)   Merge Heap Roots: 0.1ms
[2023-01-28T21:44:32.087+0100][gc,phases   ] GC(6)   Evacuate Collection Set: 11.9ms
[2023-01-28T21:44:32.087+0100][gc,phases   ] GC(6)   Post Evacuate Collection Set: 0.6ms
[2023-01-28T21:44:32.087+0100][gc,phases   ] GC(6)   Other: 3.8ms
[2023-01-28T21:44:32.087+0100][gc,heap     ] GC(6) Eden regions: 45->0(45)
[2023-01-28T21:44:32.087+0100][gc,heap     ] GC(6) Survivor regions: 6->6(7)
[2023-01-28T21:44:32.087+0100][gc,heap     ] GC(6) Old regions: 10->12
[2023-01-28T21:44:32.087+0100][gc,heap     ] GC(6) Archive regions: 0->0
[2023-01-28T21:44:32.087+0100][gc,heap     ] GC(6) Humongous regions: 129->129
[2023-01-28T21:44:32.087+0100][gc,metaspace] GC(6) Metaspace: 49015K(49664K)->49015K(49664K) NonClass: 43334K(43712K)->43334K(43712K) Class: 5680K(5952K)->5680K(5952K)
[2023-01-28T21:44:32.087+0100][gc          ] GC(6) Pause Young (Normal) (G1 Evacuation Pause) 188M->145M(1024M) 14.979ms
[2023-01-28T21:44:32.087+0100][gc,cpu      ] GC(6) User=0.02s Sys=0.05s Real=0.01s
[2023-01-28T22:13:00.835+0100][gc,start    ] GC(7) Pause Young (Normal) (G1 Evacuation Pause)
[2023-01-28T22:13:00.835+0100][gc,task     ] GC(7) Using 8 workers of 8 for evacuation
[2023-01-28T22:13:00.847+0100][gc,phases   ] GC(7)   Pre Evacuate Collection Set: 0.3ms
[2023-01-28T22:13:00.847+0100][gc,phases   ] GC(7)   Merge Heap Roots: 0.1ms
[2023-01-28T22:13:00.847+0100][gc,phases   ] GC(7)   Evacuate Collection Set: 11.0ms
[2023-01-28T22:13:00.847+0100][gc,phases   ] GC(7)   Post Evacuate Collection Set: 0.7ms
[2023-01-28T22:13:00.847+0100][gc,phases   ] GC(7)   Other: 1.1ms
[2023-01-28T22:13:00.847+0100][gc,heap     ] GC(7) Eden regions: 45->0(47)
[2023-01-28T22:13:00.847+0100][gc,heap     ] GC(7) Survivor regions: 6->4(7)
[2023-01-28T22:13:00.847+0100][gc,heap     ] GC(7) Old regions: 12->15
[2023-01-28T22:13:00.847+0100][gc,heap     ] GC(7) Archive regions: 0->0
[2023-01-28T22:13:00.847+0100][gc,heap     ] GC(7) Humongous regions: 129->129
[2023-01-28T22:13:00.847+0100][gc,metaspace] GC(7) Metaspace: 49611K(50176K)->49611K(50176K) NonClass: 43906K(44224K)->43906K(44224K) Class: 5704K(5952K)->5704K(5952K)
[2023-01-28T22:13:00.847+0100][gc          ] GC(7) Pause Young (Normal) (G1 Evacuation Pause) 190M->146M(1024M) 13.205ms
[2023-01-28T22:13:00.847+0100][gc,cpu      ] GC(7) User=0.02s Sys=0.04s Real=0.01s
[2023-01-28T22:50:46.530+0100][gc,start    ] GC(8) Pause Young (Normal) (G1 Evacuation Pause)
[2023-01-28T22:50:46.531+0100][gc,task     ] GC(8) Using 8 workers of 8 for evacuation
[2023-01-28T22:50:46.537+0100][gc,phases   ] GC(8)   Pre Evacuate Collection Set: 0.3ms
[2023-01-28T22:50:46.537+0100][gc,phases   ] GC(8)   Merge Heap Roots: 0.2ms
[2023-01-28T22:50:46.537+0100][gc,phases   ] GC(8)   Evacuate Collection Set: 4.5ms
[2023-01-28T22:50:46.537+0100][gc,phases   ] GC(8)   Post Evacuate Collection Set: 0.7ms
[2023-01-28T22:50:46.537+0100][gc,phases   ] GC(8)   Other: 0.4ms
[2023-01-28T22:50:46.537+0100][gc,heap     ] GC(8) Eden regions: 47->0(70)
[2023-01-28T22:50:46.537+0100][gc,heap     ] GC(8) Survivor regions: 4->3(7)
[2023-01-28T22:50:46.537+0100][gc,heap     ] GC(8) Old regions: 15->15
[2023-01-28T22:50:46.537+0100][gc,heap     ] GC(8) Archive regions: 0->0
[2023-01-28T22:50:46.537+0100][gc,heap     ] GC(8) Humongous regions: 129->129
[2023-01-28T22:50:46.537+0100][gc,metaspace] GC(8) Metaspace: 49843K(50496K)->49843K(50496K) NonClass: 44104K(44480K)->44104K(44480K) Class: 5738K(6016K)->5738K(6016K)
[2023-01-28T22:50:46.537+0100][gc          ] GC(8) Pause Young (Normal) (G1 Evacuation Pause) 193M->146M(1024M) 6.230ms
[2023-01-28T22:50:46.537+0100][gc,cpu      ] GC(8) User=0.01s Sys=0.01s Real=0.00s
[2023-01-28T23:12:18.220+0100][gc,start    ] GC(9) Pause Young (Normal) (G1 Evacuation Pause)
[2023-01-28T23:12:18.222+0100][gc,task     ] GC(9) Using 8 workers of 8 for evacuation
[2023-01-28T23:12:18.238+0100][gc,phases   ] GC(9)   Pre Evacuate Collection Set: 0.6ms
[2023-01-28T23:12:18.238+0100][gc,phases   ] GC(9)   Merge Heap Roots: 0.2ms
[2023-01-28T23:12:18.238+0100][gc,phases   ] GC(9)   Evacuate Collection Set: 13.9ms
[2023-01-28T23:12:18.238+0100][gc,phases   ] GC(9)   Post Evacuate Collection Set: 0.7ms
[2023-01-28T23:12:18.238+0100][gc,phases   ] GC(9)   Other: 2.0ms
[2023-01-28T23:12:18.238+0100][gc,heap     ] GC(9) Eden regions: 70->0(45)
[2023-01-28T23:12:18.238+0100][gc,heap     ] GC(9) Survivor regions: 3->6(10)
[2023-01-28T23:12:18.238+0100][gc,heap     ] GC(9) Old regions: 15->15
[2023-01-28T23:12:18.238+0100][gc,heap     ] GC(9) Archive regions: 0->0
[2023-01-28T23:12:18.238+0100][gc,heap     ] GC(9) Humongous regions: 129->129
[2023-01-28T23:12:18.238+0100][gc,metaspace] GC(9) Metaspace: 50809K(51456K)->50809K(51456K) NonClass: 44937K(45312K)->44937K(45312K) Class: 5871K(6144K)->5871K(6144K)
[2023-01-28T23:12:18.238+0100][gc          ] GC(9) Pause Young (Normal) (G1 Evacuation Pause) 216M->149M(1024M) 17.466ms
[2023-01-28T23:12:18.238+0100][gc,cpu      ] GC(9) User=0.02s Sys=0.05s Real=0.01s
[2023-01-28T23:19:01.178+0100][gc,start    ] GC(10) Pause Young (Normal) (G1 Evacuation Pause)
[2023-01-28T23:19:01.179+0100][gc,task     ] GC(10) Using 8 workers of 8 for evacuation
[2023-01-28T23:19:01.204+0100][gc,mmu      ] GC(10) MMU target violated: 21.0ms (20.0ms/21.0ms)
[2023-01-28T23:19:01.204+0100][gc,phases   ] GC(10)   Pre Evacuate Collection Set: 0.4ms
[2023-01-28T23:19:01.204+0100][gc,phases   ] GC(10)   Merge Heap Roots: 0.1ms
[2023-01-28T23:19:01.204+0100][gc,phases   ] GC(10)   Evacuate Collection Set: 23.9ms
[2023-01-28T23:19:01.204+0100][gc,phases   ] GC(10)   Post Evacuate Collection Set: 0.3ms
[2023-01-28T23:19:01.204+0100][gc,phases   ] GC(10)   Other: 0.9ms
[2023-01-28T23:19:01.204+0100][gc,heap     ] GC(10) Eden regions: 45->0(66)
[2023-01-28T23:19:01.204+0100][gc,heap     ] GC(10) Survivor regions: 6->4(7)
[2023-01-28T23:19:01.204+0100][gc,heap     ] GC(10) Old regions: 15->17
[2023-01-28T23:19:01.204+0100][gc,heap     ] GC(10) Archive regions: 0->0
[2023-01-28T23:19:01.204+0100][gc,heap     ] GC(10) Humongous regions: 129->129
[2023-01-28T23:19:01.204+0100][gc,metaspace] GC(10) Metaspace: 50811K(51456K)->50811K(51456K) NonClass: 44939K(45312K)->44939K(45312K) Class: 5871K(6144K)->5871K(6144K)
[2023-01-28T23:19:01.204+0100][gc          ] GC(10) Pause Young (Normal) (G1 Evacuation Pause) 194M->148M(1024M) 25.698ms
[2023-01-28T23:19:01.204+0100][gc,cpu      ] GC(10) User=0.02s Sys=0.03s Real=0.03s
[2023-01-28T23:23:20.555+0100][gc,start    ] GC(11) Pause Young (Normal) (G1 Evacuation Pause)
[2023-01-28T23:23:20.555+0100][gc,task     ] GC(11) Using 8 workers of 8 for evacuation
[2023-01-28T23:23:20.559+0100][gc,phases   ] GC(11)   Pre Evacuate Collection Set: 0.4ms
[2023-01-28T23:23:20.559+0100][gc,phases   ] GC(11)   Merge Heap Roots: 0.1ms
[2023-01-28T23:23:20.559+0100][gc,phases   ] GC(11)   Evacuate Collection Set: 3.2ms
[2023-01-28T23:23:20.559+0100][gc,phases   ] GC(11)   Post Evacuate Collection Set: 0.3ms
[2023-01-28T23:23:20.559+0100][gc,phases   ] GC(11)   Other: 0.5ms
[2023-01-28T23:23:20.559+0100][gc,heap     ] GC(11) Eden regions: 66->0(157)
[2023-01-28T23:23:20.559+0100][gc,heap     ] GC(11) Survivor regions: 4->4(9)
[2023-01-28T23:23:20.559+0100][gc,heap     ] GC(11) Old regions: 17->17
[2023-01-28T23:23:20.559+0100][gc,heap     ] GC(11) Archive regions: 0->0
[2023-01-28T23:23:20.559+0100][gc,heap     ] GC(11) Humongous regions: 129->129
[2023-01-28T23:23:20.559+0100][gc,metaspace] GC(11) Metaspace: 51266K(51840K)->51266K(51840K) NonClass: 45393K(45696K)->45393K(45696K) Class: 5872K(6144K)->5872K(6144K)
[2023-01-28T23:23:20.559+0100][gc          ] GC(11) Pause Young (Normal) (G1 Evacuation Pause) 214M->148M(1024M) 4.552ms
[2023-01-28T23:23:20.559+0100][gc,cpu      ] GC(11) User=0.01s Sys=0.00s Real=0.00s
[2023-01-28T23:23:22.738+0100][gc,start    ] GC(12) Pause Young (Normal) (G1 Evacuation Pause)
[2023-01-28T23:23:22.738+0100][gc,task     ] GC(12) Using 8 workers of 8 for evacuation
[2023-01-28T23:23:22.743+0100][gc,phases   ] GC(12)   Pre Evacuate Collection Set: 0.2ms
[2023-01-28T23:23:22.743+0100][gc,phases   ] GC(12)   Merge Heap Roots: 0.2ms
[2023-01-28T23:23:22.743+0100][gc,phases   ] GC(12)   Evacuate Collection Set: 4.2ms
[2023-01-28T23:23:22.743+0100][gc,phases   ] GC(12)   Post Evacuate Collection Set: 0.4ms
[2023-01-28T23:23:22.743+0100][gc,phases   ] GC(12)   Other: 0.3ms
[2023-01-28T23:23:22.743+0100][gc,heap     ] GC(12) Eden regions: 157->0(232)
[2023-01-28T23:23:22.743+0100][gc,heap     ] GC(12) Survivor regions: 4->4(21)
[2023-01-28T23:23:22.743+0100][gc,heap     ] GC(12) Old regions: 17->17
[2023-01-28T23:23:22.743+0100][gc,heap     ] GC(12) Archive regions: 0->0
[2023-01-28T23:23:22.743+0100][gc,heap     ] GC(12) Humongous regions: 129->129
[2023-01-28T23:23:22.743+0100][gc,metaspace] GC(12) Metaspace: 51283K(51904K)->51283K(51904K) NonClass: 45410K(45760K)->45410K(45760K) Class: 5872K(6144K)->5872K(6144K)
[2023-01-28T23:23:22.743+0100][gc          ] GC(12) Pause Young (Normal) (G1 Evacuation Pause) 305M->149M(1024M) 5.287ms
[2023-01-28T23:23:22.743+0100][gc,cpu      ] GC(12) User=0.02s Sys=0.01s Real=0.01s
[2023-01-28T23:23:25.053+0100][gc,start    ] GC(13) Pause Young (Normal) (G1 Evacuation Pause)
[2023-01-28T23:23:25.053+0100][gc,task     ] GC(13) Using 8 workers of 8 for evacuation
[2023-01-28T23:23:25.064+0100][gc,phases   ] GC(13)   Pre Evacuate Collection Set: 0.1ms
[2023-01-28T23:23:25.064+0100][gc,phases   ] GC(13)   Merge Heap Roots: 0.1ms
[2023-01-28T23:23:25.064+0100][gc,phases   ] GC(13)   Evacuate Collection Set: 9.6ms
[2023-01-28T23:23:25.064+0100][gc,phases   ] GC(13)   Post Evacuate Collection Set: 1.0ms
[2023-01-28T23:23:25.064+0100][gc,phases   ] GC(13)   Other: 0.2ms
[2023-01-28T23:23:25.064+0100][gc,heap     ] GC(13) Eden regions: 232->0(610)
[2023-01-28T23:23:25.064+0100][gc,heap     ] GC(13) Survivor regions: 4->4(30)
[2023-01-28T23:23:25.064+0100][gc,heap     ] GC(13) Old regions: 17->17
[2023-01-28T23:23:25.064+0100][gc,heap     ] GC(13) Archive regions: 0->0
[2023-01-28T23:23:25.064+0100][gc,heap     ] GC(13) Humongous regions: 129->129
[2023-01-28T23:23:25.064+0100][gc,metaspace] GC(13) Metaspace: 51298K(51904K)->51298K(51904K) NonClass: 45425K(45760K)->45425K(45760K) Class: 5872K(6144K)->5872K(6144K)
[2023-01-28T23:23:25.064+0100][gc          ] GC(13) Pause Young (Normal) (G1 Evacuation Pause) 381M->149M(1024M) 11.046ms
[2023-01-28T23:23:25.064+0100][gc,cpu      ] GC(13) User=0.02s Sys=0.01s Real=0.01s
[2023-01-28T23:23:36.501+0100][gc,start    ] GC(14) Pause Young (Normal) (G1 Evacuation Pause)
[2023-01-28T23:23:36.502+0100][gc,task     ] GC(14) Using 8 workers of 8 for evacuation
[2023-01-28T23:23:36.517+0100][gc,phases   ] GC(14)   Pre Evacuate Collection Set: 0.6ms
[2023-01-28T23:23:36.517+0100][gc,phases   ] GC(14)   Merge Heap Roots: 0.3ms
[2023-01-28T23:23:36.517+0100][gc,phases   ] GC(14)   Evacuate Collection Set: 13.5ms
[2023-01-28T23:23:36.517+0100][gc,phases   ] GC(14)   Post Evacuate Collection Set: 0.6ms
[2023-01-28T23:23:36.517+0100][gc,phases   ] GC(14)   Other: 1.3ms
[2023-01-28T23:23:36.517+0100][gc,heap     ] GC(14) Eden regions: 610->0(381)
[2023-01-28T23:23:36.517+0100][gc,heap     ] GC(14) Survivor regions: 4->4(77)
[2023-01-28T23:23:36.517+0100][gc,heap     ] GC(14) Old regions: 17->17
[2023-01-28T23:23:36.517+0100][gc,heap     ] GC(14) Archive regions: 0->0
[2023-01-28T23:23:36.517+0100][gc,heap     ] GC(14) Humongous regions: 129->129
[2023-01-28T23:23:36.517+0100][gc,metaspace] GC(14) Metaspace: 51304K(51904K)->51304K(51904K) NonClass: 45430K(45760K)->45430K(45760K) Class: 5873K(6144K)->5873K(6144K)
[2023-01-28T23:23:36.517+0100][gc          ] GC(14) Pause Young (Normal) (G1 Evacuation Pause) 759M->149M(1024M) 16.218ms
[2023-01-28T23:23:36.517+0100][gc,cpu      ] GC(14) User=0.02s Sys=0.06s Real=0.01s
[2023-01-28T23:23:44.307+0100][gc,start    ] GC(15) Pause Young (Normal) (G1 Evacuation Pause)
[2023-01-28T23:23:44.307+0100][gc,task     ] GC(15) Using 8 workers of 8 for evacuation
[2023-01-28T23:23:44.312+0100][gc,phases   ] GC(15)   Pre Evacuate Collection Set: 0.3ms
[2023-01-28T23:23:44.312+0100][gc,phases   ] GC(15)   Merge Heap Roots: 0.1ms
[2023-01-28T23:23:44.312+0100][gc,phases   ] GC(15)   Evacuate Collection Set: 3.8ms
[2023-01-28T23:23:44.312+0100][gc,phases   ] GC(15)   Post Evacuate Collection Set: 0.5ms
[2023-01-28T23:23:44.312+0100][gc,phases   ] GC(15)   Other: 0.4ms
[2023-01-28T23:23:44.312+0100][gc,heap     ] GC(15) Eden regions: 381->0(610)
[2023-01-28T23:23:44.312+0100][gc,heap     ] GC(15) Survivor regions: 4->4(49)
[2023-01-28T23:23:44.312+0100][gc,heap     ] GC(15) Old regions: 17->17
[2023-01-28T23:23:44.312+0100][gc,heap     ] GC(15) Archive regions: 0->0
[2023-01-28T23:23:44.312+0100][gc,heap     ] GC(15) Humongous regions: 129->129
[2023-01-28T23:23:44.312+0100][gc,metaspace] GC(15) Metaspace: 51305K(51904K)->51305K(51904K) NonClass: 45431K(45760K)->45431K(45760K) Class: 5873K(6144K)->5873K(6144K)
[2023-01-28T23:23:44.312+0100][gc          ] GC(15) Pause Young (Normal) (G1 Evacuation Pause) 530M->149M(1024M) 5.112ms
[2023-01-28T23:23:44.312+0100][gc,cpu      ] GC(15) User=0.01s Sys=0.01s Real=0.01s
[2023-01-28T23:27:52.312+0100][gc,start    ] GC(16) Pause Young (Normal) (G1 Evacuation Pause)
[2023-01-28T23:27:52.313+0100][gc,task     ] GC(16) Using 8 workers of 8 for evacuation
[2023-01-28T23:27:52.352+0100][gc,mmu      ] GC(16) MMU target violated: 21.0ms (20.0ms/21.0ms)
[2023-01-28T23:27:52.352+0100][gc,phases   ] GC(16)   Pre Evacuate Collection Set: 3.3ms
[2023-01-28T23:27:52.352+0100][gc,phases   ] GC(16)   Merge Heap Roots: 0.8ms
[2023-01-28T23:27:52.352+0100][gc,phases   ] GC(16)   Evacuate Collection Set: 32.5ms
[2023-01-28T23:27:52.352+0100][gc,phases   ] GC(16)   Post Evacuate Collection Set: 2.1ms
[2023-01-28T23:27:52.352+0100][gc,phases   ] GC(16)   Other: 2.3ms
[2023-01-28T23:27:52.352+0100][gc,heap     ] GC(16) Eden regions: 610->0(250)
[2023-01-28T23:27:52.352+0100][gc,heap     ] GC(16) Survivor regions: 4->4(77)
[2023-01-28T23:27:52.352+0100][gc,heap     ] GC(16) Old regions: 17->17
[2023-01-28T23:27:52.352+0100][gc,heap     ] GC(16) Archive regions: 0->0
[2023-01-28T23:27:52.352+0100][gc,heap     ] GC(16) Humongous regions: 129->129
[2023-01-28T23:27:52.352+0100][gc,metaspace] GC(16) Metaspace: 51330K(51904K)->51330K(51904K) NonClass: 45456K(45760K)->45456K(45760K) Class: 5874K(6144K)->5874K(6144K)
[2023-01-28T23:27:52.352+0100][gc          ] GC(16) Pause Young (Normal) (G1 Evacuation Pause) 759M->149M(1024M) 40.392ms
[2023-01-28T23:27:52.352+0100][gc,cpu      ] GC(16) User=0.02s Sys=0.02s Real=0.04s
[2023-01-28T23:28:00.219+0100][gc,start    ] GC(17) Pause Young (Normal) (G1 Evacuation Pause)
[2023-01-28T23:28:00.220+0100][gc,task     ] GC(17) Using 8 workers of 8 for evacuation
[2023-01-28T23:28:00.225+0100][gc,phases   ] GC(17)   Pre Evacuate Collection Set: 0.3ms
[2023-01-28T23:28:00.225+0100][gc,phases   ] GC(17)   Merge Heap Roots: 0.1ms
[2023-01-28T23:28:00.225+0100][gc,phases   ] GC(17)   Evacuate Collection Set: 3.9ms
[2023-01-28T23:28:00.225+0100][gc,phases   ] GC(17)   Post Evacuate Collection Set: 0.7ms
[2023-01-28T23:28:00.225+0100][gc,phases   ] GC(17)   Other: 0.4ms
[2023-01-28T23:28:00.225+0100][gc,heap     ] GC(17) Eden regions: 250->0(412)
[2023-01-28T23:28:00.225+0100][gc,heap     ] GC(17) Survivor regions: 4->4(32)
[2023-01-28T23:28:00.225+0100][gc,heap     ] GC(17) Old regions: 17->17
[2023-01-28T23:28:00.225+0100][gc,heap     ] GC(17) Archive regions: 0->0
[2023-01-28T23:28:00.225+0100][gc,heap     ] GC(17) Humongous regions: 129->129
[2023-01-28T23:28:00.225+0100][gc,metaspace] GC(17) Metaspace: 51338K(51904K)->51338K(51904K) NonClass: 45463K(45760K)->45463K(45760K) Class: 5874K(6144K)->5874K(6144K)
[2023-01-28T23:28:00.225+0100][gc          ] GC(17) Pause Young (Normal) (G1 Evacuation Pause) 399M->149M(1024M) 5.451ms
[2023-01-28T23:28:00.225+0100][gc,cpu      ] GC(17) User=0.01s Sys=0.01s Real=0.01s
[2023-01-28T23:28:09.231+0100][gc,start    ] GC(18) Pause Young (Normal) (G1 Evacuation Pause)
[2023-01-28T23:28:09.232+0100][gc,task     ] GC(18) Using 8 workers of 8 for evacuation
[2023-01-28T23:28:09.238+0100][gc,phases   ] GC(18)   Pre Evacuate Collection Set: 0.2ms
[2023-01-28T23:28:09.238+0100][gc,phases   ] GC(18)   Merge Heap Roots: 0.1ms
[2023-01-28T23:28:09.238+0100][gc,phases   ] GC(18)   Evacuate Collection Set: 4.5ms
[2023-01-28T23:28:09.238+0100][gc,phases   ] GC(18)   Post Evacuate Collection Set: 0.9ms
[2023-01-28T23:28:09.238+0100][gc,phases   ] GC(18)   Other: 0.4ms
[2023-01-28T23:28:09.238+0100][gc,heap     ] GC(18) Eden regions: 412->0(610)
[2023-01-28T23:28:09.238+0100][gc,heap     ] GC(18) Survivor regions: 4->4(52)
[2023-01-28T23:28:09.238+0100][gc,heap     ] GC(18) Old regions: 17->17
[2023-01-28T23:28:09.238+0100][gc,heap     ] GC(18) Archive regions: 0->0
[2023-01-28T23:28:09.238+0100][gc,heap     ] GC(18) Humongous regions: 129->129
[2023-01-28T23:28:09.238+0100][gc,metaspace] GC(18) Metaspace: 51339K(51904K)->51339K(51904K) NonClass: 45464K(45760K)->45464K(45760K) Class: 5874K(6144K)->5874K(6144K)
[2023-01-28T23:28:09.238+0100][gc          ] GC(18) Pause Young (Normal) (G1 Evacuation Pause) 561M->149M(1024M) 6.202ms
[2023-01-28T23:28:09.238+0100][gc,cpu      ] GC(18) User=0.01s Sys=0.01s Real=0.00s
[2023-01-28T23:28:21.483+0100][gc,start    ] GC(19) Pause Young (Normal) (G1 Evacuation Pause)
[2023-01-28T23:28:21.483+0100][gc,task     ] GC(19) Using 8 workers of 8 for evacuation
[2023-01-28T23:28:21.491+0100][gc,phases   ] GC(19)   Pre Evacuate Collection Set: 0.3ms
[2023-01-28T23:28:21.491+0100][gc,phases   ] GC(19)   Merge Heap Roots: 0.2ms
[2023-01-28T23:28:21.491+0100][gc,phases   ] GC(19)   Evacuate Collection Set: 5.7ms
[2023-01-28T23:28:21.491+0100][gc,phases   ] GC(19)   Post Evacuate Collection Set: 1.0ms
[2023-01-28T23:28:21.491+0100][gc,phases   ] GC(19)   Other: 0.6ms
[2023-01-28T23:28:21.491+0100][gc,heap     ] GC(19) Eden regions: 610->0(610)
[2023-01-28T23:28:21.491+0100][gc,heap     ] GC(19) Survivor regions: 4->4(77)
[2023-01-28T23:28:21.491+0100][gc,heap     ] GC(19) Old regions: 17->17
[2023-01-28T23:28:21.491+0100][gc,heap     ] GC(19) Archive regions: 0->0
[2023-01-28T23:28:21.491+0100][gc,heap     ] GC(19) Humongous regions: 129->129
[2023-01-28T23:28:21.491+0100][gc,metaspace] GC(19) Metaspace: 51339K(51904K)->51339K(51904K) NonClass: 45464K(45760K)->45464K(45760K) Class: 5874K(6144K)->5874K(6144K)
[2023-01-28T23:28:21.491+0100][gc          ] GC(19) Pause Young (Normal) (G1 Evacuation Pause) 759M->149M(1024M) 7.678ms
[2023-01-28T23:28:21.491+0100][gc,cpu      ] GC(19) User=0.01s Sys=0.01s Real=0.01s
[2023-01-28T23:28:33.148+0100][gc,start    ] GC(20) Pause Young (Normal) (G1 Evacuation Pause)
[2023-01-28T23:28:33.148+0100][gc,task     ] GC(20) Using 8 workers of 8 for evacuation
[2023-01-28T23:28:33.157+0100][gc,phases   ] GC(20)   Pre Evacuate Collection Set: 0.3ms
[2023-01-28T23:28:33.157+0100][gc,phases   ] GC(20)   Merge Heap Roots: 0.1ms
[2023-01-28T23:28:33.157+0100][gc,phases   ] GC(20)   Evacuate Collection Set: 6.7ms
[2023-01-28T23:28:33.157+0100][gc,phases   ] GC(20)   Post Evacuate Collection Set: 0.9ms
[2023-01-28T23:28:33.157+0100][gc,phases   ] GC(20)   Other: 0.6ms
[2023-01-28T23:28:33.157+0100][gc,heap     ] GC(20) Eden regions: 610->0(610)
[2023-01-28T23:28:33.157+0100][gc,heap     ] GC(20) Survivor regions: 4->4(77)
[2023-01-28T23:28:33.157+0100][gc,heap     ] GC(20) Old regions: 17->17
[2023-01-28T23:28:33.157+0100][gc,heap     ] GC(20) Archive regions: 0->0
[2023-01-28T23:28:33.157+0100][gc,heap     ] GC(20) Humongous regions: 129->129
[2023-01-28T23:28:33.157+0100][gc,metaspace] GC(20) Metaspace: 51339K(51904K)->51339K(51904K) NonClass: 45465K(45760K)->45465K(45760K) Class: 5874K(6144K)->5874K(6144K)
[2023-01-28T23:28:33.157+0100][gc          ] GC(20) Pause Young (Normal) (G1 Evacuation Pause) 759M->149M(1024M) 8.638ms
[2023-01-28T23:28:33.157+0100][gc,cpu      ] GC(20) User=0.01s Sys=0.01s Real=0.01s
[2023-01-28T23:28:43.243+0100][gc,start    ] GC(21) Pause Young (Normal) (G1 Evacuation Pause)
[2023-01-28T23:28:43.244+0100][gc,task     ] GC(21) Using 8 workers of 8 for evacuation
[2023-01-28T23:28:43.253+0100][gc,phases   ] GC(21)   Pre Evacuate Collection Set: 0.6ms
[2023-01-28T23:28:43.253+0100][gc,phases   ] GC(21)   Merge Heap Roots: 0.2ms
[2023-01-28T23:28:43.253+0100][gc,phases   ] GC(21)   Evacuate Collection Set: 7.1ms
[2023-01-28T23:28:43.254+0100][gc,phases   ] GC(21)   Post Evacuate Collection Set: 1.1ms
[2023-01-28T23:28:43.254+0100][gc,phases   ] GC(21)   Other: 1.3ms
[2023-01-28T23:28:43.254+0100][gc,heap     ] GC(21) Eden regions: 610->0(610)
[2023-01-28T23:28:43.254+0100][gc,heap     ] GC(21) Survivor regions: 4->4(77)
[2023-01-28T23:28:43.254+0100][gc,heap     ] GC(21) Old regions: 17->17
[2023-01-28T23:28:43.254+0100][gc,heap     ] GC(21) Archive regions: 0->0
[2023-01-28T23:28:43.254+0100][gc,heap     ] GC(21) Humongous regions: 129->129
[2023-01-28T23:28:43.254+0100][gc,metaspace] GC(21) Metaspace: 51341K(51904K)->51341K(51904K) NonClass: 45467K(45760K)->45467K(45760K) Class: 5874K(6144K)->5874K(6144K)
[2023-01-28T23:28:43.254+0100][gc          ] GC(21) Pause Young (Normal) (G1 Evacuation Pause) 759M->149M(1024M) 10.274ms
[2023-01-28T23:28:43.254+0100][gc,cpu      ] GC(21) User=0.02s Sys=0.02s Real=0.01s
[2023-01-28T23:28:53.065+0100][gc,start    ] GC(22) Pause Young (Normal) (G1 Evacuation Pause)
[2023-01-28T23:28:53.065+0100][gc,task     ] GC(22) Using 8 workers of 8 for evacuation
[2023-01-28T23:28:53.073+0100][gc,phases   ] GC(22)   Pre Evacuate Collection Set: 0.3ms
[2023-01-28T23:28:53.073+0100][gc,phases   ] GC(22)   Merge Heap Roots: 0.1ms
[2023-01-28T23:28:53.073+0100][gc,phases   ] GC(22)   Evacuate Collection Set: 6.7ms
[2023-01-28T23:28:53.073+0100][gc,phases   ] GC(22)   Post Evacuate Collection Set: 0.8ms
[2023-01-28T23:28:53.073+0100][gc,phases   ] GC(22)   Other: 0.2ms
[2023-01-28T23:28:53.073+0100][gc,heap     ] GC(22) Eden regions: 610->0(610)
[2023-01-28T23:28:53.073+0100][gc,heap     ] GC(22) Survivor regions: 4->4(77)
[2023-01-28T23:28:53.073+0100][gc,heap     ] GC(22) Old regions: 17->17
[2023-01-28T23:28:53.073+0100][gc,heap     ] GC(22) Archive regions: 0->0
[2023-01-28T23:28:53.073+0100][gc,heap     ] GC(22) Humongous regions: 129->129
[2023-01-28T23:28:53.073+0100][gc,metaspace] GC(22) Metaspace: 51342K(51904K)->51342K(51904K) NonClass: 45468K(45760K)->45468K(45760K) Class: 5874K(6144K)->5874K(6144K)
[2023-01-28T23:28:53.073+0100][gc          ] GC(22) Pause Young (Normal) (G1 Evacuation Pause) 759M->149M(1024M) 8.109ms
[2023-01-28T23:28:53.073+0100][gc,cpu      ] GC(22) User=0.02s Sys=0.02s Real=0.01s
[2023-01-28T23:29:03.581+0100][gc,start    ] GC(23) Pause Young (Normal) (G1 Evacuation Pause)
[2023-01-28T23:29:03.582+0100][gc,task     ] GC(23) Using 8 workers of 8 for evacuation
[2023-01-28T23:29:03.590+0100][gc,phases   ] GC(23)   Pre Evacuate Collection Set: 0.3ms
[2023-01-28T23:29:03.590+0100][gc,phases   ] GC(23)   Merge Heap Roots: 0.1ms
[2023-01-28T23:29:03.590+0100][gc,phases   ] GC(23)   Evacuate Collection Set: 6.7ms
[2023-01-28T23:29:03.590+0100][gc,phases   ] GC(23)   Post Evacuate Collection Set: 1.1ms
[2023-01-28T23:29:03.590+0100][gc,phases   ] GC(23)   Other: 0.5ms
[2023-01-28T23:29:03.590+0100][gc,heap     ] GC(23) Eden regions: 610->0(610)
[2023-01-28T23:29:03.590+0100][gc,heap     ] GC(23) Survivor regions: 4->4(77)
[2023-01-28T23:29:03.590+0100][gc,heap     ] GC(23) Old regions: 17->17
[2023-01-28T23:29:03.590+0100][gc,heap     ] GC(23) Archive regions: 0->0
[2023-01-28T23:29:03.590+0100][gc,heap     ] GC(23) Humongous regions: 129->129
[2023-01-28T23:29:03.590+0100][gc,metaspace] GC(23) Metaspace: 51347K(51904K)->51347K(51904K) NonClass: 45473K(45760K)->45473K(45760K) Class: 5874K(6144K)->5874K(6144K)
[2023-01-28T23:29:03.590+0100][gc          ] GC(23) Pause Young (Normal) (G1 Evacuation Pause) 759M->149M(1024M) 8.662ms
[2023-01-28T23:29:03.590+0100][gc,cpu      ] GC(23) User=0.02s Sys=0.02s Real=0.01s
[2023-01-28T23:29:12.902+0100][gc,start    ] GC(24) Pause Young (Normal) (G1 Evacuation Pause)
[2023-01-28T23:29:12.902+0100][gc,task     ] GC(24) Using 8 workers of 8 for evacuation
[2023-01-28T23:29:12.918+0100][gc,phases   ] GC(24)   Pre Evacuate Collection Set: 0.4ms
[2023-01-28T23:29:12.918+0100][gc,phases   ] GC(24)   Merge Heap Roots: 0.2ms
[2023-01-28T23:29:12.918+0100][gc,phases   ] GC(24)   Evacuate Collection Set: 12.7ms
[2023-01-28T23:29:12.918+0100][gc,phases   ] GC(24)   Post Evacuate Collection Set: 2.8ms
[2023-01-28T23:29:12.918+0100][gc,phases   ] GC(24)   Other: 0.4ms
[2023-01-28T23:29:12.918+0100][gc,heap     ] GC(24) Eden regions: 610->0(611)
[2023-01-28T23:29:12.918+0100][gc,heap     ] GC(24) Survivor regions: 4->3(77)
[2023-01-28T23:29:12.918+0100][gc,heap     ] GC(24) Old regions: 17->18
[2023-01-28T23:29:12.918+0100][gc,heap     ] GC(24) Archive regions: 0->0
[2023-01-28T23:29:12.918+0100][gc,heap     ] GC(24) Humongous regions: 129->129
[2023-01-28T23:29:12.918+0100][gc,metaspace] GC(24) Metaspace: 51351K(51904K)->51351K(51904K) NonClass: 45477K(45760K)->45477K(45760K) Class: 5874K(6144K)->5874K(6144K)
[2023-01-28T23:29:12.919+0100][gc          ] GC(24) Pause Young (Normal) (G1 Evacuation Pause) 759M->149M(1024M) 16.648ms
[2023-01-28T23:29:12.919+0100][gc,cpu      ] GC(24) User=0.01s Sys=0.04s Real=0.01s
[2023-01-28T23:29:22.052+0100][gc,start    ] GC(25) Pause Young (Normal) (G1 Evacuation Pause)
[2023-01-28T23:29:22.052+0100][gc,task     ] GC(25) Using 8 workers of 8 for evacuation
[2023-01-28T23:29:22.073+0100][gc,mmu      ] GC(25) MMU target violated: 20.9ms (20.0ms/21.0ms)
[2023-01-28T23:29:22.073+0100][gc,phases   ] GC(25)   Pre Evacuate Collection Set: 0.3ms
[2023-01-28T23:29:22.073+0100][gc,phases   ] GC(25)   Merge Heap Roots: 0.2ms
[2023-01-28T23:29:22.073+0100][gc,phases   ] GC(25)   Evacuate Collection Set: 17.8ms
[2023-01-28T23:29:22.073+0100][gc,phases   ] GC(25)   Post Evacuate Collection Set: 2.7ms
[2023-01-28T23:29:22.073+0100][gc,phases   ] GC(25)   Other: 0.6ms
[2023-01-28T23:29:22.073+0100][gc,heap     ] GC(25) Eden regions: 611->0(611)
[2023-01-28T23:29:22.073+0100][gc,heap     ] GC(25) Survivor regions: 3->3(77)
[2023-01-28T23:29:22.073+0100][gc,heap     ] GC(25) Old regions: 18->18
[2023-01-28T23:29:22.073+0100][gc,heap     ] GC(25) Archive regions: 0->0
[2023-01-28T23:29:22.073+0100][gc,heap     ] GC(25) Humongous regions: 129->129
[2023-01-28T23:29:22.073+0100][gc,metaspace] GC(25) Metaspace: 51352K(51904K)->51352K(51904K) NonClass: 45478K(45760K)->45478K(45760K) Class: 5874K(6144K)->5874K(6144K)
[2023-01-28T23:29:22.073+0100][gc          ] GC(25) Pause Young (Normal) (G1 Evacuation Pause) 760M->149M(1024M) 21.671ms
[2023-01-28T23:29:22.073+0100][gc,cpu      ] GC(25) User=0.01s Sys=0.04s Real=0.02s
[2023-01-28T23:29:31.196+0100][gc,start    ] GC(26) Pause Young (Normal) (G1 Evacuation Pause)
[2023-01-28T23:29:31.196+0100][gc,task     ] GC(26) Using 8 workers of 8 for evacuation
[2023-01-28T23:29:31.215+0100][gc,phases   ] GC(26)   Pre Evacuate Collection Set: 0.2ms
[2023-01-28T23:29:31.215+0100][gc,phases   ] GC(26)   Merge Heap Roots: 0.2ms
[2023-01-28T23:29:31.215+0100][gc,phases   ] GC(26)   Evacuate Collection Set: 16.7ms
[2023-01-28T23:29:31.215+0100][gc,phases   ] GC(26)   Post Evacuate Collection Set: 1.1ms
[2023-01-28T23:29:31.215+0100][gc,phases   ] GC(26)   Other: 0.4ms
[2023-01-28T23:29:31.215+0100][gc,heap     ] GC(26) Eden regions: 611->0(611)
[2023-01-28T23:29:31.215+0100][gc,heap     ] GC(26) Survivor regions: 3->3(77)
[2023-01-28T23:29:31.215+0100][gc,heap     ] GC(26) Old regions: 18->18
[2023-01-28T23:29:31.215+0100][gc,heap     ] GC(26) Archive regions: 0->0
[2023-01-28T23:29:31.215+0100][gc,heap     ] GC(26) Humongous regions: 129->129
[2023-01-28T23:29:31.215+0100][gc,metaspace] GC(26) Metaspace: 51354K(51904K)->51354K(51904K) NonClass: 45480K(45760K)->45480K(45760K) Class: 5874K(6144K)->5874K(6144K)
[2023-01-28T23:29:31.215+0100][gc          ] GC(26) Pause Young (Normal) (G1 Evacuation Pause) 760M->149M(1024M) 18.590ms
[2023-01-28T23:29:31.215+0100][gc,cpu      ] GC(26) User=0.01s Sys=0.04s Real=0.02s
[2023-01-28T23:29:40.637+0100][gc,start    ] GC(27) Pause Young (Normal) (G1 Evacuation Pause)
[2023-01-28T23:29:40.637+0100][gc,task     ] GC(27) Using 8 workers of 8 for evacuation
[2023-01-28T23:29:40.647+0100][gc,phases   ] GC(27)   Pre Evacuate Collection Set: 0.2ms
[2023-01-28T23:29:40.647+0100][gc,phases   ] GC(27)   Merge Heap Roots: 0.2ms
[2023-01-28T23:29:40.647+0100][gc,phases   ] GC(27)   Evacuate Collection Set: 7.8ms
[2023-01-28T23:29:40.647+0100][gc,phases   ] GC(27)   Post Evacuate Collection Set: 1.5ms
[2023-01-28T23:29:40.647+0100][gc,phases   ] GC(27)   Other: 0.4ms
[2023-01-28T23:29:40.647+0100][gc,heap     ] GC(27) Eden regions: 611->0(611)
[2023-01-28T23:29:40.647+0100][gc,heap     ] GC(27) Survivor regions: 3->3(77)
[2023-01-28T23:29:40.647+0100][gc,heap     ] GC(27) Old regions: 18->18
[2023-01-28T23:29:40.647+0100][gc,heap     ] GC(27) Archive regions: 0->0
[2023-01-28T23:29:40.647+0100][gc,heap     ] GC(27) Humongous regions: 129->129
[2023-01-28T23:29:40.647+0100][gc,metaspace] GC(27) Metaspace: 51443K(52032K)->51443K(52032K) NonClass: 45549K(45888K)->45549K(45888K) Class: 5894K(6144K)->5894K(6144K)
[2023-01-28T23:29:40.647+0100][gc          ] GC(27) Pause Young (Normal) (G1 Evacuation Pause) 760M->149M(1024M) 10.257ms
[2023-01-28T23:29:40.647+0100][gc,cpu      ] GC(27) User=0.01s Sys=0.02s Real=0.01s
[2023-01-28T23:29:50.417+0100][gc,start    ] GC(28) Pause Young (Normal) (G1 Evacuation Pause)
[2023-01-28T23:29:50.418+0100][gc,task     ] GC(28) Using 8 workers of 8 for evacuation
[2023-01-28T23:29:50.432+0100][gc,phases   ] GC(28)   Pre Evacuate Collection Set: 0.3ms
[2023-01-28T23:29:50.432+0100][gc,phases   ] GC(28)   Merge Heap Roots: 0.2ms
[2023-01-28T23:29:50.432+0100][gc,phases   ] GC(28)   Evacuate Collection Set: 12.3ms
[2023-01-28T23:29:50.432+0100][gc,phases   ] GC(28)   Post Evacuate Collection Set: 1.0ms
[2023-01-28T23:29:50.432+0100][gc,phases   ] GC(28)   Other: 1.1ms
[2023-01-28T23:29:50.432+0100][gc,heap     ] GC(28) Eden regions: 611->0(611)
[2023-01-28T23:29:50.432+0100][gc,heap     ] GC(28) Survivor regions: 3->3(77)
[2023-01-28T23:29:50.432+0100][gc,heap     ] GC(28) Old regions: 18->18
[2023-01-28T23:29:50.432+0100][gc,heap     ] GC(28) Archive regions: 0->0
[2023-01-28T23:29:50.432+0100][gc,heap     ] GC(28) Humongous regions: 129->129
[2023-01-28T23:29:50.432+0100][gc,metaspace] GC(28) Metaspace: 51446K(52096K)->51446K(52096K) NonClass: 45552K(45952K)->45552K(45952K) Class: 5894K(6144K)->5894K(6144K)
[2023-01-28T23:29:50.432+0100][gc          ] GC(28) Pause Young (Normal) (G1 Evacuation Pause) 760M->149M(1024M) 14.807ms
[2023-01-28T23:29:50.432+0100][gc,cpu      ] GC(28) User=0.01s Sys=0.01s Real=0.02s
[2023-01-28T23:30:01.025+0100][gc,start    ] GC(29) Pause Young (Normal) (G1 Evacuation Pause)
[2023-01-28T23:30:01.028+0100][gc,task     ] GC(29) Using 8 workers of 8 for evacuation
[2023-01-28T23:30:01.046+0100][gc,phases   ] GC(29)   Pre Evacuate Collection Set: 1.3ms
[2023-01-28T23:30:01.046+0100][gc,phases   ] GC(29)   Merge Heap Roots: 1.4ms
[2023-01-28T23:30:01.046+0100][gc,phases   ] GC(29)   Evacuate Collection Set: 11.2ms
[2023-01-28T23:30:01.046+0100][gc,phases   ] GC(29)   Post Evacuate Collection Set: 4.1ms
[2023-01-28T23:30:01.046+0100][gc,phases   ] GC(29)   Other: 3.5ms
[2023-01-28T23:30:01.046+0100][gc,heap     ] GC(29) Eden regions: 611->0(611)
[2023-01-28T23:30:01.046+0100][gc,heap     ] GC(29) Survivor regions: 3->3(77)
[2023-01-28T23:30:01.046+0100][gc,heap     ] GC(29) Old regions: 18->18
[2023-01-28T23:30:01.046+0100][gc,heap     ] GC(29) Archive regions: 0->0
[2023-01-28T23:30:01.046+0100][gc,heap     ] GC(29) Humongous regions: 129->129
[2023-01-28T23:30:01.046+0100][gc,metaspace] GC(29) Metaspace: 51446K(52096K)->51446K(52096K) NonClass: 45552K(45952K)->45552K(45952K) Class: 5894K(6144K)->5894K(6144K)
[2023-01-28T23:30:01.046+0100][gc          ] GC(29) Pause Young (Normal) (G1 Evacuation Pause) 760M->149M(1024M) 21.579ms
[2023-01-28T23:30:01.046+0100][gc,cpu      ] GC(29) User=0.01s Sys=0.02s Real=0.02s
[2023-01-28T23:30:12.259+0100][gc,start    ] GC(30) Pause Young (Normal) (G1 Evacuation Pause)
[2023-01-28T23:30:12.261+0100][gc,task     ] GC(30) Using 8 workers of 8 for evacuation
[2023-01-28T23:30:12.278+0100][gc,phases   ] GC(30)   Pre Evacuate Collection Set: 0.2ms
[2023-01-28T23:30:12.278+0100][gc,phases   ] GC(30)   Merge Heap Roots: 0.2ms
[2023-01-28T23:30:12.278+0100][gc,phases   ] GC(30)   Evacuate Collection Set: 15.5ms
[2023-01-28T23:30:12.278+0100][gc,phases   ] GC(30)   Post Evacuate Collection Set: 1.4ms
[2023-01-28T23:30:12.278+0100][gc,phases   ] GC(30)   Other: 1.4ms
[2023-01-28T23:30:12.278+0100][gc,heap     ] GC(30) Eden regions: 611->0(611)
[2023-01-28T23:30:12.278+0100][gc,heap     ] GC(30) Survivor regions: 3->3(77)
[2023-01-28T23:30:12.278+0100][gc,heap     ] GC(30) Old regions: 18->18
[2023-01-28T23:30:12.278+0100][gc,heap     ] GC(30) Archive regions: 0->0
[2023-01-28T23:30:12.278+0100][gc,heap     ] GC(30) Humongous regions: 129->129
[2023-01-28T23:30:12.278+0100][gc,metaspace] GC(30) Metaspace: 51449K(52096K)->51449K(52096K) NonClass: 45554K(45952K)->45554K(45952K) Class: 5894K(6144K)->5894K(6144K)
[2023-01-28T23:30:12.278+0100][gc          ] GC(30) Pause Young (Normal) (G1 Evacuation Pause) 760M->149M(1024M) 18.742ms
[2023-01-28T23:30:12.278+0100][gc,cpu      ] GC(30) User=0.01s Sys=0.03s Real=0.02s
[2023-01-28T23:30:22.175+0100][gc,start    ] GC(31) Pause Young (Normal) (G1 Evacuation Pause)
[2023-01-28T23:30:22.176+0100][gc,task     ] GC(31) Using 8 workers of 8 for evacuation
[2023-01-28T23:30:22.184+0100][gc,phases   ] GC(31)   Pre Evacuate Collection Set: 0.2ms
[2023-01-28T23:30:22.184+0100][gc,phases   ] GC(31)   Merge Heap Roots: 0.2ms
[2023-01-28T23:30:22.184+0100][gc,phases   ] GC(31)   Evacuate Collection Set: 6.6ms
[2023-01-28T23:30:22.184+0100][gc,phases   ] GC(31)   Post Evacuate Collection Set: 0.8ms
[2023-01-28T23:30:22.184+0100][gc,phases   ] GC(31)   Other: 1.5ms
[2023-01-28T23:30:22.184+0100][gc,heap     ] GC(31) Eden regions: 611->0(611)
[2023-01-28T23:30:22.184+0100][gc,heap     ] GC(31) Survivor regions: 3->3(77)
[2023-01-28T23:30:22.184+0100][gc,heap     ] GC(31) Old regions: 18->18
[2023-01-28T23:30:22.184+0100][gc,heap     ] GC(31) Archive regions: 0->0
[2023-01-28T23:30:22.184+0100][gc,heap     ] GC(31) Humongous regions: 129->129
[2023-01-28T23:30:22.184+0100][gc,metaspace] GC(31) Metaspace: 51449K(52096K)->51449K(52096K) NonClass: 45555K(45952K)->45555K(45952K) Class: 5894K(6144K)->5894K(6144K)
[2023-01-28T23:30:22.184+0100][gc          ] GC(31) Pause Young (Normal) (G1 Evacuation Pause) 760M->149M(1024M) 9.232ms
[2023-01-28T23:30:22.184+0100][gc,cpu      ] GC(31) User=0.01s Sys=0.02s Real=0.01s
[2023-01-28T23:30:30.079+0100][gc,start    ] GC(32) Pause Young (Normal) (G1 Evacuation Pause)
[2023-01-28T23:30:30.080+0100][gc,task     ] GC(32) Using 8 workers of 8 for evacuation
[2023-01-28T23:30:30.095+0100][gc,phases   ] GC(32)   Pre Evacuate Collection Set: 0.3ms
[2023-01-28T23:30:30.095+0100][gc,phases   ] GC(32)   Merge Heap Roots: 0.2ms
[2023-01-28T23:30:30.095+0100][gc,phases   ] GC(32)   Evacuate Collection Set: 11.8ms
[2023-01-28T23:30:30.095+0100][gc,phases   ] GC(32)   Post Evacuate Collection Set: 2.2ms
[2023-01-28T23:30:30.095+0100][gc,phases   ] GC(32)   Other: 1.9ms
[2023-01-28T23:30:30.095+0100][gc,heap     ] GC(32) Eden regions: 611->0(610)
[2023-01-28T23:30:30.095+0100][gc,heap     ] GC(32) Survivor regions: 3->4(77)
[2023-01-28T23:30:30.095+0100][gc,heap     ] GC(32) Old regions: 18->18
[2023-01-28T23:30:30.095+0100][gc,heap     ] GC(32) Archive regions: 0->0
[2023-01-28T23:30:30.095+0100][gc,heap     ] GC(32) Humongous regions: 129->129
[2023-01-28T23:30:30.095+0100][gc,metaspace] GC(32) Metaspace: 51464K(52160K)->51464K(52160K) NonClass: 45566K(45952K)->45566K(45952K) Class: 5897K(6208K)->5897K(6208K)
[2023-01-28T23:30:30.095+0100][gc          ] GC(32) Pause Young (Normal) (G1 Evacuation Pause) 760M->150M(1024M) 16.530ms
[2023-01-28T23:30:30.095+0100][gc,cpu      ] GC(32) User=0.01s Sys=0.03s Real=0.02s
[2023-01-28T23:30:38.710+0100][gc,start    ] GC(33) Pause Young (Normal) (G1 Evacuation Pause)
[2023-01-28T23:30:38.712+0100][gc,task     ] GC(33) Using 8 workers of 8 for evacuation
[2023-01-28T23:30:38.719+0100][gc,phases   ] GC(33)   Pre Evacuate Collection Set: 0.3ms
[2023-01-28T23:30:38.719+0100][gc,phases   ] GC(33)   Merge Heap Roots: 0.2ms
[2023-01-28T23:30:38.719+0100][gc,phases   ] GC(33)   Evacuate Collection Set: 6.0ms
[2023-01-28T23:30:38.719+0100][gc,phases   ] GC(33)   Post Evacuate Collection Set: 0.8ms
[2023-01-28T23:30:38.719+0100][gc,phases   ] GC(33)   Other: 2.1ms
[2023-01-28T23:30:38.719+0100][gc,heap     ] GC(33) Eden regions: 610->0(610)
[2023-01-28T23:30:38.719+0100][gc,heap     ] GC(33) Survivor regions: 4->4(77)
[2023-01-28T23:30:38.719+0100][gc,heap     ] GC(33) Old regions: 18->19
[2023-01-28T23:30:38.719+0100][gc,heap     ] GC(33) Archive regions: 0->0
[2023-01-28T23:30:38.719+0100][gc,heap     ] GC(33) Humongous regions: 129->129
[2023-01-28T23:30:38.719+0100][gc,metaspace] GC(33) Metaspace: 51464K(52160K)->51464K(52160K) NonClass: 45566K(45952K)->45566K(45952K) Class: 5897K(6208K)->5897K(6208K)
[2023-01-28T23:30:38.719+0100][gc          ] GC(33) Pause Young (Normal) (G1 Evacuation Pause) 760M->150M(1024M) 9.384ms
[2023-01-28T23:30:38.719+0100][gc,cpu      ] GC(33) User=0.02s Sys=0.03s Real=0.00s
[2023-01-28T23:30:47.687+0100][gc,start    ] GC(34) Pause Young (Normal) (G1 Evacuation Pause)
[2023-01-28T23:30:47.689+0100][gc,task     ] GC(34) Using 8 workers of 8 for evacuation
[2023-01-28T23:30:47.704+0100][gc,phases   ] GC(34)   Pre Evacuate Collection Set: 0.2ms
[2023-01-28T23:30:47.704+0100][gc,phases   ] GC(34)   Merge Heap Roots: 0.1ms
[2023-01-28T23:30:47.704+0100][gc,phases   ] GC(34)   Evacuate Collection Set: 13.3ms
[2023-01-28T23:30:47.704+0100][gc,phases   ] GC(34)   Post Evacuate Collection Set: 1.8ms
[2023-01-28T23:30:47.704+0100][gc,phases   ] GC(34)   Other: 1.5ms
[2023-01-28T23:30:47.704+0100][gc,heap     ] GC(34) Eden regions: 610->0(609)
[2023-01-28T23:30:47.704+0100][gc,heap     ] GC(34) Survivor regions: 4->5(77)
[2023-01-28T23:30:47.704+0100][gc,heap     ] GC(34) Old regions: 19->19
[2023-01-28T23:30:47.704+0100][gc,heap     ] GC(34) Archive regions: 0->0
[2023-01-28T23:30:47.704+0100][gc,heap     ] GC(34) Humongous regions: 129->129
[2023-01-28T23:30:47.704+0100][gc,metaspace] GC(34) Metaspace: 51464K(52160K)->51464K(52160K) NonClass: 45566K(45952K)->45566K(45952K) Class: 5897K(6208K)->5897K(6208K)
[2023-01-28T23:30:47.704+0100][gc          ] GC(34) Pause Young (Normal) (G1 Evacuation Pause) 760M->151M(1024M) 16.973ms
[2023-01-28T23:30:47.704+0100][gc,cpu      ] GC(34) User=0.02s Sys=0.04s Real=0.02s
[2023-01-28T23:30:55.112+0100][gc,start    ] GC(35) Pause Young (Normal) (G1 Evacuation Pause)
[2023-01-28T23:30:55.112+0100][gc,task     ] GC(35) Using 8 workers of 8 for evacuation
[2023-01-28T23:30:55.131+0100][gc,phases   ] GC(35)   Pre Evacuate Collection Set: 0.2ms
[2023-01-28T23:30:55.132+0100][gc,phases   ] GC(35)   Merge Heap Roots: 0.2ms
[2023-01-28T23:30:55.132+0100][gc,phases   ] GC(35)   Evacuate Collection Set: 17.6ms
[2023-01-28T23:30:55.132+0100][gc,phases   ] GC(35)   Post Evacuate Collection Set: 1.0ms
[2023-01-28T23:30:55.132+0100][gc,phases   ] GC(35)   Other: 0.9ms
[2023-01-28T23:30:55.132+0100][gc,heap     ] GC(35) Eden regions: 609->0(382)
[2023-01-28T23:30:55.132+0100][gc,heap     ] GC(35) Survivor regions: 5->5(77)
[2023-01-28T23:30:55.132+0100][gc,heap     ] GC(35) Old regions: 19->19
[2023-01-28T23:30:55.132+0100][gc,heap     ] GC(35) Archive regions: 0->0
[2023-01-28T23:30:55.132+0100][gc,heap     ] GC(35) Humongous regions: 129->129
[2023-01-28T23:30:55.132+0100][gc,metaspace] GC(35) Metaspace: 51468K(52160K)->51468K(52160K) NonClass: 45570K(45952K)->45570K(45952K) Class: 5897K(6208K)->5897K(6208K)
[2023-01-28T23:30:55.132+0100][gc          ] GC(35) Pause Young (Normal) (G1 Evacuation Pause) 760M->151M(1024M) 20.023ms
[2023-01-28T23:30:55.132+0100][gc,cpu      ] GC(35) User=0.01s Sys=0.04s Real=0.02s
[2023-01-28T23:31:00.650+0100][gc,start    ] GC(36) Pause Young (Normal) (G1 Evacuation Pause)
[2023-01-28T23:31:00.651+0100][gc,task     ] GC(36) Using 8 workers of 8 for evacuation
[2023-01-28T23:31:00.657+0100][gc,phases   ] GC(36)   Pre Evacuate Collection Set: 0.2ms
[2023-01-28T23:31:00.657+0100][gc,phases   ] GC(36)   Merge Heap Roots: 0.1ms
[2023-01-28T23:31:00.657+0100][gc,phases   ] GC(36)   Evacuate Collection Set: 4.8ms
[2023-01-28T23:31:00.657+0100][gc,phases   ] GC(36)   Post Evacuate Collection Set: 0.8ms
[2023-01-28T23:31:00.657+0100][gc,phases   ] GC(36)   Other: 1.2ms
[2023-01-28T23:31:00.657+0100][gc,heap     ] GC(36) Eden regions: 382->0(609)
[2023-01-28T23:31:00.657+0100][gc,heap     ] GC(36) Survivor regions: 5->5(49)
[2023-01-28T23:31:00.657+0100][gc,heap     ] GC(36) Old regions: 19->19
[2023-01-28T23:31:00.657+0100][gc,heap     ] GC(36) Archive regions: 0->0
[2023-01-28T23:31:00.657+0100][gc,heap     ] GC(36) Humongous regions: 129->129
[2023-01-28T23:31:00.657+0100][gc,metaspace] GC(36) Metaspace: 51469K(52160K)->51469K(52160K) NonClass: 45571K(45952K)->45571K(45952K) Class: 5897K(6208K)->5897K(6208K)
[2023-01-28T23:31:00.657+0100][gc          ] GC(36) Pause Young (Normal) (G1 Evacuation Pause) 533M->152M(1024M) 7.142ms
[2023-01-28T23:31:00.657+0100][gc,cpu      ] GC(36) User=0.01s Sys=0.02s Real=0.00s
[2023-01-28T23:31:09.705+0100][gc,start    ] GC(37) Pause Young (Normal) (G1 Evacuation Pause)
[2023-01-28T23:31:09.705+0100][gc,task     ] GC(37) Using 8 workers of 8 for evacuation
[2023-01-28T23:31:09.713+0100][gc,phases   ] GC(37)   Pre Evacuate Collection Set: 0.3ms
[2023-01-28T23:31:09.713+0100][gc,phases   ] GC(37)   Merge Heap Roots: 0.2ms
[2023-01-28T23:31:09.713+0100][gc,phases   ] GC(37)   Evacuate Collection Set: 7.0ms
[2023-01-28T23:31:09.713+0100][gc,phases   ] GC(37)   Post Evacuate Collection Set: 0.9ms
[2023-01-28T23:31:09.713+0100][gc,phases   ] GC(37)   Other: 0.3ms
[2023-01-28T23:31:09.713+0100][gc,heap     ] GC(37) Eden regions: 609->0(608)
[2023-01-28T23:31:09.713+0100][gc,heap     ] GC(37) Survivor regions: 5->6(77)
[2023-01-28T23:31:09.713+0100][gc,heap     ] GC(37) Old regions: 19->19
[2023-01-28T23:31:09.713+0100][gc,heap     ] GC(37) Archive regions: 0->0
[2023-01-28T23:31:09.713+0100][gc,heap     ] GC(37) Humongous regions: 129->129
[2023-01-28T23:31:09.713+0100][gc,metaspace] GC(37) Metaspace: 51469K(52160K)->51469K(52160K) NonClass: 45571K(45952K)->45571K(45952K) Class: 5897K(6208K)->5897K(6208K)
[2023-01-28T23:31:09.713+0100][gc          ] GC(37) Pause Young (Normal) (G1 Evacuation Pause) 761M->152M(1024M) 8.629ms
[2023-01-28T23:31:09.713+0100][gc,cpu      ] GC(37) User=0.01s Sys=0.02s Real=0.01s
[2023-01-28T23:31:19.354+0100][gc,start    ] GC(38) Pause Young (Normal) (G1 Evacuation Pause)
[2023-01-28T23:31:19.355+0100][gc,task     ] GC(38) Using 8 workers of 8 for evacuation
[2023-01-28T23:31:19.364+0100][gc,phases   ] GC(38)   Pre Evacuate Collection Set: 0.3ms
[2023-01-28T23:31:19.364+0100][gc,phases   ] GC(38)   Merge Heap Roots: 0.2ms
[2023-01-28T23:31:19.364+0100][gc,phases   ] GC(38)   Evacuate Collection Set: 7.4ms
[2023-01-28T23:31:19.364+0100][gc,phases   ] GC(38)   Post Evacuate Collection Set: 0.9ms
[2023-01-28T23:31:19.364+0100][gc,phases   ] GC(38)   Other: 1.1ms
[2023-01-28T23:31:19.364+0100][gc,heap     ] GC(38) Eden regions: 608->0(608)
[2023-01-28T23:31:19.364+0100][gc,heap     ] GC(38) Survivor regions: 6->6(77)
[2023-01-28T23:31:19.364+0100][gc,heap     ] GC(38) Old regions: 19->19
[2023-01-28T23:31:19.364+0100][gc,heap     ] GC(38) Archive regions: 0->0
[2023-01-28T23:31:19.364+0100][gc,heap     ] GC(38) Humongous regions: 129->129
[2023-01-28T23:31:19.364+0100][gc,metaspace] GC(38) Metaspace: 51469K(52160K)->51469K(52160K) NonClass: 45571K(45952K)->45571K(45952K) Class: 5897K(6208K)->5897K(6208K)
[2023-01-28T23:31:19.364+0100][gc          ] GC(38) Pause Young (Normal) (G1 Evacuation Pause) 760M->153M(1024M) 9.893ms
[2023-01-28T23:31:19.364+0100][gc,cpu      ] GC(38) User=0.01s Sys=0.03s Real=0.01s
[2023-01-28T23:31:27.353+0100][gc,start    ] GC(39) Pause Young (Normal) (G1 Evacuation Pause)
[2023-01-28T23:31:27.356+0100][gc,task     ] GC(39) Using 8 workers of 8 for evacuation
[2023-01-28T23:31:27.372+0100][gc,phases   ] GC(39)   Pre Evacuate Collection Set: 0.3ms
[2023-01-28T23:31:27.372+0100][gc,phases   ] GC(39)   Merge Heap Roots: 0.2ms
[2023-01-28T23:31:27.372+0100][gc,phases   ] GC(39)   Evacuate Collection Set: 14.0ms
[2023-01-28T23:31:27.372+0100][gc,phases   ] GC(39)   Post Evacuate Collection Set: 1.5ms
[2023-01-28T23:31:27.372+0100][gc,phases   ] GC(39)   Other: 2.8ms
[2023-01-28T23:31:27.372+0100][gc,heap     ] GC(39) Eden regions: 608->0(608)
[2023-01-28T23:31:27.372+0100][gc,heap     ] GC(39) Survivor regions: 6->6(77)
[2023-01-28T23:31:27.372+0100][gc,heap     ] GC(39) Old regions: 19->19
[2023-01-28T23:31:27.372+0100][gc,heap     ] GC(39) Archive regions: 0->0
[2023-01-28T23:31:27.372+0100][gc,heap     ] GC(39) Humongous regions: 129->129
[2023-01-28T23:31:27.372+0100][gc,metaspace] GC(39) Metaspace: 51469K(52160K)->51469K(52160K) NonClass: 45571K(45952K)->45571K(45952K) Class: 5897K(6208K)->5897K(6208K)
[2023-01-28T23:31:27.372+0100][gc          ] GC(39) Pause Young (Normal) (G1 Evacuation Pause) 761M->153M(1024M) 18.910ms
[2023-01-28T23:31:27.372+0100][gc,cpu      ] GC(39) User=0.02s Sys=0.04s Real=0.02s
[2023-01-28T23:31:36.271+0100][gc,start    ] GC(40) Pause Young (Normal) (G1 Evacuation Pause)
[2023-01-28T23:31:36.271+0100][gc,task     ] GC(40) Using 8 workers of 8 for evacuation
[2023-01-28T23:31:36.279+0100][gc,phases   ] GC(40)   Pre Evacuate Collection Set: 0.2ms
[2023-01-28T23:31:36.279+0100][gc,phases   ] GC(40)   Merge Heap Roots: 0.2ms
[2023-01-28T23:31:36.279+0100][gc,phases   ] GC(40)   Evacuate Collection Set: 6.6ms
[2023-01-28T23:31:36.279+0100][gc,phases   ] GC(40)   Post Evacuate Collection Set: 0.8ms
[2023-01-28T23:31:36.279+0100][gc,phases   ] GC(40)   Other: 0.4ms
[2023-01-28T23:31:36.279+0100][gc,heap     ] GC(40) Eden regions: 608->0(607)
[2023-01-28T23:31:36.279+0100][gc,heap     ] GC(40) Survivor regions: 6->7(77)
[2023-01-28T23:31:36.279+0100][gc,heap     ] GC(40) Old regions: 19->19
[2023-01-28T23:31:36.279+0100][gc,heap     ] GC(40) Archive regions: 0->0
[2023-01-28T23:31:36.279+0100][gc,heap     ] GC(40) Humongous regions: 129->129
[2023-01-28T23:31:36.279+0100][gc,metaspace] GC(40) Metaspace: 51469K(52160K)->51469K(52160K) NonClass: 45571K(45952K)->45571K(45952K) Class: 5897K(6208K)->5897K(6208K)
[2023-01-28T23:31:36.279+0100][gc          ] GC(40) Pause Young (Normal) (G1 Evacuation Pause) 761M->154M(1024M) 8.238ms
[2023-01-28T23:31:36.279+0100][gc,cpu      ] GC(40) User=0.01s Sys=0.03s Real=0.00s
[2023-01-28T23:31:45.233+0100][gc,start    ] GC(41) Pause Young (Normal) (G1 Evacuation Pause)
[2023-01-28T23:31:45.235+0100][gc,task     ] GC(41) Using 8 workers of 8 for evacuation
[2023-01-28T23:31:45.271+0100][gc,mmu      ] GC(41) MMU target violated: 21.0ms (20.0ms/21.0ms)
[2023-01-28T23:31:45.272+0100][gc,phases   ] GC(41)   Pre Evacuate Collection Set: 0.2ms
[2023-01-28T23:31:45.272+0100][gc,phases   ] GC(41)   Merge Heap Roots: 0.2ms
[2023-01-28T23:31:45.272+0100][gc,phases   ] GC(41)   Evacuate Collection Set: 31.2ms
[2023-01-28T23:31:45.272+0100][gc,phases   ] GC(41)   Post Evacuate Collection Set: 4.4ms
[2023-01-28T23:31:45.272+0100][gc,phases   ] GC(41)   Other: 2.3ms
[2023-01-28T23:31:45.272+0100][gc,heap     ] GC(41) Eden regions: 607->0(44)
[2023-01-28T23:31:45.272+0100][gc,heap     ] GC(41) Survivor regions: 7->7(77)
[2023-01-28T23:31:45.272+0100][gc,heap     ] GC(41) Old regions: 19->19
[2023-01-28T23:31:45.272+0100][gc,heap     ] GC(41) Archive regions: 0->0
[2023-01-28T23:31:45.272+0100][gc,heap     ] GC(41) Humongous regions: 129->129
[2023-01-28T23:31:45.272+0100][gc,metaspace] GC(41) Metaspace: 51471K(52160K)->51471K(52160K) NonClass: 45573K(45952K)->45573K(45952K) Class: 5897K(6208K)->5897K(6208K)
[2023-01-28T23:31:45.272+0100][gc          ] GC(41) Pause Young (Normal) (G1 Evacuation Pause) 761M->154M(1024M) 38.502ms
[2023-01-28T23:31:45.272+0100][gc,cpu      ] GC(41) User=0.01s Sys=0.05s Real=0.04s
[2023-01-28T23:31:46.177+0100][gc,start    ] GC(42) Pause Young (Normal) (G1 Evacuation Pause)
[2023-01-28T23:31:46.177+0100][gc,task     ] GC(42) Using 8 workers of 8 for evacuation
[2023-01-28T23:31:46.184+0100][gc,phases   ] GC(42)   Pre Evacuate Collection Set: 0.8ms
[2023-01-28T23:31:46.184+0100][gc,phases   ] GC(42)   Merge Heap Roots: 0.2ms
[2023-01-28T23:31:46.184+0100][gc,phases   ] GC(42)   Evacuate Collection Set: 4.9ms
[2023-01-28T23:31:46.184+0100][gc,phases   ] GC(42)   Post Evacuate Collection Set: 0.5ms
[2023-01-28T23:31:46.184+0100][gc,phases   ] GC(42)   Other: 0.3ms
[2023-01-28T23:31:46.184+0100][gc,heap     ] GC(42) Eden regions: 44->0(610)
[2023-01-28T23:31:46.184+0100][gc,heap     ] GC(42) Survivor regions: 7->4(7)
[2023-01-28T23:31:46.184+0100][gc,heap     ] GC(42) Old regions: 19->22
[2023-01-28T23:31:46.184+0100][gc,heap     ] GC(42) Archive regions: 0->0
[2023-01-28T23:31:46.184+0100][gc,heap     ] GC(42) Humongous regions: 129->129
[2023-01-28T23:31:46.184+0100][gc,metaspace] GC(42) Metaspace: 51471K(52160K)->51471K(52160K) NonClass: 45573K(45952K)->45573K(45952K) Class: 5897K(6208K)->5897K(6208K)
[2023-01-28T23:31:46.184+0100][gc          ] GC(42) Pause Young (Normal) (G1 Evacuation Pause) 198M->154M(1024M) 6.867ms
[2023-01-28T23:31:46.184+0100][gc,cpu      ] GC(42) User=0.02s Sys=0.01s Real=0.01s
[2023-01-28T23:32:41.780+0100][gc,start    ] GC(43) Pause Young (Normal) (G1 Evacuation Pause)
[2023-01-28T23:32:41.782+0100][gc,task     ] GC(43) Using 8 workers of 8 for evacuation
[2023-01-28T23:32:41.792+0100][gc,phases   ] GC(43)   Pre Evacuate Collection Set: 1.2ms
[2023-01-28T23:32:41.792+0100][gc,phases   ] GC(43)   Merge Heap Roots: 0.7ms
[2023-01-28T23:32:41.792+0100][gc,phases   ] GC(43)   Evacuate Collection Set: 7.3ms
[2023-01-28T23:32:41.792+0100][gc,phases   ] GC(43)   Post Evacuate Collection Set: 0.8ms
[2023-01-28T23:32:41.792+0100][gc,phases   ] GC(43)   Other: 1.8ms
[2023-01-28T23:32:41.792+0100][gc,heap     ] GC(43) Eden regions: 610->0(609)
[2023-01-28T23:32:41.792+0100][gc,heap     ] GC(43) Survivor regions: 4->5(77)
[2023-01-28T23:32:41.792+0100][gc,heap     ] GC(43) Old regions: 22->22
[2023-01-28T23:32:41.792+0100][gc,heap     ] GC(43) Archive regions: 0->0
[2023-01-28T23:32:41.792+0100][gc,heap     ] GC(43) Humongous regions: 129->129
[2023-01-28T23:32:41.792+0100][gc,metaspace] GC(43) Metaspace: 51477K(52160K)->51477K(52160K) NonClass: 45579K(45952K)->45579K(45952K) Class: 5897K(6208K)->5897K(6208K)
[2023-01-28T23:32:41.792+0100][gc          ] GC(43) Pause Young (Normal) (G1 Evacuation Pause) 764M->155M(1024M) 11.788ms
[2023-01-28T23:32:41.792+0100][gc,cpu      ] GC(43) User=0.02s Sys=0.03s Real=0.01s
[2023-01-28T23:32:50.837+0100][gc,start    ] GC(44) Pause Young (Normal) (G1 Evacuation Pause)
[2023-01-28T23:32:50.839+0100][gc,task     ] GC(44) Using 8 workers of 8 for evacuation
[2023-01-28T23:32:50.864+0100][gc,mmu      ] GC(44) MMU target violated: 21.0ms (20.0ms/21.0ms)
[2023-01-28T23:32:50.865+0100][gc,phases   ] GC(44)   Pre Evacuate Collection Set: 0.3ms
[2023-01-28T23:32:50.865+0100][gc,phases   ] GC(44)   Merge Heap Roots: 0.2ms
[2023-01-28T23:32:50.865+0100][gc,phases   ] GC(44)   Evacuate Collection Set: 24.2ms
[2023-01-28T23:32:50.865+0100][gc,phases   ] GC(44)   Post Evacuate Collection Set: 1.1ms
[2023-01-28T23:32:50.865+0100][gc,phases   ] GC(44)   Other: 1.5ms
[2023-01-28T23:32:50.865+0100][gc,heap     ] GC(44) Eden regions: 609->0(311)
[2023-01-28T23:32:50.865+0100][gc,heap     ] GC(44) Survivor regions: 5->5(77)
[2023-01-28T23:32:50.865+0100][gc,heap     ] GC(44) Old regions: 22->22
[2023-01-28T23:32:50.865+0100][gc,heap     ] GC(44) Archive regions: 0->0
[2023-01-28T23:32:50.865+0100][gc,heap     ] GC(44) Humongous regions: 129->129
[2023-01-28T23:32:50.865+0100][gc,metaspace] GC(44) Metaspace: 51482K(52160K)->51482K(52160K) NonClass: 45584K(45952K)->45584K(45952K) Class: 5897K(6208K)->5897K(6208K)
[2023-01-28T23:32:50.865+0100][gc          ] GC(44) Pause Young (Normal) (G1 Evacuation Pause) 764M->155M(1024M) 27.359ms
[2023-01-28T23:32:50.865+0100][gc,cpu      ] GC(44) User=0.02s Sys=0.05s Real=0.03s
[2023-01-28T23:32:55.801+0100][gc,start    ] GC(45) Pause Young (Normal) (G1 Evacuation Pause)
[2023-01-28T23:32:55.803+0100][gc,task     ] GC(45) Using 8 workers of 8 for evacuation
[2023-01-28T23:32:55.814+0100][gc,phases   ] GC(45)   Pre Evacuate Collection Set: 0.5ms
[2023-01-28T23:32:55.814+0100][gc,phases   ] GC(45)   Merge Heap Roots: 0.3ms
[2023-01-28T23:32:55.814+0100][gc,phases   ] GC(45)   Evacuate Collection Set: 8.9ms
[2023-01-28T23:32:55.814+0100][gc,phases   ] GC(45)   Post Evacuate Collection Set: 1.4ms
[2023-01-28T23:32:55.814+0100][gc,phases   ] GC(45)   Other: 2.4ms
[2023-01-28T23:32:55.814+0100][gc,heap     ] GC(45) Eden regions: 311->0(226)
[2023-01-28T23:32:55.814+0100][gc,heap     ] GC(45) Survivor regions: 5->6(40)
[2023-01-28T23:32:55.814+0100][gc,heap     ] GC(45) Old regions: 22->22
[2023-01-28T23:32:55.814+0100][gc,heap     ] GC(45) Archive regions: 0->0
[2023-01-28T23:32:55.815+0100][gc,heap     ] GC(45) Humongous regions: 129->129
[2023-01-28T23:32:55.815+0100][gc,metaspace] GC(45) Metaspace: 51482K(52160K)->51482K(52160K) NonClass: 45584K(45952K)->45584K(45952K) Class: 5897K(6208K)->5897K(6208K)
[2023-01-28T23:32:55.815+0100][gc          ] GC(45) Pause Young (Normal) (G1 Evacuation Pause) 466M->156M(1024M) 13.579ms
[2023-01-28T23:32:55.815+0100][gc,cpu      ] GC(45) User=0.02s Sys=0.02s Real=0.01s
[2023-01-28T23:32:59.084+0100][gc,start    ] GC(46) Pause Young (Normal) (G1 Evacuation Pause)
[2023-01-28T23:32:59.084+0100][gc,task     ] GC(46) Using 8 workers of 8 for evacuation
[2023-01-28T23:32:59.096+0100][gc,phases   ] GC(46)   Pre Evacuate Collection Set: 0.3ms
[2023-01-28T23:32:59.096+0100][gc,phases   ] GC(46)   Merge Heap Roots: 0.2ms
[2023-01-28T23:32:59.096+0100][gc,phases   ] GC(46)   Evacuate Collection Set: 9.6ms
[2023-01-28T23:32:59.096+0100][gc,phases   ] GC(46)   Post Evacuate Collection Set: 2.0ms
[2023-01-28T23:32:59.096+0100][gc,phases   ] GC(46)   Other: 0.3ms
[2023-01-28T23:32:59.096+0100][gc,heap     ] GC(46) Eden regions: 226->0(608)
[2023-01-28T23:32:59.096+0100][gc,heap     ] GC(46) Survivor regions: 6->6(29)
[2023-01-28T23:32:59.096+0100][gc,heap     ] GC(46) Old regions: 22->22
[2023-01-28T23:32:59.096+0100][gc,heap     ] GC(46) Archive regions: 0->0
[2023-01-28T23:32:59.096+0100][gc,heap     ] GC(46) Humongous regions: 129->129
[2023-01-28T23:32:59.096+0100][gc,metaspace] GC(46) Metaspace: 51484K(52160K)->51484K(52160K) NonClass: 45586K(45952K)->45586K(45952K) Class: 5897K(6208K)->5897K(6208K)
[2023-01-28T23:32:59.096+0100][gc          ] GC(46) Pause Young (Normal) (G1 Evacuation Pause) 382M->156M(1024M) 12.489ms
[2023-01-28T23:32:59.096+0100][gc,cpu      ] GC(46) User=0.01s Sys=0.03s Real=0.01s
[2023-01-28T23:33:08.601+0100][gc,start    ] GC(47) Pause Young (Normal) (G1 Evacuation Pause)
[2023-01-28T23:33:08.601+0100][gc,task     ] GC(47) Using 8 workers of 8 for evacuation
[2023-01-28T23:33:08.613+0100][gc,phases   ] GC(47)   Pre Evacuate Collection Set: 0.3ms
[2023-01-28T23:33:08.613+0100][gc,phases   ] GC(47)   Merge Heap Roots: 0.2ms
[2023-01-28T23:33:08.613+0100][gc,phases   ] GC(47)   Evacuate Collection Set: 10.4ms
[2023-01-28T23:33:08.613+0100][gc,phases   ] GC(47)   Post Evacuate Collection Set: 0.9ms
[2023-01-28T23:33:08.613+0100][gc,phases   ] GC(47)   Other: 0.5ms
[2023-01-28T23:33:08.613+0100][gc,heap     ] GC(47) Eden regions: 608->0(607)
[2023-01-28T23:33:08.613+0100][gc,heap     ] GC(47) Survivor regions: 6->7(77)
[2023-01-28T23:33:08.613+0100][gc,heap     ] GC(47) Old regions: 22->22
[2023-01-28T23:33:08.613+0100][gc,heap     ] GC(47) Archive regions: 0->0
[2023-01-28T23:33:08.613+0100][gc,heap     ] GC(47) Humongous regions: 129->129
[2023-01-28T23:33:08.613+0100][gc,metaspace] GC(47) Metaspace: 51484K(52160K)->51484K(52160K) NonClass: 45586K(45952K)->45586K(45952K) Class: 5897K(6208K)->5897K(6208K)
[2023-01-28T23:33:08.613+0100][gc          ] GC(47) Pause Young (Normal) (G1 Evacuation Pause) 764M->156M(1024M) 12.319ms
[2023-01-28T23:33:08.613+0100][gc,cpu      ] GC(47) User=0.02s Sys=0.04s Real=0.01s
[2023-01-28T23:33:18.950+0100][gc,start    ] GC(48) Pause Young (Normal) (G1 Evacuation Pause)
[2023-01-28T23:33:18.950+0100][gc,task     ] GC(48) Using 8 workers of 8 for evacuation
[2023-01-28T23:33:18.961+0100][gc,phases   ] GC(48)   Pre Evacuate Collection Set: 0.3ms
[2023-01-28T23:33:18.961+0100][gc,phases   ] GC(48)   Merge Heap Roots: 0.2ms
[2023-01-28T23:33:18.961+0100][gc,phases   ] GC(48)   Evacuate Collection Set: 9.6ms
[2023-01-28T23:33:18.961+0100][gc,phases   ] GC(48)   Post Evacuate Collection Set: 0.7ms
[2023-01-28T23:33:18.961+0100][gc,phases   ] GC(48)   Other: 0.4ms
[2023-01-28T23:33:18.961+0100][gc,heap     ] GC(48) Eden regions: 607->0(607)
[2023-01-28T23:33:18.961+0100][gc,heap     ] GC(48) Survivor regions: 7->7(77)
[2023-01-28T23:33:18.961+0100][gc,heap     ] GC(48) Old regions: 22->22
[2023-01-28T23:33:18.961+0100][gc,heap     ] GC(48) Archive regions: 0->0
[2023-01-28T23:33:18.961+0100][gc,heap     ] GC(48) Humongous regions: 129->129
[2023-01-28T23:33:18.961+0100][gc,metaspace] GC(48) Metaspace: 51485K(52160K)->51485K(52160K) NonClass: 45587K(45952K)->45587K(45952K) Class: 5897K(6208K)->5897K(6208K)
[2023-01-28T23:33:18.961+0100][gc          ] GC(48) Pause Young (Normal) (G1 Evacuation Pause) 763M->157M(1024M) 11.277ms
[2023-01-28T23:33:18.961+0100][gc,cpu      ] GC(48) User=0.02s Sys=0.03s Real=0.01s
[2023-01-28T23:33:29.016+0100][gc,start    ] GC(49) Pause Young (Normal) (G1 Evacuation Pause)
[2023-01-28T23:33:29.017+0100][gc,task     ] GC(49) Using 8 workers of 8 for evacuation
[2023-01-28T23:33:29.028+0100][gc,phases   ] GC(49)   Pre Evacuate Collection Set: 0.4ms
[2023-01-28T23:33:29.028+0100][gc,phases   ] GC(49)   Merge Heap Roots: 0.2ms
[2023-01-28T23:33:29.028+0100][gc,phases   ] GC(49)   Evacuate Collection Set: 10.0ms
[2023-01-28T23:33:29.028+0100][gc,phases   ] GC(49)   Post Evacuate Collection Set: 0.8ms
[2023-01-28T23:33:29.028+0100][gc,phases   ] GC(49)   Other: 0.5ms
[2023-01-28T23:33:29.028+0100][gc,heap     ] GC(49) Eden regions: 607->0(607)
[2023-01-28T23:33:29.028+0100][gc,heap     ] GC(49) Survivor regions: 7->7(77)
[2023-01-28T23:33:29.028+0100][gc,heap     ] GC(49) Old regions: 22->23
[2023-01-28T23:33:29.028+0100][gc,heap     ] GC(49) Archive regions: 0->0
[2023-01-28T23:33:29.028+0100][gc,heap     ] GC(49) Humongous regions: 129->129
[2023-01-28T23:33:29.028+0100][gc,metaspace] GC(49) Metaspace: 51485K(52160K)->51485K(52160K) NonClass: 45587K(45952K)->45587K(45952K) Class: 5897K(6208K)->5897K(6208K)
[2023-01-28T23:33:29.028+0100][gc          ] GC(49) Pause Young (Normal) (G1 Evacuation Pause) 764M->157M(1024M) 12.023ms
[2023-01-28T23:33:29.028+0100][gc,cpu      ] GC(49) User=0.02s Sys=0.03s Real=0.01s
[2023-01-28T23:33:38.002+0100][gc,start    ] GC(50) Pause Young (Normal) (G1 Evacuation Pause)
[2023-01-28T23:33:38.002+0100][gc,task     ] GC(50) Using 8 workers of 8 for evacuation
[2023-01-28T23:33:38.021+0100][gc,phases   ] GC(50)   Pre Evacuate Collection Set: 0.3ms
[2023-01-28T23:33:38.021+0100][gc,phases   ] GC(50)   Merge Heap Roots: 0.4ms
[2023-01-28T23:33:38.021+0100][gc,phases   ] GC(50)   Evacuate Collection Set: 14.2ms
[2023-01-28T23:33:38.021+0100][gc,phases   ] GC(50)   Post Evacuate Collection Set: 3.8ms
[2023-01-28T23:33:38.021+0100][gc,phases   ] GC(50)   Other: 0.6ms
[2023-01-28T23:33:38.021+0100][gc,heap     ] GC(50) Eden regions: 607->0(607)
[2023-01-28T23:33:38.021+0100][gc,heap     ] GC(50) Survivor regions: 7->7(77)
[2023-01-28T23:33:38.021+0100][gc,heap     ] GC(50) Old regions: 23->23
[2023-01-28T23:33:38.021+0100][gc,heap     ] GC(50) Archive regions: 0->0
[2023-01-28T23:33:38.021+0100][gc,heap     ] GC(50) Humongous regions: 129->129
[2023-01-28T23:33:38.021+0100][gc,metaspace] GC(50) Metaspace: 51487K(52160K)->51487K(52160K) NonClass: 45589K(45952K)->45589K(45952K) Class: 5897K(6208K)->5897K(6208K)
[2023-01-28T23:33:38.021+0100][gc          ] GC(50) Pause Young (Normal) (G1 Evacuation Pause) 764M->158M(1024M) 19.432ms
[2023-01-28T23:33:38.021+0100][gc,cpu      ] GC(50) User=0.02s Sys=0.04s Real=0.02s
[2023-01-28T23:33:48.296+0100][gc,start    ] GC(51) Pause Young (Normal) (G1 Evacuation Pause)
[2023-01-28T23:33:48.297+0100][gc,task     ] GC(51) Using 8 workers of 8 for evacuation
[2023-01-28T23:33:48.341+0100][gc,mmu      ] GC(51) MMU target violated: 21.0ms (20.0ms/21.0ms)
[2023-01-28T23:33:48.341+0100][gc,phases   ] GC(51)   Pre Evacuate Collection Set: 0.4ms
[2023-01-28T23:33:48.341+0100][gc,phases   ] GC(51)   Merge Heap Roots: 0.5ms
[2023-01-28T23:33:48.341+0100][gc,phases   ] GC(51)   Evacuate Collection Set: 42.1ms
[2023-01-28T23:33:48.341+0100][gc,phases   ] GC(51)   Post Evacuate Collection Set: 1.0ms
[2023-01-28T23:33:48.341+0100][gc,phases   ] GC(51)   Other: 0.6ms
[2023-01-28T23:33:48.341+0100][gc,heap     ] GC(51) Eden regions: 607->0(43)
[2023-01-28T23:33:48.341+0100][gc,heap     ] GC(51) Survivor regions: 7->8(77)
[2023-01-28T23:33:48.341+0100][gc,heap     ] GC(51) Old regions: 23->23
[2023-01-28T23:33:48.341+0100][gc,heap     ] GC(51) Archive regions: 0->0
[2023-01-28T23:33:48.341+0100][gc,heap     ] GC(51) Humongous regions: 129->129
[2023-01-28T23:33:48.341+0100][gc,metaspace] GC(51) Metaspace: 51488K(52160K)->51488K(52160K) NonClass: 45590K(45952K)->45590K(45952K) Class: 5897K(6208K)->5897K(6208K)
[2023-01-28T23:33:48.341+0100][gc          ] GC(51) Pause Young (Normal) (G1 Evacuation Pause) 765M->159M(1024M) 44.526ms
[2023-01-28T23:33:48.341+0100][gc,cpu      ] GC(51) User=0.02s Sys=0.06s Real=0.05s
[2023-01-28T23:33:49.184+0100][gc,start    ] GC(52) Pause Young (Normal) (G1 Evacuation Pause)
[2023-01-28T23:33:49.184+0100][gc,task     ] GC(52) Using 8 workers of 8 for evacuation
[2023-01-28T23:33:49.206+0100][gc,mmu      ] GC(52) MMU target violated: 21.0ms (20.0ms/21.0ms)
[2023-01-28T23:33:49.206+0100][gc,phases   ] GC(52)   Pre Evacuate Collection Set: 0.3ms
[2023-01-28T23:33:49.206+0100][gc,phases   ] GC(52)   Merge Heap Roots: 0.3ms
[2023-01-28T23:33:49.206+0100][gc,phases   ] GC(52)   Evacuate Collection Set: 20.2ms
[2023-01-28T23:33:49.206+0100][gc,phases   ] GC(52)   Post Evacuate Collection Set: 1.3ms
[2023-01-28T23:33:49.206+0100][gc,phases   ] GC(52)   Other: 0.3ms
[2023-01-28T23:33:49.206+0100][gc,heap     ] GC(52) Eden regions: 43->0(610)
[2023-01-28T23:33:49.206+0100][gc,heap     ] GC(52) Survivor regions: 8->4(7)
[2023-01-28T23:33:49.206+0100][gc,heap     ] GC(52) Old regions: 23->27
[2023-01-28T23:33:49.206+0100][gc,heap     ] GC(52) Archive regions: 0->0
[2023-01-28T23:33:49.206+0100][gc,heap     ] GC(52) Humongous regions: 129->129
[2023-01-28T23:33:49.206+0100][gc,metaspace] GC(52) Metaspace: 51488K(52160K)->51488K(52160K) NonClass: 45590K(45952K)->45590K(45952K) Class: 5897K(6208K)->5897K(6208K)
[2023-01-28T23:33:49.206+0100][gc          ] GC(52) Pause Young (Normal) (G1 Evacuation Pause) 202M->158M(1024M) 22.374ms
[2023-01-28T23:33:49.206+0100][gc,cpu      ] GC(52) User=0.02s Sys=0.02s Real=0.02s
[2023-01-28T23:33:59.543+0100][gc,start    ] GC(53) Pause Young (Normal) (G1 Evacuation Pause)
[2023-01-28T23:33:59.544+0100][gc,task     ] GC(53) Using 8 workers of 8 for evacuation
[2023-01-28T23:33:59.561+0100][gc,phases   ] GC(53)   Pre Evacuate Collection Set: 0.9ms
[2023-01-28T23:33:59.561+0100][gc,phases   ] GC(53)   Merge Heap Roots: 0.5ms
[2023-01-28T23:33:59.561+0100][gc,phases   ] GC(53)   Evacuate Collection Set: 14.5ms
[2023-01-28T23:33:59.561+0100][gc,phases   ] GC(53)   Post Evacuate Collection Set: 1.4ms
[2023-01-28T23:33:59.561+0100][gc,phases   ] GC(53)   Other: 1.1ms
[2023-01-28T23:33:59.561+0100][gc,heap     ] GC(53) Eden regions: 610->0(610)
[2023-01-28T23:33:59.561+0100][gc,heap     ] GC(53) Survivor regions: 4->4(77)
[2023-01-28T23:33:59.561+0100][gc,heap     ] GC(53) Old regions: 27->27
[2023-01-28T23:33:59.561+0100][gc,heap     ] GC(53) Archive regions: 0->0
[2023-01-28T23:33:59.561+0100][gc,heap     ] GC(53) Humongous regions: 129->129
[2023-01-28T23:33:59.562+0100][gc,metaspace] GC(53) Metaspace: 51497K(52160K)->51497K(52160K) NonClass: 45599K(45952K)->45599K(45952K) Class: 5897K(6208K)->5897K(6208K)
[2023-01-28T23:33:59.562+0100][gc          ] GC(53) Pause Young (Normal) (G1 Evacuation Pause) 768M->159M(1024M) 18.521ms
[2023-01-28T23:33:59.562+0100][gc,cpu      ] GC(53) User=0.02s Sys=0.04s Real=0.02s
[2023-01-28T23:34:07.581+0100][gc,start    ] GC(54) Pause Young (Normal) (G1 Evacuation Pause)
[2023-01-28T23:34:07.581+0100][gc,task     ] GC(54) Using 8 workers of 8 for evacuation
[2023-01-28T23:34:07.597+0100][gc,phases   ] GC(54)   Pre Evacuate Collection Set: 0.2ms
[2023-01-28T23:34:07.598+0100][gc,phases   ] GC(54)   Merge Heap Roots: 0.3ms
[2023-01-28T23:34:07.598+0100][gc,phases   ] GC(54)   Evacuate Collection Set: 13.4ms
[2023-01-28T23:34:07.598+0100][gc,phases   ] GC(54)   Post Evacuate Collection Set: 2.0ms
[2023-01-28T23:34:07.598+0100][gc,phases   ] GC(54)   Other: 0.7ms
[2023-01-28T23:34:07.598+0100][gc,heap     ] GC(54) Eden regions: 610->0(609)
[2023-01-28T23:34:07.598+0100][gc,heap     ] GC(54) Survivor regions: 4->5(77)
[2023-01-28T23:34:07.598+0100][gc,heap     ] GC(54) Old regions: 27->27
[2023-01-28T23:34:07.598+0100][gc,heap     ] GC(54) Archive regions: 0->0
[2023-01-28T23:34:07.598+0100][gc,heap     ] GC(54) Humongous regions: 129->129
[2023-01-28T23:34:07.598+0100][gc,metaspace] GC(54) Metaspace: 51497K(52160K)->51497K(52160K) NonClass: 45599K(45952K)->45599K(45952K) Class: 5897K(6208K)->5897K(6208K)
[2023-01-28T23:34:07.598+0100][gc          ] GC(54) Pause Young (Normal) (G1 Evacuation Pause) 769M->159M(1024M) 16.668ms
[2023-01-28T23:34:07.598+0100][gc,cpu      ] GC(54) User=0.02s Sys=0.05s Real=0.01s
[2023-01-28T23:34:16.542+0100][gc,start    ] GC(55) Pause Young (Normal) (G1 Evacuation Pause)
[2023-01-28T23:34:16.543+0100][gc,task     ] GC(55) Using 8 workers of 8 for evacuation
[2023-01-28T23:34:16.573+0100][gc,mmu      ] GC(55) MMU target violated: 21.0ms (20.0ms/21.0ms)
[2023-01-28T23:34:16.573+0100][gc,phases   ] GC(55)   Pre Evacuate Collection Set: 1.7ms
[2023-01-28T23:34:16.573+0100][gc,phases   ] GC(55)   Merge Heap Roots: 1.3ms
[2023-01-28T23:34:16.573+0100][gc,phases   ] GC(55)   Evacuate Collection Set: 25.4ms
[2023-01-28T23:34:16.573+0100][gc,phases   ] GC(55)   Post Evacuate Collection Set: 1.2ms
[2023-01-28T23:34:16.573+0100][gc,phases   ] GC(55)   Other: 1.4ms
[2023-01-28T23:34:16.573+0100][gc,heap     ] GC(55) Eden regions: 609->0(96)
[2023-01-28T23:34:16.573+0100][gc,heap     ] GC(55) Survivor regions: 5->5(77)
[2023-01-28T23:34:16.573+0100][gc,heap     ] GC(55) Old regions: 27->27
[2023-01-28T23:34:16.573+0100][gc,heap     ] GC(55) Archive regions: 0->0
[2023-01-28T23:34:16.573+0100][gc,heap     ] GC(55) Humongous regions: 129->129
[2023-01-28T23:34:16.573+0100][gc,metaspace] GC(55) Metaspace: 51497K(52160K)->51497K(52160K) NonClass: 45599K(45952K)->45599K(45952K) Class: 5897K(6208K)->5897K(6208K)
[2023-01-28T23:34:16.573+0100][gc          ] GC(55) Pause Young (Normal) (G1 Evacuation Pause) 768M->159M(1024M) 31.080ms
[2023-01-28T23:34:16.573+0100][gc,cpu      ] GC(55) User=0.02s Sys=0.05s Real=0.03s
[2023-01-28T23:34:18.182+0100][gc,start    ] GC(56) Pause Young (Normal) (G1 Evacuation Pause)
[2023-01-28T23:34:18.182+0100][gc,task     ] GC(56) Using 8 workers of 8 for evacuation
[2023-01-28T23:34:18.200+0100][gc,phases   ] GC(56)   Pre Evacuate Collection Set: 0.4ms
[2023-01-28T23:34:18.200+0100][gc,phases   ] GC(56)   Merge Heap Roots: 0.3ms
[2023-01-28T23:34:18.200+0100][gc,phases   ] GC(56)   Evacuate Collection Set: 15.9ms
[2023-01-28T23:34:18.200+0100][gc,phases   ] GC(56)   Post Evacuate Collection Set: 1.8ms
[2023-01-28T23:34:18.200+0100][gc,phases   ] GC(56)   Other: 0.3ms
[2023-01-28T23:34:18.200+0100][gc,heap     ] GC(56) Eden regions: 96->0(366)
[2023-01-28T23:34:18.200+0100][gc,heap     ] GC(56) Survivor regions: 5->5(13)
[2023-01-28T23:34:18.200+0100][gc,heap     ] GC(56) Old regions: 27->27
[2023-01-28T23:34:18.200+0100][gc,heap     ] GC(56) Archive regions: 0->0
[2023-01-28T23:34:18.200+0100][gc,heap     ] GC(56) Humongous regions: 129->129
[2023-01-28T23:34:18.200+0100][gc,metaspace] GC(56) Metaspace: 51500K(52160K)->51500K(52160K) NonClass: 45602K(45952K)->45602K(45952K) Class: 5897K(6208K)->5897K(6208K)
[2023-01-28T23:34:18.200+0100][gc          ] GC(56) Pause Young (Normal) (G1 Evacuation Pause) 255M->159M(1024M) 18.757ms
[2023-01-28T23:34:18.200+0100][gc,cpu      ] GC(56) User=0.01s Sys=0.03s Real=0.02s
[2023-01-28T23:34:23.580+0100][gc,start    ] GC(57) Pause Young (Normal) (G1 Evacuation Pause)
[2023-01-28T23:34:23.580+0100][gc,task     ] GC(57) Using 8 workers of 8 for evacuation
[2023-01-28T23:34:23.589+0100][gc,phases   ] GC(57)   Pre Evacuate Collection Set: 0.4ms
[2023-01-28T23:34:23.589+0100][gc,phases   ] GC(57)   Merge Heap Roots: 0.3ms
[2023-01-28T23:34:23.589+0100][gc,phases   ] GC(57)   Evacuate Collection Set: 7.1ms
[2023-01-28T23:34:23.589+0100][gc,phases   ] GC(57)   Post Evacuate Collection Set: 0.9ms
[2023-01-28T23:34:23.589+0100][gc,phases   ] GC(57)   Other: 1.0ms
[2023-01-28T23:34:23.589+0100][gc,heap     ] GC(57) Eden regions: 366->0(609)
[2023-01-28T23:34:23.589+0100][gc,heap     ] GC(57) Survivor regions: 5->5(47)
[2023-01-28T23:34:23.589+0100][gc,heap     ] GC(57) Old regions: 27->27
[2023-01-28T23:34:23.589+0100][gc,heap     ] GC(57) Archive regions: 0->0
[2023-01-28T23:34:23.589+0100][gc,heap     ] GC(57) Humongous regions: 129->129
[2023-01-28T23:34:23.589+0100][gc,metaspace] GC(57) Metaspace: 51500K(52160K)->51500K(52160K) NonClass: 45602K(45952K)->45602K(45952K) Class: 5897K(6208K)->5897K(6208K)
[2023-01-28T23:34:23.589+0100][gc          ] GC(57) Pause Young (Normal) (G1 Evacuation Pause) 525M->160M(1024M) 9.635ms
[2023-01-28T23:34:23.589+0100][gc,cpu      ] GC(57) User=0.02s Sys=0.03s Real=0.00s
[2023-01-28T23:34:33.354+0100][gc,start    ] GC(58) Pause Young (Normal) (G1 Evacuation Pause)
[2023-01-28T23:34:33.354+0100][gc,task     ] GC(58) Using 8 workers of 8 for evacuation
[2023-01-28T23:34:33.364+0100][gc,phases   ] GC(58)   Pre Evacuate Collection Set: 0.4ms
[2023-01-28T23:34:33.364+0100][gc,phases   ] GC(58)   Merge Heap Roots: 0.3ms
[2023-01-28T23:34:33.364+0100][gc,phases   ] GC(58)   Evacuate Collection Set: 8.4ms
[2023-01-28T23:34:33.364+0100][gc,phases   ] GC(58)   Post Evacuate Collection Set: 0.9ms
[2023-01-28T23:34:33.364+0100][gc,phases   ] GC(58)   Other: 0.5ms
[2023-01-28T23:34:33.364+0100][gc,heap     ] GC(58) Eden regions: 609->0(608)
[2023-01-28T23:34:33.364+0100][gc,heap     ] GC(58) Survivor regions: 5->6(77)
[2023-01-28T23:34:33.364+0100][gc,heap     ] GC(58) Old regions: 27->27
[2023-01-28T23:34:33.364+0100][gc,heap     ] GC(58) Archive regions: 0->0
[2023-01-28T23:34:33.364+0100][gc,heap     ] GC(58) Humongous regions: 129->129
[2023-01-28T23:34:33.364+0100][gc,metaspace] GC(58) Metaspace: 51501K(52160K)->51501K(52160K) NonClass: 45603K(45952K)->45603K(45952K) Class: 5897K(6208K)->5897K(6208K)
[2023-01-28T23:34:33.364+0100][gc          ] GC(58) Pause Young (Normal) (G1 Evacuation Pause) 769M->160M(1024M) 10.612ms
[2023-01-28T23:34:33.364+0100][gc,cpu      ] GC(58) User=0.02s Sys=0.03s Real=0.01s
[2023-01-28T23:34:43.923+0100][gc,start    ] GC(59) Pause Young (Normal) (G1 Evacuation Pause)
[2023-01-28T23:34:43.923+0100][gc,task     ] GC(59) Using 8 workers of 8 for evacuation
[2023-01-28T23:34:43.961+0100][gc,mmu      ] GC(59) MMU target violated: 21.0ms (20.0ms/21.0ms)
[2023-01-28T23:34:43.961+0100][gc,phases   ] GC(59)   Pre Evacuate Collection Set: 0.7ms
[2023-01-28T23:34:43.961+0100][gc,phases   ] GC(59)   Merge Heap Roots: 0.7ms
[2023-01-28T23:34:43.961+0100][gc,phases   ] GC(59)   Evacuate Collection Set: 33.9ms
[2023-01-28T23:34:43.961+0100][gc,phases   ] GC(59)   Post Evacuate Collection Set: 2.3ms
[2023-01-28T23:34:43.961+0100][gc,phases   ] GC(59)   Other: 0.6ms
[2023-01-28T23:34:43.961+0100][gc,heap     ] GC(59) Eden regions: 608->0(45)
[2023-01-28T23:34:43.961+0100][gc,heap     ] GC(59) Survivor regions: 6->6(77)
[2023-01-28T23:34:43.961+0100][gc,heap     ] GC(59) Old regions: 27->27
[2023-01-28T23:34:43.961+0100][gc,heap     ] GC(59) Archive regions: 0->0
[2023-01-28T23:34:43.961+0100][gc,heap     ] GC(59) Humongous regions: 129->129
[2023-01-28T23:34:43.961+0100][gc,metaspace] GC(59) Metaspace: 51503K(52160K)->51503K(52160K) NonClass: 45605K(45952K)->45605K(45952K) Class: 5897K(6208K)->5897K(6208K)
[2023-01-28T23:34:43.961+0100][gc          ] GC(59) Pause Young (Normal) (G1 Evacuation Pause) 768M->160M(1024M) 38.317ms
[2023-01-28T23:34:43.961+0100][gc,cpu      ] GC(59) User=0.02s Sys=0.06s Real=0.04s
[2023-01-28T23:34:44.672+0100][gc,start    ] GC(60) Pause Young (Normal) (G1 Evacuation Pause)
[2023-01-28T23:34:44.672+0100][gc,task     ] GC(60) Using 8 workers of 8 for evacuation
[2023-01-28T23:34:44.677+0100][gc,phases   ] GC(60)   Pre Evacuate Collection Set: 0.2ms
[2023-01-28T23:34:44.677+0100][gc,phases   ] GC(60)   Merge Heap Roots: 0.1ms
[2023-01-28T23:34:44.677+0100][gc,phases   ] GC(60)   Evacuate Collection Set: 4.6ms
[2023-01-28T23:34:44.677+0100][gc,phases   ] GC(60)   Post Evacuate Collection Set: 0.4ms
[2023-01-28T23:34:44.677+0100][gc,phases   ] GC(60)   Other: 0.2ms
[2023-01-28T23:34:44.677+0100][gc,heap     ] GC(60) Eden regions: 45->0(610)
[2023-01-28T23:34:44.677+0100][gc,heap     ] GC(60) Survivor regions: 6->4(7)
[2023-01-28T23:34:44.677+0100][gc,heap     ] GC(60) Old regions: 27->29
[2023-01-28T23:34:44.677+0100][gc,heap     ] GC(60) Archive regions: 0->0
[2023-01-28T23:34:44.677+0100][gc,heap     ] GC(60) Humongous regions: 129->129
[2023-01-28T23:34:44.677+0100][gc,metaspace] GC(60) Metaspace: 51503K(52160K)->51503K(52160K) NonClass: 45605K(45952K)->45605K(45952K) Class: 5897K(6208K)->5897K(6208K)
[2023-01-28T23:34:44.677+0100][gc          ] GC(60) Pause Young (Normal) (G1 Evacuation Pause) 205M->161M(1024M) 5.692ms
[2023-01-28T23:34:44.677+0100][gc,cpu      ] GC(60) User=0.02s Sys=0.01s Real=0.00s
[2023-01-28T23:34:54.213+0100][gc,start    ] GC(61) Pause Young (Normal) (G1 Evacuation Pause)
[2023-01-28T23:34:54.213+0100][gc,task     ] GC(61) Using 8 workers of 8 for evacuation
[2023-01-28T23:34:54.242+0100][gc,mmu      ] GC(61) MMU target violated: 21.0ms (20.0ms/21.0ms)
[2023-01-28T23:34:54.242+0100][gc,phases   ] GC(61)   Pre Evacuate Collection Set: 0.3ms
[2023-01-28T23:34:54.242+0100][gc,phases   ] GC(61)   Merge Heap Roots: 0.3ms
[2023-01-28T23:34:54.242+0100][gc,phases   ] GC(61)   Evacuate Collection Set: 26.8ms
[2023-01-28T23:34:54.242+0100][gc,phases   ] GC(61)   Post Evacuate Collection Set: 1.1ms
[2023-01-28T23:34:54.242+0100][gc,phases   ] GC(61)   Other: 0.5ms
[2023-01-28T23:34:54.242+0100][gc,heap     ] GC(61) Eden regions: 610->0(46)
[2023-01-28T23:34:54.242+0100][gc,heap     ] GC(61) Survivor regions: 4->5(77)
[2023-01-28T23:34:54.242+0100][gc,heap     ] GC(61) Old regions: 29->29
[2023-01-28T23:34:54.242+0100][gc,heap     ] GC(61) Archive regions: 0->0
[2023-01-28T23:34:54.242+0100][gc,heap     ] GC(61) Humongous regions: 129->129
[2023-01-28T23:34:54.242+0100][gc,metaspace] GC(61) Metaspace: 51503K(52160K)->51503K(52160K) NonClass: 45605K(45952K)->45605K(45952K) Class: 5897K(6208K)->5897K(6208K)
[2023-01-28T23:34:54.242+0100][gc          ] GC(61) Pause Young (Normal) (G1 Evacuation Pause) 771M->161M(1024M) 29.155ms
[2023-01-28T23:34:54.242+0100][gc,cpu      ] GC(61) User=0.01s Sys=0.05s Real=0.03s
[2023-01-28T23:34:54.861+0100][gc,start    ] GC(62) Pause Young (Normal) (G1 Evacuation Pause)
[2023-01-28T23:34:54.861+0100][gc,task     ] GC(62) Using 8 workers of 8 for evacuation
[2023-01-28T23:34:54.865+0100][gc,phases   ] GC(62)   Pre Evacuate Collection Set: 0.1ms
[2023-01-28T23:34:54.865+0100][gc,phases   ] GC(62)   Merge Heap Roots: 0.1ms
[2023-01-28T23:34:54.865+0100][gc,phases   ] GC(62)   Evacuate Collection Set: 2.8ms
[2023-01-28T23:34:54.865+0100][gc,phases   ] GC(62)   Post Evacuate Collection Set: 0.4ms
[2023-01-28T23:34:54.865+0100][gc,phases   ] GC(62)   Other: 0.1ms
[2023-01-28T23:34:54.865+0100][gc,heap     ] GC(62) Eden regions: 46->0(610)
[2023-01-28T23:34:54.865+0100][gc,heap     ] GC(62) Survivor regions: 5->4(7)
[2023-01-28T23:34:54.865+0100][gc,heap     ] GC(62) Old regions: 29->29
[2023-01-28T23:34:54.865+0100][gc,heap     ] GC(62) Archive regions: 0->0
[2023-01-28T23:34:54.865+0100][gc,heap     ] GC(62) Humongous regions: 129->129
[2023-01-28T23:34:54.865+0100][gc,metaspace] GC(62) Metaspace: 51503K(52160K)->51503K(52160K) NonClass: 45605K(45952K)->45605K(45952K) Class: 5897K(6208K)->5897K(6208K)
[2023-01-28T23:34:54.865+0100][gc          ] GC(62) Pause Young (Normal) (G1 Evacuation Pause) 207M->161M(1024M) 3.551ms
[2023-01-28T23:34:54.865+0100][gc,cpu      ] GC(62) User=0.01s Sys=0.01s Real=0.00s
[2023-01-28T23:35:51.134+0100][gc,start    ] GC(63) Pause Young (Normal) (G1 Evacuation Pause)
[2023-01-28T23:35:51.134+0100][gc,task     ] GC(63) Using 8 workers of 8 for evacuation
[2023-01-28T23:35:51.150+0100][gc,phases   ] GC(63)   Pre Evacuate Collection Set: 0.6ms
[2023-01-28T23:35:51.150+0100][gc,phases   ] GC(63)   Merge Heap Roots: 0.5ms
[2023-01-28T23:35:51.150+0100][gc,phases   ] GC(63)   Evacuate Collection Set: 12.2ms
[2023-01-28T23:35:51.150+0100][gc,phases   ] GC(63)   Post Evacuate Collection Set: 1.5ms
[2023-01-28T23:35:51.150+0100][gc,phases   ] GC(63)   Other: 1.2ms
[2023-01-28T23:35:51.150+0100][gc,heap     ] GC(63) Eden regions: 610->0(609)
[2023-01-28T23:35:51.150+0100][gc,heap     ] GC(63) Survivor regions: 4->5(77)
[2023-01-28T23:35:51.150+0100][gc,heap     ] GC(63) Old regions: 29->29
[2023-01-28T23:35:51.150+0100][gc,heap     ] GC(63) Archive regions: 0->0
[2023-01-28T23:35:51.150+0100][gc,heap     ] GC(63) Humongous regions: 129->129
[2023-01-28T23:35:51.150+0100][gc,metaspace] GC(63) Metaspace: 51507K(52160K)->51507K(52160K) NonClass: 45609K(45952K)->45609K(45952K) Class: 5897K(6208K)->5897K(6208K)
[2023-01-28T23:35:51.150+0100][gc          ] GC(63) Pause Young (Normal) (G1 Evacuation Pause) 771M->162M(1024M) 15.749ms
[2023-01-28T23:35:51.150+0100][gc,cpu      ] GC(63) User=0.02s Sys=0.04s Real=0.02s
[2023-01-28T23:35:58.677+0100][gc,start    ] GC(64) Pause Young (Normal) (G1 Evacuation Pause)
[2023-01-28T23:35:58.678+0100][gc,task     ] GC(64) Using 8 workers of 8 for evacuation
[2023-01-28T23:35:58.710+0100][gc,mmu      ] GC(64) MMU target violated: 21.0ms (20.0ms/21.0ms)
[2023-01-28T23:35:58.710+0100][gc,phases   ] GC(64)   Pre Evacuate Collection Set: 0.6ms
[2023-01-28T23:35:58.710+0100][gc,phases   ] GC(64)   Merge Heap Roots: 0.6ms
[2023-01-28T23:35:58.710+0100][gc,phases   ] GC(64)   Evacuate Collection Set: 28.6ms
[2023-01-28T23:35:58.710+0100][gc,phases   ] GC(64)   Post Evacuate Collection Set: 1.8ms
[2023-01-28T23:35:58.710+0100][gc,phases   ] GC(64)   Other: 1.2ms
[2023-01-28T23:35:58.710+0100][gc,heap     ] GC(64) Eden regions: 609->0(46)
[2023-01-28T23:35:58.710+0100][gc,heap     ] GC(64) Survivor regions: 5->5(77)
[2023-01-28T23:35:58.710+0100][gc,heap     ] GC(64) Old regions: 29->29
[2023-01-28T23:35:58.710+0100][gc,heap     ] GC(64) Archive regions: 0->0
[2023-01-28T23:35:58.710+0100][gc,heap     ] GC(64) Humongous regions: 129->129
[2023-01-28T23:35:58.710+0100][gc,metaspace] GC(64) Metaspace: 51508K(52160K)->51508K(52160K) NonClass: 45610K(45952K)->45610K(45952K) Class: 5897K(6208K)->5897K(6208K)
[2023-01-28T23:35:58.710+0100][gc          ] GC(64) Pause Young (Normal) (G1 Evacuation Pause) 771M->162M(1024M) 32.699ms
[2023-01-28T23:35:58.710+0100][gc,cpu      ] GC(64) User=0.02s Sys=0.05s Real=0.04s
[2023-01-28T23:35:59.301+0100][gc,start    ] GC(65) Pause Young (Normal) (G1 Evacuation Pause)
[2023-01-28T23:35:59.301+0100][gc,task     ] GC(65) Using 8 workers of 8 for evacuation
[2023-01-28T23:35:59.312+0100][gc,phases   ] GC(65)   Pre Evacuate Collection Set: 0.3ms
[2023-01-28T23:35:59.312+0100][gc,phases   ] GC(65)   Merge Heap Roots: 0.1ms
[2023-01-28T23:35:59.312+0100][gc,phases   ] GC(65)   Evacuate Collection Set: 8.2ms
[2023-01-28T23:35:59.312+0100][gc,phases   ] GC(65)   Post Evacuate Collection Set: 1.6ms
[2023-01-28T23:35:59.312+0100][gc,phases   ] GC(65)   Other: 0.3ms
[2023-01-28T23:35:59.312+0100][gc,heap     ] GC(65) Eden regions: 46->0(610)
[2023-01-28T23:35:59.312+0100][gc,heap     ] GC(65) Survivor regions: 5->4(7)
[2023-01-28T23:35:59.312+0100][gc,heap     ] GC(65) Old regions: 29->31
[2023-01-28T23:35:59.312+0100][gc,heap     ] GC(65) Archive regions: 0->0
[2023-01-28T23:35:59.312+0100][gc,heap     ] GC(65) Humongous regions: 129->129
[2023-01-28T23:35:59.312+0100][gc,metaspace] GC(65) Metaspace: 51508K(52160K)->51508K(52160K) NonClass: 45610K(45952K)->45610K(45952K) Class: 5897K(6208K)->5897K(6208K)
[2023-01-28T23:35:59.312+0100][gc          ] GC(65) Pause Young (Normal) (G1 Evacuation Pause) 208M->163M(1024M) 10.547ms
[2023-01-28T23:35:59.312+0100][gc,cpu      ] GC(65) User=0.02s Sys=0.01s Real=0.01s
[2023-01-28T23:36:09.599+0100][gc,start    ] GC(66) Pause Young (Normal) (G1 Evacuation Pause)
[2023-01-28T23:36:09.599+0100][gc,task     ] GC(66) Using 8 workers of 8 for evacuation
[2023-01-28T23:36:09.638+0100][gc,mmu      ] GC(66) MMU target violated: 21.0ms (20.0ms/21.0ms)
[2023-01-28T23:36:09.638+0100][gc,phases   ] GC(66)   Pre Evacuate Collection Set: 0.8ms
[2023-01-28T23:36:09.638+0100][gc,phases   ] GC(66)   Merge Heap Roots: 0.8ms
[2023-01-28T23:36:09.638+0100][gc,phases   ] GC(66)   Evacuate Collection Set: 34.4ms
[2023-01-28T23:36:09.638+0100][gc,phases   ] GC(66)   Post Evacuate Collection Set: 2.2ms
[2023-01-28T23:36:09.638+0100][gc,phases   ] GC(66)   Other: 0.5ms
[2023-01-28T23:36:09.638+0100][gc,heap     ] GC(66) Eden regions: 571->0(46)
[2023-01-28T23:36:09.638+0100][gc,heap     ] GC(66) Survivor regions: 4->5(72)
[2023-01-28T23:36:09.638+0100][gc,heap     ] GC(66) Old regions: 31->31
[2023-01-28T23:36:09.638+0100][gc,heap     ] GC(66) Archive regions: 0->0
[2023-01-28T23:36:09.638+0100][gc,heap     ] GC(66) Humongous regions: 129->129
[2023-01-28T23:36:09.638+0100][gc,metaspace] GC(66) Metaspace: 51508K(52160K)->51508K(52160K) NonClass: 45610K(45952K)->45610K(45952K) Class: 5897K(6208K)->5897K(6208K)
[2023-01-28T23:36:09.638+0100][gc          ] GC(66) Pause Young (Normal) (G1 Evacuation Pause) 734M->163M(1024M) 38.847ms
[2023-01-28T23:36:09.638+0100][gc,cpu      ] GC(66) User=0.02s Sys=0.04s Real=0.04s
[2023-01-28T23:36:10.742+0100][gc,start    ] GC(67) Pause Young (Normal) (G1 Evacuation Pause)
[2023-01-28T23:36:10.742+0100][gc,task     ] GC(67) Using 8 workers of 8 for evacuation
[2023-01-28T23:36:10.747+0100][gc,phases   ] GC(67)   Pre Evacuate Collection Set: 0.2ms
[2023-01-28T23:36:10.747+0100][gc,phases   ] GC(67)   Merge Heap Roots: 0.2ms
[2023-01-28T23:36:10.747+0100][gc,phases   ] GC(67)   Evacuate Collection Set: 4.3ms
[2023-01-28T23:36:10.747+0100][gc,phases   ] GC(67)   Post Evacuate Collection Set: 0.6ms
[2023-01-28T23:36:10.747+0100][gc,phases   ] GC(67)   Other: 0.2ms
[2023-01-28T23:36:10.747+0100][gc,heap     ] GC(67) Eden regions: 46->0(375)
[2023-01-28T23:36:10.747+0100][gc,heap     ] GC(67) Survivor regions: 5->4(7)
[2023-01-28T23:36:10.747+0100][gc,heap     ] GC(67) Old regions: 31->31
[2023-01-28T23:36:10.747+0100][gc,heap     ] GC(67) Archive regions: 0->0
[2023-01-28T23:36:10.747+0100][gc,heap     ] GC(67) Humongous regions: 129->129
[2023-01-28T23:36:10.747+0100][gc,metaspace] GC(67) Metaspace: 51508K(52160K)->51508K(52160K) NonClass: 45610K(45952K)->45610K(45952K) Class: 5897K(6208K)->5897K(6208K)
[2023-01-28T23:36:10.747+0100][gc          ] GC(67) Pause Young (Normal) (G1 Evacuation Pause) 209M->163M(1024M) 5.529ms
[2023-01-28T23:36:10.747+0100][gc,cpu      ] GC(67) User=0.01s Sys=0.01s Real=0.00s
[2023-01-28T23:36:16.346+0100][gc,start    ] GC(68) Pause Young (Normal) (G1 Evacuation Pause)
[2023-01-28T23:36:16.346+0100][gc,task     ] GC(68) Using 8 workers of 8 for evacuation
[2023-01-28T23:36:16.370+0100][gc,mmu      ] GC(68) MMU target violated: 21.0ms (20.0ms/21.0ms)
[2023-01-28T23:36:16.370+0100][gc,phases   ] GC(68)   Pre Evacuate Collection Set: 0.7ms
[2023-01-28T23:36:16.370+0100][gc,phases   ] GC(68)   Merge Heap Roots: 0.4ms
[2023-01-28T23:36:16.370+0100][gc,phases   ] GC(68)   Evacuate Collection Set: 19.9ms
[2023-01-28T23:36:16.370+0100][gc,phases   ] GC(68)   Post Evacuate Collection Set: 2.5ms
[2023-01-28T23:36:16.370+0100][gc,phases   ] GC(68)   Other: 1.0ms
[2023-01-28T23:36:16.370+0100][gc,heap     ] GC(68) Eden regions: 287->0(46)
[2023-01-28T23:36:16.370+0100][gc,heap     ] GC(68) Survivor regions: 4->5(37)
[2023-01-28T23:36:16.370+0100][gc,heap     ] GC(68) Old regions: 31->31
[2023-01-28T23:36:16.370+0100][gc,heap     ] GC(68) Archive regions: 0->0
[2023-01-28T23:36:16.370+0100][gc,heap     ] GC(68) Humongous regions: 129->129
[2023-01-28T23:36:16.370+0100][gc,metaspace] GC(68) Metaspace: 51511K(52160K)->51511K(52160K) NonClass: 45613K(45952K)->45613K(45952K) Class: 5897K(6208K)->5897K(6208K)
[2023-01-28T23:36:16.370+0100][gc          ] GC(68) Pause Young (Normal) (G1 Evacuation Pause) 450M->163M(1024M) 24.270ms
[2023-01-28T23:36:16.370+0100][gc,cpu      ] GC(68) User=0.01s Sys=0.03s Real=0.03s
[2023-01-28T23:36:16.866+0100][gc,start    ] GC(69) Pause Young (Normal) (G1 Evacuation Pause)
[2023-01-28T23:36:16.866+0100][gc,task     ] GC(69) Using 8 workers of 8 for evacuation
[2023-01-28T23:36:16.869+0100][gc,phases   ] GC(69)   Pre Evacuate Collection Set: 0.1ms
[2023-01-28T23:36:16.869+0100][gc,phases   ] GC(69)   Merge Heap Roots: 0.1ms
[2023-01-28T23:36:16.869+0100][gc,phases   ] GC(69)   Evacuate Collection Set: 2.4ms
[2023-01-28T23:36:16.869+0100][gc,phases   ] GC(69)   Post Evacuate Collection Set: 0.3ms
[2023-01-28T23:36:16.869+0100][gc,phases   ] GC(69)   Other: 0.1ms
[2023-01-28T23:36:16.869+0100][gc,heap     ] GC(69) Eden regions: 46->0(610)
[2023-01-28T23:36:16.869+0100][gc,heap     ] GC(69) Survivor regions: 5->4(7)
[2023-01-28T23:36:16.869+0100][gc,heap     ] GC(69) Old regions: 31->32
[2023-01-28T23:36:16.869+0100][gc,heap     ] GC(69) Archive regions: 0->0
[2023-01-28T23:36:16.869+0100][gc,heap     ] GC(69) Humongous regions: 129->129
[2023-01-28T23:36:16.869+0100][gc,metaspace] GC(69) Metaspace: 51511K(52160K)->51511K(52160K) NonClass: 45613K(45952K)->45613K(45952K) Class: 5897K(6208K)->5897K(6208K)
[2023-01-28T23:36:16.869+0100][gc          ] GC(69) Pause Young (Normal) (G1 Evacuation Pause) 209M->164M(1024M) 3.145ms
[2023-01-28T23:36:16.869+0100][gc,cpu      ] GC(69) User=0.01s Sys=0.00s Real=0.00s
[2023-01-28T23:36:27.499+0100][gc,start    ] GC(70) Pause Young (Normal) (G1 Evacuation Pause)
[2023-01-28T23:36:27.500+0100][gc,task     ] GC(70) Using 8 workers of 8 for evacuation
[2023-01-28T23:36:27.519+0100][gc,phases   ] GC(70)   Pre Evacuate Collection Set: 0.4ms
[2023-01-28T23:36:27.519+0100][gc,phases   ] GC(70)   Merge Heap Roots: 0.3ms
[2023-01-28T23:36:27.519+0100][gc,phases   ] GC(70)   Evacuate Collection Set: 17.5ms
[2023-01-28T23:36:27.519+0100][gc,phases   ] GC(70)   Post Evacuate Collection Set: 0.9ms
[2023-01-28T23:36:27.519+0100][gc,phases   ] GC(70)   Other: 1.0ms
[2023-01-28T23:36:27.519+0100][gc,heap     ] GC(70) Eden regions: 610->0(609)
[2023-01-28T23:36:27.519+0100][gc,heap     ] GC(70) Survivor regions: 4->5(77)
[2023-01-28T23:36:27.519+0100][gc,heap     ] GC(70) Old regions: 32->32
[2023-01-28T23:36:27.519+0100][gc,heap     ] GC(70) Archive regions: 0->0
[2023-01-28T23:36:27.519+0100][gc,heap     ] GC(70) Humongous regions: 129->129
[2023-01-28T23:36:27.519+0100][gc,metaspace] GC(70) Metaspace: 51511K(52160K)->51511K(52160K) NonClass: 45613K(45952K)->45613K(45952K) Class: 5897K(6208K)->5897K(6208K)
[2023-01-28T23:36:27.519+0100][gc          ] GC(70) Pause Young (Normal) (G1 Evacuation Pause) 774M->164M(1024M) 20.138ms
[2023-01-28T23:36:27.519+0100][gc,cpu      ] GC(70) User=0.02s Sys=0.03s Real=0.02s
[2023-01-28T23:36:36.257+0100][gc,start    ] GC(71) Pause Young (Normal) (G1 Evacuation Pause)
[2023-01-28T23:36:36.257+0100][gc,task     ] GC(71) Using 8 workers of 8 for evacuation
[2023-01-28T23:36:36.271+0100][gc,phases   ] GC(71)   Pre Evacuate Collection Set: 1.4ms
[2023-01-28T23:36:36.271+0100][gc,phases   ] GC(71)   Merge Heap Roots: 0.5ms
[2023-01-28T23:36:36.271+0100][gc,phases   ] GC(71)   Evacuate Collection Set: 11.0ms
[2023-01-28T23:36:36.271+0100][gc,phases   ] GC(71)   Post Evacuate Collection Set: 0.8ms
[2023-01-28T23:36:36.271+0100][gc,phases   ] GC(71)   Other: 1.1ms
[2023-01-28T23:36:36.271+0100][gc,heap     ] GC(71) Eden regions: 609->0(609)
[2023-01-28T23:36:36.271+0100][gc,heap     ] GC(71) Survivor regions: 5->5(77)
[2023-01-28T23:36:36.271+0100][gc,heap     ] GC(71) Old regions: 32->32
[2023-01-28T23:36:36.271+0100][gc,heap     ] GC(71) Archive regions: 0->0
[2023-01-28T23:36:36.271+0100][gc,heap     ] GC(71) Humongous regions: 129->129
[2023-01-28T23:36:36.271+0100][gc,metaspace] GC(71) Metaspace: 51514K(52160K)->51514K(52160K) NonClass: 45616K(45952K)->45616K(45952K) Class: 5897K(6208K)->5897K(6208K)
[2023-01-28T23:36:36.271+0100][gc          ] GC(71) Pause Young (Normal) (G1 Evacuation Pause) 773M->164M(1024M) 14.605ms
[2023-01-28T23:36:36.271+0100][gc,cpu      ] GC(71) User=0.01s Sys=0.04s Real=0.02s
[2023-01-28T23:37:29.284+0100][gc,heap,exit] Heap
[2023-01-28T23:37:29.284+0100][gc,heap,exit]  garbage-first heap   total 1048576K, used 695918K [0x00000007c0000000, 0x0000000800000000)
[2023-01-28T23:37:29.285+0100][gc,heap,exit]   region size 1024K, 520 young (532480K), 5 survivors (5120K)
[2023-01-28T23:37:29.285+0100][gc,heap,exit]  Metaspace       used 52902K, committed 53504K, reserved 1097728K
[2023-01-28T23:37:29.285+0100][gc,heap,exit]   class space    used 6209K, committed 6464K, reserved 1048576K
