[2023-01-29T17:48:28.051+0100][gc] Using G1
[2023-01-29T17:48:28.052+0100][gc,init] Version: 17.0.6+10 (release)
[2023-01-29T17:48:28.052+0100][gc,init] CPUs: 8 total, 8 available
[2023-01-29T17:48:28.052+0100][gc,init] Memory: 8192M
[2023-01-29T17:48:28.053+0100][gc,init] Large Page Support: Disabled
[2023-01-29T17:48:28.053+0100][gc,init] NUMA Support: Disabled
[2023-01-29T17:48:28.053+0100][gc,init] Compressed Oops: Enabled (Zero based)
[2023-01-29T17:48:28.053+0100][gc,init] Heap Region Size: 1M
[2023-01-29T17:48:28.053+0100][gc,init] Heap Min Capacity: 1G
[2023-01-29T17:48:28.053+0100][gc,init] Heap Initial Capacity: 1G
[2023-01-29T17:48:28.053+0100][gc,init] Heap Max Capacity: 1G
[2023-01-29T17:48:28.053+0100][gc,init] Pre-touch: Disabled
[2023-01-29T17:48:28.053+0100][gc,init] Parallel Workers: 8
[2023-01-29T17:48:28.053+0100][gc,init] Concurrent Workers: 2
[2023-01-29T17:48:28.053+0100][gc,init] Concurrent Refinement Workers: 8
[2023-01-29T17:48:28.053+0100][gc,init] Periodic GC: Disabled
[2023-01-29T17:48:28.053+0100][gc,metaspace] CDS archive(s) not mapped
[2023-01-29T17:48:28.053+0100][gc,metaspace] Compressed class space mapped at: 0x0000000800000000-0x0000000840000000, reserved size: 1073741824
[2023-01-29T17:48:28.053+0100][gc,metaspace] Narrow klass base: 0x0000000800000000, Narrow klass shift: 0, Narrow klass range: 0x40000000
[2023-01-29T17:48:28.421+0100][gc,start    ] GC(0) Pause Young (Concurrent Start) (Metadata GC Threshold)
[2023-01-29T17:48:28.421+0100][gc,task     ] GC(0) Using 8 workers of 8 for evacuation
[2023-01-29T17:48:28.423+0100][gc,phases   ] GC(0)   Pre Evacuate Collection Set: 0.1ms
[2023-01-29T17:48:28.423+0100][gc,phases   ] GC(0)   Merge Heap Roots: 0.0ms
[2023-01-29T17:48:28.423+0100][gc,phases   ] GC(0)   Evacuate Collection Set: 2.0ms
[2023-01-29T17:48:28.423+0100][gc,phases   ] GC(0)   Post Evacuate Collection Set: 0.2ms
[2023-01-29T17:48:28.423+0100][gc,phases   ] GC(0)   Other: 0.3ms
[2023-01-29T17:48:28.423+0100][gc,heap     ] GC(0) Eden regions: 35->0(44)
[2023-01-29T17:48:28.423+0100][gc,heap     ] GC(0) Survivor regions: 0->7(7)
[2023-01-29T17:48:28.423+0100][gc,heap     ] GC(0) Old regions: 0->1
[2023-01-29T17:48:28.423+0100][gc,heap     ] GC(0) Archive regions: 0->0
[2023-01-29T17:48:28.423+0100][gc,heap     ] GC(0) Humongous regions: 0->0
[2023-01-29T17:48:28.423+0100][gc,metaspace] GC(0) Metaspace: 21360K(21504K)->21360K(21504K) NonClass: 19003K(19072K)->19003K(19072K) Class: 2356K(2432K)->2356K(2432K)
[2023-01-29T17:48:28.423+0100][gc          ] GC(0) Pause Young (Concurrent Start) (Metadata GC Threshold) 35M->7M(1024M) 2.672ms
[2023-01-29T17:48:28.423+0100][gc,cpu      ] GC(0) User=0.01s Sys=0.00s Real=0.00s
[2023-01-29T17:48:28.423+0100][gc          ] GC(1) Concurrent Mark Cycle
[2023-01-29T17:48:28.423+0100][gc,marking  ] GC(1) Concurrent Clear Claimed Marks
[2023-01-29T17:48:28.423+0100][gc,marking  ] GC(1) Concurrent Clear Claimed Marks 0.009ms
[2023-01-29T17:48:28.423+0100][gc,marking  ] GC(1) Concurrent Scan Root Regions
[2023-01-29T17:48:28.424+0100][gc,marking  ] GC(1) Concurrent Scan Root Regions 0.982ms
[2023-01-29T17:48:28.424+0100][gc,marking  ] GC(1) Concurrent Mark
[2023-01-29T17:48:28.424+0100][gc,marking  ] GC(1) Concurrent Mark From Roots
[2023-01-29T17:48:28.424+0100][gc,task     ] GC(1) Using 2 workers of 2 for marking
[2023-01-29T17:48:28.425+0100][gc,marking  ] GC(1) Concurrent Mark From Roots 0.167ms
[2023-01-29T17:48:28.425+0100][gc,marking  ] GC(1) Concurrent Preclean
[2023-01-29T17:48:28.425+0100][gc,marking  ] GC(1) Concurrent Preclean 0.012ms
[2023-01-29T17:48:28.425+0100][gc,start    ] GC(1) Pause Remark
[2023-01-29T17:48:28.425+0100][gc          ] GC(1) Pause Remark 7M->7M(1024M) 0.587ms
[2023-01-29T17:48:28.425+0100][gc,cpu      ] GC(1) User=0.01s Sys=0.00s Real=0.00s
[2023-01-29T17:48:28.425+0100][gc,marking  ] GC(1) Concurrent Mark 0.870ms
[2023-01-29T17:48:28.425+0100][gc,marking  ] GC(1) Concurrent Rebuild Remembered Sets
[2023-01-29T17:48:28.425+0100][gc,marking  ] GC(1) Concurrent Rebuild Remembered Sets 0.142ms
[2023-01-29T17:48:28.426+0100][gc,start    ] GC(1) Pause Cleanup
[2023-01-29T17:48:28.426+0100][gc          ] GC(1) Pause Cleanup 7M->7M(1024M) 0.068ms
[2023-01-29T17:48:28.426+0100][gc,cpu      ] GC(1) User=0.00s Sys=0.00s Real=0.00s
[2023-01-29T17:48:28.426+0100][gc,marking  ] GC(1) Concurrent Cleanup for Next Mark
[2023-01-29T17:48:28.427+0100][gc,marking  ] GC(1) Concurrent Cleanup for Next Mark 1.104ms
[2023-01-29T17:48:28.427+0100][gc          ] GC(1) Concurrent Mark Cycle 3.288ms
[2023-01-29T17:48:28.826+0100][gc,start    ] GC(2) Pause Young (Normal) (G1 Evacuation Pause)
[2023-01-29T17:48:28.826+0100][gc,task     ] GC(2) Using 8 workers of 8 for evacuation
[2023-01-29T17:48:28.829+0100][gc,phases   ] GC(2)   Pre Evacuate Collection Set: 0.1ms
[2023-01-29T17:48:28.829+0100][gc,phases   ] GC(2)   Merge Heap Roots: 0.0ms
[2023-01-29T17:48:28.829+0100][gc,phases   ] GC(2)   Evacuate Collection Set: 2.8ms
[2023-01-29T17:48:28.829+0100][gc,phases   ] GC(2)   Post Evacuate Collection Set: 0.2ms
[2023-01-29T17:48:28.829+0100][gc,phases   ] GC(2)   Other: 0.1ms
[2023-01-29T17:48:28.829+0100][gc,heap     ] GC(2) Eden regions: 44->0(48)
[2023-01-29T17:48:28.829+0100][gc,heap     ] GC(2) Survivor regions: 7->3(7)
[2023-01-29T17:48:28.829+0100][gc,heap     ] GC(2) Old regions: 1->7
[2023-01-29T17:48:28.829+0100][gc,heap     ] GC(2) Archive regions: 0->0
[2023-01-29T17:48:28.829+0100][gc,heap     ] GC(2) Humongous regions: 129->129
[2023-01-29T17:48:28.829+0100][gc,metaspace] GC(2) Metaspace: 33613K(33856K)->33613K(33856K) NonClass: 29955K(30080K)->29955K(30080K) Class: 3658K(3776K)->3658K(3776K)
[2023-01-29T17:48:28.829+0100][gc          ] GC(2) Pause Young (Normal) (G1 Evacuation Pause) 180M->138M(1024M) 3.204ms
[2023-01-29T17:48:28.829+0100][gc,cpu      ] GC(2) User=0.02s Sys=0.00s Real=0.00s
[2023-01-29T17:48:28.904+0100][gc,start    ] GC(3) Pause Young (Concurrent Start) (Metadata GC Threshold)
[2023-01-29T17:48:28.904+0100][gc,task     ] GC(3) Using 8 workers of 8 for evacuation
[2023-01-29T17:48:28.905+0100][gc,phases   ] GC(3)   Pre Evacuate Collection Set: 0.1ms
[2023-01-29T17:48:28.905+0100][gc,phases   ] GC(3)   Merge Heap Roots: 0.0ms
[2023-01-29T17:48:28.905+0100][gc,phases   ] GC(3)   Evacuate Collection Set: 1.4ms
[2023-01-29T17:48:28.905+0100][gc,phases   ] GC(3)   Post Evacuate Collection Set: 0.2ms
[2023-01-29T17:48:28.905+0100][gc,phases   ] GC(3)   Other: 0.1ms
[2023-01-29T17:48:28.905+0100][gc,heap     ] GC(3) Eden regions: 13->0(46)
[2023-01-29T17:48:28.905+0100][gc,heap     ] GC(3) Survivor regions: 3->5(7)
[2023-01-29T17:48:28.905+0100][gc,heap     ] GC(3) Old regions: 7->7
[2023-01-29T17:48:28.905+0100][gc,heap     ] GC(3) Archive regions: 0->0
[2023-01-29T17:48:28.905+0100][gc,heap     ] GC(3) Humongous regions: 129->129
[2023-01-29T17:48:28.905+0100][gc,metaspace] GC(3) Metaspace: 35725K(35968K)->35725K(35968K) NonClass: 31806K(31936K)->31806K(31936K) Class: 3919K(4032K)->3919K(4032K)
[2023-01-29T17:48:28.905+0100][gc          ] GC(3) Pause Young (Concurrent Start) (Metadata GC Threshold) 151M->140M(1024M) 1.895ms
[2023-01-29T17:48:28.905+0100][gc,cpu      ] GC(3) User=0.00s Sys=0.00s Real=0.00s
[2023-01-29T17:48:28.905+0100][gc          ] GC(4) Concurrent Mark Cycle
[2023-01-29T17:48:28.905+0100][gc,marking  ] GC(4) Concurrent Clear Claimed Marks
[2023-01-29T17:48:28.905+0100][gc,marking  ] GC(4) Concurrent Clear Claimed Marks 0.010ms
[2023-01-29T17:48:28.905+0100][gc,marking  ] GC(4) Concurrent Scan Root Regions
[2023-01-29T17:48:28.906+0100][gc,marking  ] GC(4) Concurrent Scan Root Regions 0.980ms
[2023-01-29T17:48:28.906+0100][gc,marking  ] GC(4) Concurrent Mark
[2023-01-29T17:48:28.906+0100][gc,marking  ] GC(4) Concurrent Mark From Roots
[2023-01-29T17:48:28.906+0100][gc,task     ] GC(4) Using 2 workers of 2 for marking
[2023-01-29T17:48:28.909+0100][gc,marking  ] GC(4) Concurrent Mark From Roots 2.658ms
[2023-01-29T17:48:28.909+0100][gc,marking  ] GC(4) Concurrent Preclean
[2023-01-29T17:48:28.909+0100][gc,marking  ] GC(4) Concurrent Preclean 0.029ms
[2023-01-29T17:48:28.909+0100][gc,start    ] GC(4) Pause Remark
[2023-01-29T17:48:28.910+0100][gc          ] GC(4) Pause Remark 141M->141M(1024M) 0.692ms
[2023-01-29T17:48:28.910+0100][gc,cpu      ] GC(4) User=0.00s Sys=0.00s Real=0.01s
[2023-01-29T17:48:28.911+0100][gc,marking  ] GC(4) Concurrent Mark 4.218ms
[2023-01-29T17:48:28.911+0100][gc,marking  ] GC(4) Concurrent Rebuild Remembered Sets
[2023-01-29T17:48:28.911+0100][gc,marking  ] GC(4) Concurrent Rebuild Remembered Sets 0.005ms
[2023-01-29T17:48:28.911+0100][gc,start    ] GC(4) Pause Cleanup
[2023-01-29T17:48:28.911+0100][gc          ] GC(4) Pause Cleanup 141M->141M(1024M) 0.007ms
[2023-01-29T17:48:28.911+0100][gc,cpu      ] GC(4) User=0.00s Sys=0.00s Real=0.00s
[2023-01-29T17:48:28.911+0100][gc,marking  ] GC(4) Concurrent Cleanup for Next Mark
[2023-01-29T17:48:28.913+0100][gc,marking  ] GC(4) Concurrent Cleanup for Next Mark 1.727ms
[2023-01-29T17:48:28.913+0100][gc          ] GC(4) Concurrent Mark Cycle 7.096ms
[2023-01-29T17:49:41.049+0100][gc,start    ] GC(5) Pause Young (Normal) (G1 Evacuation Pause)
[2023-01-29T17:49:41.050+0100][gc,task     ] GC(5) Using 8 workers of 8 for evacuation
[2023-01-29T17:49:41.072+0100][gc,mmu      ] GC(5) MMU target violated: 21.0ms (20.0ms/21.0ms)
[2023-01-29T17:49:41.073+0100][gc,phases   ] GC(5)   Pre Evacuate Collection Set: 0.6ms
[2023-01-29T17:49:41.073+0100][gc,phases   ] GC(5)   Merge Heap Roots: 0.2ms
[2023-01-29T17:49:41.073+0100][gc,phases   ] GC(5)   Evacuate Collection Set: 21.4ms
[2023-01-29T17:49:41.073+0100][gc,phases   ] GC(5)   Post Evacuate Collection Set: 0.4ms
[2023-01-29T17:49:41.073+0100][gc,phases   ] GC(5)   Other: 1.4ms
[2023-01-29T17:49:41.073+0100][gc,heap     ] GC(5) Eden regions: 46->0(45)
[2023-01-29T17:49:41.073+0100][gc,heap     ] GC(5) Survivor regions: 5->6(7)
[2023-01-29T17:49:41.073+0100][gc,heap     ] GC(5) Old regions: 7->10
[2023-01-29T17:49:41.073+0100][gc,heap     ] GC(5) Archive regions: 0->0
[2023-01-29T17:49:41.073+0100][gc,heap     ] GC(5) Humongous regions: 129->129
[2023-01-29T17:49:41.073+0100][gc,metaspace] GC(5) Metaspace: 45679K(46144K)->45679K(46144K) NonClass: 40601K(40832K)->40601K(40832K) Class: 5077K(5312K)->5077K(5312K)
[2023-01-29T17:49:41.073+0100][gc          ] GC(5) Pause Young (Normal) (G1 Evacuation Pause) 186M->144M(1024M) 24.057ms
[2023-01-29T17:49:41.073+0100][gc,cpu      ] GC(5) User=0.03s Sys=0.08s Real=0.03s
[2023-01-29T17:56:44.152+0100][gc,start    ] GC(6) Pause Young (Normal) (G1 Evacuation Pause)
[2023-01-29T17:56:44.153+0100][gc,task     ] GC(6) Using 8 workers of 8 for evacuation
[2023-01-29T17:56:44.170+0100][gc,phases   ] GC(6)   Pre Evacuate Collection Set: 1.1ms
[2023-01-29T17:56:44.170+0100][gc,phases   ] GC(6)   Merge Heap Roots: 0.3ms
[2023-01-29T17:56:44.170+0100][gc,phases   ] GC(6)   Evacuate Collection Set: 13.3ms
[2023-01-29T17:56:44.170+0100][gc,phases   ] GC(6)   Post Evacuate Collection Set: 2.0ms
[2023-01-29T17:56:44.170+0100][gc,phases   ] GC(6)   Other: 1.3ms
[2023-01-29T17:56:44.170+0100][gc,heap     ] GC(6) Eden regions: 45->0(47)
[2023-01-29T17:56:44.170+0100][gc,heap     ] GC(6) Survivor regions: 6->4(7)
[2023-01-29T17:56:44.170+0100][gc,heap     ] GC(6) Old regions: 10->14
[2023-01-29T17:56:44.170+0100][gc,heap     ] GC(6) Archive regions: 0->0
[2023-01-29T17:56:44.170+0100][gc,heap     ] GC(6) Humongous regions: 129->129
[2023-01-29T17:56:44.170+0100][gc,metaspace] GC(6) Metaspace: 46786K(47232K)->46786K(47232K) NonClass: 41617K(41856K)->41617K(41856K) Class: 5168K(5376K)->5168K(5376K)
[2023-01-29T17:56:44.170+0100][gc          ] GC(6) Pause Young (Normal) (G1 Evacuation Pause) 189M->146M(1024M) 18.081ms
[2023-01-29T17:56:44.170+0100][gc,cpu      ] GC(6) User=0.02s Sys=0.03s Real=0.02s
[2023-01-29T18:01:27.252+0100][gc,start    ] GC(7) Pause Young (Normal) (G1 Evacuation Pause)
[2023-01-29T18:01:27.252+0100][gc,task     ] GC(7) Using 8 workers of 8 for evacuation
[2023-01-29T18:01:27.259+0100][gc,phases   ] GC(7)   Pre Evacuate Collection Set: 0.4ms
[2023-01-29T18:01:27.259+0100][gc,phases   ] GC(7)   Merge Heap Roots: 0.8ms
[2023-01-29T18:01:27.259+0100][gc,phases   ] GC(7)   Evacuate Collection Set: 5.6ms
[2023-01-29T18:01:27.259+0100][gc,phases   ] GC(7)   Post Evacuate Collection Set: 0.3ms
[2023-01-29T18:01:27.259+0100][gc,phases   ] GC(7)   Other: 0.2ms
[2023-01-29T18:01:27.259+0100][gc,heap     ] GC(7) Eden regions: 47->0(46)
[2023-01-29T18:01:27.259+0100][gc,heap     ] GC(7) Survivor regions: 4->5(7)
[2023-01-29T18:01:27.259+0100][gc,heap     ] GC(7) Old regions: 14->14
[2023-01-29T18:01:27.259+0100][gc,heap     ] GC(7) Archive regions: 0->0
[2023-01-29T18:01:27.259+0100][gc,heap     ] GC(7) Humongous regions: 129->129
[2023-01-29T18:01:27.259+0100][gc,metaspace] GC(7) Metaspace: 48085K(48640K)->48085K(48640K) NonClass: 42736K(43008K)->42736K(43008K) Class: 5348K(5632K)->5348K(5632K)
[2023-01-29T18:01:27.260+0100][gc          ] GC(7) Pause Young (Normal) (G1 Evacuation Pause) 193M->147M(1024M) 7.355ms
[2023-01-29T18:01:27.260+0100][gc,cpu      ] GC(7) User=0.01s Sys=0.01s Real=0.01s
[2023-01-29T18:03:08.140+0100][gc,start    ] GC(8) Pause Young (Normal) (G1 Evacuation Pause)
[2023-01-29T18:03:08.140+0100][gc,task     ] GC(8) Using 8 workers of 8 for evacuation
[2023-01-29T18:03:08.155+0100][gc,phases   ] GC(8)   Pre Evacuate Collection Set: 0.7ms
[2023-01-29T18:03:08.155+0100][gc,phases   ] GC(8)   Merge Heap Roots: 0.5ms
[2023-01-29T18:03:08.155+0100][gc,phases   ] GC(8)   Evacuate Collection Set: 13.1ms
[2023-01-29T18:03:08.155+0100][gc,phases   ] GC(8)   Post Evacuate Collection Set: 0.4ms
[2023-01-29T18:03:08.155+0100][gc,phases   ] GC(8)   Other: 0.6ms
[2023-01-29T18:03:08.155+0100][gc,heap     ] GC(8) Eden regions: 46->0(45)
[2023-01-29T18:03:08.155+0100][gc,heap     ] GC(8) Survivor regions: 5->6(7)
[2023-01-29T18:03:08.155+0100][gc,heap     ] GC(8) Old regions: 14->16
[2023-01-29T18:03:08.155+0100][gc,heap     ] GC(8) Archive regions: 0->0
[2023-01-29T18:03:08.155+0100][gc,heap     ] GC(8) Humongous regions: 129->129
[2023-01-29T18:03:08.155+0100][gc,metaspace] GC(8) Metaspace: 48355K(48896K)->48355K(48896K) NonClass: 43006K(43264K)->43006K(43264K) Class: 5348K(5632K)->5348K(5632K)
[2023-01-29T18:03:08.155+0100][gc          ] GC(8) Pause Young (Normal) (G1 Evacuation Pause) 193M->149M(1024M) 15.388ms
[2023-01-29T18:03:08.155+0100][gc,cpu      ] GC(8) User=0.02s Sys=0.02s Real=0.01s
[2023-01-29T18:04:54.653+0100][gc,start    ] GC(9) Pause Young (Normal) (G1 Evacuation Pause)
[2023-01-29T18:04:54.653+0100][gc,task     ] GC(9) Using 8 workers of 8 for evacuation
[2023-01-29T18:04:54.659+0100][gc,phases   ] GC(9)   Pre Evacuate Collection Set: 0.3ms
[2023-01-29T18:04:54.659+0100][gc,phases   ] GC(9)   Merge Heap Roots: 0.1ms
[2023-01-29T18:04:54.659+0100][gc,phases   ] GC(9)   Evacuate Collection Set: 4.7ms
[2023-01-29T18:04:54.659+0100][gc,phases   ] GC(9)   Post Evacuate Collection Set: 0.4ms
[2023-01-29T18:04:54.659+0100][gc,phases   ] GC(9)   Other: 1.0ms
[2023-01-29T18:04:54.659+0100][gc,heap     ] GC(9) Eden regions: 45->0(46)
[2023-01-29T18:04:54.659+0100][gc,heap     ] GC(9) Survivor regions: 6->5(7)
[2023-01-29T18:04:54.659+0100][gc,heap     ] GC(9) Old regions: 16->18
[2023-01-29T18:04:54.659+0100][gc,heap     ] GC(9) Archive regions: 0->0
[2023-01-29T18:04:54.659+0100][gc,heap     ] GC(9) Humongous regions: 129->129
[2023-01-29T18:04:54.659+0100][gc,metaspace] GC(9) Metaspace: 48391K(48896K)->48391K(48896K) NonClass: 43042K(43264K)->43042K(43264K) Class: 5348K(5632K)->5348K(5632K)
[2023-01-29T18:04:54.659+0100][gc          ] GC(9) Pause Young (Normal) (G1 Evacuation Pause) 194M->151M(1024M) 6.508ms
[2023-01-29T18:04:54.659+0100][gc,cpu      ] GC(9) User=0.02s Sys=0.01s Real=0.00s
[2023-01-29T18:06:44.951+0100][gc,start    ] GC(10) Pause Young (Normal) (G1 Evacuation Pause)
[2023-01-29T18:06:44.951+0100][gc,task     ] GC(10) Using 8 workers of 8 for evacuation
[2023-01-29T18:06:44.956+0100][gc,phases   ] GC(10)   Pre Evacuate Collection Set: 0.3ms
[2023-01-29T18:06:44.956+0100][gc,phases   ] GC(10)   Merge Heap Roots: 0.2ms
[2023-01-29T18:06:44.956+0100][gc,phases   ] GC(10)   Evacuate Collection Set: 4.6ms
[2023-01-29T18:06:44.956+0100][gc,phases   ] GC(10)   Post Evacuate Collection Set: 0.2ms
[2023-01-29T18:06:44.956+0100][gc,phases   ] GC(10)   Other: 0.5ms
[2023-01-29T18:06:44.956+0100][gc,heap     ] GC(10) Eden regions: 46->0(45)
[2023-01-29T18:06:44.956+0100][gc,heap     ] GC(10) Survivor regions: 5->6(7)
[2023-01-29T18:06:44.956+0100][gc,heap     ] GC(10) Old regions: 18->20
[2023-01-29T18:06:44.956+0100][gc,heap     ] GC(10) Archive regions: 0->0
[2023-01-29T18:06:44.956+0100][gc,heap     ] GC(10) Humongous regions: 129->129
[2023-01-29T18:06:44.956+0100][gc,metaspace] GC(10) Metaspace: 48475K(49024K)->48475K(49024K) NonClass: 43126K(43392K)->43126K(43392K) Class: 5348K(5632K)->5348K(5632K)
[2023-01-29T18:06:44.956+0100][gc          ] GC(10) Pause Young (Normal) (G1 Evacuation Pause) 197M->154M(1024M) 5.782ms
[2023-01-29T18:06:44.956+0100][gc,cpu      ] GC(10) User=0.02s Sys=0.01s Real=0.00s
[2023-01-29T18:08:34.264+0100][gc,start    ] GC(11) Pause Young (Normal) (G1 Evacuation Pause)
[2023-01-29T18:08:34.264+0100][gc,task     ] GC(11) Using 8 workers of 8 for evacuation
[2023-01-29T18:08:34.271+0100][gc,phases   ] GC(11)   Pre Evacuate Collection Set: 0.3ms
[2023-01-29T18:08:34.271+0100][gc,phases   ] GC(11)   Merge Heap Roots: 0.2ms
[2023-01-29T18:08:34.271+0100][gc,phases   ] GC(11)   Evacuate Collection Set: 5.7ms
[2023-01-29T18:08:34.271+0100][gc,phases   ] GC(11)   Post Evacuate Collection Set: 0.3ms
[2023-01-29T18:08:34.271+0100][gc,phases   ] GC(11)   Other: 0.3ms
[2023-01-29T18:08:34.271+0100][gc,heap     ] GC(11) Eden regions: 45->0(47)
[2023-01-29T18:08:34.271+0100][gc,heap     ] GC(11) Survivor regions: 6->7(7)
[2023-01-29T18:08:34.271+0100][gc,heap     ] GC(11) Old regions: 20->23
[2023-01-29T18:08:34.271+0100][gc,heap     ] GC(11) Archive regions: 0->0
[2023-01-29T18:08:34.271+0100][gc,heap     ] GC(11) Humongous regions: 129->129
[2023-01-29T18:08:34.271+0100][gc,metaspace] GC(11) Metaspace: 48480K(49024K)->48480K(49024K) NonClass: 43132K(43392K)->43132K(43392K) Class: 5348K(5632K)->5348K(5632K)
[2023-01-29T18:08:34.271+0100][gc          ] GC(11) Pause Young (Normal) (G1 Evacuation Pause) 199M->157M(1024M) 6.986ms
[2023-01-29T18:08:34.271+0100][gc,cpu      ] GC(11) User=0.02s Sys=0.02s Real=0.01s
[2023-01-29T18:10:21.436+0100][gc,start    ] GC(12) Pause Young (Normal) (G1 Evacuation Pause)
[2023-01-29T18:10:21.437+0100][gc,task     ] GC(12) Using 8 workers of 8 for evacuation
[2023-01-29T18:10:21.443+0100][gc,phases   ] GC(12)   Pre Evacuate Collection Set: 0.3ms
[2023-01-29T18:10:21.443+0100][gc,phases   ] GC(12)   Merge Heap Roots: 0.1ms
[2023-01-29T18:10:21.443+0100][gc,phases   ] GC(12)   Evacuate Collection Set: 5.6ms
[2023-01-29T18:10:21.443+0100][gc,phases   ] GC(12)   Post Evacuate Collection Set: 0.2ms
[2023-01-29T18:10:21.443+0100][gc,phases   ] GC(12)   Other: 0.4ms
[2023-01-29T18:10:21.443+0100][gc,heap     ] GC(12) Eden regions: 44->0(74)
[2023-01-29T18:10:21.443+0100][gc,heap     ] GC(12) Survivor regions: 7->7(7)
[2023-01-29T18:10:21.443+0100][gc,heap     ] GC(12) Old regions: 23->26
[2023-01-29T18:10:21.443+0100][gc,heap     ] GC(12) Archive regions: 0->0
[2023-01-29T18:10:21.443+0100][gc,heap     ] GC(12) Humongous regions: 129->129
[2023-01-29T18:10:21.443+0100][gc,metaspace] GC(12) Metaspace: 48536K(49088K)->48536K(49088K) NonClass: 43179K(43456K)->43179K(43456K) Class: 5356K(5632K)->5356K(5632K)
[2023-01-29T18:10:21.443+0100][gc          ] GC(12) Pause Young (Normal) (G1 Evacuation Pause) 201M->160M(1024M) 6.759ms
[2023-01-29T18:10:21.443+0100][gc,cpu      ] GC(12) User=0.02s Sys=0.01s Real=0.01s
[2023-01-29T18:12:03.883+0100][gc,start    ] GC(13) Pause Young (Normal) (G1 Evacuation Pause)
[2023-01-29T18:12:03.883+0100][gc,task     ] GC(13) Using 8 workers of 8 for evacuation
[2023-01-29T18:12:03.910+0100][gc,mmu      ] GC(13) MMU target violated: 21.0ms (20.0ms/21.0ms)
[2023-01-29T18:12:03.910+0100][gc,phases   ] GC(13)   Pre Evacuate Collection Set: 1.1ms
[2023-01-29T18:12:03.910+0100][gc,phases   ] GC(13)   Merge Heap Roots: 2.1ms
[2023-01-29T18:12:03.910+0100][gc,phases   ] GC(13)   Evacuate Collection Set: 22.1ms
[2023-01-29T18:12:03.910+0100][gc,phases   ] GC(13)   Post Evacuate Collection Set: 1.9ms
[2023-01-29T18:12:03.910+0100][gc,phases   ] GC(13)   Other: 0.6ms
[2023-01-29T18:12:03.910+0100][gc,heap     ] GC(13) Eden regions: 52->0(44)
[2023-01-29T18:12:03.911+0100][gc,heap     ] GC(13) Survivor regions: 7->7(8)
[2023-01-29T18:12:03.911+0100][gc,heap     ] GC(13) Old regions: 26->29
[2023-01-29T18:12:03.911+0100][gc,heap     ] GC(13) Archive regions: 0->0
[2023-01-29T18:12:03.911+0100][gc,heap     ] GC(13) Humongous regions: 129->129
[2023-01-29T18:12:03.911+0100][gc,metaspace] GC(13) Metaspace: 48748K(49216K)->48748K(49216K) NonClass: 43340K(43584K)->43340K(43584K) Class: 5407K(5632K)->5407K(5632K)
[2023-01-29T18:12:03.911+0100][gc          ] GC(13) Pause Young (Normal) (G1 Evacuation Pause) 212M->163M(1024M) 27.946ms
[2023-01-29T18:12:03.911+0100][gc,cpu      ] GC(13) User=0.02s Sys=0.02s Real=0.03s
[2023-01-29T18:13:41.980+0100][gc,start    ] GC(14) Pause Young (Normal) (G1 Evacuation Pause)
[2023-01-29T18:13:41.981+0100][gc,task     ] GC(14) Using 8 workers of 8 for evacuation
[2023-01-29T18:13:41.990+0100][gc,phases   ] GC(14)   Pre Evacuate Collection Set: 0.4ms
[2023-01-29T18:13:41.990+0100][gc,phases   ] GC(14)   Merge Heap Roots: 0.2ms
[2023-01-29T18:13:41.990+0100][gc,phases   ] GC(14)   Evacuate Collection Set: 7.9ms
[2023-01-29T18:13:41.990+0100][gc,phases   ] GC(14)   Post Evacuate Collection Set: 0.5ms
[2023-01-29T18:13:41.990+0100][gc,phases   ] GC(14)   Other: 1.1ms
[2023-01-29T18:13:41.990+0100][gc,heap     ] GC(14) Eden regions: 44->0(60)
[2023-01-29T18:13:41.990+0100][gc,heap     ] GC(14) Survivor regions: 7->7(7)
[2023-01-29T18:13:41.990+0100][gc,heap     ] GC(14) Old regions: 29->32
[2023-01-29T18:13:41.990+0100][gc,heap     ] GC(14) Archive regions: 0->0
[2023-01-29T18:13:41.990+0100][gc,heap     ] GC(14) Humongous regions: 129->129
[2023-01-29T18:13:41.990+0100][gc,metaspace] GC(14) Metaspace: 48751K(49216K)->48751K(49216K) NonClass: 43343K(43584K)->43343K(43584K) Class: 5407K(5632K)->5407K(5632K)
[2023-01-29T18:13:41.990+0100][gc          ] GC(14) Pause Young (Normal) (G1 Evacuation Pause) 207M->167M(1024M) 10.160ms
[2023-01-29T18:13:41.990+0100][gc,cpu      ] GC(14) User=0.02s Sys=0.02s Real=0.01s
[2023-01-29T18:15:07.966+0100][gc,start    ] GC(15) Pause Young (Normal) (G1 Evacuation Pause)
[2023-01-29T18:15:07.966+0100][gc,task     ] GC(15) Using 8 workers of 8 for evacuation
[2023-01-29T18:15:07.976+0100][gc,phases   ] GC(15)   Pre Evacuate Collection Set: 0.6ms
[2023-01-29T18:15:07.976+0100][gc,phases   ] GC(15)   Merge Heap Roots: 0.2ms
[2023-01-29T18:15:07.976+0100][gc,phases   ] GC(15)   Evacuate Collection Set: 9.2ms
[2023-01-29T18:15:07.976+0100][gc,phases   ] GC(15)   Post Evacuate Collection Set: 0.3ms
[2023-01-29T18:15:07.977+0100][gc,phases   ] GC(15)   Other: 0.6ms
[2023-01-29T18:15:07.977+0100][gc,heap     ] GC(15) Eden regions: 44->0(81)
[2023-01-29T18:15:07.977+0100][gc,heap     ] GC(15) Survivor regions: 7->7(7)
[2023-01-29T18:15:07.977+0100][gc,heap     ] GC(15) Old regions: 32->35
[2023-01-29T18:15:07.977+0100][gc,heap     ] GC(15) Archive regions: 0->0
[2023-01-29T18:15:07.977+0100][gc,heap     ] GC(15) Humongous regions: 129->129
[2023-01-29T18:15:07.977+0100][gc,metaspace] GC(15) Metaspace: 48758K(49280K)->48758K(49280K) NonClass: 43350K(43648K)->43350K(43648K) Class: 5407K(5632K)->5407K(5632K)
[2023-01-29T18:15:07.977+0100][gc          ] GC(15) Pause Young (Normal) (G1 Evacuation Pause) 211M->170M(1024M) 11.043ms
[2023-01-29T18:15:07.977+0100][gc,cpu      ] GC(15) User=0.03s Sys=0.02s Real=0.01s
[2023-01-29T18:22:33.236+0100][gc,start    ] GC(16) Pause Young (Normal) (G1 Evacuation Pause)
[2023-01-29T18:22:33.236+0100][gc,task     ] GC(16) Using 8 workers of 8 for evacuation
[2023-01-29T18:22:33.251+0100][gc,phases   ] GC(16)   Pre Evacuate Collection Set: 0.5ms
[2023-01-29T18:22:33.251+0100][gc,phases   ] GC(16)   Merge Heap Roots: 0.2ms
[2023-01-29T18:22:33.251+0100][gc,phases   ] GC(16)   Evacuate Collection Set: 13.3ms
[2023-01-29T18:22:33.251+0100][gc,phases   ] GC(16)   Post Evacuate Collection Set: 0.3ms
[2023-01-29T18:22:33.251+0100][gc,phases   ] GC(16)   Other: 1.4ms
[2023-01-29T18:22:33.251+0100][gc,heap     ] GC(16) Eden regions: 81->0(74)
[2023-01-29T18:22:33.251+0100][gc,heap     ] GC(16) Survivor regions: 7->10(11)
[2023-01-29T18:22:33.251+0100][gc,heap     ] GC(16) Old regions: 35->39
[2023-01-29T18:22:33.251+0100][gc,heap     ] GC(16) Archive regions: 0->0
[2023-01-29T18:22:33.251+0100][gc,heap     ] GC(16) Humongous regions: 129->129
[2023-01-29T18:22:33.251+0100][gc,metaspace] GC(16) Metaspace: 48800K(49344K)->48800K(49344K) NonClass: 43392K(43712K)->43392K(43712K) Class: 5407K(5632K)->5407K(5632K)
[2023-01-29T18:22:33.251+0100][gc          ] GC(16) Pause Young (Normal) (G1 Evacuation Pause) 251M->176M(1024M) 15.718ms
[2023-01-29T18:22:33.251+0100][gc,cpu      ] GC(16) User=0.04s Sys=0.04s Real=0.02s
[2023-01-29T18:28:58.219+0100][gc,start    ] GC(17) Pause Young (Normal) (G1 Evacuation Pause)
[2023-01-29T18:28:58.221+0100][gc,task     ] GC(17) Using 8 workers of 8 for evacuation
[2023-01-29T18:28:58.244+0100][gc,mmu      ] GC(17) MMU target violated: 21.0ms (20.0ms/21.0ms)
[2023-01-29T18:28:58.244+0100][gc,phases   ] GC(17)   Pre Evacuate Collection Set: 0.8ms
[2023-01-29T18:28:58.244+0100][gc,phases   ] GC(17)   Merge Heap Roots: 0.3ms
[2023-01-29T18:28:58.244+0100][gc,phases   ] GC(17)   Evacuate Collection Set: 21.2ms
[2023-01-29T18:28:58.244+0100][gc,phases   ] GC(17)   Post Evacuate Collection Set: 0.6ms
[2023-01-29T18:28:58.244+0100][gc,phases   ] GC(17)   Other: 2.3ms
[2023-01-29T18:28:58.244+0100][gc,heap     ] GC(17) Eden regions: 74->0(79)
[2023-01-29T18:28:58.244+0100][gc,heap     ] GC(17) Survivor regions: 10->6(11)
[2023-01-29T18:28:58.244+0100][gc,heap     ] GC(17) Old regions: 39->46
[2023-01-29T18:28:58.244+0100][gc,heap     ] GC(17) Archive regions: 0->0
[2023-01-29T18:28:58.244+0100][gc,heap     ] GC(17) Humongous regions: 129->129
[2023-01-29T18:28:58.244+0100][gc,metaspace] GC(17) Metaspace: 48906K(49472K)->48906K(49472K) NonClass: 43480K(43776K)->43480K(43776K) Class: 5426K(5696K)->5426K(5696K)
[2023-01-29T18:28:58.244+0100][gc          ] GC(17) Pause Young (Normal) (G1 Evacuation Pause) 250M->180M(1024M) 25.370ms
[2023-01-29T18:28:58.244+0100][gc,cpu      ] GC(17) User=0.06s Sys=0.06s Real=0.03s
[2023-01-29T18:43:39.996+0100][gc,start    ] GC(18) Pause Young (Normal) (G1 Evacuation Pause)
[2023-01-29T18:43:39.997+0100][gc,task     ] GC(18) Using 8 workers of 8 for evacuation
[2023-01-29T18:43:40.020+0100][gc,mmu      ] GC(18) MMU target violated: 21.0ms (20.0ms/21.0ms)
[2023-01-29T18:43:40.020+0100][gc,phases   ] GC(18)   Pre Evacuate Collection Set: 0.9ms
[2023-01-29T18:43:40.020+0100][gc,phases   ] GC(18)   Merge Heap Roots: 0.3ms
[2023-01-29T18:43:40.020+0100][gc,phases   ] GC(18)   Evacuate Collection Set: 20.7ms
[2023-01-29T18:43:40.020+0100][gc,phases   ] GC(18)   Post Evacuate Collection Set: 0.7ms
[2023-01-29T18:43:40.020+0100][gc,phases   ] GC(18)   Other: 1.8ms
[2023-01-29T18:43:40.020+0100][gc,heap     ] GC(18) Eden regions: 79->0(42)
[2023-01-29T18:43:40.020+0100][gc,heap     ] GC(18) Survivor regions: 6->9(11)
[2023-01-29T18:43:40.020+0100][gc,heap     ] GC(18) Old regions: 46->46
[2023-01-29T18:43:40.020+0100][gc,heap     ] GC(18) Archive regions: 0->0
[2023-01-29T18:43:40.020+0100][gc,heap     ] GC(18) Humongous regions: 129->129
[2023-01-29T18:43:40.020+0100][gc,metaspace] GC(18) Metaspace: 49078K(49600K)->49078K(49600K) NonClass: 43621K(43904K)->43621K(43904K) Class: 5456K(5696K)->5456K(5696K)
[2023-01-29T18:43:40.020+0100][gc          ] GC(18) Pause Young (Normal) (G1 Evacuation Pause) 259M->183M(1024M) 24.331ms
[2023-01-29T18:43:40.020+0100][gc,cpu      ] GC(18) User=0.05s Sys=0.06s Real=0.03s
[2023-01-29T19:05:47.461+0100][gc,start    ] GC(19) Pause Young (Normal) (G1 Evacuation Pause)
[2023-01-29T19:05:47.461+0100][gc,task     ] GC(19) Using 8 workers of 8 for evacuation
[2023-01-29T19:05:47.467+0100][gc,phases   ] GC(19)   Pre Evacuate Collection Set: 0.2ms
[2023-01-29T19:05:47.467+0100][gc,phases   ] GC(19)   Merge Heap Roots: 0.1ms
[2023-01-29T19:05:47.467+0100][gc,phases   ] GC(19)   Evacuate Collection Set: 4.8ms
[2023-01-29T19:05:47.467+0100][gc,phases   ] GC(19)   Post Evacuate Collection Set: 0.3ms
[2023-01-29T19:05:47.467+0100][gc,phases   ] GC(19)   Other: 0.3ms
[2023-01-29T19:05:47.467+0100][gc,heap     ] GC(19) Eden regions: 42->0(168)
[2023-01-29T19:05:47.467+0100][gc,heap     ] GC(19) Survivor regions: 9->2(7)
[2023-01-29T19:05:47.467+0100][gc,heap     ] GC(19) Old regions: 46->54
[2023-01-29T19:05:47.467+0100][gc,heap     ] GC(19) Archive regions: 0->0
[2023-01-29T19:05:47.467+0100][gc,heap     ] GC(19) Humongous regions: 129->129
[2023-01-29T19:05:47.467+0100][gc,metaspace] GC(19) Metaspace: 49408K(49920K)->49408K(49920K) NonClass: 43880K(44160K)->43880K(44160K) Class: 5527K(5760K)->5527K(5760K)
[2023-01-29T19:05:47.467+0100][gc          ] GC(19) Pause Young (Normal) (G1 Evacuation Pause) 225M->184M(1024M) 6.268ms
[2023-01-29T19:05:47.467+0100][gc,cpu      ] GC(19) User=0.02s Sys=0.01s Real=0.00s
[2023-01-29T19:05:47.786+0100][gc,heap,exit] Heap
[2023-01-29T19:05:47.787+0100][gc,heap,exit]  garbage-first heap   total 1048576K, used 193375K [0x00000007c0000000, 0x0000000800000000)
[2023-01-29T19:05:47.787+0100][gc,heap,exit]   region size 1024K, 7 young (7168K), 2 survivors (2048K)
[2023-01-29T19:05:47.787+0100][gc,heap,exit]  Metaspace       used 49730K, committed 50240K, reserved 1097728K
[2023-01-29T19:05:47.787+0100][gc,heap,exit]   class space    used 5593K, committed 5824K, reserved 1048576K
