[2023-01-28T22:50:45.594+0100][gc] Using G1
[2023-01-28T22:50:45.595+0100][gc,init] Version: 17.0.6+10 (release)
[2023-01-28T22:50:45.595+0100][gc,init] CPUs: 8 total, 8 available
[2023-01-28T22:50:45.595+0100][gc,init] Memory: 8192M
[2023-01-28T22:50:45.595+0100][gc,init] Large Page Support: Disabled
[2023-01-28T22:50:45.595+0100][gc,init] NUMA Support: Disabled
[2023-01-28T22:50:45.595+0100][gc,init] Compressed Oops: Enabled (Zero based)
[2023-01-28T22:50:45.595+0100][gc,init] Heap Region Size: 1M
[2023-01-28T22:50:45.595+0100][gc,init] Heap Min Capacity: 1G
[2023-01-28T22:50:45.595+0100][gc,init] Heap Initial Capacity: 1G
[2023-01-28T22:50:45.595+0100][gc,init] Heap Max Capacity: 1G
[2023-01-28T22:50:45.595+0100][gc,init] Pre-touch: Disabled
[2023-01-28T22:50:45.595+0100][gc,init] Parallel Workers: 8
[2023-01-28T22:50:45.595+0100][gc,init] Concurrent Workers: 2
[2023-01-28T22:50:45.595+0100][gc,init] Concurrent Refinement Workers: 8
[2023-01-28T22:50:45.595+0100][gc,init] Periodic GC: Disabled
[2023-01-28T22:50:45.595+0100][gc,metaspace] CDS archive(s) not mapped
[2023-01-28T22:50:45.595+0100][gc,metaspace] Compressed class space mapped at: 0x0000000800000000-0x0000000840000000, reserved size: 1073741824
[2023-01-28T22:50:45.595+0100][gc,metaspace] Narrow klass base: 0x0000000800000000, Narrow klass shift: 0, Narrow klass range: 0x40000000
[2023-01-28T22:50:45.992+0100][gc,start    ] GC(0) Pause Young (Concurrent Start) (Metadata GC Threshold)
[2023-01-28T22:50:45.992+0100][gc,task     ] GC(0) Using 8 workers of 8 for evacuation
[2023-01-28T22:50:45.995+0100][gc,phases   ] GC(0)   Pre Evacuate Collection Set: 0.1ms
[2023-01-28T22:50:45.995+0100][gc,phases   ] GC(0)   Merge Heap Roots: 0.0ms
[2023-01-28T22:50:45.995+0100][gc,phases   ] GC(0)   Evacuate Collection Set: 2.0ms
[2023-01-28T22:50:45.995+0100][gc,phases   ] GC(0)   Post Evacuate Collection Set: 0.2ms
[2023-01-28T22:50:45.995+0100][gc,phases   ] GC(0)   Other: 0.2ms
[2023-01-28T22:50:45.995+0100][gc,heap     ] GC(0) Eden regions: 35->0(44)
[2023-01-28T22:50:45.995+0100][gc,heap     ] GC(0) Survivor regions: 0->7(7)
[2023-01-28T22:50:45.995+0100][gc,heap     ] GC(0) Old regions: 0->1
[2023-01-28T22:50:45.995+0100][gc,heap     ] GC(0) Archive regions: 0->0
[2023-01-28T22:50:45.995+0100][gc,heap     ] GC(0) Humongous regions: 0->0
[2023-01-28T22:50:45.995+0100][gc,metaspace] GC(0) Metaspace: 21350K(21504K)->21350K(21504K) NonClass: 18994K(19072K)->18994K(19072K) Class: 2356K(2432K)->2356K(2432K)
[2023-01-28T22:50:45.995+0100][gc          ] GC(0) Pause Young (Concurrent Start) (Metadata GC Threshold) 35M->7M(1024M) 2.641ms
[2023-01-28T22:50:45.995+0100][gc,cpu      ] GC(0) User=0.01s Sys=0.00s Real=0.00s
[2023-01-28T22:50:45.995+0100][gc          ] GC(1) Concurrent Mark Cycle
[2023-01-28T22:50:45.995+0100][gc,marking  ] GC(1) Concurrent Clear Claimed Marks
[2023-01-28T22:50:45.995+0100][gc,marking  ] GC(1) Concurrent Clear Claimed Marks 0.008ms
[2023-01-28T22:50:45.995+0100][gc,marking  ] GC(1) Concurrent Scan Root Regions
[2023-01-28T22:50:45.996+0100][gc,marking  ] GC(1) Concurrent Scan Root Regions 1.258ms
[2023-01-28T22:50:45.996+0100][gc,marking  ] GC(1) Concurrent Mark
[2023-01-28T22:50:45.996+0100][gc,marking  ] GC(1) Concurrent Mark From Roots
[2023-01-28T22:50:45.996+0100][gc,task     ] GC(1) Using 2 workers of 2 for marking
[2023-01-28T22:50:45.996+0100][gc,marking  ] GC(1) Concurrent Mark From Roots 0.133ms
[2023-01-28T22:50:45.996+0100][gc,marking  ] GC(1) Concurrent Preclean
[2023-01-28T22:50:45.996+0100][gc,marking  ] GC(1) Concurrent Preclean 0.013ms
[2023-01-28T22:50:45.996+0100][gc,start    ] GC(1) Pause Remark
[2023-01-28T22:50:45.997+0100][gc          ] GC(1) Pause Remark 7M->7M(1024M) 0.725ms
[2023-01-28T22:50:45.997+0100][gc,cpu      ] GC(1) User=0.00s Sys=0.00s Real=0.00s
[2023-01-28T22:50:45.997+0100][gc,marking  ] GC(1) Concurrent Mark 0.983ms
[2023-01-28T22:50:45.997+0100][gc,marking  ] GC(1) Concurrent Rebuild Remembered Sets
[2023-01-28T22:50:45.997+0100][gc,marking  ] GC(1) Concurrent Rebuild Remembered Sets 0.085ms
[2023-01-28T22:50:45.997+0100][gc,start    ] GC(1) Pause Cleanup
[2023-01-28T22:50:45.997+0100][gc          ] GC(1) Pause Cleanup 7M->7M(1024M) 0.068ms
[2023-01-28T22:50:45.997+0100][gc,cpu      ] GC(1) User=0.00s Sys=0.00s Real=0.00s
[2023-01-28T22:50:45.997+0100][gc,marking  ] GC(1) Concurrent Cleanup for Next Mark
[2023-01-28T22:50:45.999+0100][gc,marking  ] GC(1) Concurrent Cleanup for Next Mark 1.335ms
[2023-01-28T22:50:45.999+0100][gc          ] GC(1) Concurrent Mark Cycle 3.871ms
[2023-01-28T22:50:46.391+0100][gc,start    ] GC(2) Pause Young (Normal) (G1 Evacuation Pause)
[2023-01-28T22:50:46.391+0100][gc,task     ] GC(2) Using 8 workers of 8 for evacuation
[2023-01-28T22:50:46.395+0100][gc,phases   ] GC(2)   Pre Evacuate Collection Set: 0.1ms
[2023-01-28T22:50:46.395+0100][gc,phases   ] GC(2)   Merge Heap Roots: 0.0ms
[2023-01-28T22:50:46.395+0100][gc,phases   ] GC(2)   Evacuate Collection Set: 4.0ms
[2023-01-28T22:50:46.395+0100][gc,phases   ] GC(2)   Post Evacuate Collection Set: 0.2ms
[2023-01-28T22:50:46.395+0100][gc,phases   ] GC(2)   Other: 0.1ms
[2023-01-28T22:50:46.395+0100][gc,heap     ] GC(2) Eden regions: 44->0(48)
[2023-01-28T22:50:46.395+0100][gc,heap     ] GC(2) Survivor regions: 7->3(7)
[2023-01-28T22:50:46.395+0100][gc,heap     ] GC(2) Old regions: 1->8
[2023-01-28T22:50:46.395+0100][gc,heap     ] GC(2) Archive regions: 0->0
[2023-01-28T22:50:46.395+0100][gc,heap     ] GC(2) Humongous regions: 129->129
[2023-01-28T22:50:46.395+0100][gc,metaspace] GC(2) Metaspace: 33620K(33856K)->33620K(33856K) NonClass: 29961K(30080K)->29961K(30080K) Class: 3658K(3776K)->3658K(3776K)
[2023-01-28T22:50:46.395+0100][gc          ] GC(2) Pause Young (Normal) (G1 Evacuation Pause) 180M->138M(1024M) 4.562ms
[2023-01-28T22:50:46.395+0100][gc,cpu      ] GC(2) User=0.02s Sys=0.00s Real=0.00s
[2023-01-28T22:50:46.470+0100][gc,start    ] GC(3) Pause Young (Concurrent Start) (Metadata GC Threshold)
[2023-01-28T22:50:46.470+0100][gc,task     ] GC(3) Using 8 workers of 8 for evacuation
[2023-01-28T22:50:46.471+0100][gc,phases   ] GC(3)   Pre Evacuate Collection Set: 0.1ms
[2023-01-28T22:50:46.471+0100][gc,phases   ] GC(3)   Merge Heap Roots: 0.0ms
[2023-01-28T22:50:46.471+0100][gc,phases   ] GC(3)   Evacuate Collection Set: 1.4ms
[2023-01-28T22:50:46.471+0100][gc,phases   ] GC(3)   Post Evacuate Collection Set: 0.1ms
[2023-01-28T22:50:46.471+0100][gc,phases   ] GC(3)   Other: 0.1ms
[2023-01-28T22:50:46.471+0100][gc,heap     ] GC(3) Eden regions: 14->0(46)
[2023-01-28T22:50:46.471+0100][gc,heap     ] GC(3) Survivor regions: 3->5(7)
[2023-01-28T22:50:46.471+0100][gc,heap     ] GC(3) Old regions: 8->8
[2023-01-28T22:50:46.471+0100][gc,heap     ] GC(3) Archive regions: 0->0
[2023-01-28T22:50:46.471+0100][gc,heap     ] GC(3) Humongous regions: 129->129
[2023-01-28T22:50:46.471+0100][gc,metaspace] GC(3) Metaspace: 35778K(35968K)->35778K(35968K) NonClass: 31850K(31936K)->31850K(31936K) Class: 3928K(4032K)->3928K(4032K)
[2023-01-28T22:50:46.471+0100][gc          ] GC(3) Pause Young (Concurrent Start) (Metadata GC Threshold) 152M->140M(1024M) 1.848ms
[2023-01-28T22:50:46.471+0100][gc,cpu      ] GC(3) User=0.01s Sys=0.00s Real=0.00s
[2023-01-28T22:50:46.471+0100][gc          ] GC(4) Concurrent Mark Cycle
[2023-01-28T22:50:46.471+0100][gc,marking  ] GC(4) Concurrent Clear Claimed Marks
[2023-01-28T22:50:46.471+0100][gc,marking  ] GC(4) Concurrent Clear Claimed Marks 0.007ms
[2023-01-28T22:50:46.471+0100][gc,marking  ] GC(4) Concurrent Scan Root Regions
[2023-01-28T22:50:46.473+0100][gc,marking  ] GC(4) Concurrent Scan Root Regions 1.029ms
[2023-01-28T22:50:46.473+0100][gc,marking  ] GC(4) Concurrent Mark
[2023-01-28T22:50:46.473+0100][gc,marking  ] GC(4) Concurrent Mark From Roots
[2023-01-28T22:50:46.473+0100][gc,task     ] GC(4) Using 2 workers of 2 for marking
[2023-01-28T22:50:46.475+0100][gc,marking  ] GC(4) Concurrent Mark From Roots 2.807ms
[2023-01-28T22:50:46.475+0100][gc,marking  ] GC(4) Concurrent Preclean
[2023-01-28T22:50:46.475+0100][gc,marking  ] GC(4) Concurrent Preclean 0.032ms
[2023-01-28T22:50:46.476+0100][gc,start    ] GC(4) Pause Remark
[2023-01-28T22:50:46.476+0100][gc          ] GC(4) Pause Remark 141M->141M(1024M) 0.672ms
[2023-01-28T22:50:46.476+0100][gc,cpu      ] GC(4) User=0.01s Sys=0.00s Real=0.00s
[2023-01-28T22:50:46.476+0100][gc,marking  ] GC(4) Concurrent Mark 3.710ms
[2023-01-28T22:50:46.476+0100][gc,marking  ] GC(4) Concurrent Rebuild Remembered Sets
[2023-01-28T22:50:46.478+0100][gc,marking  ] GC(4) Concurrent Rebuild Remembered Sets 1.243ms
[2023-01-28T22:50:46.478+0100][gc,start    ] GC(4) Pause Cleanup
[2023-01-28T22:50:46.478+0100][gc          ] GC(4) Pause Cleanup 142M->142M(1024M) 0.069ms
[2023-01-28T22:50:46.478+0100][gc,cpu      ] GC(4) User=0.00s Sys=0.00s Real=0.00s
[2023-01-28T22:50:46.478+0100][gc,marking  ] GC(4) Concurrent Cleanup for Next Mark
[2023-01-28T22:50:46.484+0100][gc,marking  ] GC(4) Concurrent Cleanup for Next Mark 6.233ms
[2023-01-28T22:50:46.484+0100][gc          ] GC(4) Concurrent Mark Cycle 12.442ms
[2023-01-28T23:06:04.479+0100][gc,start    ] GC(5) Pause Young (Prepare Mixed) (G1 Evacuation Pause)
[2023-01-28T23:06:04.479+0100][gc,task     ] GC(5) Using 8 workers of 8 for evacuation
[2023-01-28T23:06:04.490+0100][gc,phases   ] GC(5)   Pre Evacuate Collection Set: 0.3ms
[2023-01-28T23:06:04.490+0100][gc,phases   ] GC(5)   Merge Heap Roots: 0.1ms
[2023-01-28T23:06:04.490+0100][gc,phases   ] GC(5)   Evacuate Collection Set: 10.4ms
[2023-01-28T23:06:04.490+0100][gc,phases   ] GC(5)   Post Evacuate Collection Set: 0.4ms
[2023-01-28T23:06:04.490+0100][gc,phases   ] GC(5)   Other: 0.5ms
[2023-01-28T23:06:04.490+0100][gc,heap     ] GC(5) Eden regions: 46->0(45)
[2023-01-28T23:06:04.490+0100][gc,heap     ] GC(5) Survivor regions: 5->6(7)
[2023-01-28T23:06:04.490+0100][gc,heap     ] GC(5) Old regions: 8->10
[2023-01-28T23:06:04.490+0100][gc,heap     ] GC(5) Archive regions: 0->0
[2023-01-28T23:06:04.490+0100][gc,heap     ] GC(5) Humongous regions: 129->129
[2023-01-28T23:06:04.490+0100][gc,metaspace] GC(5) Metaspace: 45375K(45824K)->45375K(45824K) NonClass: 40296K(40512K)->40296K(40512K) Class: 5078K(5312K)->5078K(5312K)
[2023-01-28T23:06:04.490+0100][gc          ] GC(5) Pause Young (Prepare Mixed) (G1 Evacuation Pause) 186M->143M(1024M) 11.755ms
[2023-01-28T23:06:04.490+0100][gc,cpu      ] GC(5) User=0.03s Sys=0.03s Real=0.02s
[2023-01-28T23:12:56.472+0100][gc,start    ] GC(6) Pause Young (Mixed) (G1 Evacuation Pause)
[2023-01-28T23:12:56.472+0100][gc,task     ] GC(6) Using 8 workers of 8 for evacuation
[2023-01-28T23:12:56.482+0100][gc,phases   ] GC(6)   Pre Evacuate Collection Set: 0.3ms
[2023-01-28T23:12:56.482+0100][gc,phases   ] GC(6)   Merge Heap Roots: 0.1ms
[2023-01-28T23:12:56.482+0100][gc,phases   ] GC(6)   Evacuate Collection Set: 9.0ms
[2023-01-28T23:12:56.482+0100][gc,phases   ] GC(6)   Post Evacuate Collection Set: 1.0ms
[2023-01-28T23:12:56.482+0100][gc,phases   ] GC(6)   Other: 0.4ms
[2023-01-28T23:12:56.482+0100][gc,heap     ] GC(6) Eden regions: 45->0(45)
[2023-01-28T23:12:56.482+0100][gc,heap     ] GC(6) Survivor regions: 6->6(7)
[2023-01-28T23:12:56.482+0100][gc,heap     ] GC(6) Old regions: 10->12
[2023-01-28T23:12:56.482+0100][gc,heap     ] GC(6) Archive regions: 0->0
[2023-01-28T23:12:56.482+0100][gc,heap     ] GC(6) Humongous regions: 129->129
[2023-01-28T23:12:56.482+0100][gc,metaspace] GC(6) Metaspace: 46545K(46976K)->46545K(46976K) NonClass: 41443K(41664K)->41443K(41664K) Class: 5102K(5312K)->5102K(5312K)
[2023-01-28T23:12:56.482+0100][gc          ] GC(6) Pause Young (Mixed) (G1 Evacuation Pause) 188M->145M(1024M) 10.905ms
[2023-01-28T23:12:56.483+0100][gc,cpu      ] GC(6) User=0.02s Sys=0.03s Real=0.01s
[2023-01-28T23:20:23.658+0100][gc,start    ] GC(7) Pause Young (Normal) (G1 Evacuation Pause)
[2023-01-28T23:20:23.659+0100][gc,task     ] GC(7) Using 8 workers of 8 for evacuation
[2023-01-28T23:20:23.666+0100][gc,phases   ] GC(7)   Pre Evacuate Collection Set: 0.3ms
[2023-01-28T23:20:23.666+0100][gc,phases   ] GC(7)   Merge Heap Roots: 0.1ms
[2023-01-28T23:20:23.666+0100][gc,phases   ] GC(7)   Evacuate Collection Set: 5.9ms
[2023-01-28T23:20:23.666+0100][gc,phases   ] GC(7)   Post Evacuate Collection Set: 0.4ms
[2023-01-28T23:20:23.666+0100][gc,phases   ] GC(7)   Other: 1.0ms
[2023-01-28T23:20:23.666+0100][gc,heap     ] GC(7) Eden regions: 45->0(48)
[2023-01-28T23:20:23.666+0100][gc,heap     ] GC(7) Survivor regions: 6->3(7)
[2023-01-28T23:20:23.666+0100][gc,heap     ] GC(7) Old regions: 12->15
[2023-01-28T23:20:23.666+0100][gc,heap     ] GC(7) Archive regions: 0->0
[2023-01-28T23:20:23.666+0100][gc,heap     ] GC(7) Humongous regions: 129->129
[2023-01-28T23:20:23.666+0100][gc,metaspace] GC(7) Metaspace: 46596K(47040K)->46596K(47040K) NonClass: 41492K(41728K)->41492K(41728K) Class: 5103K(5312K)->5103K(5312K)
[2023-01-28T23:20:23.666+0100][gc          ] GC(7) Pause Young (Normal) (G1 Evacuation Pause) 190M->145M(1024M) 7.836ms
[2023-01-28T23:20:23.666+0100][gc,cpu      ] GC(7) User=0.01s Sys=0.03s Real=0.01s
[2023-01-28T23:23:20.127+0100][gc,start    ] GC(8) Pause Young (Normal) (G1 Evacuation Pause)
[2023-01-28T23:23:20.127+0100][gc,task     ] GC(8) Using 8 workers of 8 for evacuation
[2023-01-28T23:23:20.130+0100][gc,phases   ] GC(8)   Pre Evacuate Collection Set: 0.2ms
[2023-01-28T23:23:20.130+0100][gc,phases   ] GC(8)   Merge Heap Roots: 0.1ms
[2023-01-28T23:23:20.130+0100][gc,phases   ] GC(8)   Evacuate Collection Set: 2.3ms
[2023-01-28T23:23:20.130+0100][gc,phases   ] GC(8)   Post Evacuate Collection Set: 0.2ms
[2023-01-28T23:23:20.130+0100][gc,phases   ] GC(8)   Other: 0.3ms
[2023-01-28T23:23:20.130+0100][gc,heap     ] GC(8) Eden regions: 48->0(79)
[2023-01-28T23:23:20.130+0100][gc,heap     ] GC(8) Survivor regions: 3->3(7)
[2023-01-28T23:23:20.130+0100][gc,heap     ] GC(8) Old regions: 15->15
[2023-01-28T23:23:20.130+0100][gc,heap     ] GC(8) Archive regions: 0->0
[2023-01-28T23:23:20.130+0100][gc,heap     ] GC(8) Humongous regions: 129->129
[2023-01-28T23:23:20.130+0100][gc,metaspace] GC(8) Metaspace: 47842K(48320K)->47842K(48320K) NonClass: 42572K(42816K)->42572K(42816K) Class: 5269K(5504K)->5269K(5504K)
[2023-01-28T23:23:20.130+0100][gc          ] GC(8) Pause Young (Normal) (G1 Evacuation Pause) 193M->145M(1024M) 3.190ms
[2023-01-28T23:23:20.130+0100][gc,cpu      ] GC(8) User=0.01s Sys=0.01s Real=0.01s
[2023-01-28T23:23:21.204+0100][gc,start    ] GC(9) Pause Young (Normal) (G1 Evacuation Pause)
[2023-01-28T23:23:21.205+0100][gc,task     ] GC(9) Using 8 workers of 8 for evacuation
[2023-01-28T23:23:21.207+0100][gc,phases   ] GC(9)   Pre Evacuate Collection Set: 0.1ms
[2023-01-28T23:23:21.207+0100][gc,phases   ] GC(9)   Merge Heap Roots: 0.0ms
[2023-01-28T23:23:21.207+0100][gc,phases   ] GC(9)   Evacuate Collection Set: 2.0ms
[2023-01-28T23:23:21.207+0100][gc,phases   ] GC(9)   Post Evacuate Collection Set: 0.2ms
[2023-01-28T23:23:21.207+0100][gc,phases   ] GC(9)   Other: 0.2ms
[2023-01-28T23:23:21.207+0100][gc,heap     ] GC(9) Eden regions: 79->0(101)
[2023-01-28T23:23:21.207+0100][gc,heap     ] GC(9) Survivor regions: 3->3(11)
[2023-01-28T23:23:21.207+0100][gc,heap     ] GC(9) Old regions: 15->15
[2023-01-28T23:23:21.207+0100][gc,heap     ] GC(9) Archive regions: 0->0
[2023-01-28T23:23:21.207+0100][gc,heap     ] GC(9) Humongous regions: 129->129
[2023-01-28T23:23:21.207+0100][gc,metaspace] GC(9) Metaspace: 48119K(48576K)->48119K(48576K) NonClass: 42849K(43072K)->42849K(43072K) Class: 5269K(5504K)->5269K(5504K)
[2023-01-28T23:23:21.207+0100][gc          ] GC(9) Pause Young (Normal) (G1 Evacuation Pause) 224M->146M(1024M) 2.756ms
[2023-01-28T23:23:21.207+0100][gc,cpu      ] GC(9) User=0.01s Sys=0.01s Real=0.00s
[2023-01-28T23:23:22.207+0100][gc,start    ] GC(10) Pause Young (Normal) (G1 Evacuation Pause)
[2023-01-28T23:23:22.207+0100][gc,task     ] GC(10) Using 8 workers of 8 for evacuation
[2023-01-28T23:23:22.212+0100][gc,phases   ] GC(10)   Pre Evacuate Collection Set: 0.2ms
[2023-01-28T23:23:22.212+0100][gc,phases   ] GC(10)   Merge Heap Roots: 0.1ms
[2023-01-28T23:23:22.212+0100][gc,phases   ] GC(10)   Evacuate Collection Set: 3.3ms
[2023-01-28T23:23:22.212+0100][gc,phases   ] GC(10)   Post Evacuate Collection Set: 0.4ms
[2023-01-28T23:23:22.212+0100][gc,phases   ] GC(10)   Other: 0.1ms
[2023-01-28T23:23:22.212+0100][gc,heap     ] GC(10) Eden regions: 101->0(199)
[2023-01-28T23:23:22.212+0100][gc,heap     ] GC(10) Survivor regions: 3->3(13)
[2023-01-28T23:23:22.212+0100][gc,heap     ] GC(10) Old regions: 15->15
[2023-01-28T23:23:22.212+0100][gc,heap     ] GC(10) Archive regions: 0->0
[2023-01-28T23:23:22.212+0100][gc,heap     ] GC(10) Humongous regions: 129->129
[2023-01-28T23:23:22.212+0100][gc,metaspace] GC(10) Metaspace: 48127K(48576K)->48127K(48576K) NonClass: 42857K(43072K)->42857K(43072K) Class: 5269K(5504K)->5269K(5504K)
[2023-01-28T23:23:22.212+0100][gc          ] GC(10) Pause Young (Normal) (G1 Evacuation Pause) 247M->146M(1024M) 4.240ms
[2023-01-28T23:23:22.212+0100][gc,cpu      ] GC(10) User=0.01s Sys=0.00s Real=0.01s
[2023-01-28T23:23:24.522+0100][gc,start    ] GC(11) Pause Young (Normal) (G1 Evacuation Pause)
[2023-01-28T23:23:24.522+0100][gc,task     ] GC(11) Using 8 workers of 8 for evacuation
[2023-01-28T23:23:24.526+0100][gc,phases   ] GC(11)   Pre Evacuate Collection Set: 0.2ms
[2023-01-28T23:23:24.526+0100][gc,phases   ] GC(11)   Merge Heap Roots: 0.1ms
[2023-01-28T23:23:24.526+0100][gc,phases   ] GC(11)   Evacuate Collection Set: 2.9ms
[2023-01-28T23:23:24.526+0100][gc,phases   ] GC(11)   Post Evacuate Collection Set: 0.3ms
[2023-01-28T23:23:24.526+0100][gc,phases   ] GC(11)   Other: 0.2ms
[2023-01-28T23:23:24.526+0100][gc,heap     ] GC(11) Eden regions: 199->0(456)
[2023-01-28T23:23:24.526+0100][gc,heap     ] GC(11) Survivor regions: 3->3(26)
[2023-01-28T23:23:24.526+0100][gc,heap     ] GC(11) Old regions: 15->15
[2023-01-28T23:23:24.526+0100][gc,heap     ] GC(11) Archive regions: 0->0
[2023-01-28T23:23:24.526+0100][gc,heap     ] GC(11) Humongous regions: 129->129
[2023-01-28T23:23:24.526+0100][gc,metaspace] GC(11) Metaspace: 48146K(48640K)->48146K(48640K) NonClass: 42876K(43136K)->42876K(43136K) Class: 5269K(5504K)->5269K(5504K)
[2023-01-28T23:23:24.526+0100][gc          ] GC(11) Pause Young (Normal) (G1 Evacuation Pause) 345M->146M(1024M) 3.556ms
[2023-01-28T23:23:24.526+0100][gc,cpu      ] GC(11) User=0.02s Sys=0.01s Real=0.00s
[2023-01-28T23:23:30.607+0100][gc,start    ] GC(12) Pause Young (Normal) (G1 Evacuation Pause)
[2023-01-28T23:23:30.607+0100][gc,task     ] GC(12) Using 8 workers of 8 for evacuation
[2023-01-28T23:23:30.632+0100][gc,mmu      ] GC(12) MMU target violated: 21.0ms (20.0ms/21.0ms)
[2023-01-28T23:23:30.632+0100][gc,phases   ] GC(12)   Pre Evacuate Collection Set: 0.4ms
[2023-01-28T23:23:30.632+0100][gc,phases   ] GC(12)   Merge Heap Roots: 0.3ms
[2023-01-28T23:23:30.632+0100][gc,phases   ] GC(12)   Evacuate Collection Set: 21.0ms
[2023-01-28T23:23:30.632+0100][gc,phases   ] GC(12)   Post Evacuate Collection Set: 3.0ms
[2023-01-28T23:23:30.632+0100][gc,phases   ] GC(12)   Other: 0.4ms
[2023-01-28T23:23:30.632+0100][gc,heap     ] GC(12) Eden regions: 456->0(387)
[2023-01-28T23:23:30.632+0100][gc,heap     ] GC(12) Survivor regions: 3->3(58)
[2023-01-28T23:23:30.632+0100][gc,heap     ] GC(12) Old regions: 15->15
[2023-01-28T23:23:30.632+0100][gc,heap     ] GC(12) Archive regions: 0->0
[2023-01-28T23:23:30.632+0100][gc,heap     ] GC(12) Humongous regions: 129->129
[2023-01-28T23:23:30.632+0100][gc,metaspace] GC(12) Metaspace: 48173K(48640K)->48173K(48640K) NonClass: 42896K(43136K)->42896K(43136K) Class: 5276K(5504K)->5276K(5504K)
[2023-01-28T23:23:30.632+0100][gc          ] GC(12) Pause Young (Normal) (G1 Evacuation Pause) 602M->146M(1024M) 25.190ms
[2023-01-28T23:23:30.632+0100][gc,cpu      ] GC(12) User=0.02s Sys=0.03s Real=0.03s
[2023-01-28T23:23:34.260+0100][gc,start    ] GC(13) Pause Young (Normal) (G1 Evacuation Pause)
[2023-01-28T23:23:34.260+0100][gc,task     ] GC(13) Using 8 workers of 8 for evacuation
[2023-01-28T23:23:34.265+0100][gc,phases   ] GC(13)   Pre Evacuate Collection Set: 0.2ms
[2023-01-28T23:23:34.265+0100][gc,phases   ] GC(13)   Merge Heap Roots: 0.1ms
[2023-01-28T23:23:34.265+0100][gc,phases   ] GC(13)   Evacuate Collection Set: 3.4ms
[2023-01-28T23:23:34.265+0100][gc,phases   ] GC(13)   Post Evacuate Collection Set: 0.4ms
[2023-01-28T23:23:34.265+0100][gc,phases   ] GC(13)   Other: 0.1ms
[2023-01-28T23:23:34.265+0100][gc,heap     ] GC(13) Eden regions: 387->0(563)
[2023-01-28T23:23:34.265+0100][gc,heap     ] GC(13) Survivor regions: 3->3(49)
[2023-01-28T23:23:34.265+0100][gc,heap     ] GC(13) Old regions: 15->15
[2023-01-28T23:23:34.265+0100][gc,heap     ] GC(13) Archive regions: 0->0
[2023-01-28T23:23:34.265+0100][gc,heap     ] GC(13) Humongous regions: 129->129
[2023-01-28T23:23:34.265+0100][gc,metaspace] GC(13) Metaspace: 48204K(48640K)->48204K(48640K) NonClass: 42920K(43136K)->42920K(43136K) Class: 5284K(5504K)->5284K(5504K)
[2023-01-28T23:23:34.265+0100][gc          ] GC(13) Pause Young (Normal) (G1 Evacuation Pause) 533M->146M(1024M) 4.272ms
[2023-01-28T23:23:34.265+0100][gc,cpu      ] GC(13) User=0.01s Sys=0.00s Real=0.00s
[2023-01-28T23:23:36.447+0100][gc,start    ] GC(14) Pause Young (Normal) (G1 Evacuation Pause)
[2023-01-28T23:23:36.450+0100][gc,task     ] GC(14) Using 8 workers of 8 for evacuation
[2023-01-28T23:23:36.454+0100][gc,phases   ] GC(14)   Pre Evacuate Collection Set: 0.2ms
[2023-01-28T23:23:36.454+0100][gc,phases   ] GC(14)   Merge Heap Roots: 0.1ms
[2023-01-28T23:23:36.454+0100][gc,phases   ] GC(14)   Evacuate Collection Set: 3.0ms
[2023-01-28T23:23:36.454+0100][gc,phases   ] GC(14)   Post Evacuate Collection Set: 0.4ms
[2023-01-28T23:23:36.454+0100][gc,phases   ] GC(14)   Other: 2.9ms
[2023-01-28T23:23:36.454+0100][gc,heap     ] GC(14) Eden regions: 563->0(611)
[2023-01-28T23:23:36.454+0100][gc,heap     ] GC(14) Survivor regions: 3->3(71)
[2023-01-28T23:23:36.454+0100][gc,heap     ] GC(14) Old regions: 15->15
[2023-01-28T23:23:36.454+0100][gc,heap     ] GC(14) Archive regions: 0->0
[2023-01-28T23:23:36.454+0100][gc,heap     ] GC(14) Humongous regions: 129->129
[2023-01-28T23:23:36.454+0100][gc,metaspace] GC(14) Metaspace: 48204K(48640K)->48204K(48640K) NonClass: 42920K(43136K)->42920K(43136K) Class: 5284K(5504K)->5284K(5504K)
[2023-01-28T23:23:36.454+0100][gc          ] GC(14) Pause Young (Normal) (G1 Evacuation Pause) 709M->146M(1024M) 6.647ms
[2023-01-28T23:23:36.454+0100][gc,cpu      ] GC(14) User=0.01s Sys=0.01s Real=0.01s
[2023-01-28T23:23:38.501+0100][gc,start    ] GC(15) Pause Young (Normal) (G1 Evacuation Pause)
[2023-01-28T23:23:38.501+0100][gc,task     ] GC(15) Using 8 workers of 8 for evacuation
[2023-01-28T23:23:38.505+0100][gc,phases   ] GC(15)   Pre Evacuate Collection Set: 0.1ms
[2023-01-28T23:23:38.505+0100][gc,phases   ] GC(15)   Merge Heap Roots: 0.1ms
[2023-01-28T23:23:38.505+0100][gc,phases   ] GC(15)   Evacuate Collection Set: 3.9ms
[2023-01-28T23:23:38.505+0100][gc,phases   ] GC(15)   Post Evacuate Collection Set: 0.4ms
[2023-01-28T23:23:38.505+0100][gc,phases   ] GC(15)   Other: 0.2ms
[2023-01-28T23:23:38.505+0100][gc,heap     ] GC(15) Eden regions: 611->0(611)
[2023-01-28T23:23:38.505+0100][gc,heap     ] GC(15) Survivor regions: 3->3(77)
[2023-01-28T23:23:38.505+0100][gc,heap     ] GC(15) Old regions: 15->15
[2023-01-28T23:23:38.505+0100][gc,heap     ] GC(15) Archive regions: 0->0
[2023-01-28T23:23:38.505+0100][gc,heap     ] GC(15) Humongous regions: 129->129
[2023-01-28T23:23:38.505+0100][gc,metaspace] GC(15) Metaspace: 48204K(48640K)->48204K(48640K) NonClass: 42920K(43136K)->42920K(43136K) Class: 5284K(5504K)->5284K(5504K)
[2023-01-28T23:23:38.505+0100][gc          ] GC(15) Pause Young (Normal) (G1 Evacuation Pause) 757M->146M(1024M) 4.794ms
[2023-01-28T23:23:38.505+0100][gc,cpu      ] GC(15) User=0.01s Sys=0.01s Real=0.00s
[2023-01-28T23:23:41.352+0100][gc,start    ] GC(16) Pause Young (Normal) (G1 Evacuation Pause)
[2023-01-28T23:23:41.352+0100][gc,task     ] GC(16) Using 8 workers of 8 for evacuation
[2023-01-28T23:23:41.363+0100][gc,phases   ] GC(16)   Pre Evacuate Collection Set: 0.2ms
[2023-01-28T23:23:41.363+0100][gc,phases   ] GC(16)   Merge Heap Roots: 0.1ms
[2023-01-28T23:23:41.363+0100][gc,phases   ] GC(16)   Evacuate Collection Set: 9.6ms
[2023-01-28T23:23:41.363+0100][gc,phases   ] GC(16)   Post Evacuate Collection Set: 0.9ms
[2023-01-28T23:23:41.363+0100][gc,phases   ] GC(16)   Other: 0.1ms
[2023-01-28T23:23:41.363+0100][gc,heap     ] GC(16) Eden regions: 611->0(611)
[2023-01-28T23:23:41.363+0100][gc,heap     ] GC(16) Survivor regions: 3->3(77)
[2023-01-28T23:23:41.363+0100][gc,heap     ] GC(16) Old regions: 15->15
[2023-01-28T23:23:41.363+0100][gc,heap     ] GC(16) Archive regions: 0->0
[2023-01-28T23:23:41.363+0100][gc,heap     ] GC(16) Humongous regions: 129->129
[2023-01-28T23:23:41.363+0100][gc,metaspace] GC(16) Metaspace: 48204K(48640K)->48204K(48640K) NonClass: 42920K(43136K)->42920K(43136K) Class: 5284K(5504K)->5284K(5504K)
[2023-01-28T23:23:41.363+0100][gc          ] GC(16) Pause Young (Normal) (G1 Evacuation Pause) 757M->146M(1024M) 11.087ms
[2023-01-28T23:23:41.363+0100][gc,cpu      ] GC(16) User=0.01s Sys=0.03s Real=0.01s
[2023-01-28T23:23:43.328+0100][gc,start    ] GC(17) Pause Young (Normal) (G1 Evacuation Pause)
[2023-01-28T23:23:43.328+0100][gc,task     ] GC(17) Using 8 workers of 8 for evacuation
[2023-01-28T23:23:43.336+0100][gc,phases   ] GC(17)   Pre Evacuate Collection Set: 0.1ms
[2023-01-28T23:23:43.336+0100][gc,phases   ] GC(17)   Merge Heap Roots: 0.1ms
[2023-01-28T23:23:43.336+0100][gc,phases   ] GC(17)   Evacuate Collection Set: 6.4ms
[2023-01-28T23:23:43.336+0100][gc,phases   ] GC(17)   Post Evacuate Collection Set: 0.5ms
[2023-01-28T23:23:43.336+0100][gc,phases   ] GC(17)   Other: 0.2ms
[2023-01-28T23:23:43.336+0100][gc,heap     ] GC(17) Eden regions: 611->0(611)
[2023-01-28T23:23:43.336+0100][gc,heap     ] GC(17) Survivor regions: 3->3(77)
[2023-01-28T23:23:43.336+0100][gc,heap     ] GC(17) Old regions: 15->15
[2023-01-28T23:23:43.336+0100][gc,heap     ] GC(17) Archive regions: 0->0
[2023-01-28T23:23:43.336+0100][gc,heap     ] GC(17) Humongous regions: 129->129
[2023-01-28T23:23:43.336+0100][gc,metaspace] GC(17) Metaspace: 48204K(48640K)->48204K(48640K) NonClass: 42920K(43136K)->42920K(43136K) Class: 5284K(5504K)->5284K(5504K)
[2023-01-28T23:23:43.336+0100][gc          ] GC(17) Pause Young (Normal) (G1 Evacuation Pause) 757M->146M(1024M) 7.363ms
[2023-01-28T23:23:43.336+0100][gc,cpu      ] GC(17) User=0.02s Sys=0.03s Real=0.01s
[2023-01-28T23:23:45.555+0100][gc,start    ] GC(18) Pause Young (Normal) (G1 Evacuation Pause)
[2023-01-28T23:23:45.556+0100][gc,task     ] GC(18) Using 8 workers of 8 for evacuation
[2023-01-28T23:23:45.569+0100][gc,phases   ] GC(18)   Pre Evacuate Collection Set: 0.2ms
[2023-01-28T23:23:45.569+0100][gc,phases   ] GC(18)   Merge Heap Roots: 0.1ms
[2023-01-28T23:23:45.569+0100][gc,phases   ] GC(18)   Evacuate Collection Set: 12.5ms
[2023-01-28T23:23:45.569+0100][gc,phases   ] GC(18)   Post Evacuate Collection Set: 0.7ms
[2023-01-28T23:23:45.569+0100][gc,phases   ] GC(18)   Other: 0.2ms
[2023-01-28T23:23:45.569+0100][gc,heap     ] GC(18) Eden regions: 611->0(611)
[2023-01-28T23:23:45.569+0100][gc,heap     ] GC(18) Survivor regions: 3->3(77)
[2023-01-28T23:23:45.569+0100][gc,heap     ] GC(18) Old regions: 15->15
[2023-01-28T23:23:45.569+0100][gc,heap     ] GC(18) Archive regions: 0->0
[2023-01-28T23:23:45.569+0100][gc,heap     ] GC(18) Humongous regions: 129->129
[2023-01-28T23:23:45.569+0100][gc,metaspace] GC(18) Metaspace: 48207K(48704K)->48207K(48704K) NonClass: 42923K(43200K)->42923K(43200K) Class: 5284K(5504K)->5284K(5504K)
[2023-01-28T23:23:45.569+0100][gc          ] GC(18) Pause Young (Normal) (G1 Evacuation Pause) 757M->146M(1024M) 13.726ms
[2023-01-28T23:23:45.569+0100][gc,cpu      ] GC(18) User=0.01s Sys=0.03s Real=0.01s
[2023-01-28T23:27:44.687+0100][gc,start    ] GC(19) Pause Young (Normal) (G1 Evacuation Pause)
[2023-01-28T23:27:44.687+0100][gc,task     ] GC(19) Using 8 workers of 8 for evacuation
[2023-01-28T23:27:44.729+0100][gc,mmu      ] GC(19) MMU target violated: 21.0ms (20.0ms/21.0ms)
[2023-01-28T23:27:44.729+0100][gc,phases   ] GC(19)   Pre Evacuate Collection Set: 0.7ms
[2023-01-28T23:27:44.729+0100][gc,phases   ] GC(19)   Merge Heap Roots: 0.4ms
[2023-01-28T23:27:44.729+0100][gc,phases   ] GC(19)   Evacuate Collection Set: 33.5ms
[2023-01-28T23:27:44.729+0100][gc,phases   ] GC(19)   Post Evacuate Collection Set: 6.3ms
[2023-01-28T23:27:44.729+0100][gc,phases   ] GC(19)   Other: 0.6ms
[2023-01-28T23:27:44.729+0100][gc,heap     ] GC(19) Eden regions: 611->0(136)
[2023-01-28T23:27:44.729+0100][gc,heap     ] GC(19) Survivor regions: 3->3(77)
[2023-01-28T23:27:44.729+0100][gc,heap     ] GC(19) Old regions: 15->15
[2023-01-28T23:27:44.729+0100][gc,heap     ] GC(19) Archive regions: 0->0
[2023-01-28T23:27:44.729+0100][gc,heap     ] GC(19) Humongous regions: 129->129
[2023-01-28T23:27:44.729+0100][gc,metaspace] GC(19) Metaspace: 48248K(48768K)->48248K(48768K) NonClass: 42963K(43264K)->42963K(43264K) Class: 5285K(5504K)->5285K(5504K)
[2023-01-28T23:27:44.729+0100][gc          ] GC(19) Pause Young (Normal) (G1 Evacuation Pause) 757M->146M(1024M) 41.488ms
[2023-01-28T23:27:44.729+0100][gc,cpu      ] GC(19) User=0.01s Sys=0.03s Real=0.04s
[2023-01-28T23:27:45.759+0100][gc,start    ] GC(20) Pause Young (Normal) (G1 Evacuation Pause)
[2023-01-28T23:27:45.759+0100][gc,task     ] GC(20) Using 8 workers of 8 for evacuation
[2023-01-28T23:27:45.784+0100][gc,mmu      ] GC(20) MMU target violated: 21.0ms (20.0ms/21.0ms)
[2023-01-28T23:27:45.784+0100][gc,phases   ] GC(20)   Pre Evacuate Collection Set: 0.3ms
[2023-01-28T23:27:45.784+0100][gc,phases   ] GC(20)   Merge Heap Roots: 0.2ms
[2023-01-28T23:27:45.784+0100][gc,phases   ] GC(20)   Evacuate Collection Set: 24.0ms
[2023-01-28T23:27:45.784+0100][gc,phases   ] GC(20)   Post Evacuate Collection Set: 0.8ms
[2023-01-28T23:27:45.784+0100][gc,phases   ] GC(20)   Other: 0.3ms
[2023-01-28T23:27:45.784+0100][gc,heap     ] GC(20) Eden regions: 136->0(176)
[2023-01-28T23:27:45.784+0100][gc,heap     ] GC(20) Survivor regions: 3->3(18)
[2023-01-28T23:27:45.784+0100][gc,heap     ] GC(20) Old regions: 15->15
[2023-01-28T23:27:45.784+0100][gc,heap     ] GC(20) Archive regions: 0->0
[2023-01-28T23:27:45.784+0100][gc,heap     ] GC(20) Humongous regions: 129->129
[2023-01-28T23:27:45.784+0100][gc,metaspace] GC(20) Metaspace: 48249K(48768K)->48249K(48768K) NonClass: 42963K(43264K)->42963K(43264K) Class: 5285K(5504K)->5285K(5504K)
[2023-01-28T23:27:45.784+0100][gc          ] GC(20) Pause Young (Normal) (G1 Evacuation Pause) 282M->146M(1024M) 25.741ms
[2023-01-28T23:27:45.784+0100][gc,cpu      ] GC(20) User=0.01s Sys=0.02s Real=0.03s
[2023-01-28T23:27:48.724+0100][gc,start    ] GC(21) Pause Young (Normal) (G1 Evacuation Pause)
[2023-01-28T23:27:48.724+0100][gc,task     ] GC(21) Using 8 workers of 8 for evacuation
[2023-01-28T23:27:48.730+0100][gc,phases   ] GC(21)   Pre Evacuate Collection Set: 0.3ms
[2023-01-28T23:27:48.730+0100][gc,phases   ] GC(21)   Merge Heap Roots: 0.2ms
[2023-01-28T23:27:48.730+0100][gc,phases   ] GC(21)   Evacuate Collection Set: 5.0ms
[2023-01-28T23:27:48.730+0100][gc,phases   ] GC(21)   Post Evacuate Collection Set: 0.9ms
[2023-01-28T23:27:48.730+0100][gc,phases   ] GC(21)   Other: 0.2ms
[2023-01-28T23:27:48.730+0100][gc,heap     ] GC(21) Eden regions: 176->0(321)
[2023-01-28T23:27:48.730+0100][gc,heap     ] GC(21) Survivor regions: 3->3(23)
[2023-01-28T23:27:48.730+0100][gc,heap     ] GC(21) Old regions: 15->15
[2023-01-28T23:27:48.730+0100][gc,heap     ] GC(21) Archive regions: 0->0
[2023-01-28T23:27:48.730+0100][gc,heap     ] GC(21) Humongous regions: 129->129
[2023-01-28T23:27:48.731+0100][gc,metaspace] GC(21) Metaspace: 48249K(48768K)->48249K(48768K) NonClass: 42963K(43264K)->42963K(43264K) Class: 5285K(5504K)->5285K(5504K)
[2023-01-28T23:27:48.731+0100][gc          ] GC(21) Pause Young (Normal) (G1 Evacuation Pause) 322M->146M(1024M) 6.611ms
[2023-01-28T23:27:48.731+0100][gc,cpu      ] GC(21) User=0.01s Sys=0.01s Real=0.01s
[2023-01-28T23:27:52.010+0100][gc,start    ] GC(22) Pause Young (Normal) (G1 Evacuation Pause)
[2023-01-28T23:27:52.010+0100][gc,task     ] GC(22) Using 8 workers of 8 for evacuation
[2023-01-28T23:27:52.040+0100][gc,mmu      ] GC(22) MMU target violated: 21.0ms (20.0ms/21.0ms)
[2023-01-28T23:27:52.040+0100][gc,phases   ] GC(22)   Pre Evacuate Collection Set: 0.6ms
[2023-01-28T23:27:52.040+0100][gc,phases   ] GC(22)   Merge Heap Roots: 0.3ms
[2023-01-28T23:27:52.040+0100][gc,phases   ] GC(22)   Evacuate Collection Set: 26.6ms
[2023-01-28T23:27:52.040+0100][gc,phases   ] GC(22)   Post Evacuate Collection Set: 2.1ms
[2023-01-28T23:27:52.041+0100][gc,phases   ] GC(22)   Other: 0.6ms
[2023-01-28T23:27:52.041+0100][gc,heap     ] GC(22) Eden regions: 321->0(92)
[2023-01-28T23:27:52.041+0100][gc,heap     ] GC(22) Survivor regions: 3->3(41)
[2023-01-28T23:27:52.041+0100][gc,heap     ] GC(22) Old regions: 15->15
[2023-01-28T23:27:52.041+0100][gc,heap     ] GC(22) Archive regions: 0->0
[2023-01-28T23:27:52.041+0100][gc,heap     ] GC(22) Humongous regions: 129->129
[2023-01-28T23:27:52.041+0100][gc,metaspace] GC(22) Metaspace: 48249K(48768K)->48249K(48768K) NonClass: 42963K(43264K)->42963K(43264K) Class: 5285K(5504K)->5285K(5504K)
[2023-01-28T23:27:52.041+0100][gc          ] GC(22) Pause Young (Normal) (G1 Evacuation Pause) 467M->146M(1024M) 30.464ms
[2023-01-28T23:27:52.041+0100][gc,cpu      ] GC(22) User=0.01s Sys=0.04s Real=0.03s
[2023-01-28T23:27:55.231+0100][gc,start    ] GC(23) Pause Young (Normal) (G1 Evacuation Pause)
[2023-01-28T23:27:55.231+0100][gc,task     ] GC(23) Using 8 workers of 8 for evacuation
[2023-01-28T23:27:55.250+0100][gc,phases   ] GC(23)   Pre Evacuate Collection Set: 1.6ms
[2023-01-28T23:27:55.250+0100][gc,phases   ] GC(23)   Merge Heap Roots: 0.5ms
[2023-01-28T23:27:55.250+0100][gc,phases   ] GC(23)   Evacuate Collection Set: 14.3ms
[2023-01-28T23:27:55.250+0100][gc,phases   ] GC(23)   Post Evacuate Collection Set: 1.6ms
[2023-01-28T23:27:55.250+0100][gc,phases   ] GC(23)   Other: 1.0ms
[2023-01-28T23:27:55.250+0100][gc,heap     ] GC(23) Eden regions: 92->0(171)
[2023-01-28T23:27:55.250+0100][gc,heap     ] GC(23) Survivor regions: 3->3(12)
[2023-01-28T23:27:55.250+0100][gc,heap     ] GC(23) Old regions: 15->15
[2023-01-28T23:27:55.250+0100][gc,heap     ] GC(23) Archive regions: 0->0
[2023-01-28T23:27:55.250+0100][gc,heap     ] GC(23) Humongous regions: 129->129
[2023-01-28T23:27:55.250+0100][gc,metaspace] GC(23) Metaspace: 48249K(48768K)->48249K(48768K) NonClass: 42964K(43264K)->42964K(43264K) Class: 5285K(5504K)->5285K(5504K)
[2023-01-28T23:27:55.250+0100][gc          ] GC(23) Pause Young (Normal) (G1 Evacuation Pause) 238M->146M(1024M) 19.007ms
[2023-01-28T23:27:55.250+0100][gc,cpu      ] GC(23) User=0.01s Sys=0.02s Real=0.02s
[2023-01-28T23:27:56.839+0100][gc,start    ] GC(24) Pause Young (Normal) (G1 Evacuation Pause)
[2023-01-28T23:27:56.839+0100][gc,task     ] GC(24) Using 8 workers of 8 for evacuation
[2023-01-28T23:27:56.854+0100][gc,phases   ] GC(24)   Pre Evacuate Collection Set: 0.2ms
[2023-01-28T23:27:56.854+0100][gc,phases   ] GC(24)   Merge Heap Roots: 0.2ms
[2023-01-28T23:27:56.854+0100][gc,phases   ] GC(24)   Evacuate Collection Set: 11.2ms
[2023-01-28T23:27:56.854+0100][gc,phases   ] GC(24)   Post Evacuate Collection Set: 3.1ms
[2023-01-28T23:27:56.854+0100][gc,phases   ] GC(24)   Other: 0.4ms
[2023-01-28T23:27:56.854+0100][gc,heap     ] GC(24) Eden regions: 171->0(252)
[2023-01-28T23:27:56.854+0100][gc,heap     ] GC(24) Survivor regions: 3->3(22)
[2023-01-28T23:27:56.854+0100][gc,heap     ] GC(24) Old regions: 15->15
[2023-01-28T23:27:56.854+0100][gc,heap     ] GC(24) Archive regions: 0->0
[2023-01-28T23:27:56.854+0100][gc,heap     ] GC(24) Humongous regions: 129->129
[2023-01-28T23:27:56.855+0100][gc,metaspace] GC(24) Metaspace: 48250K(48768K)->48250K(48768K) NonClass: 42965K(43264K)->42965K(43264K) Class: 5285K(5504K)->5285K(5504K)
[2023-01-28T23:27:56.855+0100][gc          ] GC(24) Pause Young (Normal) (G1 Evacuation Pause) 317M->146M(1024M) 15.778ms
[2023-01-28T23:27:56.855+0100][gc,cpu      ] GC(24) User=0.00s Sys=0.01s Real=0.02s
[2023-01-28T23:27:59.167+0100][gc,start    ] GC(25) Pause Young (Normal) (G1 Evacuation Pause)
[2023-01-28T23:27:59.167+0100][gc,task     ] GC(25) Using 8 workers of 8 for evacuation
[2023-01-28T23:27:59.174+0100][gc,phases   ] GC(25)   Pre Evacuate Collection Set: 0.2ms
[2023-01-28T23:27:59.174+0100][gc,phases   ] GC(25)   Merge Heap Roots: 0.2ms
[2023-01-28T23:27:59.174+0100][gc,phases   ] GC(25)   Evacuate Collection Set: 5.7ms
[2023-01-28T23:27:59.174+0100][gc,phases   ] GC(25)   Post Evacuate Collection Set: 0.7ms
[2023-01-28T23:27:59.174+0100][gc,phases   ] GC(25)   Other: 0.2ms
[2023-01-28T23:27:59.174+0100][gc,heap     ] GC(25) Eden regions: 252->0(470)
[2023-01-28T23:27:59.174+0100][gc,heap     ] GC(25) Survivor regions: 3->3(32)
[2023-01-28T23:27:59.174+0100][gc,heap     ] GC(25) Old regions: 15->15
[2023-01-28T23:27:59.174+0100][gc,heap     ] GC(25) Archive regions: 0->0
[2023-01-28T23:27:59.174+0100][gc,heap     ] GC(25) Humongous regions: 129->129
[2023-01-28T23:27:59.174+0100][gc,metaspace] GC(25) Metaspace: 48250K(48768K)->48250K(48768K) NonClass: 42965K(43264K)->42965K(43264K) Class: 5285K(5504K)->5285K(5504K)
[2023-01-28T23:27:59.174+0100][gc          ] GC(25) Pause Young (Normal) (G1 Evacuation Pause) 398M->146M(1024M) 7.316ms
[2023-01-28T23:27:59.174+0100][gc,cpu      ] GC(25) User=0.01s Sys=0.01s Real=0.01s
[2023-01-28T23:28:03.360+0100][gc,start    ] GC(26) Pause Young (Normal) (G1 Evacuation Pause)
[2023-01-28T23:28:03.361+0100][gc,task     ] GC(26) Using 8 workers of 8 for evacuation
[2023-01-28T23:28:03.387+0100][gc,mmu      ] GC(26) MMU target violated: 21.0ms (20.0ms/21.0ms)
[2023-01-28T23:28:03.387+0100][gc,phases   ] GC(26)   Pre Evacuate Collection Set: 0.6ms
[2023-01-28T23:28:03.387+0100][gc,phases   ] GC(26)   Merge Heap Roots: 0.7ms
[2023-01-28T23:28:03.387+0100][gc,phases   ] GC(26)   Evacuate Collection Set: 23.7ms
[2023-01-28T23:28:03.387+0100][gc,phases   ] GC(26)   Post Evacuate Collection Set: 1.2ms
[2023-01-28T23:28:03.387+0100][gc,phases   ] GC(26)   Other: 1.1ms
[2023-01-28T23:28:03.387+0100][gc,heap     ] GC(26) Eden regions: 470->0(186)
[2023-01-28T23:28:03.387+0100][gc,heap     ] GC(26) Survivor regions: 3->3(60)
[2023-01-28T23:28:03.387+0100][gc,heap     ] GC(26) Old regions: 15->15
[2023-01-28T23:28:03.387+0100][gc,heap     ] GC(26) Archive regions: 0->0
[2023-01-28T23:28:03.387+0100][gc,heap     ] GC(26) Humongous regions: 129->129
[2023-01-28T23:28:03.387+0100][gc,metaspace] GC(26) Metaspace: 48254K(48768K)->48254K(48768K) NonClass: 42969K(43264K)->42969K(43264K) Class: 5285K(5504K)->5285K(5504K)
[2023-01-28T23:28:03.387+0100][gc          ] GC(26) Pause Young (Normal) (G1 Evacuation Pause) 616M->146M(1024M) 27.284ms
[2023-01-28T23:28:03.388+0100][gc,cpu      ] GC(26) User=0.01s Sys=0.05s Real=0.02s
[2023-01-28T23:28:04.463+0100][gc,start    ] GC(27) Pause Young (Normal) (G1 Evacuation Pause)
[2023-01-28T23:28:04.463+0100][gc,task     ] GC(27) Using 8 workers of 8 for evacuation
[2023-01-28T23:28:04.467+0100][gc,phases   ] GC(27)   Pre Evacuate Collection Set: 0.2ms
[2023-01-28T23:28:04.467+0100][gc,phases   ] GC(27)   Merge Heap Roots: 0.1ms
[2023-01-28T23:28:04.467+0100][gc,phases   ] GC(27)   Evacuate Collection Set: 2.4ms
[2023-01-28T23:28:04.467+0100][gc,phases   ] GC(27)   Post Evacuate Collection Set: 0.6ms
[2023-01-28T23:28:04.467+0100][gc,phases   ] GC(27)   Other: 0.2ms
[2023-01-28T23:28:04.467+0100][gc,heap     ] GC(27) Eden regions: 186->0(359)
[2023-01-28T23:28:04.467+0100][gc,heap     ] GC(27) Survivor regions: 3->3(24)
[2023-01-28T23:28:04.467+0100][gc,heap     ] GC(27) Old regions: 15->15
[2023-01-28T23:28:04.467+0100][gc,heap     ] GC(27) Archive regions: 0->0
[2023-01-28T23:28:04.467+0100][gc,heap     ] GC(27) Humongous regions: 129->129
[2023-01-28T23:28:04.467+0100][gc,metaspace] GC(27) Metaspace: 48254K(48768K)->48254K(48768K) NonClass: 42969K(43264K)->42969K(43264K) Class: 5285K(5504K)->5285K(5504K)
[2023-01-28T23:28:04.467+0100][gc          ] GC(27) Pause Young (Normal) (G1 Evacuation Pause) 332M->146M(1024M) 3.648ms
[2023-01-28T23:28:04.467+0100][gc,cpu      ] GC(27) User=0.01s Sys=0.01s Real=0.00s
[2023-01-28T23:28:06.646+0100][gc,start    ] GC(28) Pause Young (Normal) (G1 Evacuation Pause)
[2023-01-28T23:28:06.646+0100][gc,task     ] GC(28) Using 8 workers of 8 for evacuation
[2023-01-28T23:28:06.665+0100][gc,phases   ] GC(28)   Pre Evacuate Collection Set: 0.2ms
[2023-01-28T23:28:06.665+0100][gc,phases   ] GC(28)   Merge Heap Roots: 0.2ms
[2023-01-28T23:28:06.665+0100][gc,phases   ] GC(28)   Evacuate Collection Set: 17.6ms
[2023-01-28T23:28:06.665+0100][gc,phases   ] GC(28)   Post Evacuate Collection Set: 1.1ms
[2023-01-28T23:28:06.665+0100][gc,phases   ] GC(28)   Other: 0.2ms
[2023-01-28T23:28:06.665+0100][gc,heap     ] GC(28) Eden regions: 359->0(130)
[2023-01-28T23:28:06.665+0100][gc,heap     ] GC(28) Survivor regions: 3->4(46)
[2023-01-28T23:28:06.665+0100][gc,heap     ] GC(28) Old regions: 15->15
[2023-01-28T23:28:06.665+0100][gc,heap     ] GC(28) Archive regions: 0->0
[2023-01-28T23:28:06.665+0100][gc,heap     ] GC(28) Humongous regions: 129->129
[2023-01-28T23:28:06.665+0100][gc,metaspace] GC(28) Metaspace: 48254K(48768K)->48254K(48768K) NonClass: 42969K(43264K)->42969K(43264K) Class: 5285K(5504K)->5285K(5504K)
[2023-01-28T23:28:06.665+0100][gc          ] GC(28) Pause Young (Normal) (G1 Evacuation Pause) 505M->147M(1024M) 19.261ms
[2023-01-28T23:28:06.665+0100][gc,cpu      ] GC(28) User=0.01s Sys=0.03s Real=0.02s
[2023-01-28T23:28:07.858+0100][gc,start    ] GC(29) Pause Young (Normal) (G1 Evacuation Pause)
[2023-01-28T23:28:07.859+0100][gc,task     ] GC(29) Using 8 workers of 8 for evacuation
[2023-01-28T23:28:07.865+0100][gc,phases   ] GC(29)   Pre Evacuate Collection Set: 0.4ms
[2023-01-28T23:28:07.865+0100][gc,phases   ] GC(29)   Merge Heap Roots: 0.2ms
[2023-01-28T23:28:07.865+0100][gc,phases   ] GC(29)   Evacuate Collection Set: 4.5ms
[2023-01-28T23:28:07.865+0100][gc,phases   ] GC(29)   Post Evacuate Collection Set: 1.1ms
[2023-01-28T23:28:07.865+0100][gc,phases   ] GC(29)   Other: 0.5ms
[2023-01-28T23:28:07.865+0100][gc,heap     ] GC(29) Eden regions: 130->0(323)
[2023-01-28T23:28:07.865+0100][gc,heap     ] GC(29) Survivor regions: 4->4(17)
[2023-01-28T23:28:07.865+0100][gc,heap     ] GC(29) Old regions: 15->15
[2023-01-28T23:28:07.865+0100][gc,heap     ] GC(29) Archive regions: 0->0
[2023-01-28T23:28:07.865+0100][gc,heap     ] GC(29) Humongous regions: 129->129
[2023-01-28T23:28:07.865+0100][gc,metaspace] GC(29) Metaspace: 48254K(48768K)->48254K(48768K) NonClass: 42969K(43264K)->42969K(43264K) Class: 5285K(5504K)->5285K(5504K)
[2023-01-28T23:28:07.865+0100][gc          ] GC(29) Pause Young (Normal) (G1 Evacuation Pause) 277M->147M(1024M) 6.667ms
[2023-01-28T23:28:07.865+0100][gc,cpu      ] GC(29) User=0.01s Sys=0.01s Real=0.01s
[2023-01-28T23:28:10.094+0100][gc,start    ] GC(30) Pause Young (Normal) (G1 Evacuation Pause)
[2023-01-28T23:28:10.095+0100][gc,task     ] GC(30) Using 8 workers of 8 for evacuation
[2023-01-28T23:28:10.115+0100][gc,phases   ] GC(30)   Pre Evacuate Collection Set: 1.9ms
[2023-01-28T23:28:10.115+0100][gc,phases   ] GC(30)   Merge Heap Roots: 0.6ms
[2023-01-28T23:28:10.115+0100][gc,phases   ] GC(30)   Evacuate Collection Set: 14.7ms
[2023-01-28T23:28:10.115+0100][gc,phases   ] GC(30)   Post Evacuate Collection Set: 1.4ms
[2023-01-28T23:28:10.115+0100][gc,phases   ] GC(30)   Other: 2.5ms
[2023-01-28T23:28:10.115+0100][gc,heap     ] GC(30) Eden regions: 323->0(324)
[2023-01-28T23:28:10.115+0100][gc,heap     ] GC(30) Survivor regions: 4->4(41)
[2023-01-28T23:28:10.115+0100][gc,heap     ] GC(30) Old regions: 15->16
[2023-01-28T23:28:10.115+0100][gc,heap     ] GC(30) Archive regions: 0->0
[2023-01-28T23:28:10.115+0100][gc,heap     ] GC(30) Humongous regions: 129->129
[2023-01-28T23:28:10.115+0100][gc,metaspace] GC(30) Metaspace: 48254K(48768K)->48254K(48768K) NonClass: 42969K(43264K)->42969K(43264K) Class: 5285K(5504K)->5285K(5504K)
[2023-01-28T23:28:10.115+0100][gc          ] GC(30) Pause Young (Normal) (G1 Evacuation Pause) 470M->147M(1024M) 21.275ms
[2023-01-28T23:28:10.115+0100][gc,cpu      ] GC(30) User=0.00s Sys=0.02s Real=0.02s
[2023-01-28T23:28:12.507+0100][gc,start    ] GC(31) Pause Young (Normal) (G1 Evacuation Pause)
[2023-01-28T23:28:12.507+0100][gc,task     ] GC(31) Using 8 workers of 8 for evacuation
[2023-01-28T23:28:12.514+0100][gc,phases   ] GC(31)   Pre Evacuate Collection Set: 0.3ms
[2023-01-28T23:28:12.514+0100][gc,phases   ] GC(31)   Merge Heap Roots: 0.2ms
[2023-01-28T23:28:12.514+0100][gc,phases   ] GC(31)   Evacuate Collection Set: 5.8ms
[2023-01-28T23:28:12.514+0100][gc,phases   ] GC(31)   Post Evacuate Collection Set: 0.6ms
[2023-01-28T23:28:12.514+0100][gc,phases   ] GC(31)   Other: 0.2ms
[2023-01-28T23:28:12.514+0100][gc,heap     ] GC(31) Eden regions: 324->0(535)
[2023-01-28T23:28:12.514+0100][gc,heap     ] GC(31) Survivor regions: 4->4(41)
[2023-01-28T23:28:12.514+0100][gc,heap     ] GC(31) Old regions: 16->16
[2023-01-28T23:28:12.514+0100][gc,heap     ] GC(31) Archive regions: 0->0
[2023-01-28T23:28:12.514+0100][gc,heap     ] GC(31) Humongous regions: 129->129
[2023-01-28T23:28:12.514+0100][gc,metaspace] GC(31) Metaspace: 48254K(48768K)->48254K(48768K) NonClass: 42969K(43264K)->42969K(43264K) Class: 5285K(5504K)->5285K(5504K)
[2023-01-28T23:28:12.514+0100][gc          ] GC(31) Pause Young (Normal) (G1 Evacuation Pause) 471M->147M(1024M) 7.122ms
[2023-01-28T23:28:12.514+0100][gc,cpu      ] GC(31) User=0.01s Sys=0.02s Real=0.01s
[2023-01-28T23:28:16.542+0100][gc,start    ] GC(32) Pause Young (Normal) (G1 Evacuation Pause)
[2023-01-28T23:28:16.543+0100][gc,task     ] GC(32) Using 8 workers of 8 for evacuation
[2023-01-28T23:28:16.552+0100][gc,phases   ] GC(32)   Pre Evacuate Collection Set: 0.2ms
[2023-01-28T23:28:16.552+0100][gc,phases   ] GC(32)   Merge Heap Roots: 0.2ms
[2023-01-28T23:28:16.552+0100][gc,phases   ] GC(32)   Evacuate Collection Set: 8.2ms
[2023-01-28T23:28:16.552+0100][gc,phases   ] GC(32)   Post Evacuate Collection Set: 0.6ms
[2023-01-28T23:28:16.552+0100][gc,phases   ] GC(32)   Other: 0.4ms
[2023-01-28T23:28:16.552+0100][gc,heap     ] GC(32) Eden regions: 535->0(539)
[2023-01-28T23:28:16.552+0100][gc,heap     ] GC(32) Survivor regions: 4->5(68)
[2023-01-28T23:28:16.552+0100][gc,heap     ] GC(32) Old regions: 16->16
[2023-01-28T23:28:16.552+0100][gc,heap     ] GC(32) Archive regions: 0->0
[2023-01-28T23:28:16.552+0100][gc,heap     ] GC(32) Humongous regions: 129->129
[2023-01-28T23:28:16.552+0100][gc,metaspace] GC(32) Metaspace: 48255K(48768K)->48255K(48768K) NonClass: 42969K(43264K)->42969K(43264K) Class: 5285K(5504K)->5285K(5504K)
[2023-01-28T23:28:16.552+0100][gc          ] GC(32) Pause Young (Normal) (G1 Evacuation Pause) 682M->148M(1024M) 9.603ms
[2023-01-28T23:28:16.552+0100][gc,cpu      ] GC(32) User=0.01s Sys=0.03s Real=0.01s
[2023-01-28T23:28:20.720+0100][gc,start    ] GC(33) Pause Young (Normal) (G1 Evacuation Pause)
[2023-01-28T23:28:20.720+0100][gc,task     ] GC(33) Using 8 workers of 8 for evacuation
[2023-01-28T23:28:20.740+0100][gc,phases   ] GC(33)   Pre Evacuate Collection Set: 0.2ms
[2023-01-28T23:28:20.740+0100][gc,phases   ] GC(33)   Merge Heap Roots: 0.2ms
[2023-01-28T23:28:20.740+0100][gc,phases   ] GC(33)   Evacuate Collection Set: 17.5ms
[2023-01-28T23:28:20.740+0100][gc,phases   ] GC(33)   Post Evacuate Collection Set: 1.1ms
[2023-01-28T23:28:20.740+0100][gc,phases   ] GC(33)   Other: 0.2ms
[2023-01-28T23:28:20.740+0100][gc,heap     ] GC(33) Eden regions: 539->0(361)
[2023-01-28T23:28:20.740+0100][gc,heap     ] GC(33) Survivor regions: 5->5(68)
[2023-01-28T23:28:20.740+0100][gc,heap     ] GC(33) Old regions: 16->16
[2023-01-28T23:28:20.740+0100][gc,heap     ] GC(33) Archive regions: 0->0
[2023-01-28T23:28:20.740+0100][gc,heap     ] GC(33) Humongous regions: 129->129
[2023-01-28T23:28:20.740+0100][gc,metaspace] GC(33) Metaspace: 48255K(48768K)->48255K(48768K) NonClass: 42969K(43264K)->42969K(43264K) Class: 5285K(5504K)->5285K(5504K)
[2023-01-28T23:28:20.740+0100][gc          ] GC(33) Pause Young (Normal) (G1 Evacuation Pause) 687M->148M(1024M) 19.312ms
[2023-01-28T23:28:20.740+0100][gc,cpu      ] GC(33) User=0.01s Sys=0.04s Real=0.02s
[2023-01-28T23:28:23.370+0100][gc,start    ] GC(34) Pause Young (Normal) (G1 Evacuation Pause)
[2023-01-28T23:28:23.370+0100][gc,task     ] GC(34) Using 8 workers of 8 for evacuation
[2023-01-28T23:28:23.385+0100][gc,phases   ] GC(34)   Pre Evacuate Collection Set: 1.0ms
[2023-01-28T23:28:23.385+0100][gc,phases   ] GC(34)   Merge Heap Roots: 0.5ms
[2023-01-28T23:28:23.385+0100][gc,phases   ] GC(34)   Evacuate Collection Set: 9.4ms
[2023-01-28T23:28:23.385+0100][gc,phases   ] GC(34)   Post Evacuate Collection Set: 3.0ms
[2023-01-28T23:28:23.385+0100][gc,phases   ] GC(34)   Other: 1.1ms
[2023-01-28T23:28:23.385+0100][gc,heap     ] GC(34) Eden regions: 355->0(502)
[2023-01-28T23:28:23.385+0100][gc,heap     ] GC(34) Survivor regions: 5->5(45)
[2023-01-28T23:28:23.385+0100][gc,heap     ] GC(34) Old regions: 16->16
[2023-01-28T23:28:23.385+0100][gc,heap     ] GC(34) Archive regions: 0->0
[2023-01-28T23:28:23.385+0100][gc,heap     ] GC(34) Humongous regions: 129->129
[2023-01-28T23:28:23.385+0100][gc,metaspace] GC(34) Metaspace: 48255K(48768K)->48255K(48768K) NonClass: 42969K(43264K)->42969K(43264K) Class: 5285K(5504K)->5285K(5504K)
[2023-01-28T23:28:23.385+0100][gc          ] GC(34) Pause Young (Normal) (G1 Evacuation Pause) 503M->149M(1024M) 15.332ms
[2023-01-28T23:28:23.385+0100][gc,cpu      ] GC(34) User=0.01s Sys=0.02s Real=0.01s
[2023-01-28T23:28:26.106+0100][gc,start    ] GC(35) Pause Young (Normal) (G1 Evacuation Pause)
[2023-01-28T23:28:26.106+0100][gc,task     ] GC(35) Using 8 workers of 8 for evacuation
[2023-01-28T23:28:26.112+0100][gc,phases   ] GC(35)   Pre Evacuate Collection Set: 0.2ms
[2023-01-28T23:28:26.112+0100][gc,phases   ] GC(35)   Merge Heap Roots: 0.1ms
[2023-01-28T23:28:26.112+0100][gc,phases   ] GC(35)   Evacuate Collection Set: 4.3ms
[2023-01-28T23:28:26.112+0100][gc,phases   ] GC(35)   Post Evacuate Collection Set: 2.0ms
[2023-01-28T23:28:26.112+0100][gc,phases   ] GC(35)   Other: 0.2ms
[2023-01-28T23:28:26.112+0100][gc,heap     ] GC(35) Eden regions: 480->0(609)
[2023-01-28T23:28:26.112+0100][gc,heap     ] GC(35) Survivor regions: 5->5(61)
[2023-01-28T23:28:26.112+0100][gc,heap     ] GC(35) Old regions: 16->16
[2023-01-28T23:28:26.112+0100][gc,heap     ] GC(35) Archive regions: 0->0
[2023-01-28T23:28:26.112+0100][gc,heap     ] GC(35) Humongous regions: 129->129
[2023-01-28T23:28:26.112+0100][gc,metaspace] GC(35) Metaspace: 48255K(48768K)->48255K(48768K) NonClass: 42969K(43264K)->42969K(43264K) Class: 5285K(5504K)->5285K(5504K)
[2023-01-28T23:28:26.112+0100][gc          ] GC(35) Pause Young (Normal) (G1 Evacuation Pause) 629M->149M(1024M) 6.847ms
[2023-01-28T23:28:26.113+0100][gc,cpu      ] GC(35) User=0.01s Sys=0.02s Real=0.01s
[2023-01-28T23:28:30.428+0100][gc,start    ] GC(36) Pause Young (Normal) (G1 Evacuation Pause)
[2023-01-28T23:28:30.428+0100][gc,task     ] GC(36) Using 8 workers of 8 for evacuation
[2023-01-28T23:28:30.452+0100][gc,mmu      ] GC(36) MMU target violated: 21.0ms (20.0ms/21.0ms)
[2023-01-28T23:28:30.452+0100][gc,phases   ] GC(36)   Pre Evacuate Collection Set: 0.9ms
[2023-01-28T23:28:30.452+0100][gc,phases   ] GC(36)   Merge Heap Roots: 0.5ms
[2023-01-28T23:28:30.452+0100][gc,phases   ] GC(36)   Evacuate Collection Set: 20.6ms
[2023-01-28T23:28:30.452+0100][gc,phases   ] GC(36)   Post Evacuate Collection Set: 0.9ms
[2023-01-28T23:28:30.452+0100][gc,phases   ] GC(36)   Other: 1.5ms
[2023-01-28T23:28:30.452+0100][gc,heap     ] GC(36) Eden regions: 609->0(155)
[2023-01-28T23:28:30.452+0100][gc,heap     ] GC(36) Survivor regions: 5->6(77)
[2023-01-28T23:28:30.452+0100][gc,heap     ] GC(36) Old regions: 16->16
[2023-01-28T23:28:30.452+0100][gc,heap     ] GC(36) Archive regions: 0->0
[2023-01-28T23:28:30.452+0100][gc,heap     ] GC(36) Humongous regions: 129->129
[2023-01-28T23:28:30.452+0100][gc,metaspace] GC(36) Metaspace: 48257K(48768K)->48257K(48768K) NonClass: 42972K(43264K)->42972K(43264K) Class: 5285K(5504K)->5285K(5504K)
[2023-01-28T23:28:30.452+0100][gc          ] GC(36) Pause Young (Normal) (G1 Evacuation Pause) 758M->149M(1024M) 24.423ms
[2023-01-28T23:28:30.452+0100][gc,cpu      ] GC(36) User=0.02s Sys=0.04s Real=0.03s
[2023-01-28T23:28:31.468+0100][gc,start    ] GC(37) Pause Young (Normal) (G1 Evacuation Pause)
[2023-01-28T23:28:31.468+0100][gc,task     ] GC(37) Using 8 workers of 8 for evacuation
[2023-01-28T23:28:31.480+0100][gc,phases   ] GC(37)   Pre Evacuate Collection Set: 0.6ms
[2023-01-28T23:28:31.480+0100][gc,phases   ] GC(37)   Merge Heap Roots: 0.2ms
[2023-01-28T23:28:31.480+0100][gc,phases   ] GC(37)   Evacuate Collection Set: 7.4ms
[2023-01-28T23:28:31.480+0100][gc,phases   ] GC(37)   Post Evacuate Collection Set: 3.2ms
[2023-01-28T23:28:31.480+0100][gc,phases   ] GC(37)   Other: 0.5ms
[2023-01-28T23:28:31.480+0100][gc,heap     ] GC(37) Eden regions: 119->0(609)
[2023-01-28T23:28:31.480+0100][gc,heap     ] GC(37) Survivor regions: 6->5(16)
[2023-01-28T23:28:31.480+0100][gc,heap     ] GC(37) Old regions: 16->17
[2023-01-28T23:28:31.480+0100][gc,heap     ] GC(37) Archive regions: 0->0
[2023-01-28T23:28:31.480+0100][gc,heap     ] GC(37) Humongous regions: 129->129
[2023-01-28T23:28:31.480+0100][gc,metaspace] GC(37) Metaspace: 48258K(48768K)->48258K(48768K) NonClass: 42973K(43264K)->42973K(43264K) Class: 5285K(5504K)->5285K(5504K)
[2023-01-28T23:28:31.480+0100][gc          ] GC(37) Pause Young (Normal) (G1 Evacuation Pause) 268M->150M(1024M) 12.007ms
[2023-01-28T23:28:31.480+0100][gc,cpu      ] GC(37) User=0.01s Sys=0.01s Real=0.02s
[2023-01-28T23:28:35.985+0100][gc,start    ] GC(38) Pause Young (Normal) (G1 Evacuation Pause)
[2023-01-28T23:28:35.986+0100][gc,task     ] GC(38) Using 8 workers of 8 for evacuation
[2023-01-28T23:28:36.012+0100][gc,mmu      ] GC(38) MMU target violated: 21.0ms (20.0ms/21.0ms)
[2023-01-28T23:28:36.012+0100][gc,phases   ] GC(38)   Pre Evacuate Collection Set: 1.0ms
[2023-01-28T23:28:36.012+0100][gc,phases   ] GC(38)   Merge Heap Roots: 0.7ms
[2023-01-28T23:28:36.012+0100][gc,phases   ] GC(38)   Evacuate Collection Set: 22.0ms
[2023-01-28T23:28:36.012+0100][gc,phases   ] GC(38)   Post Evacuate Collection Set: 1.5ms
[2023-01-28T23:28:36.012+0100][gc,phases   ] GC(38)   Other: 2.1ms
[2023-01-28T23:28:36.012+0100][gc,heap     ] GC(38) Eden regions: 609->0(45)
[2023-01-28T23:28:36.012+0100][gc,heap     ] GC(38) Survivor regions: 5->6(77)
[2023-01-28T23:28:36.012+0100][gc,heap     ] GC(38) Old regions: 17->17
[2023-01-28T23:28:36.012+0100][gc,heap     ] GC(38) Archive regions: 0->0
[2023-01-28T23:28:36.012+0100][gc,heap     ] GC(38) Humongous regions: 129->129
[2023-01-28T23:28:36.012+0100][gc,metaspace] GC(38) Metaspace: 48258K(48768K)->48258K(48768K) NonClass: 42973K(43264K)->42973K(43264K) Class: 5285K(5504K)->5285K(5504K)
[2023-01-28T23:28:36.012+0100][gc          ] GC(38) Pause Young (Normal) (G1 Evacuation Pause) 759M->150M(1024M) 27.248ms
[2023-01-28T23:28:36.012+0100][gc,cpu      ] GC(38) User=0.02s Sys=0.05s Real=0.03s
[2023-01-28T23:28:36.493+0100][gc,start    ] GC(39) Pause Young (Normal) (G1 Evacuation Pause)
[2023-01-28T23:28:36.493+0100][gc,task     ] GC(39) Using 8 workers of 8 for evacuation
[2023-01-28T23:28:36.507+0100][gc,phases   ] GC(39)   Pre Evacuate Collection Set: 1.3ms
[2023-01-28T23:28:36.507+0100][gc,phases   ] GC(39)   Merge Heap Roots: 0.1ms
[2023-01-28T23:28:36.507+0100][gc,phases   ] GC(39)   Evacuate Collection Set: 10.6ms
[2023-01-28T23:28:36.507+0100][gc,phases   ] GC(39)   Post Evacuate Collection Set: 0.7ms
[2023-01-28T23:28:36.507+0100][gc,phases   ] GC(39)   Other: 0.7ms
[2023-01-28T23:28:36.507+0100][gc,heap     ] GC(39) Eden regions: 45->0(610)
[2023-01-28T23:28:36.507+0100][gc,heap     ] GC(39) Survivor regions: 6->4(7)
[2023-01-28T23:28:36.507+0100][gc,heap     ] GC(39) Old regions: 17->18
[2023-01-28T23:28:36.507+0100][gc,heap     ] GC(39) Archive regions: 0->0
[2023-01-28T23:28:36.507+0100][gc,heap     ] GC(39) Humongous regions: 129->129
[2023-01-28T23:28:36.507+0100][gc,metaspace] GC(39) Metaspace: 48258K(48768K)->48258K(48768K) NonClass: 42973K(43264K)->42973K(43264K) Class: 5285K(5504K)->5285K(5504K)
[2023-01-28T23:28:36.507+0100][gc          ] GC(39) Pause Young (Normal) (G1 Evacuation Pause) 195M->150M(1024M) 13.524ms
[2023-01-28T23:28:36.507+0100][gc,cpu      ] GC(39) User=0.01s Sys=0.00s Real=0.01s
[2023-01-28T23:28:40.785+0100][gc,start    ] GC(40) Pause Young (Normal) (G1 Evacuation Pause)
[2023-01-28T23:28:40.785+0100][gc,task     ] GC(40) Using 8 workers of 8 for evacuation
[2023-01-28T23:28:40.814+0100][gc,mmu      ] GC(40) MMU target violated: 21.0ms (20.0ms/21.0ms)
[2023-01-28T23:28:40.814+0100][gc,phases   ] GC(40)   Pre Evacuate Collection Set: 0.8ms
[2023-01-28T23:28:40.814+0100][gc,phases   ] GC(40)   Merge Heap Roots: 0.7ms
[2023-01-28T23:28:40.814+0100][gc,phases   ] GC(40)   Evacuate Collection Set: 24.7ms
[2023-01-28T23:28:40.814+0100][gc,phases   ] GC(40)   Post Evacuate Collection Set: 2.3ms
[2023-01-28T23:28:40.814+0100][gc,phases   ] GC(40)   Other: 0.7ms
[2023-01-28T23:28:40.814+0100][gc,heap     ] GC(40) Eden regions: 610->0(46)
[2023-01-28T23:28:40.814+0100][gc,heap     ] GC(40) Survivor regions: 4->5(77)
[2023-01-28T23:28:40.814+0100][gc,heap     ] GC(40) Old regions: 18->18
[2023-01-28T23:28:40.814+0100][gc,heap     ] GC(40) Archive regions: 0->0
[2023-01-28T23:28:40.814+0100][gc,heap     ] GC(40) Humongous regions: 129->129
[2023-01-28T23:28:40.814+0100][gc,metaspace] GC(40) Metaspace: 48258K(48768K)->48258K(48768K) NonClass: 42973K(43264K)->42973K(43264K) Class: 5285K(5504K)->5285K(5504K)
[2023-01-28T23:28:40.814+0100][gc          ] GC(40) Pause Young (Normal) (G1 Evacuation Pause) 760M->150M(1024M) 29.343ms
[2023-01-28T23:28:40.814+0100][gc,cpu      ] GC(40) User=0.02s Sys=0.05s Real=0.03s
[2023-01-28T23:28:41.094+0100][gc,start    ] GC(41) Pause Young (Normal) (G1 Evacuation Pause)
[2023-01-28T23:28:41.094+0100][gc,task     ] GC(41) Using 8 workers of 8 for evacuation
[2023-01-28T23:28:41.098+0100][gc,phases   ] GC(41)   Pre Evacuate Collection Set: 1.1ms
[2023-01-28T23:28:41.098+0100][gc,phases   ] GC(41)   Merge Heap Roots: 0.2ms
[2023-01-28T23:28:41.098+0100][gc,phases   ] GC(41)   Evacuate Collection Set: 2.4ms
[2023-01-28T23:28:41.098+0100][gc,phases   ] GC(41)   Post Evacuate Collection Set: 0.3ms
[2023-01-28T23:28:41.098+0100][gc,phases   ] GC(41)   Other: 0.3ms
[2023-01-28T23:28:41.098+0100][gc,heap     ] GC(41) Eden regions: 46->0(610)
[2023-01-28T23:28:41.098+0100][gc,heap     ] GC(41) Survivor regions: 5->4(7)
[2023-01-28T23:28:41.098+0100][gc,heap     ] GC(41) Old regions: 18->19
[2023-01-28T23:28:41.098+0100][gc,heap     ] GC(41) Archive regions: 0->0
[2023-01-28T23:28:41.098+0100][gc,heap     ] GC(41) Humongous regions: 129->129
[2023-01-28T23:28:41.098+0100][gc,metaspace] GC(41) Metaspace: 48259K(48768K)->48259K(48768K) NonClass: 42974K(43264K)->42974K(43264K) Class: 5285K(5504K)->5285K(5504K)
[2023-01-28T23:28:41.098+0100][gc          ] GC(41) Pause Young (Normal) (G1 Evacuation Pause) 196M->150M(1024M) 4.304ms
[2023-01-28T23:28:41.098+0100][gc,cpu      ] GC(41) User=0.01s Sys=0.01s Real=0.00s
[2023-01-28T23:28:45.238+0100][gc,start    ] GC(42) Pause Young (Normal) (G1 Evacuation Pause)
[2023-01-28T23:28:45.238+0100][gc,task     ] GC(42) Using 8 workers of 8 for evacuation
[2023-01-28T23:28:45.264+0100][gc,mmu      ] GC(42) MMU target violated: 21.0ms (20.0ms/21.0ms)
[2023-01-28T23:28:45.264+0100][gc,phases   ] GC(42)   Pre Evacuate Collection Set: 0.3ms
[2023-01-28T23:28:45.264+0100][gc,phases   ] GC(42)   Merge Heap Roots: 0.3ms
[2023-01-28T23:28:45.264+0100][gc,phases   ] GC(42)   Evacuate Collection Set: 21.4ms
[2023-01-28T23:28:45.264+0100][gc,phases   ] GC(42)   Post Evacuate Collection Set: 3.3ms
[2023-01-28T23:28:45.264+0100][gc,phases   ] GC(42)   Other: 0.4ms
[2023-01-28T23:28:45.264+0100][gc,heap     ] GC(42) Eden regions: 610->0(163)
[2023-01-28T23:28:45.264+0100][gc,heap     ] GC(42) Survivor regions: 4->4(77)
[2023-01-28T23:28:45.264+0100][gc,heap     ] GC(42) Old regions: 19->19
[2023-01-28T23:28:45.264+0100][gc,heap     ] GC(42) Archive regions: 0->0
[2023-01-28T23:28:45.264+0100][gc,heap     ] GC(42) Humongous regions: 129->129
[2023-01-28T23:28:45.264+0100][gc,metaspace] GC(42) Metaspace: 48260K(48768K)->48260K(48768K) NonClass: 42975K(43264K)->42975K(43264K) Class: 5285K(5504K)->5285K(5504K)
[2023-01-28T23:28:45.264+0100][gc          ] GC(42) Pause Young (Normal) (G1 Evacuation Pause) 760M->151M(1024M) 25.818ms
[2023-01-28T23:28:45.264+0100][gc,cpu      ] GC(42) User=0.01s Sys=0.04s Real=0.03s
[2023-01-28T23:28:46.147+0100][gc,start    ] GC(43) Pause Young (Normal) (G1 Evacuation Pause)
[2023-01-28T23:28:46.147+0100][gc,task     ] GC(43) Using 8 workers of 8 for evacuation
[2023-01-28T23:28:46.152+0100][gc,phases   ] GC(43)   Pre Evacuate Collection Set: 0.3ms
[2023-01-28T23:28:46.152+0100][gc,phases   ] GC(43)   Merge Heap Roots: 0.2ms
[2023-01-28T23:28:46.152+0100][gc,phases   ] GC(43)   Evacuate Collection Set: 3.4ms
[2023-01-28T23:28:46.152+0100][gc,phases   ] GC(43)   Post Evacuate Collection Set: 0.7ms
[2023-01-28T23:28:46.152+0100][gc,phases   ] GC(43)   Other: 0.5ms
[2023-01-28T23:28:46.152+0100][gc,heap     ] GC(43) Eden regions: 163->0(507)
[2023-01-28T23:28:46.152+0100][gc,heap     ] GC(43) Survivor regions: 4->4(21)
[2023-01-28T23:28:46.152+0100][gc,heap     ] GC(43) Old regions: 19->19
[2023-01-28T23:28:46.152+0100][gc,heap     ] GC(43) Archive regions: 0->0
[2023-01-28T23:28:46.152+0100][gc,heap     ] GC(43) Humongous regions: 129->129
[2023-01-28T23:28:46.152+0100][gc,metaspace] GC(43) Metaspace: 48260K(48768K)->48260K(48768K) NonClass: 42975K(43264K)->42975K(43264K) Class: 5285K(5504K)->5285K(5504K)
[2023-01-28T23:28:46.152+0100][gc          ] GC(43) Pause Young (Normal) (G1 Evacuation Pause) 314M->151M(1024M) 5.088ms
[2023-01-28T23:28:46.152+0100][gc,cpu      ] GC(43) User=0.01s Sys=0.01s Real=0.01s
[2023-01-28T23:28:48.982+0100][gc,start    ] GC(44) Pause Young (Normal) (G1 Evacuation Pause)
[2023-01-28T23:28:48.982+0100][gc,task     ] GC(44) Using 8 workers of 8 for evacuation
[2023-01-28T23:28:49.006+0100][gc,mmu      ] GC(44) MMU target violated: 21.0ms (20.0ms/21.0ms)
[2023-01-28T23:28:49.006+0100][gc,phases   ] GC(44)   Pre Evacuate Collection Set: 0.5ms
[2023-01-28T23:28:49.006+0100][gc,phases   ] GC(44)   Merge Heap Roots: 0.3ms
[2023-01-28T23:28:49.006+0100][gc,phases   ] GC(44)   Evacuate Collection Set: 16.9ms
[2023-01-28T23:28:49.006+0100][gc,phases   ] GC(44)   Post Evacuate Collection Set: 5.9ms
[2023-01-28T23:28:49.006+0100][gc,phases   ] GC(44)   Other: 0.6ms
[2023-01-28T23:28:49.006+0100][gc,heap     ] GC(44) Eden regions: 507->0(46)
[2023-01-28T23:28:49.006+0100][gc,heap     ] GC(44) Survivor regions: 4->5(64)
[2023-01-28T23:28:49.006+0100][gc,heap     ] GC(44) Old regions: 19->19
[2023-01-28T23:28:49.006+0100][gc,heap     ] GC(44) Archive regions: 0->0
[2023-01-28T23:28:49.006+0100][gc,heap     ] GC(44) Humongous regions: 129->129
[2023-01-28T23:28:49.006+0100][gc,metaspace] GC(44) Metaspace: 48260K(48768K)->48260K(48768K) NonClass: 42975K(43264K)->42975K(43264K) Class: 5285K(5504K)->5285K(5504K)
[2023-01-28T23:28:49.006+0100][gc          ] GC(44) Pause Young (Normal) (G1 Evacuation Pause) 658M->151M(1024M) 24.412ms
[2023-01-28T23:28:49.006+0100][gc,cpu      ] GC(44) User=0.01s Sys=0.02s Real=0.02s
[2023-01-28T23:28:49.841+0100][gc,start    ] GC(45) Pause Young (Normal) (G1 Evacuation Pause)
[2023-01-28T23:28:49.841+0100][gc,task     ] GC(45) Using 8 workers of 8 for evacuation
[2023-01-28T23:28:49.856+0100][gc,phases   ] GC(45)   Pre Evacuate Collection Set: 0.7ms
[2023-01-28T23:28:49.856+0100][gc,phases   ] GC(45)   Merge Heap Roots: 1.0ms
[2023-01-28T23:28:49.856+0100][gc,phases   ] GC(45)   Evacuate Collection Set: 10.7ms
[2023-01-28T23:28:49.856+0100][gc,phases   ] GC(45)   Post Evacuate Collection Set: 2.5ms
[2023-01-28T23:28:49.856+0100][gc,phases   ] GC(45)   Other: 0.8ms
[2023-01-28T23:28:49.856+0100][gc,heap     ] GC(45) Eden regions: 46->0(513)
[2023-01-28T23:28:49.856+0100][gc,heap     ] GC(45) Survivor regions: 5->4(7)
[2023-01-28T23:28:49.857+0100][gc,heap     ] GC(45) Old regions: 19->20
[2023-01-28T23:28:49.857+0100][gc,heap     ] GC(45) Archive regions: 0->0
[2023-01-28T23:28:49.857+0100][gc,heap     ] GC(45) Humongous regions: 129->129
[2023-01-28T23:28:49.857+0100][gc,metaspace] GC(45) Metaspace: 48260K(48768K)->48260K(48768K) NonClass: 42975K(43264K)->42975K(43264K) Class: 5285K(5504K)->5285K(5504K)
[2023-01-28T23:28:49.857+0100][gc          ] GC(45) Pause Young (Normal) (G1 Evacuation Pause) 197M->151M(1024M) 15.976ms
[2023-01-28T23:28:49.857+0100][gc,cpu      ] GC(45) User=0.01s Sys=0.01s Real=0.01s
[2023-01-28T23:28:52.138+0100][gc,start    ] GC(46) Pause Young (Normal) (G1 Evacuation Pause)
[2023-01-28T23:28:52.140+0100][gc,task     ] GC(46) Using 8 workers of 8 for evacuation
[2023-01-28T23:28:52.150+0100][gc,phases   ] GC(46)   Pre Evacuate Collection Set: 0.2ms
[2023-01-28T23:28:52.150+0100][gc,phases   ] GC(46)   Merge Heap Roots: 0.2ms
[2023-01-28T23:28:52.150+0100][gc,phases   ] GC(46)   Evacuate Collection Set: 6.4ms
[2023-01-28T23:28:52.150+0100][gc,phases   ] GC(46)   Post Evacuate Collection Set: 2.3ms
[2023-01-28T23:28:52.150+0100][gc,phases   ] GC(46)   Other: 2.1ms
[2023-01-28T23:28:52.150+0100][gc,heap     ] GC(46) Eden regions: 383->0(610)
[2023-01-28T23:28:52.150+0100][gc,heap     ] GC(46) Survivor regions: 4->4(49)
[2023-01-28T23:28:52.150+0100][gc,heap     ] GC(46) Old regions: 20->20
[2023-01-28T23:28:52.150+0100][gc,heap     ] GC(46) Archive regions: 0->0
[2023-01-28T23:28:52.150+0100][gc,heap     ] GC(46) Humongous regions: 129->129
[2023-01-28T23:28:52.150+0100][gc,metaspace] GC(46) Metaspace: 48260K(48768K)->48260K(48768K) NonClass: 42975K(43264K)->42975K(43264K) Class: 5285K(5504K)->5285K(5504K)
[2023-01-28T23:28:52.150+0100][gc          ] GC(46) Pause Young (Normal) (G1 Evacuation Pause) 534M->151M(1024M) 11.227ms
[2023-01-28T23:28:52.150+0100][gc,cpu      ] GC(46) User=0.01s Sys=0.03s Real=0.02s
[2023-01-28T23:28:56.138+0100][gc,start    ] GC(47) Pause Young (Normal) (G1 Evacuation Pause)
[2023-01-28T23:28:56.138+0100][gc,task     ] GC(47) Using 8 workers of 8 for evacuation
[2023-01-28T23:28:56.153+0100][gc,phases   ] GC(47)   Pre Evacuate Collection Set: 1.0ms
[2023-01-28T23:28:56.153+0100][gc,phases   ] GC(47)   Merge Heap Roots: 0.6ms
[2023-01-28T23:28:56.153+0100][gc,phases   ] GC(47)   Evacuate Collection Set: 12.0ms
[2023-01-28T23:28:56.153+0100][gc,phases   ] GC(47)   Post Evacuate Collection Set: 1.0ms
[2023-01-28T23:28:56.153+0100][gc,phases   ] GC(47)   Other: 0.5ms
[2023-01-28T23:28:56.153+0100][gc,heap     ] GC(47) Eden regions: 610->0(610)
[2023-01-28T23:28:56.153+0100][gc,heap     ] GC(47) Survivor regions: 4->4(77)
[2023-01-28T23:28:56.153+0100][gc,heap     ] GC(47) Old regions: 20->20
[2023-01-28T23:28:56.153+0100][gc,heap     ] GC(47) Archive regions: 0->0
[2023-01-28T23:28:56.153+0100][gc,heap     ] GC(47) Humongous regions: 129->129
[2023-01-28T23:28:56.153+0100][gc,metaspace] GC(47) Metaspace: 48263K(48768K)->48263K(48768K) NonClass: 42978K(43264K)->42978K(43264K) Class: 5285K(5504K)->5285K(5504K)
[2023-01-28T23:28:56.153+0100][gc          ] GC(47) Pause Young (Normal) (G1 Evacuation Pause) 761M->152M(1024M) 15.034ms
[2023-01-28T23:28:56.153+0100][gc,cpu      ] GC(47) User=0.01s Sys=0.03s Real=0.02s
[2023-01-28T23:29:00.528+0100][gc,start    ] GC(48) Pause Young (Normal) (G1 Evacuation Pause)
[2023-01-28T23:29:00.529+0100][gc,task     ] GC(48) Using 8 workers of 8 for evacuation
[2023-01-28T23:29:00.543+0100][gc,phases   ] GC(48)   Pre Evacuate Collection Set: 0.3ms
[2023-01-28T23:29:00.543+0100][gc,phases   ] GC(48)   Merge Heap Roots: 0.3ms
[2023-01-28T23:29:00.543+0100][gc,phases   ] GC(48)   Evacuate Collection Set: 12.5ms
[2023-01-28T23:29:00.543+0100][gc,phases   ] GC(48)   Post Evacuate Collection Set: 1.0ms
[2023-01-28T23:29:00.543+0100][gc,phases   ] GC(48)   Other: 0.4ms
[2023-01-28T23:29:00.543+0100][gc,heap     ] GC(48) Eden regions: 610->0(610)
[2023-01-28T23:29:00.543+0100][gc,heap     ] GC(48) Survivor regions: 4->4(77)
[2023-01-28T23:29:00.543+0100][gc,heap     ] GC(48) Old regions: 20->20
[2023-01-28T23:29:00.543+0100][gc,heap     ] GC(48) Archive regions: 0->0
[2023-01-28T23:29:00.543+0100][gc,heap     ] GC(48) Humongous regions: 129->129
[2023-01-28T23:29:00.543+0100][gc,metaspace] GC(48) Metaspace: 48264K(48768K)->48264K(48768K) NonClass: 42978K(43264K)->42978K(43264K) Class: 5285K(5504K)->5285K(5504K)
[2023-01-28T23:29:00.543+0100][gc          ] GC(48) Pause Young (Normal) (G1 Evacuation Pause) 762M->152M(1024M) 14.485ms
[2023-01-28T23:29:00.543+0100][gc,cpu      ] GC(48) User=0.02s Sys=0.04s Real=0.02s
[2023-01-28T23:29:04.468+0100][gc,start    ] GC(49) Pause Young (Normal) (G1 Evacuation Pause)
[2023-01-28T23:29:04.469+0100][gc,task     ] GC(49) Using 8 workers of 8 for evacuation
[2023-01-28T23:29:04.476+0100][gc,phases   ] GC(49)   Pre Evacuate Collection Set: 0.2ms
[2023-01-28T23:29:04.476+0100][gc,phases   ] GC(49)   Merge Heap Roots: 0.2ms
[2023-01-28T23:29:04.476+0100][gc,phases   ] GC(49)   Evacuate Collection Set: 5.8ms
[2023-01-28T23:29:04.476+0100][gc,phases   ] GC(49)   Post Evacuate Collection Set: 0.9ms
[2023-01-28T23:29:04.476+0100][gc,phases   ] GC(49)   Other: 0.2ms
[2023-01-28T23:29:04.476+0100][gc,heap     ] GC(49) Eden regions: 610->0(610)
[2023-01-28T23:29:04.476+0100][gc,heap     ] GC(49) Survivor regions: 4->4(77)
[2023-01-28T23:29:04.476+0100][gc,heap     ] GC(49) Old regions: 20->20
[2023-01-28T23:29:04.476+0100][gc,heap     ] GC(49) Archive regions: 0->0
[2023-01-28T23:29:04.476+0100][gc,heap     ] GC(49) Humongous regions: 129->129
[2023-01-28T23:29:04.476+0100][gc,metaspace] GC(49) Metaspace: 48264K(48768K)->48264K(48768K) NonClass: 42978K(43264K)->42978K(43264K) Class: 5285K(5504K)->5285K(5504K)
[2023-01-28T23:29:04.476+0100][gc          ] GC(49) Pause Young (Normal) (G1 Evacuation Pause) 762M->152M(1024M) 7.351ms
[2023-01-28T23:29:04.476+0100][gc,cpu      ] GC(49) User=0.02s Sys=0.02s Real=0.01s
[2023-01-28T23:29:08.399+0100][gc,start    ] GC(50) Pause Young (Normal) (G1 Evacuation Pause)
[2023-01-28T23:29:08.399+0100][gc,task     ] GC(50) Using 8 workers of 8 for evacuation
[2023-01-28T23:29:08.407+0100][gc,phases   ] GC(50)   Pre Evacuate Collection Set: 0.4ms
[2023-01-28T23:29:08.407+0100][gc,phases   ] GC(50)   Merge Heap Roots: 0.2ms
[2023-01-28T23:29:08.407+0100][gc,phases   ] GC(50)   Evacuate Collection Set: 5.7ms
[2023-01-28T23:29:08.407+0100][gc,phases   ] GC(50)   Post Evacuate Collection Set: 0.9ms
[2023-01-28T23:29:08.407+0100][gc,phases   ] GC(50)   Other: 0.4ms
[2023-01-28T23:29:08.407+0100][gc,heap     ] GC(50) Eden regions: 610->0(610)
[2023-01-28T23:29:08.407+0100][gc,heap     ] GC(50) Survivor regions: 4->4(77)
[2023-01-28T23:29:08.407+0100][gc,heap     ] GC(50) Old regions: 20->21
[2023-01-28T23:29:08.407+0100][gc,heap     ] GC(50) Archive regions: 0->0
[2023-01-28T23:29:08.407+0100][gc,heap     ] GC(50) Humongous regions: 129->129
[2023-01-28T23:29:08.407+0100][gc,metaspace] GC(50) Metaspace: 48264K(48768K)->48264K(48768K) NonClass: 42978K(43264K)->42978K(43264K) Class: 5285K(5504K)->5285K(5504K)
[2023-01-28T23:29:08.407+0100][gc          ] GC(50) Pause Young (Normal) (G1 Evacuation Pause) 762M->152M(1024M) 7.662ms
[2023-01-28T23:29:08.407+0100][gc,cpu      ] GC(50) User=0.01s Sys=0.02s Real=0.01s
[2023-01-28T23:29:12.336+0100][gc,start    ] GC(51) Pause Young (Normal) (G1 Evacuation Pause)
[2023-01-28T23:29:12.336+0100][gc,task     ] GC(51) Using 8 workers of 8 for evacuation
[2023-01-28T23:29:12.357+0100][gc,mmu      ] GC(51) MMU target violated: 20.1ms (20.0ms/21.0ms)
[2023-01-28T23:29:12.357+0100][gc,phases   ] GC(51)   Pre Evacuate Collection Set: 0.2ms
[2023-01-28T23:29:12.357+0100][gc,phases   ] GC(51)   Merge Heap Roots: 0.3ms
[2023-01-28T23:29:12.357+0100][gc,phases   ] GC(51)   Evacuate Collection Set: 18.0ms
[2023-01-28T23:29:12.357+0100][gc,phases   ] GC(51)   Post Evacuate Collection Set: 1.7ms
[2023-01-28T23:29:12.357+0100][gc,phases   ] GC(51)   Other: 0.4ms
[2023-01-28T23:29:12.357+0100][gc,heap     ] GC(51) Eden regions: 610->0(610)
[2023-01-28T23:29:12.357+0100][gc,heap     ] GC(51) Survivor regions: 4->4(77)
[2023-01-28T23:29:12.357+0100][gc,heap     ] GC(51) Old regions: 21->21
[2023-01-28T23:29:12.357+0100][gc,heap     ] GC(51) Archive regions: 0->0
[2023-01-28T23:29:12.357+0100][gc,heap     ] GC(51) Humongous regions: 129->129
[2023-01-28T23:29:12.357+0100][gc,metaspace] GC(51) Metaspace: 48264K(48768K)->48264K(48768K) NonClass: 42978K(43264K)->42978K(43264K) Class: 5285K(5504K)->5285K(5504K)
[2023-01-28T23:29:12.357+0100][gc          ] GC(51) Pause Young (Normal) (G1 Evacuation Pause) 762M->153M(1024M) 20.549ms
[2023-01-28T23:29:12.357+0100][gc,cpu      ] GC(51) User=0.02s Sys=0.04s Real=0.02s
[2023-01-28T23:29:15.609+0100][gc,start    ] GC(52) Pause Young (Normal) (G1 Evacuation Pause)
[2023-01-28T23:29:15.610+0100][gc,task     ] GC(52) Using 8 workers of 8 for evacuation
[2023-01-28T23:29:15.621+0100][gc,phases   ] GC(52)   Pre Evacuate Collection Set: 0.2ms
[2023-01-28T23:29:15.621+0100][gc,phases   ] GC(52)   Merge Heap Roots: 0.3ms
[2023-01-28T23:29:15.621+0100][gc,phases   ] GC(52)   Evacuate Collection Set: 5.3ms
[2023-01-28T23:29:15.621+0100][gc,phases   ] GC(52)   Post Evacuate Collection Set: 3.7ms
[2023-01-28T23:29:15.621+0100][gc,phases   ] GC(52)   Other: 2.0ms
[2023-01-28T23:29:15.621+0100][gc,heap     ] GC(52) Eden regions: 610->0(610)
[2023-01-28T23:29:15.621+0100][gc,heap     ] GC(52) Survivor regions: 4->4(77)
[2023-01-28T23:29:15.621+0100][gc,heap     ] GC(52) Old regions: 21->21
[2023-01-28T23:29:15.621+0100][gc,heap     ] GC(52) Archive regions: 0->0
[2023-01-28T23:29:15.621+0100][gc,heap     ] GC(52) Humongous regions: 129->129
[2023-01-28T23:29:15.621+0100][gc,metaspace] GC(52) Metaspace: 48264K(48768K)->48264K(48768K) NonClass: 42979K(43264K)->42979K(43264K) Class: 5285K(5504K)->5285K(5504K)
[2023-01-28T23:29:15.621+0100][gc          ] GC(52) Pause Young (Normal) (G1 Evacuation Pause) 763M->153M(1024M) 12.094ms
[2023-01-28T23:29:15.621+0100][gc,cpu      ] GC(52) User=0.01s Sys=0.02s Real=0.02s
[2023-01-28T23:29:19.562+0100][gc,start    ] GC(53) Pause Young (Normal) (G1 Evacuation Pause)
[2023-01-28T23:29:19.562+0100][gc,task     ] GC(53) Using 8 workers of 8 for evacuation
[2023-01-28T23:29:19.577+0100][gc,phases   ] GC(53)   Pre Evacuate Collection Set: 0.6ms
[2023-01-28T23:29:19.577+0100][gc,phases   ] GC(53)   Merge Heap Roots: 0.3ms
[2023-01-28T23:29:19.577+0100][gc,phases   ] GC(53)   Evacuate Collection Set: 13.1ms
[2023-01-28T23:29:19.577+0100][gc,phases   ] GC(53)   Post Evacuate Collection Set: 0.8ms
[2023-01-28T23:29:19.577+0100][gc,phases   ] GC(53)   Other: 0.3ms
[2023-01-28T23:29:19.577+0100][gc,heap     ] GC(53) Eden regions: 610->0(610)
[2023-01-28T23:29:19.577+0100][gc,heap     ] GC(53) Survivor regions: 4->4(77)
[2023-01-28T23:29:19.577+0100][gc,heap     ] GC(53) Old regions: 21->22
[2023-01-28T23:29:19.577+0100][gc,heap     ] GC(53) Archive regions: 0->0
[2023-01-28T23:29:19.577+0100][gc,heap     ] GC(53) Humongous regions: 129->129
[2023-01-28T23:29:19.577+0100][gc,metaspace] GC(53) Metaspace: 48268K(48768K)->48268K(48768K) NonClass: 42983K(43264K)->42983K(43264K) Class: 5285K(5504K)->5285K(5504K)
[2023-01-28T23:29:19.577+0100][gc          ] GC(53) Pause Young (Normal) (G1 Evacuation Pause) 763M->153M(1024M) 15.198ms
[2023-01-28T23:29:19.577+0100][gc,cpu      ] GC(53) User=0.02s Sys=0.02s Real=0.01s
[2023-01-28T23:29:23.659+0100][gc,start    ] GC(54) Pause Young (Normal) (G1 Evacuation Pause)
[2023-01-28T23:29:23.659+0100][gc,task     ] GC(54) Using 8 workers of 8 for evacuation
[2023-01-28T23:29:23.666+0100][gc,phases   ] GC(54)   Pre Evacuate Collection Set: 0.3ms
[2023-01-28T23:29:23.666+0100][gc,phases   ] GC(54)   Merge Heap Roots: 0.2ms
[2023-01-28T23:29:23.666+0100][gc,phases   ] GC(54)   Evacuate Collection Set: 5.3ms
[2023-01-28T23:29:23.666+0100][gc,phases   ] GC(54)   Post Evacuate Collection Set: 0.8ms
[2023-01-28T23:29:23.666+0100][gc,phases   ] GC(54)   Other: 0.4ms
[2023-01-28T23:29:23.666+0100][gc,heap     ] GC(54) Eden regions: 610->0(610)
[2023-01-28T23:29:23.666+0100][gc,heap     ] GC(54) Survivor regions: 4->4(77)
[2023-01-28T23:29:23.666+0100][gc,heap     ] GC(54) Old regions: 22->22
[2023-01-28T23:29:23.666+0100][gc,heap     ] GC(54) Archive regions: 0->0
[2023-01-28T23:29:23.666+0100][gc,heap     ] GC(54) Humongous regions: 129->129
[2023-01-28T23:29:23.666+0100][gc,metaspace] GC(54) Metaspace: 48268K(48768K)->48268K(48768K) NonClass: 42983K(43264K)->42983K(43264K) Class: 5285K(5504K)->5285K(5504K)
[2023-01-28T23:29:23.666+0100][gc          ] GC(54) Pause Young (Normal) (G1 Evacuation Pause) 763M->154M(1024M) 7.044ms
[2023-01-28T23:29:23.666+0100][gc,cpu      ] GC(54) User=0.02s Sys=0.02s Real=0.01s
[2023-01-28T23:29:27.628+0100][gc,start    ] GC(55) Pause Young (Normal) (G1 Evacuation Pause)
[2023-01-28T23:29:27.628+0100][gc,task     ] GC(55) Using 8 workers of 8 for evacuation
[2023-01-28T23:29:27.636+0100][gc,phases   ] GC(55)   Pre Evacuate Collection Set: 0.2ms
[2023-01-28T23:29:27.636+0100][gc,phases   ] GC(55)   Merge Heap Roots: 0.2ms
[2023-01-28T23:29:27.636+0100][gc,phases   ] GC(55)   Evacuate Collection Set: 6.1ms
[2023-01-28T23:29:27.636+0100][gc,phases   ] GC(55)   Post Evacuate Collection Set: 1.0ms
[2023-01-28T23:29:27.636+0100][gc,phases   ] GC(55)   Other: 0.3ms
[2023-01-28T23:29:27.636+0100][gc,heap     ] GC(55) Eden regions: 610->0(610)
[2023-01-28T23:29:27.636+0100][gc,heap     ] GC(55) Survivor regions: 4->4(77)
[2023-01-28T23:29:27.636+0100][gc,heap     ] GC(55) Old regions: 22->22
[2023-01-28T23:29:27.636+0100][gc,heap     ] GC(55) Archive regions: 0->0
[2023-01-28T23:29:27.636+0100][gc,heap     ] GC(55) Humongous regions: 129->129
[2023-01-28T23:29:27.636+0100][gc,metaspace] GC(55) Metaspace: 48268K(48768K)->48268K(48768K) NonClass: 42983K(43264K)->42983K(43264K) Class: 5285K(5504K)->5285K(5504K)
[2023-01-28T23:29:27.636+0100][gc          ] GC(55) Pause Young (Normal) (G1 Evacuation Pause) 764M->154M(1024M) 7.888ms
[2023-01-28T23:29:27.636+0100][gc,cpu      ] GC(55) User=0.02s Sys=0.02s Real=0.01s
[2023-01-28T23:29:31.757+0100][gc,start    ] GC(56) Pause Young (Normal) (G1 Evacuation Pause)
[2023-01-28T23:29:31.758+0100][gc,task     ] GC(56) Using 8 workers of 8 for evacuation
[2023-01-28T23:29:31.778+0100][gc,phases   ] GC(56)   Pre Evacuate Collection Set: 0.2ms
[2023-01-28T23:29:31.778+0100][gc,phases   ] GC(56)   Merge Heap Roots: 0.3ms
[2023-01-28T23:29:31.778+0100][gc,phases   ] GC(56)   Evacuate Collection Set: 17.4ms
[2023-01-28T23:29:31.778+0100][gc,phases   ] GC(56)   Post Evacuate Collection Set: 1.8ms
[2023-01-28T23:29:31.778+0100][gc,phases   ] GC(56)   Other: 0.9ms
[2023-01-28T23:29:31.778+0100][gc,heap     ] GC(56) Eden regions: 610->0(610)
[2023-01-28T23:29:31.778+0100][gc,heap     ] GC(56) Survivor regions: 4->4(77)
[2023-01-28T23:29:31.778+0100][gc,heap     ] GC(56) Old regions: 22->22
[2023-01-28T23:29:31.778+0100][gc,heap     ] GC(56) Archive regions: 0->0
[2023-01-28T23:29:31.778+0100][gc,heap     ] GC(56) Humongous regions: 129->129
[2023-01-28T23:29:31.778+0100][gc,metaspace] GC(56) Metaspace: 48268K(48768K)->48268K(48768K) NonClass: 42983K(43264K)->42983K(43264K) Class: 5285K(5504K)->5285K(5504K)
[2023-01-28T23:29:31.778+0100][gc          ] GC(56) Pause Young (Normal) (G1 Evacuation Pause) 764M->154M(1024M) 20.945ms
[2023-01-28T23:29:31.778+0100][gc,cpu      ] GC(56) User=0.01s Sys=0.03s Real=0.02s
[2023-01-28T23:29:35.733+0100][gc,start    ] GC(57) Pause Young (Normal) (G1 Evacuation Pause)
[2023-01-28T23:29:35.733+0100][gc,task     ] GC(57) Using 8 workers of 8 for evacuation
[2023-01-28T23:29:35.749+0100][gc,phases   ] GC(57)   Pre Evacuate Collection Set: 0.2ms
[2023-01-28T23:29:35.750+0100][gc,phases   ] GC(57)   Merge Heap Roots: 0.2ms
[2023-01-28T23:29:35.750+0100][gc,phases   ] GC(57)   Evacuate Collection Set: 14.3ms
[2023-01-28T23:29:35.750+0100][gc,phases   ] GC(57)   Post Evacuate Collection Set: 1.2ms
[2023-01-28T23:29:35.750+0100][gc,phases   ] GC(57)   Other: 0.2ms
[2023-01-28T23:29:35.750+0100][gc,heap     ] GC(57) Eden regions: 610->0(610)
[2023-01-28T23:29:35.750+0100][gc,heap     ] GC(57) Survivor regions: 4->4(77)
[2023-01-28T23:29:35.750+0100][gc,heap     ] GC(57) Old regions: 22->23
[2023-01-28T23:29:35.750+0100][gc,heap     ] GC(57) Archive regions: 0->0
[2023-01-28T23:29:35.750+0100][gc,heap     ] GC(57) Humongous regions: 129->129
[2023-01-28T23:29:35.750+0100][gc,metaspace] GC(57) Metaspace: 48271K(48768K)->48271K(48768K) NonClass: 42986K(43264K)->42986K(43264K) Class: 5285K(5504K)->5285K(5504K)
[2023-01-28T23:29:35.750+0100][gc          ] GC(57) Pause Young (Normal) (G1 Evacuation Pause) 764M->154M(1024M) 16.241ms
[2023-01-28T23:29:35.750+0100][gc,cpu      ] GC(57) User=0.02s Sys=0.03s Real=0.02s
[2023-01-28T23:29:39.924+0100][gc,start    ] GC(58) Pause Young (Normal) (G1 Evacuation Pause)
[2023-01-28T23:29:39.924+0100][gc,task     ] GC(58) Using 8 workers of 8 for evacuation
[2023-01-28T23:29:39.933+0100][gc,phases   ] GC(58)   Pre Evacuate Collection Set: 0.2ms
[2023-01-28T23:29:39.933+0100][gc,phases   ] GC(58)   Merge Heap Roots: 0.3ms
[2023-01-28T23:29:39.933+0100][gc,phases   ] GC(58)   Evacuate Collection Set: 6.9ms
[2023-01-28T23:29:39.933+0100][gc,phases   ] GC(58)   Post Evacuate Collection Set: 1.0ms
[2023-01-28T23:29:39.933+0100][gc,phases   ] GC(58)   Other: 1.0ms
[2023-01-28T23:29:39.933+0100][gc,heap     ] GC(58) Eden regions: 610->0(610)
[2023-01-28T23:29:39.933+0100][gc,heap     ] GC(58) Survivor regions: 4->4(77)
[2023-01-28T23:29:39.933+0100][gc,heap     ] GC(58) Old regions: 23->23
[2023-01-28T23:29:39.933+0100][gc,heap     ] GC(58) Archive regions: 0->0
[2023-01-28T23:29:39.933+0100][gc,heap     ] GC(58) Humongous regions: 129->129
[2023-01-28T23:29:39.933+0100][gc,metaspace] GC(58) Metaspace: 48271K(48768K)->48271K(48768K) NonClass: 42986K(43264K)->42986K(43264K) Class: 5285K(5504K)->5285K(5504K)
[2023-01-28T23:29:39.933+0100][gc          ] GC(58) Pause Young (Normal) (G1 Evacuation Pause) 764M->154M(1024M) 9.343ms
[2023-01-28T23:29:39.933+0100][gc,cpu      ] GC(58) User=0.01s Sys=0.03s Real=0.01s
[2023-01-28T23:29:44.022+0100][gc,start    ] GC(59) Pause Young (Normal) (G1 Evacuation Pause)
[2023-01-28T23:29:44.022+0100][gc,task     ] GC(59) Using 8 workers of 8 for evacuation
[2023-01-28T23:29:44.032+0100][gc,phases   ] GC(59)   Pre Evacuate Collection Set: 0.2ms
[2023-01-28T23:29:44.032+0100][gc,phases   ] GC(59)   Merge Heap Roots: 0.2ms
[2023-01-28T23:29:44.032+0100][gc,phases   ] GC(59)   Evacuate Collection Set: 7.2ms
[2023-01-28T23:29:44.032+0100][gc,phases   ] GC(59)   Post Evacuate Collection Set: 2.9ms
[2023-01-28T23:29:44.032+0100][gc,phases   ] GC(59)   Other: 0.2ms
[2023-01-28T23:29:44.032+0100][gc,heap     ] GC(59) Eden regions: 610->0(610)
[2023-01-28T23:29:44.032+0100][gc,heap     ] GC(59) Survivor regions: 4->4(77)
[2023-01-28T23:29:44.032+0100][gc,heap     ] GC(59) Old regions: 23->23
[2023-01-28T23:29:44.032+0100][gc,heap     ] GC(59) Archive regions: 0->0
[2023-01-28T23:29:44.032+0100][gc,heap     ] GC(59) Humongous regions: 129->129
[2023-01-28T23:29:44.032+0100][gc,metaspace] GC(59) Metaspace: 48404K(48896K)->48404K(48896K) NonClass: 43093K(43328K)->43093K(43328K) Class: 5311K(5568K)->5311K(5568K)
[2023-01-28T23:29:44.032+0100][gc          ] GC(59) Pause Young (Normal) (G1 Evacuation Pause) 764M->155M(1024M) 10.715ms
[2023-01-28T23:29:44.032+0100][gc,cpu      ] GC(59) User=0.01s Sys=0.02s Real=0.01s
[2023-01-28T23:29:48.188+0100][gc,start    ] GC(60) Pause Young (Normal) (G1 Evacuation Pause)
[2023-01-28T23:29:48.188+0100][gc,task     ] GC(60) Using 8 workers of 8 for evacuation
[2023-01-28T23:29:48.202+0100][gc,phases   ] GC(60)   Pre Evacuate Collection Set: 0.3ms
[2023-01-28T23:29:48.202+0100][gc,phases   ] GC(60)   Merge Heap Roots: 0.3ms
[2023-01-28T23:29:48.202+0100][gc,phases   ] GC(60)   Evacuate Collection Set: 11.2ms
[2023-01-28T23:29:48.202+0100][gc,phases   ] GC(60)   Post Evacuate Collection Set: 1.5ms
[2023-01-28T23:29:48.202+0100][gc,phases   ] GC(60)   Other: 0.4ms
[2023-01-28T23:29:48.202+0100][gc,heap     ] GC(60) Eden regions: 610->0(609)
[2023-01-28T23:29:48.202+0100][gc,heap     ] GC(60) Survivor regions: 4->5(77)
[2023-01-28T23:29:48.202+0100][gc,heap     ] GC(60) Old regions: 23->23
[2023-01-28T23:29:48.202+0100][gc,heap     ] GC(60) Archive regions: 0->0
[2023-01-28T23:29:48.202+0100][gc,heap     ] GC(60) Humongous regions: 129->129
[2023-01-28T23:29:48.202+0100][gc,metaspace] GC(60) Metaspace: 48404K(48896K)->48404K(48896K) NonClass: 43093K(43328K)->43093K(43328K) Class: 5311K(5568K)->5311K(5568K)
[2023-01-28T23:29:48.202+0100][gc          ] GC(60) Pause Young (Normal) (G1 Evacuation Pause) 765M->155M(1024M) 13.823ms
[2023-01-28T23:29:48.202+0100][gc,cpu      ] GC(60) User=0.02s Sys=0.03s Real=0.02s
[2023-01-28T23:29:53.576+0100][gc,start    ] GC(61) Pause Young (Normal) (G1 Evacuation Pause)
[2023-01-28T23:29:53.577+0100][gc,task     ] GC(61) Using 8 workers of 8 for evacuation
[2023-01-28T23:29:53.587+0100][gc,phases   ] GC(61)   Pre Evacuate Collection Set: 0.4ms
[2023-01-28T23:29:53.587+0100][gc,phases   ] GC(61)   Merge Heap Roots: 0.2ms
[2023-01-28T23:29:53.587+0100][gc,phases   ] GC(61)   Evacuate Collection Set: 8.7ms
[2023-01-28T23:29:53.587+0100][gc,phases   ] GC(61)   Post Evacuate Collection Set: 0.8ms
[2023-01-28T23:29:53.587+0100][gc,phases   ] GC(61)   Other: 0.8ms
[2023-01-28T23:29:53.587+0100][gc,heap     ] GC(61) Eden regions: 609->0(609)
[2023-01-28T23:29:53.587+0100][gc,heap     ] GC(61) Survivor regions: 5->5(77)
[2023-01-28T23:29:53.587+0100][gc,heap     ] GC(61) Old regions: 23->23
[2023-01-28T23:29:53.587+0100][gc,heap     ] GC(61) Archive regions: 0->0
[2023-01-28T23:29:53.587+0100][gc,heap     ] GC(61) Humongous regions: 129->129
[2023-01-28T23:29:53.587+0100][gc,metaspace] GC(61) Metaspace: 48404K(48896K)->48404K(48896K) NonClass: 43093K(43328K)->43093K(43328K) Class: 5311K(5568K)->5311K(5568K)
[2023-01-28T23:29:53.587+0100][gc          ] GC(61) Pause Young (Normal) (G1 Evacuation Pause) 764M->155M(1024M) 10.863ms
[2023-01-28T23:29:53.587+0100][gc,cpu      ] GC(61) User=0.02s Sys=0.02s Real=0.01s
[2023-01-28T23:29:58.007+0100][gc,start    ] GC(62) Pause Young (Normal) (G1 Evacuation Pause)
[2023-01-28T23:29:58.007+0100][gc,task     ] GC(62) Using 8 workers of 8 for evacuation
[2023-01-28T23:29:58.034+0100][gc,mmu      ] GC(62) MMU target violated: 21.0ms (20.0ms/21.0ms)
[2023-01-28T23:29:58.034+0100][gc,phases   ] GC(62)   Pre Evacuate Collection Set: 0.2ms
[2023-01-28T23:29:58.034+0100][gc,phases   ] GC(62)   Merge Heap Roots: 0.3ms
[2023-01-28T23:29:58.034+0100][gc,phases   ] GC(62)   Evacuate Collection Set: 23.6ms
[2023-01-28T23:29:58.034+0100][gc,phases   ] GC(62)   Post Evacuate Collection Set: 2.8ms
[2023-01-28T23:29:58.034+0100][gc,phases   ] GC(62)   Other: 0.4ms
[2023-01-28T23:29:58.034+0100][gc,heap     ] GC(62) Eden regions: 609->0(610)
[2023-01-28T23:29:58.034+0100][gc,heap     ] GC(62) Survivor regions: 5->4(77)
[2023-01-28T23:29:58.034+0100][gc,heap     ] GC(62) Old regions: 23->24
[2023-01-28T23:29:58.034+0100][gc,heap     ] GC(62) Archive regions: 0->0
[2023-01-28T23:29:58.034+0100][gc,heap     ] GC(62) Humongous regions: 129->129
[2023-01-28T23:29:58.034+0100][gc,metaspace] GC(62) Metaspace: 48404K(48896K)->48404K(48896K) NonClass: 43093K(43328K)->43093K(43328K) Class: 5311K(5568K)->5311K(5568K)
[2023-01-28T23:29:58.034+0100][gc          ] GC(62) Pause Young (Normal) (G1 Evacuation Pause) 764M->156M(1024M) 27.412ms
[2023-01-28T23:29:58.034+0100][gc,cpu      ] GC(62) User=0.01s Sys=0.03s Real=0.03s
[2023-01-28T23:30:02.674+0100][gc,start    ] GC(63) Pause Young (Normal) (G1 Evacuation Pause)
[2023-01-28T23:30:02.674+0100][gc,task     ] GC(63) Using 8 workers of 8 for evacuation
[2023-01-28T23:30:02.688+0100][gc,phases   ] GC(63)   Pre Evacuate Collection Set: 0.2ms
[2023-01-28T23:30:02.688+0100][gc,phases   ] GC(63)   Merge Heap Roots: 0.3ms
[2023-01-28T23:30:02.688+0100][gc,phases   ] GC(63)   Evacuate Collection Set: 10.5ms
[2023-01-28T23:30:02.688+0100][gc,phases   ] GC(63)   Post Evacuate Collection Set: 2.1ms
[2023-01-28T23:30:02.688+0100][gc,phases   ] GC(63)   Other: 0.4ms
[2023-01-28T23:30:02.688+0100][gc,heap     ] GC(63) Eden regions: 610->0(610)
[2023-01-28T23:30:02.688+0100][gc,heap     ] GC(63) Survivor regions: 4->4(77)
[2023-01-28T23:30:02.688+0100][gc,heap     ] GC(63) Old regions: 24->24
[2023-01-28T23:30:02.688+0100][gc,heap     ] GC(63) Archive regions: 0->0
[2023-01-28T23:30:02.688+0100][gc,heap     ] GC(63) Humongous regions: 129->129
[2023-01-28T23:30:02.688+0100][gc,metaspace] GC(63) Metaspace: 48406K(48896K)->48406K(48896K) NonClass: 43094K(43328K)->43094K(43328K) Class: 5311K(5568K)->5311K(5568K)
[2023-01-28T23:30:02.688+0100][gc          ] GC(63) Pause Young (Normal) (G1 Evacuation Pause) 766M->156M(1024M) 13.856ms
[2023-01-28T23:30:02.688+0100][gc,cpu      ] GC(63) User=0.01s Sys=0.02s Real=0.01s
[2023-01-28T23:30:07.203+0100][gc,start    ] GC(64) Pause Young (Normal) (G1 Evacuation Pause)
[2023-01-28T23:30:07.203+0100][gc,task     ] GC(64) Using 8 workers of 8 for evacuation
[2023-01-28T23:30:07.232+0100][gc,mmu      ] GC(64) MMU target violated: 21.0ms (20.0ms/21.0ms)
[2023-01-28T23:30:07.232+0100][gc,phases   ] GC(64)   Pre Evacuate Collection Set: 0.9ms
[2023-01-28T23:30:07.232+0100][gc,phases   ] GC(64)   Merge Heap Roots: 0.8ms
[2023-01-28T23:30:07.232+0100][gc,phases   ] GC(64)   Evacuate Collection Set: 21.8ms
[2023-01-28T23:30:07.232+0100][gc,phases   ] GC(64)   Post Evacuate Collection Set: 4.8ms
[2023-01-28T23:30:07.232+0100][gc,phases   ] GC(64)   Other: 1.0ms
[2023-01-28T23:30:07.232+0100][gc,heap     ] GC(64) Eden regions: 610->0(610)
[2023-01-28T23:30:07.232+0100][gc,heap     ] GC(64) Survivor regions: 4->4(77)
[2023-01-28T23:30:07.232+0100][gc,heap     ] GC(64) Old regions: 24->24
[2023-01-28T23:30:07.232+0100][gc,heap     ] GC(64) Archive regions: 0->0
[2023-01-28T23:30:07.232+0100][gc,heap     ] GC(64) Humongous regions: 129->129
[2023-01-28T23:30:07.232+0100][gc,metaspace] GC(64) Metaspace: 48406K(48896K)->48406K(48896K) NonClass: 43094K(43328K)->43094K(43328K) Class: 5311K(5568K)->5311K(5568K)
[2023-01-28T23:30:07.232+0100][gc          ] GC(64) Pause Young (Normal) (G1 Evacuation Pause) 766M->156M(1024M) 29.491ms
[2023-01-28T23:30:07.232+0100][gc,cpu      ] GC(64) User=0.01s Sys=0.02s Real=0.03s
[2023-01-28T23:30:12.474+0100][gc,start    ] GC(65) Pause Young (Normal) (G1 Evacuation Pause)
[2023-01-28T23:30:12.474+0100][gc,task     ] GC(65) Using 8 workers of 8 for evacuation
[2023-01-28T23:30:12.484+0100][gc,phases   ] GC(65)   Pre Evacuate Collection Set: 0.2ms
[2023-01-28T23:30:12.484+0100][gc,phases   ] GC(65)   Merge Heap Roots: 0.2ms
[2023-01-28T23:30:12.484+0100][gc,phases   ] GC(65)   Evacuate Collection Set: 7.7ms
[2023-01-28T23:30:12.484+0100][gc,phases   ] GC(65)   Post Evacuate Collection Set: 1.1ms
[2023-01-28T23:30:12.484+0100][gc,phases   ] GC(65)   Other: 0.5ms
[2023-01-28T23:30:12.484+0100][gc,heap     ] GC(65) Eden regions: 610->0(610)
[2023-01-28T23:30:12.484+0100][gc,heap     ] GC(65) Survivor regions: 4->4(77)
[2023-01-28T23:30:12.484+0100][gc,heap     ] GC(65) Old regions: 24->24
[2023-01-28T23:30:12.484+0100][gc,heap     ] GC(65) Archive regions: 0->0
[2023-01-28T23:30:12.484+0100][gc,heap     ] GC(65) Humongous regions: 129->129
[2023-01-28T23:30:12.484+0100][gc,metaspace] GC(65) Metaspace: 48406K(48896K)->48406K(48896K) NonClass: 43094K(43328K)->43094K(43328K) Class: 5311K(5568K)->5311K(5568K)
[2023-01-28T23:30:12.484+0100][gc          ] GC(65) Pause Young (Normal) (G1 Evacuation Pause) 766M->156M(1024M) 9.815ms
[2023-01-28T23:30:12.484+0100][gc,cpu      ] GC(65) User=0.01s Sys=0.02s Real=0.01s
[2023-01-28T23:30:16.859+0100][gc,start    ] GC(66) Pause Young (Normal) (G1 Evacuation Pause)
[2023-01-28T23:30:16.859+0100][gc,task     ] GC(66) Using 8 workers of 8 for evacuation
[2023-01-28T23:30:16.871+0100][gc,phases   ] GC(66)   Pre Evacuate Collection Set: 0.2ms
[2023-01-28T23:30:16.872+0100][gc,phases   ] GC(66)   Merge Heap Roots: 0.2ms
[2023-01-28T23:30:16.872+0100][gc,phases   ] GC(66)   Evacuate Collection Set: 8.9ms
[2023-01-28T23:30:16.872+0100][gc,phases   ] GC(66)   Post Evacuate Collection Set: 3.1ms
[2023-01-28T23:30:16.872+0100][gc,phases   ] GC(66)   Other: 0.2ms
[2023-01-28T23:30:16.872+0100][gc,heap     ] GC(66) Eden regions: 610->0(610)
[2023-01-28T23:30:16.872+0100][gc,heap     ] GC(66) Survivor regions: 4->4(77)
[2023-01-28T23:30:16.872+0100][gc,heap     ] GC(66) Old regions: 24->25
[2023-01-28T23:30:16.872+0100][gc,heap     ] GC(66) Archive regions: 0->0
[2023-01-28T23:30:16.872+0100][gc,heap     ] GC(66) Humongous regions: 129->129
[2023-01-28T23:30:16.872+0100][gc,metaspace] GC(66) Metaspace: 48407K(48896K)->48407K(48896K) NonClass: 43095K(43328K)->43095K(43328K) Class: 5311K(5568K)->5311K(5568K)
[2023-01-28T23:30:16.872+0100][gc          ] GC(66) Pause Young (Normal) (G1 Evacuation Pause) 766M->156M(1024M) 12.742ms
[2023-01-28T23:30:16.872+0100][gc,cpu      ] GC(66) User=0.01s Sys=0.02s Real=0.02s
[2023-01-28T23:30:21.409+0100][gc,start    ] GC(67) Pause Young (Normal) (G1 Evacuation Pause)
[2023-01-28T23:30:21.410+0100][gc,task     ] GC(67) Using 8 workers of 8 for evacuation
[2023-01-28T23:30:21.416+0100][gc,phases   ] GC(67)   Pre Evacuate Collection Set: 0.2ms
[2023-01-28T23:30:21.416+0100][gc,phases   ] GC(67)   Merge Heap Roots: 0.3ms
[2023-01-28T23:30:21.416+0100][gc,phases   ] GC(67)   Evacuate Collection Set: 5.1ms
[2023-01-28T23:30:21.416+0100][gc,phases   ] GC(67)   Post Evacuate Collection Set: 0.7ms
[2023-01-28T23:30:21.416+0100][gc,phases   ] GC(67)   Other: 0.3ms
[2023-01-28T23:30:21.416+0100][gc,heap     ] GC(67) Eden regions: 610->0(610)
[2023-01-28T23:30:21.416+0100][gc,heap     ] GC(67) Survivor regions: 4->4(77)
[2023-01-28T23:30:21.416+0100][gc,heap     ] GC(67) Old regions: 25->25
[2023-01-28T23:30:21.416+0100][gc,heap     ] GC(67) Archive regions: 0->0
[2023-01-28T23:30:21.416+0100][gc,heap     ] GC(67) Humongous regions: 129->129
[2023-01-28T23:30:21.416+0100][gc,metaspace] GC(67) Metaspace: 48407K(48896K)->48407K(48896K) NonClass: 43095K(43328K)->43095K(43328K) Class: 5311K(5568K)->5311K(5568K)
[2023-01-28T23:30:21.416+0100][gc          ] GC(67) Pause Young (Normal) (G1 Evacuation Pause) 766M->157M(1024M) 6.651ms
[2023-01-28T23:30:21.416+0100][gc,cpu      ] GC(67) User=0.02s Sys=0.02s Real=0.01s
[2023-01-28T23:30:24.759+0100][gc,start    ] GC(68) Pause Young (Normal) (G1 Evacuation Pause)
[2023-01-28T23:30:24.759+0100][gc,task     ] GC(68) Using 8 workers of 8 for evacuation
[2023-01-28T23:30:24.771+0100][gc,phases   ] GC(68)   Pre Evacuate Collection Set: 0.4ms
[2023-01-28T23:30:24.771+0100][gc,phases   ] GC(68)   Merge Heap Roots: 0.9ms
[2023-01-28T23:30:24.771+0100][gc,phases   ] GC(68)   Evacuate Collection Set: 9.6ms
[2023-01-28T23:30:24.771+0100][gc,phases   ] GC(68)   Post Evacuate Collection Set: 1.1ms
[2023-01-28T23:30:24.771+0100][gc,phases   ] GC(68)   Other: 0.4ms
[2023-01-28T23:30:24.771+0100][gc,heap     ] GC(68) Eden regions: 610->0(610)
[2023-01-28T23:30:24.771+0100][gc,heap     ] GC(68) Survivor regions: 4->4(77)
[2023-01-28T23:30:24.771+0100][gc,heap     ] GC(68) Old regions: 25->25
[2023-01-28T23:30:24.771+0100][gc,heap     ] GC(68) Archive regions: 0->0
[2023-01-28T23:30:24.771+0100][gc,heap     ] GC(68) Humongous regions: 129->129
[2023-01-28T23:30:24.771+0100][gc,metaspace] GC(68) Metaspace: 48407K(48896K)->48407K(48896K) NonClass: 43095K(43328K)->43095K(43328K) Class: 5311K(5568K)->5311K(5568K)
[2023-01-28T23:30:24.771+0100][gc          ] GC(68) Pause Young (Normal) (G1 Evacuation Pause) 767M->157M(1024M) 12.594ms
[2023-01-28T23:30:24.771+0100][gc,cpu      ] GC(68) User=0.02s Sys=0.02s Real=0.02s
[2023-01-28T23:30:27.886+0100][gc,start    ] GC(69) Pause Young (Normal) (G1 Evacuation Pause)
[2023-01-28T23:30:27.887+0100][gc,task     ] GC(69) Using 8 workers of 8 for evacuation
[2023-01-28T23:30:27.902+0100][gc,phases   ] GC(69)   Pre Evacuate Collection Set: 0.5ms
[2023-01-28T23:30:27.902+0100][gc,phases   ] GC(69)   Merge Heap Roots: 0.5ms
[2023-01-28T23:30:27.902+0100][gc,phases   ] GC(69)   Evacuate Collection Set: 12.1ms
[2023-01-28T23:30:27.902+0100][gc,phases   ] GC(69)   Post Evacuate Collection Set: 1.8ms
[2023-01-28T23:30:27.902+0100][gc,phases   ] GC(69)   Other: 1.5ms
[2023-01-28T23:30:27.902+0100][gc,heap     ] GC(69) Eden regions: 610->0(610)
[2023-01-28T23:30:27.902+0100][gc,heap     ] GC(69) Survivor regions: 4->4(77)
[2023-01-28T23:30:27.902+0100][gc,heap     ] GC(69) Old regions: 25->26
[2023-01-28T23:30:27.902+0100][gc,heap     ] GC(69) Archive regions: 0->0
[2023-01-28T23:30:27.902+0100][gc,heap     ] GC(69) Humongous regions: 129->129
[2023-01-28T23:30:27.902+0100][gc,metaspace] GC(69) Metaspace: 48407K(48896K)->48407K(48896K) NonClass: 43095K(43328K)->43095K(43328K) Class: 5311K(5568K)->5311K(5568K)
[2023-01-28T23:30:27.902+0100][gc          ] GC(69) Pause Young (Normal) (G1 Evacuation Pause) 767M->157M(1024M) 16.362ms
[2023-01-28T23:30:27.902+0100][gc,cpu      ] GC(69) User=0.02s Sys=0.03s Real=0.02s
[2023-01-28T23:30:31.666+0100][gc,start    ] GC(70) Pause Young (Normal) (G1 Evacuation Pause)
[2023-01-28T23:30:31.666+0100][gc,task     ] GC(70) Using 8 workers of 8 for evacuation
[2023-01-28T23:30:31.685+0100][gc,phases   ] GC(70)   Pre Evacuate Collection Set: 0.8ms
[2023-01-28T23:30:31.686+0100][gc,phases   ] GC(70)   Merge Heap Roots: 1.2ms
[2023-01-28T23:30:31.686+0100][gc,phases   ] GC(70)   Evacuate Collection Set: 15.9ms
[2023-01-28T23:30:31.686+0100][gc,phases   ] GC(70)   Post Evacuate Collection Set: 1.0ms
[2023-01-28T23:30:31.686+0100][gc,phases   ] GC(70)   Other: 1.2ms
[2023-01-28T23:30:31.686+0100][gc,heap     ] GC(70) Eden regions: 610->0(610)
[2023-01-28T23:30:31.686+0100][gc,heap     ] GC(70) Survivor regions: 4->4(77)
[2023-01-28T23:30:31.686+0100][gc,heap     ] GC(70) Old regions: 26->26
[2023-01-28T23:30:31.686+0100][gc,heap     ] GC(70) Archive regions: 0->0
[2023-01-28T23:30:31.686+0100][gc,heap     ] GC(70) Humongous regions: 129->129
[2023-01-28T23:30:31.686+0100][gc,metaspace] GC(70) Metaspace: 48408K(48960K)->48408K(48960K) NonClass: 43096K(43392K)->43096K(43392K) Class: 5311K(5568K)->5311K(5568K)
[2023-01-28T23:30:31.686+0100][gc          ] GC(70) Pause Young (Normal) (G1 Evacuation Pause) 767M->157M(1024M) 20.045ms
[2023-01-28T23:30:31.686+0100][gc,cpu      ] GC(70) User=0.02s Sys=0.03s Real=0.02s
[2023-01-28T23:30:35.861+0100][gc,start    ] GC(71) Pause Young (Normal) (G1 Evacuation Pause)
[2023-01-28T23:30:35.862+0100][gc,task     ] GC(71) Using 8 workers of 8 for evacuation
[2023-01-28T23:30:35.874+0100][gc,phases   ] GC(71)   Pre Evacuate Collection Set: 0.3ms
[2023-01-28T23:30:35.874+0100][gc,phases   ] GC(71)   Merge Heap Roots: 0.3ms
[2023-01-28T23:30:35.874+0100][gc,phases   ] GC(71)   Evacuate Collection Set: 9.9ms
[2023-01-28T23:30:35.874+0100][gc,phases   ] GC(71)   Post Evacuate Collection Set: 0.9ms
[2023-01-28T23:30:35.874+0100][gc,phases   ] GC(71)   Other: 1.0ms
[2023-01-28T23:30:35.874+0100][gc,heap     ] GC(71) Eden regions: 610->0(610)
[2023-01-28T23:30:35.874+0100][gc,heap     ] GC(71) Survivor regions: 4->4(77)
[2023-01-28T23:30:35.874+0100][gc,heap     ] GC(71) Old regions: 26->26
[2023-01-28T23:30:35.874+0100][gc,heap     ] GC(71) Archive regions: 0->0
[2023-01-28T23:30:35.874+0100][gc,heap     ] GC(71) Humongous regions: 129->129
[2023-01-28T23:30:35.874+0100][gc,metaspace] GC(71) Metaspace: 48408K(48960K)->48408K(48960K) NonClass: 43097K(43392K)->43097K(43392K) Class: 5311K(5568K)->5311K(5568K)
[2023-01-28T23:30:35.874+0100][gc          ] GC(71) Pause Young (Normal) (G1 Evacuation Pause) 767M->158M(1024M) 12.646ms
[2023-01-28T23:30:35.874+0100][gc,cpu      ] GC(71) User=0.02s Sys=0.02s Real=0.01s
[2023-01-28T23:30:39.545+0100][gc,start    ] GC(72) Pause Young (Normal) (G1 Evacuation Pause)
[2023-01-28T23:30:39.545+0100][gc,task     ] GC(72) Using 8 workers of 8 for evacuation
[2023-01-28T23:30:39.551+0100][gc,phases   ] GC(72)   Pre Evacuate Collection Set: 0.2ms
[2023-01-28T23:30:39.551+0100][gc,phases   ] GC(72)   Merge Heap Roots: 0.3ms
[2023-01-28T23:30:39.551+0100][gc,phases   ] GC(72)   Evacuate Collection Set: 4.6ms
[2023-01-28T23:30:39.551+0100][gc,phases   ] GC(72)   Post Evacuate Collection Set: 0.8ms
[2023-01-28T23:30:39.551+0100][gc,phases   ] GC(72)   Other: 0.2ms
[2023-01-28T23:30:39.551+0100][gc,heap     ] GC(72) Eden regions: 610->0(610)
[2023-01-28T23:30:39.551+0100][gc,heap     ] GC(72) Survivor regions: 4->4(77)
[2023-01-28T23:30:39.551+0100][gc,heap     ] GC(72) Old regions: 26->26
[2023-01-28T23:30:39.551+0100][gc,heap     ] GC(72) Archive regions: 0->0
[2023-01-28T23:30:39.551+0100][gc,heap     ] GC(72) Humongous regions: 129->129
[2023-01-28T23:30:39.551+0100][gc,metaspace] GC(72) Metaspace: 48408K(48960K)->48408K(48960K) NonClass: 43097K(43392K)->43097K(43392K) Class: 5311K(5568K)->5311K(5568K)
[2023-01-28T23:30:39.551+0100][gc          ] GC(72) Pause Young (Normal) (G1 Evacuation Pause) 768M->158M(1024M) 6.023ms
[2023-01-28T23:30:39.551+0100][gc,cpu      ] GC(72) User=0.01s Sys=0.02s Real=0.01s
[2023-01-28T23:30:43.431+0100][gc,start    ] GC(73) Pause Young (Normal) (G1 Evacuation Pause)
[2023-01-28T23:30:43.432+0100][gc,task     ] GC(73) Using 8 workers of 8 for evacuation
[2023-01-28T23:30:43.438+0100][gc,phases   ] GC(73)   Pre Evacuate Collection Set: 0.2ms
[2023-01-28T23:30:43.438+0100][gc,phases   ] GC(73)   Merge Heap Roots: 0.2ms
[2023-01-28T23:30:43.438+0100][gc,phases   ] GC(73)   Evacuate Collection Set: 4.6ms
[2023-01-28T23:30:43.438+0100][gc,phases   ] GC(73)   Post Evacuate Collection Set: 0.9ms
[2023-01-28T23:30:43.438+0100][gc,phases   ] GC(73)   Other: 1.1ms
[2023-01-28T23:30:43.438+0100][gc,heap     ] GC(73) Eden regions: 610->0(610)
[2023-01-28T23:30:43.438+0100][gc,heap     ] GC(73) Survivor regions: 4->4(77)
[2023-01-28T23:30:43.438+0100][gc,heap     ] GC(73) Old regions: 26->27
[2023-01-28T23:30:43.438+0100][gc,heap     ] GC(73) Archive regions: 0->0
[2023-01-28T23:30:43.438+0100][gc,heap     ] GC(73) Humongous regions: 129->129
[2023-01-28T23:30:43.438+0100][gc,metaspace] GC(73) Metaspace: 48408K(48960K)->48408K(48960K) NonClass: 43097K(43392K)->43097K(43392K) Class: 5311K(5568K)->5311K(5568K)
[2023-01-28T23:30:43.438+0100][gc          ] GC(73) Pause Young (Normal) (G1 Evacuation Pause) 768M->158M(1024M) 7.074ms
[2023-01-28T23:30:43.438+0100][gc,cpu      ] GC(73) User=0.02s Sys=0.02s Real=0.00s
[2023-01-28T23:30:47.817+0100][gc,start    ] GC(74) Pause Young (Normal) (G1 Evacuation Pause)
[2023-01-28T23:30:47.817+0100][gc,task     ] GC(74) Using 8 workers of 8 for evacuation
[2023-01-28T23:30:47.837+0100][gc,mmu      ] GC(74) MMU target violated: 20.1ms (20.0ms/21.0ms)
[2023-01-28T23:30:47.837+0100][gc,phases   ] GC(74)   Pre Evacuate Collection Set: 0.2ms
[2023-01-28T23:30:47.837+0100][gc,phases   ] GC(74)   Merge Heap Roots: 0.2ms
[2023-01-28T23:30:47.837+0100][gc,phases   ] GC(74)   Evacuate Collection Set: 18.7ms
[2023-01-28T23:30:47.837+0100][gc,phases   ] GC(74)   Post Evacuate Collection Set: 0.9ms
[2023-01-28T23:30:47.837+0100][gc,phases   ] GC(74)   Other: 0.3ms
[2023-01-28T23:30:47.837+0100][gc,heap     ] GC(74) Eden regions: 610->0(610)
[2023-01-28T23:30:47.837+0100][gc,heap     ] GC(74) Survivor regions: 4->4(77)
[2023-01-28T23:30:47.837+0100][gc,heap     ] GC(74) Old regions: 27->27
[2023-01-28T23:30:47.837+0100][gc,heap     ] GC(74) Archive regions: 0->0
[2023-01-28T23:30:47.837+0100][gc,heap     ] GC(74) Humongous regions: 129->129
[2023-01-28T23:30:47.837+0100][gc,metaspace] GC(74) Metaspace: 48409K(48960K)->48409K(48960K) NonClass: 43097K(43392K)->43097K(43392K) Class: 5311K(5568K)->5311K(5568K)
[2023-01-28T23:30:47.837+0100][gc          ] GC(74) Pause Young (Normal) (G1 Evacuation Pause) 768M->158M(1024M) 20.493ms
[2023-01-28T23:30:47.837+0100][gc,cpu      ] GC(74) User=0.01s Sys=0.03s Real=0.02s
[2023-01-28T23:30:51.247+0100][gc,start    ] GC(75) Pause Young (Normal) (G1 Evacuation Pause)
[2023-01-28T23:30:51.248+0100][gc,task     ] GC(75) Using 8 workers of 8 for evacuation
[2023-01-28T23:30:51.270+0100][gc,mmu      ] GC(75) MMU target violated: 21.0ms (20.0ms/21.0ms)
[2023-01-28T23:30:51.270+0100][gc,phases   ] GC(75)   Pre Evacuate Collection Set: 0.9ms
[2023-01-28T23:30:51.270+0100][gc,phases   ] GC(75)   Merge Heap Roots: 1.3ms
[2023-01-28T23:30:51.270+0100][gc,phases   ] GC(75)   Evacuate Collection Set: 18.0ms
[2023-01-28T23:30:51.270+0100][gc,phases   ] GC(75)   Post Evacuate Collection Set: 1.6ms
[2023-01-28T23:30:51.270+0100][gc,phases   ] GC(75)   Other: 0.9ms
[2023-01-28T23:30:51.270+0100][gc,heap     ] GC(75) Eden regions: 610->0(610)
[2023-01-28T23:30:51.270+0100][gc,heap     ] GC(75) Survivor regions: 4->4(77)
[2023-01-28T23:30:51.270+0100][gc,heap     ] GC(75) Old regions: 27->27
[2023-01-28T23:30:51.270+0100][gc,heap     ] GC(75) Archive regions: 0->0
[2023-01-28T23:30:51.270+0100][gc,heap     ] GC(75) Humongous regions: 129->129
[2023-01-28T23:30:51.270+0100][gc,metaspace] GC(75) Metaspace: 48409K(48960K)->48409K(48960K) NonClass: 43097K(43392K)->43097K(43392K) Class: 5311K(5568K)->5311K(5568K)
[2023-01-28T23:30:51.270+0100][gc          ] GC(75) Pause Young (Normal) (G1 Evacuation Pause) 768M->158M(1024M) 22.906ms
[2023-01-28T23:30:51.270+0100][gc,cpu      ] GC(75) User=0.02s Sys=0.03s Real=0.03s
[2023-01-28T23:30:54.413+0100][gc,start    ] GC(76) Pause Young (Normal) (G1 Evacuation Pause)
[2023-01-28T23:30:54.413+0100][gc,task     ] GC(76) Using 8 workers of 8 for evacuation
[2023-01-28T23:30:54.428+0100][gc,phases   ] GC(76)   Pre Evacuate Collection Set: 0.2ms
[2023-01-28T23:30:54.428+0100][gc,phases   ] GC(76)   Merge Heap Roots: 0.2ms
[2023-01-28T23:30:54.428+0100][gc,phases   ] GC(76)   Evacuate Collection Set: 13.0ms
[2023-01-28T23:30:54.428+0100][gc,phases   ] GC(76)   Post Evacuate Collection Set: 1.7ms
[2023-01-28T23:30:54.428+0100][gc,phases   ] GC(76)   Other: 0.2ms
[2023-01-28T23:30:54.428+0100][gc,heap     ] GC(76) Eden regions: 610->0(610)
[2023-01-28T23:30:54.428+0100][gc,heap     ] GC(76) Survivor regions: 4->4(77)
[2023-01-28T23:30:54.428+0100][gc,heap     ] GC(76) Old regions: 27->27
[2023-01-28T23:30:54.428+0100][gc,heap     ] GC(76) Archive regions: 0->0
[2023-01-28T23:30:54.428+0100][gc,heap     ] GC(76) Humongous regions: 129->129
[2023-01-28T23:30:54.428+0100][gc,metaspace] GC(76) Metaspace: 48409K(48960K)->48409K(48960K) NonClass: 43098K(43392K)->43098K(43392K) Class: 5311K(5568K)->5311K(5568K)
[2023-01-28T23:30:54.428+0100][gc          ] GC(76) Pause Young (Normal) (G1 Evacuation Pause) 768M->159M(1024M) 15.365ms
[2023-01-28T23:30:54.428+0100][gc,cpu      ] GC(76) User=0.01s Sys=0.03s Real=0.01s
[2023-01-28T23:30:58.540+0100][gc,start    ] GC(77) Pause Young (Normal) (G1 Evacuation Pause)
[2023-01-28T23:30:58.541+0100][gc,task     ] GC(77) Using 8 workers of 8 for evacuation
[2023-01-28T23:30:58.564+0100][gc,mmu      ] GC(77) MMU target violated: 21.0ms (20.0ms/21.0ms)
[2023-01-28T23:30:58.565+0100][gc,phases   ] GC(77)   Pre Evacuate Collection Set: 0.3ms
[2023-01-28T23:30:58.565+0100][gc,phases   ] GC(77)   Merge Heap Roots: 0.4ms
[2023-01-28T23:30:58.565+0100][gc,phases   ] GC(77)   Evacuate Collection Set: 19.7ms
[2023-01-28T23:30:58.565+0100][gc,phases   ] GC(77)   Post Evacuate Collection Set: 3.1ms
[2023-01-28T23:30:58.565+0100][gc,phases   ] GC(77)   Other: 1.0ms
[2023-01-28T23:30:58.565+0100][gc,heap     ] GC(77) Eden regions: 610->0(610)
[2023-01-28T23:30:58.565+0100][gc,heap     ] GC(77) Survivor regions: 4->4(77)
[2023-01-28T23:30:58.565+0100][gc,heap     ] GC(77) Old regions: 27->28
[2023-01-28T23:30:58.565+0100][gc,heap     ] GC(77) Archive regions: 0->0
[2023-01-28T23:30:58.565+0100][gc,heap     ] GC(77) Humongous regions: 129->129
[2023-01-28T23:30:58.565+0100][gc,metaspace] GC(77) Metaspace: 48409K(48960K)->48409K(48960K) NonClass: 43098K(43392K)->43098K(43392K) Class: 5311K(5568K)->5311K(5568K)
[2023-01-28T23:30:58.565+0100][gc          ] GC(77) Pause Young (Normal) (G1 Evacuation Pause) 769M->159M(1024M) 24.535ms
[2023-01-28T23:30:58.565+0100][gc,cpu      ] GC(77) User=0.02s Sys=0.03s Real=0.02s
[2023-01-28T23:31:02.130+0100][gc,start    ] GC(78) Pause Young (Normal) (G1 Evacuation Pause)
[2023-01-28T23:31:02.130+0100][gc,task     ] GC(78) Using 8 workers of 8 for evacuation
[2023-01-28T23:31:02.145+0100][gc,phases   ] GC(78)   Pre Evacuate Collection Set: 0.2ms
[2023-01-28T23:31:02.145+0100][gc,phases   ] GC(78)   Merge Heap Roots: 0.3ms
[2023-01-28T23:31:02.145+0100][gc,phases   ] GC(78)   Evacuate Collection Set: 13.2ms
[2023-01-28T23:31:02.145+0100][gc,phases   ] GC(78)   Post Evacuate Collection Set: 1.8ms
[2023-01-28T23:31:02.145+0100][gc,phases   ] GC(78)   Other: 0.3ms
[2023-01-28T23:31:02.145+0100][gc,heap     ] GC(78) Eden regions: 610->0(610)
[2023-01-28T23:31:02.145+0100][gc,heap     ] GC(78) Survivor regions: 4->4(77)
[2023-01-28T23:31:02.145+0100][gc,heap     ] GC(78) Old regions: 28->28
[2023-01-28T23:31:02.145+0100][gc,heap     ] GC(78) Archive regions: 0->0
[2023-01-28T23:31:02.145+0100][gc,heap     ] GC(78) Humongous regions: 129->129
[2023-01-28T23:31:02.145+0100][gc,metaspace] GC(78) Metaspace: 48409K(48960K)->48409K(48960K) NonClass: 43098K(43392K)->43098K(43392K) Class: 5311K(5568K)->5311K(5568K)
[2023-01-28T23:31:02.145+0100][gc          ] GC(78) Pause Young (Normal) (G1 Evacuation Pause) 769M->159M(1024M) 15.831ms
[2023-01-28T23:31:02.145+0100][gc,cpu      ] GC(78) User=0.02s Sys=0.03s Real=0.01s
[2023-01-28T23:31:06.974+0100][gc,start    ] GC(79) Pause Young (Normal) (G1 Evacuation Pause)
[2023-01-28T23:31:06.975+0100][gc,task     ] GC(79) Using 8 workers of 8 for evacuation
[2023-01-28T23:31:07.012+0100][gc,mmu      ] GC(79) MMU target violated: 21.0ms (20.0ms/21.0ms)
[2023-01-28T23:31:07.012+0100][gc,phases   ] GC(79)   Pre Evacuate Collection Set: 2.2ms
[2023-01-28T23:31:07.012+0100][gc,phases   ] GC(79)   Merge Heap Roots: 0.8ms
[2023-01-28T23:31:07.012+0100][gc,phases   ] GC(79)   Evacuate Collection Set: 31.6ms
[2023-01-28T23:31:07.012+0100][gc,phases   ] GC(79)   Post Evacuate Collection Set: 1.1ms
[2023-01-28T23:31:07.012+0100][gc,phases   ] GC(79)   Other: 2.2ms
[2023-01-28T23:31:07.012+0100][gc,heap     ] GC(79) Eden regions: 610->0(204)
[2023-01-28T23:31:07.012+0100][gc,heap     ] GC(79) Survivor regions: 4->4(77)
[2023-01-28T23:31:07.012+0100][gc,heap     ] GC(79) Old regions: 28->28
[2023-01-28T23:31:07.012+0100][gc,heap     ] GC(79) Archive regions: 0->0
[2023-01-28T23:31:07.012+0100][gc,heap     ] GC(79) Humongous regions: 129->129
[2023-01-28T23:31:07.012+0100][gc,metaspace] GC(79) Metaspace: 48410K(48960K)->48410K(48960K) NonClass: 43098K(43392K)->43098K(43392K) Class: 5311K(5568K)->5311K(5568K)
[2023-01-28T23:31:07.012+0100][gc          ] GC(79) Pause Young (Normal) (G1 Evacuation Pause) 769M->159M(1024M) 37.831ms
[2023-01-28T23:31:07.012+0100][gc,cpu      ] GC(79) User=0.01s Sys=0.04s Real=0.04s
[2023-01-28T23:31:07.475+0100][gc,start    ] GC(80) Pause Young (Normal) (G1 Evacuation Pause)
[2023-01-28T23:31:07.475+0100][gc,task     ] GC(80) Using 8 workers of 8 for evacuation
[2023-01-28T23:31:07.479+0100][gc,phases   ] GC(80)   Pre Evacuate Collection Set: 0.3ms
[2023-01-28T23:31:07.479+0100][gc,phases   ] GC(80)   Merge Heap Roots: 0.2ms
[2023-01-28T23:31:07.479+0100][gc,phases   ] GC(80)   Evacuate Collection Set: 3.8ms
[2023-01-28T23:31:07.479+0100][gc,phases   ] GC(80)   Post Evacuate Collection Set: 0.3ms
[2023-01-28T23:31:07.479+0100][gc,phases   ] GC(80)   Other: 0.2ms
[2023-01-28T23:31:07.479+0100][gc,heap     ] GC(80) Eden regions: 47->0(611)
[2023-01-28T23:31:07.479+0100][gc,heap     ] GC(80) Survivor regions: 4->3(7)
[2023-01-28T23:31:07.480+0100][gc,heap     ] GC(80) Old regions: 28->28
[2023-01-28T23:31:07.480+0100][gc,heap     ] GC(80) Archive regions: 0->0
[2023-01-28T23:31:07.480+0100][gc,heap     ] GC(80) Humongous regions: 129->129
[2023-01-28T23:31:07.480+0100][gc,metaspace] GC(80) Metaspace: 48410K(48960K)->48410K(48960K) NonClass: 43098K(43392K)->43098K(43392K) Class: 5311K(5568K)->5311K(5568K)
[2023-01-28T23:31:07.480+0100][gc          ] GC(80) Pause Young (Normal) (G1 Evacuation Pause) 206M->159M(1024M) 4.806ms
[2023-01-28T23:31:07.480+0100][gc,cpu      ] GC(80) User=0.01s Sys=0.01s Real=0.01s
[2023-01-28T23:31:10.831+0100][gc,start    ] GC(81) Pause Young (Normal) (G1 Evacuation Pause)
[2023-01-28T23:31:10.831+0100][gc,task     ] GC(81) Using 8 workers of 8 for evacuation
[2023-01-28T23:31:10.843+0100][gc,phases   ] GC(81)   Pre Evacuate Collection Set: 0.4ms
[2023-01-28T23:31:10.843+0100][gc,phases   ] GC(81)   Merge Heap Roots: 0.3ms
[2023-01-28T23:31:10.844+0100][gc,phases   ] GC(81)   Evacuate Collection Set: 5.7ms
[2023-01-28T23:31:10.844+0100][gc,phases   ] GC(81)   Post Evacuate Collection Set: 5.6ms
[2023-01-28T23:31:10.844+0100][gc,phases   ] GC(81)   Other: 0.4ms
[2023-01-28T23:31:10.844+0100][gc,heap     ] GC(81) Eden regions: 611->0(611)
[2023-01-28T23:31:10.844+0100][gc,heap     ] GC(81) Survivor regions: 3->3(77)
[2023-01-28T23:31:10.844+0100][gc,heap     ] GC(81) Old regions: 28->28
[2023-01-28T23:31:10.844+0100][gc,heap     ] GC(81) Archive regions: 0->0
[2023-01-28T23:31:10.844+0100][gc,heap     ] GC(81) Humongous regions: 129->129
[2023-01-28T23:31:10.844+0100][gc,metaspace] GC(81) Metaspace: 48410K(48960K)->48410K(48960K) NonClass: 43098K(43392K)->43098K(43392K) Class: 5311K(5568K)->5311K(5568K)
[2023-01-28T23:31:10.844+0100][gc          ] GC(81) Pause Young (Normal) (G1 Evacuation Pause) 770M->159M(1024M) 12.383ms
[2023-01-28T23:31:10.844+0100][gc,cpu      ] GC(81) User=0.01s Sys=0.02s Real=0.01s
[2023-01-28T23:31:15.560+0100][gc,start    ] GC(82) Pause Young (Normal) (G1 Evacuation Pause)
[2023-01-28T23:31:15.560+0100][gc,task     ] GC(82) Using 8 workers of 8 for evacuation
[2023-01-28T23:31:15.569+0100][gc,phases   ] GC(82)   Pre Evacuate Collection Set: 0.3ms
[2023-01-28T23:31:15.569+0100][gc,phases   ] GC(82)   Merge Heap Roots: 0.5ms
[2023-01-28T23:31:15.569+0100][gc,phases   ] GC(82)   Evacuate Collection Set: 7.5ms
[2023-01-28T23:31:15.569+0100][gc,phases   ] GC(82)   Post Evacuate Collection Set: 1.0ms
[2023-01-28T23:31:15.569+0100][gc,phases   ] GC(82)   Other: 0.3ms
[2023-01-28T23:31:15.569+0100][gc,heap     ] GC(82) Eden regions: 611->0(611)
[2023-01-28T23:31:15.569+0100][gc,heap     ] GC(82) Survivor regions: 3->3(77)
[2023-01-28T23:31:15.569+0100][gc,heap     ] GC(82) Old regions: 28->29
[2023-01-28T23:31:15.569+0100][gc,heap     ] GC(82) Archive regions: 0->0
[2023-01-28T23:31:15.569+0100][gc,heap     ] GC(82) Humongous regions: 129->129
[2023-01-28T23:31:15.569+0100][gc,metaspace] GC(82) Metaspace: 48410K(48960K)->48410K(48960K) NonClass: 43098K(43392K)->43098K(43392K) Class: 5311K(5568K)->5311K(5568K)
[2023-01-28T23:31:15.569+0100][gc          ] GC(82) Pause Young (Normal) (G1 Evacuation Pause) 770M->160M(1024M) 9.731ms
[2023-01-28T23:31:15.569+0100][gc,cpu      ] GC(82) User=0.01s Sys=0.02s Real=0.00s
[2023-01-28T23:31:19.668+0100][gc,start    ] GC(83) Pause Young (Normal) (G1 Evacuation Pause)
[2023-01-28T23:31:19.668+0100][gc,task     ] GC(83) Using 8 workers of 8 for evacuation
[2023-01-28T23:31:19.678+0100][gc,phases   ] GC(83)   Pre Evacuate Collection Set: 0.3ms
[2023-01-28T23:31:19.678+0100][gc,phases   ] GC(83)   Merge Heap Roots: 0.3ms
[2023-01-28T23:31:19.678+0100][gc,phases   ] GC(83)   Evacuate Collection Set: 7.1ms
[2023-01-28T23:31:19.678+0100][gc,phases   ] GC(83)   Post Evacuate Collection Set: 1.2ms
[2023-01-28T23:31:19.678+0100][gc,phases   ] GC(83)   Other: 0.7ms
[2023-01-28T23:31:19.678+0100][gc,heap     ] GC(83) Eden regions: 611->0(611)
[2023-01-28T23:31:19.678+0100][gc,heap     ] GC(83) Survivor regions: 3->3(77)
[2023-01-28T23:31:19.678+0100][gc,heap     ] GC(83) Old regions: 29->29
[2023-01-28T23:31:19.678+0100][gc,heap     ] GC(83) Archive regions: 0->0
[2023-01-28T23:31:19.678+0100][gc,heap     ] GC(83) Humongous regions: 129->129
[2023-01-28T23:31:19.678+0100][gc,metaspace] GC(83) Metaspace: 48411K(48960K)->48411K(48960K) NonClass: 43100K(43392K)->43100K(43392K) Class: 5311K(5568K)->5311K(5568K)
[2023-01-28T23:31:19.678+0100][gc          ] GC(83) Pause Young (Normal) (G1 Evacuation Pause) 771M->160M(1024M) 9.723ms
[2023-01-28T23:31:19.678+0100][gc,cpu      ] GC(83) User=0.02s Sys=0.02s Real=0.01s
[2023-01-28T23:31:22.974+0100][gc,start    ] GC(84) Pause Young (Normal) (G1 Evacuation Pause)
[2023-01-28T23:31:22.974+0100][gc,task     ] GC(84) Using 8 workers of 8 for evacuation
[2023-01-28T23:31:22.997+0100][gc,mmu      ] GC(84) MMU target violated: 21.0ms (20.0ms/21.0ms)
[2023-01-28T23:31:22.997+0100][gc,phases   ] GC(84)   Pre Evacuate Collection Set: 0.5ms
[2023-01-28T23:31:22.997+0100][gc,phases   ] GC(84)   Merge Heap Roots: 1.4ms
[2023-01-28T23:31:22.997+0100][gc,phases   ] GC(84)   Evacuate Collection Set: 18.7ms
[2023-01-28T23:31:22.997+0100][gc,phases   ] GC(84)   Post Evacuate Collection Set: 1.9ms
[2023-01-28T23:31:22.997+0100][gc,phases   ] GC(84)   Other: 0.8ms
[2023-01-28T23:31:22.997+0100][gc,heap     ] GC(84) Eden regions: 611->0(611)
[2023-01-28T23:31:22.997+0100][gc,heap     ] GC(84) Survivor regions: 3->3(77)
[2023-01-28T23:31:22.997+0100][gc,heap     ] GC(84) Old regions: 29->29
[2023-01-28T23:31:22.997+0100][gc,heap     ] GC(84) Archive regions: 0->0
[2023-01-28T23:31:22.997+0100][gc,heap     ] GC(84) Humongous regions: 129->129
[2023-01-28T23:31:22.997+0100][gc,metaspace] GC(84) Metaspace: 48411K(48960K)->48411K(48960K) NonClass: 43100K(43392K)->43100K(43392K) Class: 5311K(5568K)->5311K(5568K)
[2023-01-28T23:31:22.997+0100][gc          ] GC(84) Pause Young (Normal) (G1 Evacuation Pause) 771M->160M(1024M) 23.443ms
[2023-01-28T23:31:22.997+0100][gc,cpu      ] GC(84) User=0.02s Sys=0.04s Real=0.02s
[2023-01-28T23:31:26.618+0100][gc,start    ] GC(85) Pause Young (Normal) (G1 Evacuation Pause)
[2023-01-28T23:31:26.619+0100][gc,task     ] GC(85) Using 8 workers of 8 for evacuation
[2023-01-28T23:31:26.645+0100][gc,mmu      ] GC(85) MMU target violated: 21.0ms (20.0ms/21.0ms)
[2023-01-28T23:31:26.646+0100][gc,phases   ] GC(85)   Pre Evacuate Collection Set: 0.3ms
[2023-01-28T23:31:26.646+0100][gc,phases   ] GC(85)   Merge Heap Roots: 0.4ms
[2023-01-28T23:31:26.646+0100][gc,phases   ] GC(85)   Evacuate Collection Set: 25.0ms
[2023-01-28T23:31:26.646+0100][gc,phases   ] GC(85)   Post Evacuate Collection Set: 1.0ms
[2023-01-28T23:31:26.646+0100][gc,phases   ] GC(85)   Other: 1.0ms
[2023-01-28T23:31:26.646+0100][gc,heap     ] GC(85) Eden regions: 611->0(611)
[2023-01-28T23:31:26.646+0100][gc,heap     ] GC(85) Survivor regions: 3->3(77)
[2023-01-28T23:31:26.646+0100][gc,heap     ] GC(85) Old regions: 29->29
[2023-01-28T23:31:26.646+0100][gc,heap     ] GC(85) Archive regions: 0->0
[2023-01-28T23:31:26.646+0100][gc,heap     ] GC(85) Humongous regions: 129->129
[2023-01-28T23:31:26.646+0100][gc,metaspace] GC(85) Metaspace: 48411K(48960K)->48411K(48960K) NonClass: 43100K(43392K)->43100K(43392K) Class: 5311K(5568K)->5311K(5568K)
[2023-01-28T23:31:26.646+0100][gc          ] GC(85) Pause Young (Normal) (G1 Evacuation Pause) 771M->160M(1024M) 27.804ms
[2023-01-28T23:31:26.646+0100][gc,cpu      ] GC(85) User=0.02s Sys=0.04s Real=0.03s
[2023-01-28T23:31:29.904+0100][gc,start    ] GC(86) Pause Young (Normal) (G1 Evacuation Pause)
[2023-01-28T23:31:29.904+0100][gc,task     ] GC(86) Using 8 workers of 8 for evacuation
[2023-01-28T23:31:29.914+0100][gc,phases   ] GC(86)   Pre Evacuate Collection Set: 0.3ms
[2023-01-28T23:31:29.914+0100][gc,phases   ] GC(86)   Merge Heap Roots: 0.4ms
[2023-01-28T23:31:29.914+0100][gc,phases   ] GC(86)   Evacuate Collection Set: 7.8ms
[2023-01-28T23:31:29.914+0100][gc,phases   ] GC(86)   Post Evacuate Collection Set: 1.2ms
[2023-01-28T23:31:29.914+0100][gc,phases   ] GC(86)   Other: 0.3ms
[2023-01-28T23:31:29.914+0100][gc,heap     ] GC(86) Eden regions: 520->0(611)
[2023-01-28T23:31:29.914+0100][gc,heap     ] GC(86) Survivor regions: 3->3(66)
[2023-01-28T23:31:29.914+0100][gc,heap     ] GC(86) Old regions: 29->30
[2023-01-28T23:31:29.914+0100][gc,heap     ] GC(86) Archive regions: 0->0
[2023-01-28T23:31:29.914+0100][gc,heap     ] GC(86) Humongous regions: 129->129
[2023-01-28T23:31:29.914+0100][gc,metaspace] GC(86) Metaspace: 48411K(48960K)->48411K(48960K) NonClass: 43100K(43392K)->43100K(43392K) Class: 5311K(5568K)->5311K(5568K)
[2023-01-28T23:31:29.914+0100][gc          ] GC(86) Pause Young (Normal) (G1 Evacuation Pause) 680M->161M(1024M) 10.107ms
[2023-01-28T23:31:29.914+0100][gc,cpu      ] GC(86) User=0.02s Sys=0.01s Real=0.01s
[2023-01-28T23:31:34.263+0100][gc,start    ] GC(87) Pause Young (Normal) (G1 Evacuation Pause)
[2023-01-28T23:31:34.264+0100][gc,task     ] GC(87) Using 8 workers of 8 for evacuation
[2023-01-28T23:31:34.276+0100][gc,phases   ] GC(87)   Pre Evacuate Collection Set: 0.9ms
[2023-01-28T23:31:34.276+0100][gc,phases   ] GC(87)   Merge Heap Roots: 0.7ms
[2023-01-28T23:31:34.276+0100][gc,phases   ] GC(87)   Evacuate Collection Set: 9.5ms
[2023-01-28T23:31:34.276+0100][gc,phases   ] GC(87)   Post Evacuate Collection Set: 1.1ms
[2023-01-28T23:31:34.276+0100][gc,phases   ] GC(87)   Other: 1.1ms
[2023-01-28T23:31:34.276+0100][gc,heap     ] GC(87) Eden regions: 611->0(611)
[2023-01-28T23:31:34.276+0100][gc,heap     ] GC(87) Survivor regions: 3->3(77)
[2023-01-28T23:31:34.276+0100][gc,heap     ] GC(87) Old regions: 30->30
[2023-01-28T23:31:34.276+0100][gc,heap     ] GC(87) Archive regions: 0->0
[2023-01-28T23:31:34.276+0100][gc,heap     ] GC(87) Humongous regions: 129->129
[2023-01-28T23:31:34.276+0100][gc,metaspace] GC(87) Metaspace: 48411K(48960K)->48411K(48960K) NonClass: 43100K(43392K)->43100K(43392K) Class: 5311K(5568K)->5311K(5568K)
[2023-01-28T23:31:34.276+0100][gc          ] GC(87) Pause Young (Normal) (G1 Evacuation Pause) 772M->161M(1024M) 13.495ms
[2023-01-28T23:31:34.276+0100][gc,cpu      ] GC(87) User=0.01s Sys=0.02s Real=0.01s
[2023-01-28T23:31:38.666+0100][gc,start    ] GC(88) Pause Young (Normal) (G1 Evacuation Pause)
[2023-01-28T23:31:38.666+0100][gc,task     ] GC(88) Using 8 workers of 8 for evacuation
[2023-01-28T23:31:38.687+0100][gc,mmu      ] GC(88) MMU target violated: 20.6ms (20.0ms/21.0ms)
[2023-01-28T23:31:38.688+0100][gc,phases   ] GC(88)   Pre Evacuate Collection Set: 1.2ms
[2023-01-28T23:31:38.688+0100][gc,phases   ] GC(88)   Merge Heap Roots: 0.5ms
[2023-01-28T23:31:38.688+0100][gc,phases   ] GC(88)   Evacuate Collection Set: 18.4ms
[2023-01-28T23:31:38.688+0100][gc,phases   ] GC(88)   Post Evacuate Collection Set: 0.9ms
[2023-01-28T23:31:38.688+0100][gc,phases   ] GC(88)   Other: 1.3ms
[2023-01-28T23:31:38.688+0100][gc,heap     ] GC(88) Eden regions: 611->0(611)
[2023-01-28T23:31:38.688+0100][gc,heap     ] GC(88) Survivor regions: 3->3(77)
[2023-01-28T23:31:38.688+0100][gc,heap     ] GC(88) Old regions: 30->30
[2023-01-28T23:31:38.688+0100][gc,heap     ] GC(88) Archive regions: 0->0
[2023-01-28T23:31:38.688+0100][gc,heap     ] GC(88) Humongous regions: 129->129
[2023-01-28T23:31:38.688+0100][gc,metaspace] GC(88) Metaspace: 48411K(48960K)->48411K(48960K) NonClass: 43100K(43392K)->43100K(43392K) Class: 5311K(5568K)->5311K(5568K)
[2023-01-28T23:31:38.688+0100][gc          ] GC(88) Pause Young (Normal) (G1 Evacuation Pause) 772M->161M(1024M) 21.966ms
[2023-01-28T23:31:38.688+0100][gc,cpu      ] GC(88) User=0.02s Sys=0.04s Real=0.02s
[2023-01-28T23:31:42.790+0100][gc,start    ] GC(89) Pause Young (Normal) (G1 Evacuation Pause)
[2023-01-28T23:31:42.790+0100][gc,task     ] GC(89) Using 8 workers of 8 for evacuation
[2023-01-28T23:31:42.811+0100][gc,mmu      ] GC(89) MMU target violated: 21.0ms (20.0ms/21.0ms)
[2023-01-28T23:31:42.811+0100][gc,phases   ] GC(89)   Pre Evacuate Collection Set: 0.3ms
[2023-01-28T23:31:42.811+0100][gc,phases   ] GC(89)   Merge Heap Roots: 0.4ms
[2023-01-28T23:31:42.811+0100][gc,phases   ] GC(89)   Evacuate Collection Set: 19.1ms
[2023-01-28T23:31:42.811+0100][gc,phases   ] GC(89)   Post Evacuate Collection Set: 1.6ms
[2023-01-28T23:31:42.811+0100][gc,phases   ] GC(89)   Other: 0.4ms
[2023-01-28T23:31:42.811+0100][gc,heap     ] GC(89) Eden regions: 611->0(611)
[2023-01-28T23:31:42.811+0100][gc,heap     ] GC(89) Survivor regions: 3->3(77)
[2023-01-28T23:31:42.811+0100][gc,heap     ] GC(89) Old regions: 30->30
[2023-01-28T23:31:42.811+0100][gc,heap     ] GC(89) Archive regions: 0->0
[2023-01-28T23:31:42.811+0100][gc,heap     ] GC(89) Humongous regions: 129->129
[2023-01-28T23:31:42.811+0100][gc,metaspace] GC(89) Metaspace: 48411K(48960K)->48411K(48960K) NonClass: 43100K(43392K)->43100K(43392K) Class: 5311K(5568K)->5311K(5568K)
[2023-01-28T23:31:42.811+0100][gc          ] GC(89) Pause Young (Normal) (G1 Evacuation Pause) 772M->161M(1024M) 21.823ms
[2023-01-28T23:31:42.811+0100][gc,cpu      ] GC(89) User=0.02s Sys=0.04s Real=0.02s
[2023-01-28T23:32:29.954+0100][gc,start    ] GC(90) Pause Young (Normal) (G1 Evacuation Pause)
[2023-01-28T23:32:29.954+0100][gc,task     ] GC(90) Using 8 workers of 8 for evacuation
[2023-01-28T23:32:29.971+0100][gc,phases   ] GC(90)   Pre Evacuate Collection Set: 0.2ms
[2023-01-28T23:32:29.971+0100][gc,phases   ] GC(90)   Merge Heap Roots: 0.2ms
[2023-01-28T23:32:29.971+0100][gc,phases   ] GC(90)   Evacuate Collection Set: 9.5ms
[2023-01-28T23:32:29.971+0100][gc,phases   ] GC(90)   Post Evacuate Collection Set: 6.7ms
[2023-01-28T23:32:29.971+0100][gc,phases   ] GC(90)   Other: 0.4ms
[2023-01-28T23:32:29.971+0100][gc,heap     ] GC(90) Eden regions: 611->0(611)
[2023-01-28T23:32:29.971+0100][gc,heap     ] GC(90) Survivor regions: 3->3(77)
[2023-01-28T23:32:29.971+0100][gc,heap     ] GC(90) Old regions: 30->30
[2023-01-28T23:32:29.971+0100][gc,heap     ] GC(90) Archive regions: 0->0
[2023-01-28T23:32:29.971+0100][gc,heap     ] GC(90) Humongous regions: 129->129
[2023-01-28T23:32:29.971+0100][gc,metaspace] GC(90) Metaspace: 48424K(48960K)->48424K(48960K) NonClass: 43113K(43392K)->43113K(43392K) Class: 5311K(5568K)->5311K(5568K)
[2023-01-28T23:32:29.971+0100][gc          ] GC(90) Pause Young (Normal) (G1 Evacuation Pause) 772M->161M(1024M) 17.350ms
[2023-01-28T23:32:29.971+0100][gc,cpu      ] GC(90) User=0.02s Sys=0.02s Real=0.02s
[2023-01-28T23:32:37.049+0100][gc,start    ] GC(91) Pause Young (Normal) (G1 Evacuation Pause)
[2023-01-28T23:32:37.049+0100][gc,task     ] GC(91) Using 8 workers of 8 for evacuation
[2023-01-28T23:32:37.060+0100][gc,phases   ] GC(91)   Pre Evacuate Collection Set: 0.3ms
[2023-01-28T23:32:37.060+0100][gc,phases   ] GC(91)   Merge Heap Roots: 0.5ms
[2023-01-28T23:32:37.060+0100][gc,phases   ] GC(91)   Evacuate Collection Set: 9.3ms
[2023-01-28T23:32:37.060+0100][gc,phases   ] GC(91)   Post Evacuate Collection Set: 1.1ms
[2023-01-28T23:32:37.060+0100][gc,phases   ] GC(91)   Other: 0.5ms
[2023-01-28T23:32:37.060+0100][gc,heap     ] GC(91) Eden regions: 589->0(611)
[2023-01-28T23:32:37.060+0100][gc,heap     ] GC(91) Survivor regions: 3->3(74)
[2023-01-28T23:32:37.060+0100][gc,heap     ] GC(91) Old regions: 30->31
[2023-01-28T23:32:37.060+0100][gc,heap     ] GC(91) Archive regions: 0->0
[2023-01-28T23:32:37.060+0100][gc,heap     ] GC(91) Humongous regions: 129->129
[2023-01-28T23:32:37.060+0100][gc,metaspace] GC(91) Metaspace: 48425K(48960K)->48425K(48960K) NonClass: 43114K(43392K)->43114K(43392K) Class: 5311K(5568K)->5311K(5568K)
[2023-01-28T23:32:37.060+0100][gc          ] GC(91) Pause Young (Normal) (G1 Evacuation Pause) 750M->162M(1024M) 11.670ms
[2023-01-28T23:32:37.060+0100][gc,cpu      ] GC(91) User=0.01s Sys=0.03s Real=0.02s
[2023-01-28T23:32:44.903+0100][gc,start    ] GC(92) Pause Young (Normal) (G1 Evacuation Pause)
[2023-01-28T23:32:44.903+0100][gc,task     ] GC(92) Using 8 workers of 8 for evacuation
[2023-01-28T23:32:44.915+0100][gc,phases   ] GC(92)   Pre Evacuate Collection Set: 0.4ms
[2023-01-28T23:32:44.915+0100][gc,phases   ] GC(92)   Merge Heap Roots: 0.4ms
[2023-01-28T23:32:44.915+0100][gc,phases   ] GC(92)   Evacuate Collection Set: 9.4ms
[2023-01-28T23:32:44.915+0100][gc,phases   ] GC(92)   Post Evacuate Collection Set: 1.6ms
[2023-01-28T23:32:44.915+0100][gc,phases   ] GC(92)   Other: 0.6ms
[2023-01-28T23:32:44.915+0100][gc,heap     ] GC(92) Eden regions: 611->0(610)
[2023-01-28T23:32:44.915+0100][gc,heap     ] GC(92) Survivor regions: 3->4(77)
[2023-01-28T23:32:44.915+0100][gc,heap     ] GC(92) Old regions: 31->31
[2023-01-28T23:32:44.915+0100][gc,heap     ] GC(92) Archive regions: 0->0
[2023-01-28T23:32:44.915+0100][gc,heap     ] GC(92) Humongous regions: 129->129
[2023-01-28T23:32:44.915+0100][gc,metaspace] GC(92) Metaspace: 48425K(48960K)->48425K(48960K) NonClass: 43114K(43392K)->43114K(43392K) Class: 5311K(5568K)->5311K(5568K)
[2023-01-28T23:32:44.915+0100][gc          ] GC(92) Pause Young (Normal) (G1 Evacuation Pause) 773M->162M(1024M) 12.465ms
[2023-01-28T23:32:44.915+0100][gc,cpu      ] GC(92) User=0.02s Sys=0.03s Real=0.01s
[2023-01-28T23:32:52.943+0100][gc,start    ] GC(93) Pause Young (Normal) (G1 Evacuation Pause)
[2023-01-28T23:32:52.944+0100][gc,task     ] GC(93) Using 8 workers of 8 for evacuation
[2023-01-28T23:32:52.959+0100][gc,phases   ] GC(93)   Pre Evacuate Collection Set: 1.5ms
[2023-01-28T23:32:52.959+0100][gc,phases   ] GC(93)   Merge Heap Roots: 0.6ms
[2023-01-28T23:32:52.959+0100][gc,phases   ] GC(93)   Evacuate Collection Set: 11.1ms
[2023-01-28T23:32:52.959+0100][gc,phases   ] GC(93)   Post Evacuate Collection Set: 1.5ms
[2023-01-28T23:32:52.959+0100][gc,phases   ] GC(93)   Other: 1.2ms
[2023-01-28T23:32:52.959+0100][gc,heap     ] GC(93) Eden regions: 610->0(610)
[2023-01-28T23:32:52.959+0100][gc,heap     ] GC(93) Survivor regions: 4->4(77)
[2023-01-28T23:32:52.959+0100][gc,heap     ] GC(93) Old regions: 31->31
[2023-01-28T23:32:52.959+0100][gc,heap     ] GC(93) Archive regions: 0->0
[2023-01-28T23:32:52.959+0100][gc,heap     ] GC(93) Humongous regions: 129->129
[2023-01-28T23:32:52.959+0100][gc,metaspace] GC(93) Metaspace: 48431K(48960K)->48431K(48960K) NonClass: 43120K(43392K)->43120K(43392K) Class: 5311K(5568K)->5311K(5568K)
[2023-01-28T23:32:52.959+0100][gc          ] GC(93) Pause Young (Normal) (G1 Evacuation Pause) 772M->162M(1024M) 15.800ms
[2023-01-28T23:32:52.959+0100][gc,cpu      ] GC(93) User=0.01s Sys=0.03s Real=0.01s
[2023-01-28T23:33:01.125+0100][gc,start    ] GC(94) Pause Young (Normal) (G1 Evacuation Pause)
[2023-01-28T23:33:01.125+0100][gc,task     ] GC(94) Using 8 workers of 8 for evacuation
[2023-01-28T23:33:01.146+0100][gc,mmu      ] GC(94) MMU target violated: 21.0ms (20.0ms/21.0ms)
[2023-01-28T23:33:01.146+0100][gc,phases   ] GC(94)   Pre Evacuate Collection Set: 0.2ms
[2023-01-28T23:33:01.146+0100][gc,phases   ] GC(94)   Merge Heap Roots: 0.2ms
[2023-01-28T23:33:01.146+0100][gc,phases   ] GC(94)   Evacuate Collection Set: 17.4ms
[2023-01-28T23:33:01.146+0100][gc,phases   ] GC(94)   Post Evacuate Collection Set: 3.2ms
[2023-01-28T23:33:01.146+0100][gc,phases   ] GC(94)   Other: 0.5ms
[2023-01-28T23:33:01.146+0100][gc,heap     ] GC(94) Eden regions: 610->0(610)
[2023-01-28T23:33:01.146+0100][gc,heap     ] GC(94) Survivor regions: 4->4(77)
[2023-01-28T23:33:01.146+0100][gc,heap     ] GC(94) Old regions: 31->31
[2023-01-28T23:33:01.146+0100][gc,heap     ] GC(94) Archive regions: 0->0
[2023-01-28T23:33:01.146+0100][gc,heap     ] GC(94) Humongous regions: 129->129
[2023-01-28T23:33:01.146+0100][gc,metaspace] GC(94) Metaspace: 48432K(48960K)->48432K(48960K) NonClass: 43121K(43392K)->43121K(43392K) Class: 5311K(5568K)->5311K(5568K)
[2023-01-28T23:33:01.147+0100][gc          ] GC(94) Pause Young (Normal) (G1 Evacuation Pause) 772M->162M(1024M) 21.774ms
[2023-01-28T23:33:01.147+0100][gc,cpu      ] GC(94) User=0.02s Sys=0.04s Real=0.02s
[2023-01-28T23:33:08.839+0100][gc,start    ] GC(95) Pause Young (Normal) (G1 Evacuation Pause)
[2023-01-28T23:33:08.839+0100][gc,task     ] GC(95) Using 8 workers of 8 for evacuation
[2023-01-28T23:33:08.850+0100][gc,phases   ] GC(95)   Pre Evacuate Collection Set: 0.3ms
[2023-01-28T23:33:08.850+0100][gc,phases   ] GC(95)   Merge Heap Roots: 0.3ms
[2023-01-28T23:33:08.850+0100][gc,phases   ] GC(95)   Evacuate Collection Set: 9.2ms
[2023-01-28T23:33:08.850+0100][gc,phases   ] GC(95)   Post Evacuate Collection Set: 1.1ms
[2023-01-28T23:33:08.851+0100][gc,phases   ] GC(95)   Other: 0.4ms
[2023-01-28T23:33:08.851+0100][gc,heap     ] GC(95) Eden regions: 610->0(610)
[2023-01-28T23:33:08.851+0100][gc,heap     ] GC(95) Survivor regions: 4->4(77)
[2023-01-28T23:33:08.851+0100][gc,heap     ] GC(95) Old regions: 31->31
[2023-01-28T23:33:08.851+0100][gc,heap     ] GC(95) Archive regions: 0->0
[2023-01-28T23:33:08.851+0100][gc,heap     ] GC(95) Humongous regions: 129->129
[2023-01-28T23:33:08.851+0100][gc,metaspace] GC(95) Metaspace: 48432K(48960K)->48432K(48960K) NonClass: 43121K(43392K)->43121K(43392K) Class: 5311K(5568K)->5311K(5568K)
[2023-01-28T23:33:08.851+0100][gc          ] GC(95) Pause Young (Normal) (G1 Evacuation Pause) 772M->163M(1024M) 11.501ms
[2023-01-28T23:33:08.851+0100][gc,cpu      ] GC(95) User=0.02s Sys=0.03s Real=0.02s
[2023-01-28T23:33:17.808+0100][gc,start    ] GC(96) Pause Young (Normal) (G1 Evacuation Pause)
[2023-01-28T23:33:17.808+0100][gc,task     ] GC(96) Using 8 workers of 8 for evacuation
[2023-01-28T23:33:17.834+0100][gc,mmu      ] GC(96) MMU target violated: 21.0ms (20.0ms/21.0ms)
[2023-01-28T23:33:17.834+0100][gc,phases   ] GC(96)   Pre Evacuate Collection Set: 1.7ms
[2023-01-28T23:33:17.834+0100][gc,phases   ] GC(96)   Merge Heap Roots: 1.4ms
[2023-01-28T23:33:17.834+0100][gc,phases   ] GC(96)   Evacuate Collection Set: 20.7ms
[2023-01-28T23:33:17.834+0100][gc,phases   ] GC(96)   Post Evacuate Collection Set: 1.5ms
[2023-01-28T23:33:17.834+0100][gc,phases   ] GC(96)   Other: 0.7ms
[2023-01-28T23:33:17.834+0100][gc,heap     ] GC(96) Eden regions: 610->0(610)
[2023-01-28T23:33:17.834+0100][gc,heap     ] GC(96) Survivor regions: 4->4(77)
[2023-01-28T23:33:17.834+0100][gc,heap     ] GC(96) Old regions: 31->31
[2023-01-28T23:33:17.834+0100][gc,heap     ] GC(96) Archive regions: 0->0
[2023-01-28T23:33:17.834+0100][gc,heap     ] GC(96) Humongous regions: 129->129
[2023-01-28T23:33:17.834+0100][gc,metaspace] GC(96) Metaspace: 48433K(48960K)->48433K(48960K) NonClass: 43122K(43392K)->43122K(43392K) Class: 5311K(5568K)->5311K(5568K)
[2023-01-28T23:33:17.834+0100][gc          ] GC(96) Pause Young (Normal) (G1 Evacuation Pause) 773M->163M(1024M) 26.020ms
[2023-01-28T23:33:17.834+0100][gc,cpu      ] GC(96) User=0.02s Sys=0.04s Real=0.03s
[2023-01-28T23:33:26.004+0100][gc,start    ] GC(97) Pause Young (Normal) (G1 Evacuation Pause)
[2023-01-28T23:33:26.005+0100][gc,task     ] GC(97) Using 8 workers of 8 for evacuation
[2023-01-28T23:33:26.015+0100][gc,phases   ] GC(97)   Pre Evacuate Collection Set: 0.3ms
[2023-01-28T23:33:26.015+0100][gc,phases   ] GC(97)   Merge Heap Roots: 0.4ms
[2023-01-28T23:33:26.015+0100][gc,phases   ] GC(97)   Evacuate Collection Set: 8.5ms
[2023-01-28T23:33:26.015+0100][gc,phases   ] GC(97)   Post Evacuate Collection Set: 1.1ms
[2023-01-28T23:33:26.015+0100][gc,phases   ] GC(97)   Other: 0.5ms
[2023-01-28T23:33:26.015+0100][gc,heap     ] GC(97) Eden regions: 583->0(610)
[2023-01-28T23:33:26.015+0100][gc,heap     ] GC(97) Survivor regions: 4->4(74)
[2023-01-28T23:33:26.015+0100][gc,heap     ] GC(97) Old regions: 31->32
[2023-01-28T23:33:26.015+0100][gc,heap     ] GC(97) Archive regions: 0->0
[2023-01-28T23:33:26.015+0100][gc,heap     ] GC(97) Humongous regions: 129->129
[2023-01-28T23:33:26.015+0100][gc,metaspace] GC(97) Metaspace: 48434K(48960K)->48434K(48960K) NonClass: 43123K(43392K)->43123K(43392K) Class: 5311K(5568K)->5311K(5568K)
[2023-01-28T23:33:26.015+0100][gc          ] GC(97) Pause Young (Normal) (G1 Evacuation Pause) 746M->163M(1024M) 11.090ms
[2023-01-28T23:33:26.015+0100][gc,cpu      ] GC(97) User=0.02s Sys=0.02s Real=0.01s
[2023-01-28T23:33:33.900+0100][gc,start    ] GC(98) Pause Young (Normal) (G1 Evacuation Pause)
[2023-01-28T23:33:33.900+0100][gc,task     ] GC(98) Using 8 workers of 8 for evacuation
[2023-01-28T23:33:33.932+0100][gc,mmu      ] GC(98) MMU target violated: 21.0ms (20.0ms/21.0ms)
[2023-01-28T23:33:33.932+0100][gc,phases   ] GC(98)   Pre Evacuate Collection Set: 0.3ms
[2023-01-28T23:33:33.932+0100][gc,phases   ] GC(98)   Merge Heap Roots: 0.2ms
[2023-01-28T23:33:33.932+0100][gc,phases   ] GC(98)   Evacuate Collection Set: 28.1ms
[2023-01-28T23:33:33.932+0100][gc,phases   ] GC(98)   Post Evacuate Collection Set: 3.0ms
[2023-01-28T23:33:33.932+0100][gc,phases   ] GC(98)   Other: 0.7ms
[2023-01-28T23:33:33.932+0100][gc,heap     ] GC(98) Eden regions: 610->0(152)
[2023-01-28T23:33:33.932+0100][gc,heap     ] GC(98) Survivor regions: 4->4(77)
[2023-01-28T23:33:33.932+0100][gc,heap     ] GC(98) Old regions: 32->32
[2023-01-28T23:33:33.932+0100][gc,heap     ] GC(98) Archive regions: 0->0
[2023-01-28T23:33:33.932+0100][gc,heap     ] GC(98) Humongous regions: 129->129
[2023-01-28T23:33:33.932+0100][gc,metaspace] GC(98) Metaspace: 48438K(48960K)->48438K(48960K) NonClass: 43127K(43392K)->43127K(43392K) Class: 5311K(5568K)->5311K(5568K)
[2023-01-28T23:33:33.932+0100][gc          ] GC(98) Pause Young (Normal) (G1 Evacuation Pause) 773M->163M(1024M) 32.496ms
[2023-01-28T23:33:33.932+0100][gc,cpu      ] GC(98) User=0.02s Sys=0.04s Real=0.03s
[2023-01-28T23:33:35.725+0100][gc,start    ] GC(99) Pause Young (Normal) (G1 Evacuation Pause)
[2023-01-28T23:33:35.725+0100][gc,task     ] GC(99) Using 8 workers of 8 for evacuation
[2023-01-28T23:33:35.745+0100][gc,mmu      ] GC(99) MMU target violated: 20.3ms (20.0ms/21.0ms)
[2023-01-28T23:33:35.746+0100][gc,phases   ] GC(99)   Pre Evacuate Collection Set: 0.7ms
[2023-01-28T23:33:35.746+0100][gc,phases   ] GC(99)   Merge Heap Roots: 0.5ms
[2023-01-28T23:33:35.746+0100][gc,phases   ] GC(99)   Evacuate Collection Set: 16.8ms
[2023-01-28T23:33:35.746+0100][gc,phases   ] GC(99)   Post Evacuate Collection Set: 2.2ms
[2023-01-28T23:33:35.746+0100][gc,phases   ] GC(99)   Other: 0.8ms
[2023-01-28T23:33:35.746+0100][gc,heap     ] GC(99) Eden regions: 152->0(332)
[2023-01-28T23:33:35.746+0100][gc,heap     ] GC(99) Survivor regions: 4->4(20)
[2023-01-28T23:33:35.746+0100][gc,heap     ] GC(99) Old regions: 32->32
[2023-01-28T23:33:35.746+0100][gc,heap     ] GC(99) Archive regions: 0->0
[2023-01-28T23:33:35.746+0100][gc,heap     ] GC(99) Humongous regions: 129->129
[2023-01-28T23:33:35.746+0100][gc,metaspace] GC(99) Metaspace: 48438K(48960K)->48438K(48960K) NonClass: 43127K(43392K)->43127K(43392K) Class: 5311K(5568K)->5311K(5568K)
[2023-01-28T23:33:35.746+0100][gc          ] GC(99) Pause Young (Normal) (G1 Evacuation Pause) 315M->164M(1024M) 21.149ms
[2023-01-28T23:33:35.746+0100][gc,cpu      ] GC(99) User=0.02s Sys=0.02s Real=0.02s
[2023-01-28T23:33:36.644+0100][gc,start    ] GC(100) Pause Young (Normal) (G1 Evacuation Pause)
[2023-01-28T23:33:36.644+0100][gc,task     ] GC(100) Using 8 workers of 8 for evacuation
[2023-01-28T23:33:36.651+0100][gc,phases   ] GC(100)   Pre Evacuate Collection Set: 0.3ms
[2023-01-28T23:33:36.651+0100][gc,phases   ] GC(100)   Merge Heap Roots: 0.2ms
[2023-01-28T23:33:36.651+0100][gc,phases   ] GC(100)   Evacuate Collection Set: 5.2ms
[2023-01-28T23:33:36.651+0100][gc,phases   ] GC(100)   Post Evacuate Collection Set: 0.7ms
[2023-01-28T23:33:36.651+0100][gc,phases   ] GC(100)   Other: 0.3ms
[2023-01-28T23:33:36.651+0100][gc,heap     ] GC(100) Eden regions: 47->0(610)
[2023-01-28T23:33:36.651+0100][gc,heap     ] GC(100) Survivor regions: 4->4(7)
[2023-01-28T23:33:36.651+0100][gc,heap     ] GC(100) Old regions: 32->32
[2023-01-28T23:33:36.651+0100][gc,heap     ] GC(100) Archive regions: 0->0
[2023-01-28T23:33:36.651+0100][gc,heap     ] GC(100) Humongous regions: 129->129
[2023-01-28T23:33:36.651+0100][gc,metaspace] GC(100) Metaspace: 48438K(48960K)->48438K(48960K) NonClass: 43127K(43392K)->43127K(43392K) Class: 5311K(5568K)->5311K(5568K)
[2023-01-28T23:33:36.651+0100][gc          ] GC(100) Pause Young (Normal) (G1 Evacuation Pause) 211M->163M(1024M) 6.827ms
[2023-01-28T23:33:36.651+0100][gc,cpu      ] GC(100) User=0.02s Sys=0.01s Real=0.01s
[2023-01-28T23:33:44.520+0100][gc,start    ] GC(101) Pause Young (Normal) (G1 Evacuation Pause)
[2023-01-28T23:33:44.521+0100][gc,task     ] GC(101) Using 8 workers of 8 for evacuation
[2023-01-28T23:33:44.548+0100][gc,mmu      ] GC(101) MMU target violated: 21.0ms (20.0ms/21.0ms)
[2023-01-28T23:33:44.549+0100][gc,phases   ] GC(101)   Pre Evacuate Collection Set: 0.2ms
[2023-01-28T23:33:44.549+0100][gc,phases   ] GC(101)   Merge Heap Roots: 0.3ms
[2023-01-28T23:33:44.549+0100][gc,phases   ] GC(101)   Evacuate Collection Set: 23.4ms
[2023-01-28T23:33:44.549+0100][gc,phases   ] GC(101)   Post Evacuate Collection Set: 3.4ms
[2023-01-28T23:33:44.549+0100][gc,phases   ] GC(101)   Other: 0.8ms
[2023-01-28T23:33:44.549+0100][gc,heap     ] GC(101) Eden regions: 578->0(252)
[2023-01-28T23:33:44.549+0100][gc,heap     ] GC(101) Survivor regions: 4->4(73)
[2023-01-28T23:33:44.549+0100][gc,heap     ] GC(101) Old regions: 32->32
[2023-01-28T23:33:44.549+0100][gc,heap     ] GC(101) Archive regions: 0->0
[2023-01-28T23:33:44.549+0100][gc,heap     ] GC(101) Humongous regions: 129->129
[2023-01-28T23:33:44.549+0100][gc,metaspace] GC(101) Metaspace: 48438K(48960K)->48438K(48960K) NonClass: 43127K(43392K)->43127K(43392K) Class: 5311K(5568K)->5311K(5568K)
[2023-01-28T23:33:44.549+0100][gc          ] GC(101) Pause Young (Normal) (G1 Evacuation Pause) 741M->164M(1024M) 28.247ms
[2023-01-28T23:33:44.549+0100][gc,cpu      ] GC(101) User=0.02s Sys=0.04s Real=0.02s
[2023-01-28T23:33:48.346+0100][gc,start    ] GC(102) Pause Young (Normal) (G1 Evacuation Pause)
[2023-01-28T23:33:48.346+0100][gc,task     ] GC(102) Using 8 workers of 8 for evacuation
[2023-01-28T23:33:48.357+0100][gc,phases   ] GC(102)   Pre Evacuate Collection Set: 0.3ms
[2023-01-28T23:33:48.358+0100][gc,phases   ] GC(102)   Merge Heap Roots: 0.2ms
[2023-01-28T23:33:48.358+0100][gc,phases   ] GC(102)   Evacuate Collection Set: 8.5ms
[2023-01-28T23:33:48.358+0100][gc,phases   ] GC(102)   Post Evacuate Collection Set: 2.0ms
[2023-01-28T23:33:48.358+0100][gc,phases   ] GC(102)   Other: 0.2ms
[2023-01-28T23:33:48.358+0100][gc,heap     ] GC(102) Eden regions: 252->0(610)
[2023-01-28T23:33:48.358+0100][gc,heap     ] GC(102) Survivor regions: 4->4(32)
[2023-01-28T23:33:48.358+0100][gc,heap     ] GC(102) Old regions: 32->33
[2023-01-28T23:33:48.358+0100][gc,heap     ] GC(102) Archive regions: 0->0
[2023-01-28T23:33:48.358+0100][gc,heap     ] GC(102) Humongous regions: 129->129
[2023-01-28T23:33:48.358+0100][gc,metaspace] GC(102) Metaspace: 48438K(48960K)->48438K(48960K) NonClass: 43127K(43392K)->43127K(43392K) Class: 5311K(5568K)->5311K(5568K)
[2023-01-28T23:33:48.358+0100][gc          ] GC(102) Pause Young (Normal) (G1 Evacuation Pause) 416M->164M(1024M) 11.509ms
[2023-01-28T23:33:48.358+0100][gc,cpu      ] GC(102) User=0.02s Sys=0.02s Real=0.01s
[2023-01-28T23:33:57.452+0100][gc,start    ] GC(103) Pause Young (Normal) (G1 Evacuation Pause)
[2023-01-28T23:33:57.452+0100][gc,task     ] GC(103) Using 8 workers of 8 for evacuation
[2023-01-28T23:33:57.474+0100][gc,mmu      ] GC(103) MMU target violated: 21.0ms (20.0ms/21.0ms)
[2023-01-28T23:33:57.474+0100][gc,phases   ] GC(103)   Pre Evacuate Collection Set: 0.2ms
[2023-01-28T23:33:57.474+0100][gc,phases   ] GC(103)   Merge Heap Roots: 0.2ms
[2023-01-28T23:33:57.474+0100][gc,phases   ] GC(103)   Evacuate Collection Set: 19.5ms
[2023-01-28T23:33:57.474+0100][gc,phases   ] GC(103)   Post Evacuate Collection Set: 1.5ms
[2023-01-28T23:33:57.474+0100][gc,phases   ] GC(103)   Other: 0.5ms
[2023-01-28T23:33:57.474+0100][gc,heap     ] GC(103) Eden regions: 573->0(484)
[2023-01-28T23:33:57.474+0100][gc,heap     ] GC(103) Survivor regions: 4->4(73)
[2023-01-28T23:33:57.474+0100][gc,heap     ] GC(103) Old regions: 33->33
[2023-01-28T23:33:57.474+0100][gc,heap     ] GC(103) Archive regions: 0->0
[2023-01-28T23:33:57.474+0100][gc,heap     ] GC(103) Humongous regions: 129->129
[2023-01-28T23:33:57.474+0100][gc,metaspace] GC(103) Metaspace: 48438K(48960K)->48438K(48960K) NonClass: 43127K(43392K)->43127K(43392K) Class: 5311K(5568K)->5311K(5568K)
[2023-01-28T23:33:57.474+0100][gc          ] GC(103) Pause Young (Normal) (G1 Evacuation Pause) 737M->164M(1024M) 21.945ms
[2023-01-28T23:33:57.474+0100][gc,cpu      ] GC(103) User=0.02s Sys=0.04s Real=0.02s
[2023-01-28T23:34:03.234+0100][gc,start    ] GC(104) Pause Young (Normal) (G1 Evacuation Pause)
[2023-01-28T23:34:03.234+0100][gc,task     ] GC(104) Using 8 workers of 8 for evacuation
[2023-01-28T23:34:03.260+0100][gc,mmu      ] GC(104) MMU target violated: 21.0ms (20.0ms/21.0ms)
[2023-01-28T23:34:03.260+0100][gc,phases   ] GC(104)   Pre Evacuate Collection Set: 0.3ms
[2023-01-28T23:34:03.260+0100][gc,phases   ] GC(104)   Merge Heap Roots: 0.3ms
[2023-01-28T23:34:03.260+0100][gc,phases   ] GC(104)   Evacuate Collection Set: 22.4ms
[2023-01-28T23:34:03.260+0100][gc,phases   ] GC(104)   Post Evacuate Collection Set: 2.4ms
[2023-01-28T23:34:03.260+0100][gc,phases   ] GC(104)   Other: 0.6ms
[2023-01-28T23:34:03.260+0100][gc,heap     ] GC(104) Eden regions: 484->0(232)
[2023-01-28T23:34:03.260+0100][gc,heap     ] GC(104) Survivor regions: 4->4(61)
[2023-01-28T23:34:03.260+0100][gc,heap     ] GC(104) Old regions: 33->33
[2023-01-28T23:34:03.260+0100][gc,heap     ] GC(104) Archive regions: 0->0
[2023-01-28T23:34:03.260+0100][gc,heap     ] GC(104) Humongous regions: 129->129
[2023-01-28T23:34:03.260+0100][gc,metaspace] GC(104) Metaspace: 48438K(48960K)->48438K(48960K) NonClass: 43127K(43392K)->43127K(43392K) Class: 5311K(5568K)->5311K(5568K)
[2023-01-28T23:34:03.260+0100][gc          ] GC(104) Pause Young (Normal) (G1 Evacuation Pause) 648M->164M(1024M) 26.011ms
[2023-01-28T23:34:03.260+0100][gc,cpu      ] GC(104) User=0.02s Sys=0.04s Real=0.03s
[2023-01-28T23:34:05.844+0100][gc,start    ] GC(105) Pause Young (Normal) (G1 Evacuation Pause)
[2023-01-28T23:34:05.844+0100][gc,task     ] GC(105) Using 8 workers of 8 for evacuation
[2023-01-28T23:34:05.852+0100][gc,phases   ] GC(105)   Pre Evacuate Collection Set: 0.3ms
[2023-01-28T23:34:05.852+0100][gc,phases   ] GC(105)   Merge Heap Roots: 0.3ms
[2023-01-28T23:34:05.852+0100][gc,phases   ] GC(105)   Evacuate Collection Set: 6.4ms
[2023-01-28T23:34:05.852+0100][gc,phases   ] GC(105)   Post Evacuate Collection Set: 0.8ms
[2023-01-28T23:34:05.852+0100][gc,phases   ] GC(105)   Other: 0.3ms
[2023-01-28T23:34:05.852+0100][gc,heap     ] GC(105) Eden regions: 232->0(610)
[2023-01-28T23:34:05.852+0100][gc,heap     ] GC(105) Survivor regions: 4->4(30)
[2023-01-28T23:34:05.852+0100][gc,heap     ] GC(105) Old regions: 33->33
[2023-01-28T23:34:05.852+0100][gc,heap     ] GC(105) Archive regions: 0->0
[2023-01-28T23:34:05.852+0100][gc,heap     ] GC(105) Humongous regions: 129->129
[2023-01-28T23:34:05.852+0100][gc,metaspace] GC(105) Metaspace: 48438K(48960K)->48438K(48960K) NonClass: 43127K(43392K)->43127K(43392K) Class: 5311K(5568K)->5311K(5568K)
[2023-01-28T23:34:05.852+0100][gc          ] GC(105) Pause Young (Normal) (G1 Evacuation Pause) 396M->165M(1024M) 8.153ms
[2023-01-28T23:34:05.852+0100][gc,cpu      ] GC(105) User=0.01s Sys=0.02s Real=0.01s
[2023-01-28T23:34:13.118+0100][gc,start    ] GC(106) Pause Young (Normal) (G1 Evacuation Pause)
[2023-01-28T23:34:13.119+0100][gc,task     ] GC(106) Using 8 workers of 8 for evacuation
[2023-01-28T23:34:13.136+0100][gc,phases   ] GC(106)   Pre Evacuate Collection Set: 0.3ms
[2023-01-28T23:34:13.136+0100][gc,phases   ] GC(106)   Merge Heap Roots: 0.2ms
[2023-01-28T23:34:13.136+0100][gc,phases   ] GC(106)   Evacuate Collection Set: 14.7ms
[2023-01-28T23:34:13.136+0100][gc,phases   ] GC(106)   Post Evacuate Collection Set: 2.0ms
[2023-01-28T23:34:13.136+0100][gc,phases   ] GC(106)   Other: 0.4ms
[2023-01-28T23:34:13.136+0100][gc,heap     ] GC(106) Eden regions: 574->0(610)
[2023-01-28T23:34:13.136+0100][gc,heap     ] GC(106) Survivor regions: 4->4(73)
[2023-01-28T23:34:13.136+0100][gc,heap     ] GC(106) Old regions: 33->34
[2023-01-28T23:34:13.136+0100][gc,heap     ] GC(106) Archive regions: 0->0
[2023-01-28T23:34:13.136+0100][gc,heap     ] GC(106) Humongous regions: 129->129
[2023-01-28T23:34:13.136+0100][gc,metaspace] GC(106) Metaspace: 48438K(48960K)->48438K(48960K) NonClass: 43127K(43392K)->43127K(43392K) Class: 5311K(5568K)->5311K(5568K)
[2023-01-28T23:34:13.136+0100][gc          ] GC(106) Pause Young (Normal) (G1 Evacuation Pause) 739M->165M(1024M) 17.629ms
[2023-01-28T23:34:13.136+0100][gc,cpu      ] GC(106) User=0.01s Sys=0.04s Real=0.02s
[2023-01-28T23:34:20.648+0100][gc,start    ] GC(107) Pause Young (Normal) (G1 Evacuation Pause)
[2023-01-28T23:34:20.648+0100][gc,task     ] GC(107) Using 8 workers of 8 for evacuation
[2023-01-28T23:34:20.685+0100][gc,mmu      ] GC(107) MMU target violated: 21.0ms (20.0ms/21.0ms)
[2023-01-28T23:34:20.685+0100][gc,phases   ] GC(107)   Pre Evacuate Collection Set: 0.3ms
[2023-01-28T23:34:20.685+0100][gc,phases   ] GC(107)   Merge Heap Roots: 0.3ms
[2023-01-28T23:34:20.685+0100][gc,phases   ] GC(107)   Evacuate Collection Set: 30.2ms
[2023-01-28T23:34:20.685+0100][gc,phases   ] GC(107)   Post Evacuate Collection Set: 6.4ms
[2023-01-28T23:34:20.685+0100][gc,phases   ] GC(107)   Other: 0.6ms
[2023-01-28T23:34:20.685+0100][gc,heap     ] GC(107) Eden regions: 610->0(47)
[2023-01-28T23:34:20.685+0100][gc,heap     ] GC(107) Survivor regions: 4->4(77)
[2023-01-28T23:34:20.685+0100][gc,heap     ] GC(107) Old regions: 34->34
[2023-01-28T23:34:20.686+0100][gc,heap     ] GC(107) Archive regions: 0->0
[2023-01-28T23:34:20.686+0100][gc,heap     ] GC(107) Humongous regions: 129->129
[2023-01-28T23:34:20.686+0100][gc,metaspace] GC(107) Metaspace: 48438K(48960K)->48438K(48960K) NonClass: 43127K(43392K)->43127K(43392K) Class: 5311K(5568K)->5311K(5568K)
[2023-01-28T23:34:20.686+0100][gc          ] GC(107) Pause Young (Normal) (G1 Evacuation Pause) 775M->165M(1024M) 38.025ms
[2023-01-28T23:34:20.686+0100][gc,cpu      ] GC(107) User=0.02s Sys=0.04s Real=0.04s
[2023-01-28T23:34:21.686+0100][gc,start    ] GC(108) Pause Young (Normal) (G1 Evacuation Pause)
[2023-01-28T23:34:21.686+0100][gc,task     ] GC(108) Using 8 workers of 8 for evacuation
[2023-01-28T23:34:21.702+0100][gc,phases   ] GC(108)   Pre Evacuate Collection Set: 0.3ms
[2023-01-28T23:34:21.702+0100][gc,phases   ] GC(108)   Merge Heap Roots: 0.2ms
[2023-01-28T23:34:21.702+0100][gc,phases   ] GC(108)   Evacuate Collection Set: 12.7ms
[2023-01-28T23:34:21.702+0100][gc,phases   ] GC(108)   Post Evacuate Collection Set: 2.6ms
[2023-01-28T23:34:21.702+0100][gc,phases   ] GC(108)   Other: 0.4ms
[2023-01-28T23:34:21.702+0100][gc,heap     ] GC(108) Eden regions: 47->0(47)
[2023-01-28T23:34:21.702+0100][gc,heap     ] GC(108) Survivor regions: 4->4(7)
[2023-01-28T23:34:21.702+0100][gc,heap     ] GC(108) Old regions: 34->34
[2023-01-28T23:34:21.702+0100][gc,heap     ] GC(108) Archive regions: 0->0
[2023-01-28T23:34:21.702+0100][gc,heap     ] GC(108) Humongous regions: 129->129
[2023-01-28T23:34:21.702+0100][gc,metaspace] GC(108) Metaspace: 48438K(48960K)->48438K(48960K) NonClass: 43127K(43392K)->43127K(43392K) Class: 5311K(5568K)->5311K(5568K)
[2023-01-28T23:34:21.702+0100][gc          ] GC(108) Pause Young (Normal) (G1 Evacuation Pause) 212M->165M(1024M) 16.283ms
[2023-01-28T23:34:21.702+0100][gc,cpu      ] GC(108) User=0.01s Sys=0.02s Real=0.02s
[2023-01-28T23:34:22.408+0100][gc,start    ] GC(109) Pause Young (Normal) (G1 Evacuation Pause)
[2023-01-28T23:34:22.408+0100][gc,task     ] GC(109) Using 8 workers of 8 for evacuation
[2023-01-28T23:34:22.416+0100][gc,phases   ] GC(109)   Pre Evacuate Collection Set: 0.3ms
[2023-01-28T23:34:22.416+0100][gc,phases   ] GC(109)   Merge Heap Roots: 0.3ms
[2023-01-28T23:34:22.416+0100][gc,phases   ] GC(109)   Evacuate Collection Set: 6.4ms
[2023-01-28T23:34:22.416+0100][gc,phases   ] GC(109)   Post Evacuate Collection Set: 0.8ms
[2023-01-28T23:34:22.416+0100][gc,phases   ] GC(109)   Other: 0.4ms
[2023-01-28T23:34:22.416+0100][gc,heap     ] GC(109) Eden regions: 47->0(611)
[2023-01-28T23:34:22.416+0100][gc,heap     ] GC(109) Survivor regions: 4->3(7)
[2023-01-28T23:34:22.416+0100][gc,heap     ] GC(109) Old regions: 34->34
[2023-01-28T23:34:22.416+0100][gc,heap     ] GC(109) Archive regions: 0->0
[2023-01-28T23:34:22.416+0100][gc,heap     ] GC(109) Humongous regions: 129->129
[2023-01-28T23:34:22.416+0100][gc,metaspace] GC(109) Metaspace: 48438K(48960K)->48438K(48960K) NonClass: 43127K(43392K)->43127K(43392K) Class: 5311K(5568K)->5311K(5568K)
[2023-01-28T23:34:22.416+0100][gc          ] GC(109) Pause Young (Normal) (G1 Evacuation Pause) 212M->165M(1024M) 8.197ms
[2023-01-28T23:34:22.416+0100][gc,cpu      ] GC(109) User=0.02s Sys=0.01s Real=0.01s
[2023-01-28T23:34:29.378+0100][gc,start    ] GC(110) Pause Young (Normal) (G1 Evacuation Pause)
[2023-01-28T23:34:29.379+0100][gc,task     ] GC(110) Using 8 workers of 8 for evacuation
[2023-01-28T23:34:29.414+0100][gc,mmu      ] GC(110) MMU target violated: 21.0ms (20.0ms/21.0ms)
[2023-01-28T23:34:29.414+0100][gc,phases   ] GC(110)   Pre Evacuate Collection Set: 0.3ms
[2023-01-28T23:34:29.414+0100][gc,phases   ] GC(110)   Merge Heap Roots: 0.4ms
[2023-01-28T23:34:29.414+0100][gc,phases   ] GC(110)   Evacuate Collection Set: 31.2ms
[2023-01-28T23:34:29.414+0100][gc,phases   ] GC(110)   Post Evacuate Collection Set: 3.3ms
[2023-01-28T23:34:29.414+0100][gc,phases   ] GC(110)   Other: 0.6ms
[2023-01-28T23:34:29.414+0100][gc,heap     ] GC(110) Eden regions: 537->0(137)
[2023-01-28T23:34:29.414+0100][gc,heap     ] GC(110) Survivor regions: 3->3(68)
[2023-01-28T23:34:29.414+0100][gc,heap     ] GC(110) Old regions: 34->35
[2023-01-28T23:34:29.414+0100][gc,heap     ] GC(110) Archive regions: 0->0
[2023-01-28T23:34:29.414+0100][gc,heap     ] GC(110) Humongous regions: 129->129
[2023-01-28T23:34:29.414+0100][gc,metaspace] GC(110) Metaspace: 48438K(48960K)->48438K(48960K) NonClass: 43127K(43392K)->43127K(43392K) Class: 5311K(5568K)->5311K(5568K)
[2023-01-28T23:34:29.414+0100][gc          ] GC(110) Pause Young (Normal) (G1 Evacuation Pause) 702M->165M(1024M) 35.890ms
[2023-01-28T23:34:29.414+0100][gc,cpu      ] GC(110) User=0.02s Sys=0.04s Real=0.04s
[2023-01-28T23:34:31.787+0100][gc,start    ] GC(111) Pause Young (Normal) (G1 Evacuation Pause)
[2023-01-28T23:34:31.787+0100][gc,task     ] GC(111) Using 8 workers of 8 for evacuation
[2023-01-28T23:34:31.807+0100][gc,mmu      ] GC(111) MMU target violated: 20.3ms (20.0ms/21.0ms)
[2023-01-28T23:34:31.807+0100][gc,phases   ] GC(111)   Pre Evacuate Collection Set: 0.3ms
[2023-01-28T23:34:31.807+0100][gc,phases   ] GC(111)   Merge Heap Roots: 0.2ms
[2023-01-28T23:34:31.807+0100][gc,phases   ] GC(111)   Evacuate Collection Set: 15.6ms
[2023-01-28T23:34:31.807+0100][gc,phases   ] GC(111)   Post Evacuate Collection Set: 4.3ms
[2023-01-28T23:34:31.807+0100][gc,phases   ] GC(111)   Other: 0.3ms
[2023-01-28T23:34:31.807+0100][gc,heap     ] GC(111) Eden regions: 137->0(136)
[2023-01-28T23:34:31.807+0100][gc,heap     ] GC(111) Survivor regions: 3->3(18)
[2023-01-28T23:34:31.807+0100][gc,heap     ] GC(111) Old regions: 35->35
[2023-01-28T23:34:31.807+0100][gc,heap     ] GC(111) Archive regions: 0->0
[2023-01-28T23:34:31.807+0100][gc,heap     ] GC(111) Humongous regions: 129->129
[2023-01-28T23:34:31.807+0100][gc,metaspace] GC(111) Metaspace: 48438K(48960K)->48438K(48960K) NonClass: 43127K(43392K)->43127K(43392K) Class: 5311K(5568K)->5311K(5568K)
[2023-01-28T23:34:31.807+0100][gc          ] GC(111) Pause Young (Normal) (G1 Evacuation Pause) 302M->166M(1024M) 20.669ms
[2023-01-28T23:34:31.807+0100][gc,cpu      ] GC(111) User=0.02s Sys=0.02s Real=0.02s
[2023-01-28T23:34:33.244+0100][gc,start    ] GC(112) Pause Young (Normal) (G1 Evacuation Pause)
[2023-01-28T23:34:33.245+0100][gc,task     ] GC(112) Using 8 workers of 8 for evacuation
[2023-01-28T23:34:33.252+0100][gc,phases   ] GC(112)   Pre Evacuate Collection Set: 0.3ms
[2023-01-28T23:34:33.252+0100][gc,phases   ] GC(112)   Merge Heap Roots: 0.2ms
[2023-01-28T23:34:33.252+0100][gc,phases   ] GC(112)   Evacuate Collection Set: 5.8ms
[2023-01-28T23:34:33.252+0100][gc,phases   ] GC(112)   Post Evacuate Collection Set: 1.1ms
[2023-01-28T23:34:33.252+0100][gc,phases   ] GC(112)   Other: 0.4ms
[2023-01-28T23:34:33.252+0100][gc,heap     ] GC(112) Eden regions: 136->0(471)
[2023-01-28T23:34:33.252+0100][gc,heap     ] GC(112) Survivor regions: 3->3(18)
[2023-01-28T23:34:33.252+0100][gc,heap     ] GC(112) Old regions: 35->35
[2023-01-28T23:34:33.252+0100][gc,heap     ] GC(112) Archive regions: 0->0
[2023-01-28T23:34:33.252+0100][gc,heap     ] GC(112) Humongous regions: 129->129
[2023-01-28T23:34:33.252+0100][gc,metaspace] GC(112) Metaspace: 48438K(48960K)->48438K(48960K) NonClass: 43127K(43392K)->43127K(43392K) Class: 5311K(5568K)->5311K(5568K)
[2023-01-28T23:34:33.252+0100][gc          ] GC(112) Pause Young (Normal) (G1 Evacuation Pause) 302M->166M(1024M) 7.972ms
[2023-01-28T23:34:33.252+0100][gc,cpu      ] GC(112) User=0.02s Sys=0.01s Real=0.01s
[2023-01-28T23:34:39.301+0100][gc,start    ] GC(113) Pause Young (Normal) (G1 Evacuation Pause)
[2023-01-28T23:34:39.301+0100][gc,task     ] GC(113) Using 8 workers of 8 for evacuation
[2023-01-28T23:34:39.316+0100][gc,phases   ] GC(113)   Pre Evacuate Collection Set: 0.7ms
[2023-01-28T23:34:39.316+0100][gc,phases   ] GC(113)   Merge Heap Roots: 0.3ms
[2023-01-28T23:34:39.316+0100][gc,phases   ] GC(113)   Evacuate Collection Set: 12.1ms
[2023-01-28T23:34:39.316+0100][gc,phases   ] GC(113)   Post Evacuate Collection Set: 0.9ms
[2023-01-28T23:34:39.316+0100][gc,phases   ] GC(113)   Other: 0.7ms
[2023-01-28T23:34:39.316+0100][gc,heap     ] GC(113) Eden regions: 397->0(611)
[2023-01-28T23:34:39.316+0100][gc,heap     ] GC(113) Survivor regions: 3->3(50)
[2023-01-28T23:34:39.316+0100][gc,heap     ] GC(113) Old regions: 35->35
[2023-01-28T23:34:39.316+0100][gc,heap     ] GC(113) Archive regions: 0->0
[2023-01-28T23:34:39.316+0100][gc,heap     ] GC(113) Humongous regions: 129->129
[2023-01-28T23:34:39.316+0100][gc,metaspace] GC(113) Metaspace: 48438K(48960K)->48438K(48960K) NonClass: 43127K(43392K)->43127K(43392K) Class: 5311K(5568K)->5311K(5568K)
[2023-01-28T23:34:39.316+0100][gc          ] GC(113) Pause Young (Normal) (G1 Evacuation Pause) 563M->166M(1024M) 14.767ms
[2023-01-28T23:34:39.316+0100][gc,cpu      ] GC(113) User=0.02s Sys=0.03s Real=0.01s
[2023-01-28T23:34:44.163+0100][gc,start    ] GC(114) Pause Young (Normal) (G1 Evacuation Pause)
[2023-01-28T23:34:44.163+0100][gc,task     ] GC(114) Using 8 workers of 8 for evacuation
[2023-01-28T23:34:44.191+0100][gc,mmu      ] GC(114) MMU target violated: 21.0ms (20.0ms/21.0ms)
[2023-01-28T23:34:44.191+0100][gc,phases   ] GC(114)   Pre Evacuate Collection Set: 0.6ms
[2023-01-28T23:34:44.191+0100][gc,phases   ] GC(114)   Merge Heap Roots: 1.5ms
[2023-01-28T23:34:44.191+0100][gc,phases   ] GC(114)   Evacuate Collection Set: 24.1ms
[2023-01-28T23:34:44.191+0100][gc,phases   ] GC(114)   Post Evacuate Collection Set: 0.9ms
[2023-01-28T23:34:44.191+0100][gc,phases   ] GC(114)   Other: 0.5ms
[2023-01-28T23:34:44.191+0100][gc,heap     ] GC(114) Eden regions: 351->0(299)
[2023-01-28T23:34:44.191+0100][gc,heap     ] GC(114) Survivor regions: 3->3(45)
[2023-01-28T23:34:44.191+0100][gc,heap     ] GC(114) Old regions: 35->35
[2023-01-28T23:34:44.191+0100][gc,heap     ] GC(114) Archive regions: 0->0
[2023-01-28T23:34:44.191+0100][gc,heap     ] GC(114) Humongous regions: 129->129
[2023-01-28T23:34:44.191+0100][gc,metaspace] GC(114) Metaspace: 48438K(48960K)->48438K(48960K) NonClass: 43127K(43392K)->43127K(43392K) Class: 5311K(5568K)->5311K(5568K)
[2023-01-28T23:34:44.191+0100][gc          ] GC(114) Pause Young (Normal) (G1 Evacuation Pause) 517M->166M(1024M) 27.660ms
[2023-01-28T23:34:44.191+0100][gc,cpu      ] GC(114) User=0.01s Sys=0.04s Real=0.03s
[2023-01-28T23:34:47.870+0100][gc,start    ] GC(115) Pause Young (Normal) (G1 Evacuation Pause)
[2023-01-28T23:34:47.870+0100][gc,task     ] GC(115) Using 8 workers of 8 for evacuation
[2023-01-28T23:34:47.892+0100][gc,mmu      ] GC(115) MMU target violated: 21.0ms (20.0ms/21.0ms)
[2023-01-28T23:34:47.892+0100][gc,phases   ] GC(115)   Pre Evacuate Collection Set: 1.1ms
[2023-01-28T23:34:47.892+0100][gc,phases   ] GC(115)   Merge Heap Roots: 3.0ms
[2023-01-28T23:34:47.892+0100][gc,phases   ] GC(115)   Evacuate Collection Set: 16.1ms
[2023-01-28T23:34:47.892+0100][gc,phases   ] GC(115)   Post Evacuate Collection Set: 1.1ms
[2023-01-28T23:34:47.892+0100][gc,phases   ] GC(115)   Other: 1.1ms
[2023-01-28T23:34:47.892+0100][gc,heap     ] GC(115) Eden regions: 299->0(135)
[2023-01-28T23:34:47.892+0100][gc,heap     ] GC(115) Survivor regions: 3->3(38)
[2023-01-28T23:34:47.892+0100][gc,heap     ] GC(115) Old regions: 35->35
[2023-01-28T23:34:47.892+0100][gc,heap     ] GC(115) Archive regions: 0->0
[2023-01-28T23:34:47.892+0100][gc,heap     ] GC(115) Humongous regions: 129->129
[2023-01-28T23:34:47.892+0100][gc,metaspace] GC(115) Metaspace: 48438K(48960K)->48438K(48960K) NonClass: 43127K(43392K)->43127K(43392K) Class: 5311K(5568K)->5311K(5568K)
[2023-01-28T23:34:47.892+0100][gc          ] GC(115) Pause Young (Normal) (G1 Evacuation Pause) 465M->166M(1024M) 22.346ms
[2023-01-28T23:34:47.892+0100][gc,cpu      ] GC(115) User=0.02s Sys=0.03s Real=0.02s
[2023-01-28T23:34:50.633+0100][gc,start    ] GC(116) Pause Young (Normal) (G1 Evacuation Pause)
[2023-01-28T23:34:50.635+0100][gc,task     ] GC(116) Using 8 workers of 8 for evacuation
[2023-01-28T23:34:50.654+0100][gc,phases   ] GC(116)   Pre Evacuate Collection Set: 0.3ms
[2023-01-28T23:34:50.654+0100][gc,phases   ] GC(116)   Merge Heap Roots: 0.2ms
[2023-01-28T23:34:50.654+0100][gc,phases   ] GC(116)   Evacuate Collection Set: 15.3ms
[2023-01-28T23:34:50.654+0100][gc,phases   ] GC(116)   Post Evacuate Collection Set: 2.2ms
[2023-01-28T23:34:50.654+0100][gc,phases   ] GC(116)   Other: 2.2ms
[2023-01-28T23:34:50.654+0100][gc,heap     ] GC(116) Eden regions: 135->0(308)
[2023-01-28T23:34:50.654+0100][gc,heap     ] GC(116) Survivor regions: 3->3(18)
[2023-01-28T23:34:50.654+0100][gc,heap     ] GC(116) Old regions: 35->36
[2023-01-28T23:34:50.654+0100][gc,heap     ] GC(116) Archive regions: 0->0
[2023-01-28T23:34:50.654+0100][gc,heap     ] GC(116) Humongous regions: 129->129
[2023-01-28T23:34:50.654+0100][gc,metaspace] GC(116) Metaspace: 48438K(48960K)->48438K(48960K) NonClass: 43127K(43392K)->43127K(43392K) Class: 5311K(5568K)->5311K(5568K)
[2023-01-28T23:34:50.654+0100][gc          ] GC(116) Pause Young (Normal) (G1 Evacuation Pause) 301M->166M(1024M) 20.324ms
[2023-01-28T23:34:50.654+0100][gc,cpu      ] GC(116) User=0.02s Sys=0.03s Real=0.02s
[2023-01-28T23:34:51.243+0100][gc,start    ] GC(117) Pause Young (Normal) (G1 Evacuation Pause)
[2023-01-28T23:34:51.243+0100][gc,task     ] GC(117) Using 8 workers of 8 for evacuation
[2023-01-28T23:34:51.247+0100][gc,phases   ] GC(117)   Pre Evacuate Collection Set: 0.2ms
[2023-01-28T23:34:51.247+0100][gc,phases   ] GC(117)   Merge Heap Roots: 0.1ms
[2023-01-28T23:34:51.247+0100][gc,phases   ] GC(117)   Evacuate Collection Set: 2.7ms
[2023-01-28T23:34:51.247+0100][gc,phases   ] GC(117)   Post Evacuate Collection Set: 0.4ms
[2023-01-28T23:34:51.247+0100][gc,phases   ] GC(117)   Other: 0.1ms
[2023-01-28T23:34:51.247+0100][gc,heap     ] GC(117) Eden regions: 48->0(611)
[2023-01-28T23:34:51.247+0100][gc,heap     ] GC(117) Survivor regions: 3->3(7)
[2023-01-28T23:34:51.247+0100][gc,heap     ] GC(117) Old regions: 36->36
[2023-01-28T23:34:51.247+0100][gc,heap     ] GC(117) Archive regions: 0->0
[2023-01-28T23:34:51.247+0100][gc,heap     ] GC(117) Humongous regions: 129->129
[2023-01-28T23:34:51.247+0100][gc,metaspace] GC(117) Metaspace: 48438K(48960K)->48438K(48960K) NonClass: 43127K(43392K)->43127K(43392K) Class: 5311K(5568K)->5311K(5568K)
[2023-01-28T23:34:51.247+0100][gc          ] GC(117) Pause Young (Normal) (G1 Evacuation Pause) 214M->166M(1024M) 3.542ms
[2023-01-28T23:34:51.247+0100][gc,cpu      ] GC(117) User=0.02s Sys=0.00s Real=0.00s
[2023-01-28T23:34:54.746+0100][gc,start    ] GC(118) Pause Young (Normal) (G1 Evacuation Pause)
[2023-01-28T23:34:54.746+0100][gc,task     ] GC(118) Using 8 workers of 8 for evacuation
[2023-01-28T23:34:54.767+0100][gc,mmu      ] GC(118) MMU target violated: 20.9ms (20.0ms/21.0ms)
[2023-01-28T23:34:54.767+0100][gc,phases   ] GC(118)   Pre Evacuate Collection Set: 0.9ms
[2023-01-28T23:34:54.767+0100][gc,phases   ] GC(118)   Merge Heap Roots: 0.2ms
[2023-01-28T23:34:54.767+0100][gc,phases   ] GC(118)   Evacuate Collection Set: 18.4ms
[2023-01-28T23:34:54.767+0100][gc,phases   ] GC(118)   Post Evacuate Collection Set: 1.4ms
[2023-01-28T23:34:54.767+0100][gc,phases   ] GC(118)   Other: 0.3ms
[2023-01-28T23:34:54.767+0100][gc,heap     ] GC(118) Eden regions: 302->0(611)
[2023-01-28T23:34:54.767+0100][gc,heap     ] GC(118) Survivor regions: 3->3(39)
[2023-01-28T23:34:54.767+0100][gc,heap     ] GC(118) Old regions: 36->36
[2023-01-28T23:34:54.767+0100][gc,heap     ] GC(118) Archive regions: 0->0
[2023-01-28T23:34:54.767+0100][gc,heap     ] GC(118) Humongous regions: 129->129
[2023-01-28T23:34:54.767+0100][gc,metaspace] GC(118) Metaspace: 48438K(48960K)->48438K(48960K) NonClass: 43127K(43392K)->43127K(43392K) Class: 5311K(5568K)->5311K(5568K)
[2023-01-28T23:34:54.767+0100][gc          ] GC(118) Pause Young (Normal) (G1 Evacuation Pause) 468M->166M(1024M) 21.272ms
[2023-01-28T23:34:54.767+0100][gc,cpu      ] GC(118) User=0.02s Sys=0.01s Real=0.02s
[2023-01-28T23:35:47.960+0100][gc,start    ] GC(119) Pause Young (Normal) (G1 Evacuation Pause)
[2023-01-28T23:35:47.961+0100][gc,task     ] GC(119) Using 8 workers of 8 for evacuation
[2023-01-28T23:35:47.990+0100][gc,mmu      ] GC(119) MMU target violated: 21.0ms (20.0ms/21.0ms)
[2023-01-28T23:35:47.990+0100][gc,phases   ] GC(119)   Pre Evacuate Collection Set: 0.9ms
[2023-01-28T23:35:47.990+0100][gc,phases   ] GC(119)   Merge Heap Roots: 1.1ms
[2023-01-28T23:35:47.990+0100][gc,phases   ] GC(119)   Evacuate Collection Set: 25.0ms
[2023-01-28T23:35:47.990+0100][gc,phases   ] GC(119)   Post Evacuate Collection Set: 1.8ms
[2023-01-28T23:35:47.990+0100][gc,phases   ] GC(119)   Other: 1.2ms
[2023-01-28T23:35:47.990+0100][gc,heap     ] GC(119) Eden regions: 529->0(372)
[2023-01-28T23:35:47.990+0100][gc,heap     ] GC(119) Survivor regions: 3->3(67)
[2023-01-28T23:35:47.990+0100][gc,heap     ] GC(119) Old regions: 36->36
[2023-01-28T23:35:47.990+0100][gc,heap     ] GC(119) Archive regions: 0->0
[2023-01-28T23:35:47.990+0100][gc,heap     ] GC(119) Humongous regions: 129->129
[2023-01-28T23:35:47.990+0100][gc,metaspace] GC(119) Metaspace: 48441K(48960K)->48441K(48960K) NonClass: 43129K(43392K)->43129K(43392K) Class: 5311K(5568K)->5311K(5568K)
[2023-01-28T23:35:47.990+0100][gc          ] GC(119) Pause Young (Normal) (G1 Evacuation Pause) 695M->167M(1024M) 30.109ms
[2023-01-28T23:35:47.990+0100][gc,cpu      ] GC(119) User=0.02s Sys=0.04s Real=0.03s
[2023-01-28T23:35:51.931+0100][gc,start    ] GC(120) Pause Young (Normal) (G1 Evacuation Pause)
[2023-01-28T23:35:51.931+0100][gc,task     ] GC(120) Using 8 workers of 8 for evacuation
[2023-01-28T23:35:51.938+0100][gc,phases   ] GC(120)   Pre Evacuate Collection Set: 0.2ms
[2023-01-28T23:35:51.938+0100][gc,phases   ] GC(120)   Merge Heap Roots: 0.2ms
[2023-01-28T23:35:51.938+0100][gc,phases   ] GC(120)   Evacuate Collection Set: 5.5ms
[2023-01-28T23:35:51.938+0100][gc,phases   ] GC(120)   Post Evacuate Collection Set: 0.5ms
[2023-01-28T23:35:51.938+0100][gc,phases   ] GC(120)   Other: 0.2ms
[2023-01-28T23:35:51.938+0100][gc,heap     ] GC(120) Eden regions: 202->0(611)
[2023-01-28T23:35:51.938+0100][gc,heap     ] GC(120) Survivor regions: 3->3(26)
[2023-01-28T23:35:51.938+0100][gc,heap     ] GC(120) Old regions: 36->37
[2023-01-28T23:35:51.938+0100][gc,heap     ] GC(120) Archive regions: 0->0
[2023-01-28T23:35:51.938+0100][gc,heap     ] GC(120) Humongous regions: 129->129
[2023-01-28T23:35:51.938+0100][gc,metaspace] GC(120) Metaspace: 48441K(48960K)->48441K(48960K) NonClass: 43129K(43392K)->43129K(43392K) Class: 5311K(5568K)->5311K(5568K)
[2023-01-28T23:35:51.938+0100][gc          ] GC(120) Pause Young (Normal) (G1 Evacuation Pause) 369M->167M(1024M) 6.652ms
[2023-01-28T23:35:51.938+0100][gc,cpu      ] GC(120) User=0.01s Sys=0.02s Real=0.00s
[2023-01-28T23:35:56.097+0100][gc,start    ] GC(121) Pause Young (Normal) (G1 Evacuation Pause)
[2023-01-28T23:35:56.097+0100][gc,task     ] GC(121) Using 8 workers of 8 for evacuation
[2023-01-28T23:35:56.114+0100][gc,phases   ] GC(121)   Pre Evacuate Collection Set: 0.3ms
[2023-01-28T23:35:56.114+0100][gc,phases   ] GC(121)   Merge Heap Roots: 0.2ms
[2023-01-28T23:35:56.114+0100][gc,phases   ] GC(121)   Evacuate Collection Set: 15.1ms
[2023-01-28T23:35:56.114+0100][gc,phases   ] GC(121)   Post Evacuate Collection Set: 1.6ms
[2023-01-28T23:35:56.114+0100][gc,phases   ] GC(121)   Other: 0.5ms
[2023-01-28T23:35:56.114+0100][gc,heap     ] GC(121) Eden regions: 283->0(611)
[2023-01-28T23:35:56.114+0100][gc,heap     ] GC(121) Survivor regions: 3->3(36)
[2023-01-28T23:35:56.114+0100][gc,heap     ] GC(121) Old regions: 37->37
[2023-01-28T23:35:56.114+0100][gc,heap     ] GC(121) Archive regions: 0->0
[2023-01-28T23:35:56.114+0100][gc,heap     ] GC(121) Humongous regions: 129->129
[2023-01-28T23:35:56.114+0100][gc,metaspace] GC(121) Metaspace: 48441K(48960K)->48441K(48960K) NonClass: 43129K(43392K)->43129K(43392K) Class: 5311K(5568K)->5311K(5568K)
[2023-01-28T23:35:56.114+0100][gc          ] GC(121) Pause Young (Normal) (G1 Evacuation Pause) 450M->167M(1024M) 17.792ms
[2023-01-28T23:35:56.114+0100][gc,cpu      ] GC(121) User=0.02s Sys=0.03s Real=0.02s
[2023-01-28T23:36:01.855+0100][gc,start    ] GC(122) Pause Young (Normal) (G1 Evacuation Pause)
[2023-01-28T23:36:01.855+0100][gc,task     ] GC(122) Using 8 workers of 8 for evacuation
[2023-01-28T23:36:01.865+0100][gc,phases   ] GC(122)   Pre Evacuate Collection Set: 0.4ms
[2023-01-28T23:36:01.865+0100][gc,phases   ] GC(122)   Merge Heap Roots: 0.2ms
[2023-01-28T23:36:01.865+0100][gc,phases   ] GC(122)   Evacuate Collection Set: 8.3ms
[2023-01-28T23:36:01.865+0100][gc,phases   ] GC(122)   Post Evacuate Collection Set: 0.8ms
[2023-01-28T23:36:01.865+0100][gc,phases   ] GC(122)   Other: 0.2ms
[2023-01-28T23:36:01.865+0100][gc,heap     ] GC(122) Eden regions: 429->0(611)
[2023-01-28T23:36:01.865+0100][gc,heap     ] GC(122) Survivor regions: 3->3(54)
[2023-01-28T23:36:01.865+0100][gc,heap     ] GC(122) Old regions: 37->37
[2023-01-28T23:36:01.865+0100][gc,heap     ] GC(122) Archive regions: 0->0
[2023-01-28T23:36:01.865+0100][gc,heap     ] GC(122) Humongous regions: 129->129
[2023-01-28T23:36:01.865+0100][gc,metaspace] GC(122) Metaspace: 48441K(48960K)->48441K(48960K) NonClass: 43129K(43392K)->43129K(43392K) Class: 5311K(5568K)->5311K(5568K)
[2023-01-28T23:36:01.865+0100][gc          ] GC(122) Pause Young (Normal) (G1 Evacuation Pause) 596M->168M(1024M) 10.052ms
[2023-01-28T23:36:01.865+0100][gc,cpu      ] GC(122) User=0.01s Sys=0.02s Real=0.01s
[2023-01-28T23:36:11.945+0100][gc,start    ] GC(123) Pause Young (Normal) (G1 Evacuation Pause)
[2023-01-28T23:36:11.946+0100][gc,task     ] GC(123) Using 8 workers of 8 for evacuation
[2023-01-28T23:36:11.972+0100][gc,mmu      ] GC(123) MMU target violated: 21.0ms (20.0ms/21.0ms)
[2023-01-28T23:36:11.972+0100][gc,phases   ] GC(123)   Pre Evacuate Collection Set: 0.2ms
[2023-01-28T23:36:11.972+0100][gc,phases   ] GC(123)   Merge Heap Roots: 0.2ms
[2023-01-28T23:36:11.972+0100][gc,phases   ] GC(123)   Evacuate Collection Set: 24.6ms
[2023-01-28T23:36:11.972+0100][gc,phases   ] GC(123)   Post Evacuate Collection Set: 0.9ms
[2023-01-28T23:36:11.972+0100][gc,phases   ] GC(123)   Other: 0.7ms
[2023-01-28T23:36:11.972+0100][gc,heap     ] GC(123) Eden regions: 552->0(303)
[2023-01-28T23:36:11.972+0100][gc,heap     ] GC(123) Survivor regions: 3->3(70)
[2023-01-28T23:36:11.972+0100][gc,heap     ] GC(123) Old regions: 37->37
[2023-01-28T23:36:11.972+0100][gc,heap     ] GC(123) Archive regions: 0->0
[2023-01-28T23:36:11.972+0100][gc,heap     ] GC(123) Humongous regions: 129->129
[2023-01-28T23:36:11.972+0100][gc,metaspace] GC(123) Metaspace: 48441K(48960K)->48441K(48960K) NonClass: 43129K(43392K)->43129K(43392K) Class: 5311K(5568K)->5311K(5568K)
[2023-01-28T23:36:11.972+0100][gc          ] GC(123) Pause Young (Normal) (G1 Evacuation Pause) 720M->168M(1024M) 26.626ms
[2023-01-28T23:36:11.972+0100][gc,cpu      ] GC(123) User=0.02s Sys=0.04s Real=0.03s
[2023-01-28T23:36:19.147+0100][gc,start    ] GC(124) Pause Young (Normal) (G1 Evacuation Pause)
[2023-01-28T23:36:19.148+0100][gc,task     ] GC(124) Using 8 workers of 8 for evacuation
[2023-01-28T23:36:19.166+0100][gc,phases   ] GC(124)   Pre Evacuate Collection Set: 0.5ms
[2023-01-28T23:36:19.167+0100][gc,phases   ] GC(124)   Merge Heap Roots: 0.3ms
[2023-01-28T23:36:19.167+0100][gc,phases   ] GC(124)   Evacuate Collection Set: 14.9ms
[2023-01-28T23:36:19.167+0100][gc,phases   ] GC(124)   Post Evacuate Collection Set: 2.6ms
[2023-01-28T23:36:19.167+0100][gc,phases   ] GC(124)   Other: 0.5ms
[2023-01-28T23:36:19.167+0100][gc,heap     ] GC(124) Eden regions: 303->0(47)
[2023-01-28T23:36:19.167+0100][gc,heap     ] GC(124) Survivor regions: 3->4(39)
[2023-01-28T23:36:19.167+0100][gc,heap     ] GC(124) Old regions: 37->37
[2023-01-28T23:36:19.167+0100][gc,heap     ] GC(124) Archive regions: 0->0
[2023-01-28T23:36:19.167+0100][gc,heap     ] GC(124) Humongous regions: 129->129
[2023-01-28T23:36:19.167+0100][gc,metaspace] GC(124) Metaspace: 48446K(49024K)->48446K(49024K) NonClass: 43134K(43456K)->43134K(43456K) Class: 5311K(5568K)->5311K(5568K)
[2023-01-28T23:36:19.167+0100][gc          ] GC(124) Pause Young (Normal) (G1 Evacuation Pause) 471M->168M(1024M) 19.200ms
[2023-01-28T23:36:19.167+0100][gc,cpu      ] GC(124) User=0.02s Sys=0.03s Real=0.02s
[2023-01-28T23:36:19.858+0100][gc,start    ] GC(125) Pause Young (Normal) (G1 Evacuation Pause)
[2023-01-28T23:36:19.859+0100][gc,task     ] GC(125) Using 8 workers of 8 for evacuation
[2023-01-28T23:36:19.870+0100][gc,phases   ] GC(125)   Pre Evacuate Collection Set: 0.4ms
[2023-01-28T23:36:19.870+0100][gc,phases   ] GC(125)   Merge Heap Roots: 0.4ms
[2023-01-28T23:36:19.870+0100][gc,phases   ] GC(125)   Evacuate Collection Set: 9.6ms
[2023-01-28T23:36:19.870+0100][gc,phases   ] GC(125)   Post Evacuate Collection Set: 0.8ms
[2023-01-28T23:36:19.870+0100][gc,phases   ] GC(125)   Other: 0.3ms
[2023-01-28T23:36:19.870+0100][gc,heap     ] GC(125) Eden regions: 47->0(543)
[2023-01-28T23:36:19.870+0100][gc,heap     ] GC(125) Survivor regions: 4->3(7)
[2023-01-28T23:36:19.870+0100][gc,heap     ] GC(125) Old regions: 37->37
[2023-01-28T23:36:19.870+0100][gc,heap     ] GC(125) Archive regions: 0->0
[2023-01-28T23:36:19.870+0100][gc,heap     ] GC(125) Humongous regions: 129->129
[2023-01-28T23:36:19.870+0100][gc,metaspace] GC(125) Metaspace: 48446K(49024K)->48446K(49024K) NonClass: 43134K(43456K)->43134K(43456K) Class: 5311K(5568K)->5311K(5568K)
[2023-01-28T23:36:19.870+0100][gc          ] GC(125) Pause Young (Normal) (G1 Evacuation Pause) 215M->168M(1024M) 11.543ms
[2023-01-28T23:36:19.870+0100][gc,cpu      ] GC(125) User=0.02s Sys=0.02s Real=0.02s
[2023-01-28T23:36:24.708+0100][gc,start    ] GC(126) Pause Young (Normal) (G1 Evacuation Pause)
[2023-01-28T23:36:24.708+0100][gc,task     ] GC(126) Using 8 workers of 8 for evacuation
[2023-01-28T23:36:24.717+0100][gc,phases   ] GC(126)   Pre Evacuate Collection Set: 0.3ms
[2023-01-28T23:36:24.717+0100][gc,phases   ] GC(126)   Merge Heap Roots: 0.2ms
[2023-01-28T23:36:24.717+0100][gc,phases   ] GC(126)   Evacuate Collection Set: 7.1ms
[2023-01-28T23:36:24.717+0100][gc,phases   ] GC(126)   Post Evacuate Collection Set: 0.9ms
[2023-01-28T23:36:24.717+0100][gc,phases   ] GC(126)   Other: 0.7ms
[2023-01-28T23:36:24.717+0100][gc,heap     ] GC(126) Eden regions: 295->0(611)
[2023-01-28T23:36:24.717+0100][gc,heap     ] GC(126) Survivor regions: 3->3(38)
[2023-01-28T23:36:24.717+0100][gc,heap     ] GC(126) Old regions: 37->38
[2023-01-28T23:36:24.717+0100][gc,heap     ] GC(126) Archive regions: 0->0
[2023-01-28T23:36:24.717+0100][gc,heap     ] GC(126) Humongous regions: 129->129
[2023-01-28T23:36:24.717+0100][gc,metaspace] GC(126) Metaspace: 48446K(49024K)->48446K(49024K) NonClass: 43134K(43456K)->43134K(43456K) Class: 5311K(5568K)->5311K(5568K)
[2023-01-28T23:36:24.717+0100][gc          ] GC(126) Pause Young (Normal) (G1 Evacuation Pause) 463M->169M(1024M) 9.441ms
[2023-01-28T23:36:24.717+0100][gc,cpu      ] GC(126) User=0.02s Sys=0.02s Real=0.01s
[2023-01-28T23:36:33.531+0100][gc,start    ] GC(127) Pause Young (Normal) (G1 Evacuation Pause)
[2023-01-28T23:36:33.532+0100][gc,task     ] GC(127) Using 8 workers of 8 for evacuation
[2023-01-28T23:36:33.561+0100][gc,mmu      ] GC(127) MMU target violated: 21.0ms (20.0ms/21.0ms)
[2023-01-28T23:36:33.561+0100][gc,phases   ] GC(127)   Pre Evacuate Collection Set: 1.3ms
[2023-01-28T23:36:33.561+0100][gc,phases   ] GC(127)   Merge Heap Roots: 1.4ms
[2023-01-28T23:36:33.561+0100][gc,phases   ] GC(127)   Evacuate Collection Set: 25.3ms
[2023-01-28T23:36:33.561+0100][gc,phases   ] GC(127)   Post Evacuate Collection Set: 0.9ms
[2023-01-28T23:36:33.561+0100][gc,phases   ] GC(127)   Other: 1.2ms
[2023-01-28T23:36:33.561+0100][gc,heap     ] GC(127) Eden regions: 611->0(47)
[2023-01-28T23:36:33.561+0100][gc,heap     ] GC(127) Survivor regions: 3->4(77)
[2023-01-28T23:36:33.561+0100][gc,heap     ] GC(127) Old regions: 38->38
[2023-01-28T23:36:33.561+0100][gc,heap     ] GC(127) Archive regions: 0->0
[2023-01-28T23:36:33.561+0100][gc,heap     ] GC(127) Humongous regions: 129->129
[2023-01-28T23:36:33.561+0100][gc,metaspace] GC(127) Metaspace: 48446K(49024K)->48446K(49024K) NonClass: 43134K(43456K)->43134K(43456K) Class: 5311K(5568K)->5311K(5568K)
[2023-01-28T23:36:33.561+0100][gc          ] GC(127) Pause Young (Normal) (G1 Evacuation Pause) 780M->169M(1024M) 30.097ms
[2023-01-28T23:36:33.561+0100][gc,cpu      ] GC(127) User=0.02s Sys=0.06s Real=0.03s
[2023-01-28T23:36:34.064+0100][gc,start    ] GC(128) Pause Young (Normal) (G1 Evacuation Pause)
[2023-01-28T23:36:34.064+0100][gc,task     ] GC(128) Using 8 workers of 8 for evacuation
[2023-01-28T23:36:34.069+0100][gc,phases   ] GC(128)   Pre Evacuate Collection Set: 0.3ms
[2023-01-28T23:36:34.069+0100][gc,phases   ] GC(128)   Merge Heap Roots: 0.1ms
[2023-01-28T23:36:34.069+0100][gc,phases   ] GC(128)   Evacuate Collection Set: 3.7ms
[2023-01-28T23:36:34.069+0100][gc,phases   ] GC(128)   Post Evacuate Collection Set: 0.3ms
[2023-01-28T23:36:34.069+0100][gc,phases   ] GC(128)   Other: 0.1ms
[2023-01-28T23:36:34.069+0100][gc,heap     ] GC(128) Eden regions: 47->0(516)
[2023-01-28T23:36:34.069+0100][gc,heap     ] GC(128) Survivor regions: 4->4(7)
[2023-01-28T23:36:34.069+0100][gc,heap     ] GC(128) Old regions: 38->38
[2023-01-28T23:36:34.069+0100][gc,heap     ] GC(128) Archive regions: 0->0
[2023-01-28T23:36:34.069+0100][gc,heap     ] GC(128) Humongous regions: 129->129
[2023-01-28T23:36:34.069+0100][gc,metaspace] GC(128) Metaspace: 48446K(49024K)->48446K(49024K) NonClass: 43134K(43456K)->43134K(43456K) Class: 5311K(5568K)->5311K(5568K)
[2023-01-28T23:36:34.069+0100][gc          ] GC(128) Pause Young (Normal) (G1 Evacuation Pause) 216M->169M(1024M) 4.585ms
[2023-01-28T23:36:34.069+0100][gc,cpu      ] GC(128) User=0.02s Sys=0.00s Real=0.00s
[2023-01-28T23:36:38.016+0100][gc,start    ] GC(129) Pause Young (Normal) (G1 Evacuation Pause)
[2023-01-28T23:36:38.016+0100][gc,task     ] GC(129) Using 8 workers of 8 for evacuation
[2023-01-28T23:36:38.028+0100][gc,phases   ] GC(129)   Pre Evacuate Collection Set: 0.7ms
[2023-01-28T23:36:38.028+0100][gc,phases   ] GC(129)   Merge Heap Roots: 0.5ms
[2023-01-28T23:36:38.028+0100][gc,phases   ] GC(129)   Evacuate Collection Set: 9.5ms
[2023-01-28T23:36:38.028+0100][gc,phases   ] GC(129)   Post Evacuate Collection Set: 0.7ms
[2023-01-28T23:36:38.028+0100][gc,phases   ] GC(129)   Other: 0.6ms
[2023-01-28T23:36:38.028+0100][gc,heap     ] GC(129) Eden regions: 286->0(610)
[2023-01-28T23:36:38.028+0100][gc,heap     ] GC(129) Survivor regions: 4->4(37)
[2023-01-28T23:36:38.028+0100][gc,heap     ] GC(129) Old regions: 38->38
[2023-01-28T23:36:38.028+0100][gc,heap     ] GC(129) Archive regions: 0->0
[2023-01-28T23:36:38.028+0100][gc,heap     ] GC(129) Humongous regions: 129->129
[2023-01-28T23:36:38.028+0100][gc,metaspace] GC(129) Metaspace: 48447K(49024K)->48447K(49024K) NonClass: 43135K(43456K)->43135K(43456K) Class: 5311K(5568K)->5311K(5568K)
[2023-01-28T23:36:38.028+0100][gc          ] GC(129) Pause Young (Normal) (G1 Evacuation Pause) 455M->169M(1024M) 11.980ms
[2023-01-28T23:36:38.028+0100][gc,cpu      ] GC(129) User=0.01s Sys=0.02s Real=0.01s
[2023-01-28T23:37:27.468+0100][gc,heap,exit] Heap
[2023-01-28T23:37:27.470+0100][gc,heap,exit]  garbage-first heap   total 1048576K, used 522470K [0x00000007c0000000, 0x0000000800000000)
[2023-01-28T23:37:27.470+0100][gc,heap,exit]   region size 1024K, 345 young (353280K), 4 survivors (4096K)
[2023-01-28T23:37:27.470+0100][gc,heap,exit]  Metaspace       used 49223K, committed 49728K, reserved 1097728K
[2023-01-28T23:37:27.470+0100][gc,heap,exit]   class space    used 5487K, committed 5696K, reserved 1048576K
