[2023-01-28T23:39:20.416+0100][gc] Using G1
[2023-01-28T23:39:20.417+0100][gc,init] Version: 17.0.6+10 (release)
[2023-01-28T23:39:20.417+0100][gc,init] CPUs: 8 total, 8 available
[2023-01-28T23:39:20.417+0100][gc,init] Memory: 8192M
[2023-01-28T23:39:20.417+0100][gc,init] Large Page Support: Disabled
[2023-01-28T23:39:20.417+0100][gc,init] NUMA Support: Disabled
[2023-01-28T23:39:20.417+0100][gc,init] Compressed Oops: Enabled (Zero based)
[2023-01-28T23:39:20.417+0100][gc,init] Heap Region Size: 1M
[2023-01-28T23:39:20.417+0100][gc,init] Heap Min Capacity: 1G
[2023-01-28T23:39:20.417+0100][gc,init] Heap Initial Capacity: 1G
[2023-01-28T23:39:20.417+0100][gc,init] Heap Max Capacity: 1G
[2023-01-28T23:39:20.417+0100][gc,init] Pre-touch: Disabled
[2023-01-28T23:39:20.417+0100][gc,init] Parallel Workers: 8
[2023-01-28T23:39:20.417+0100][gc,init] Concurrent Workers: 2
[2023-01-28T23:39:20.417+0100][gc,init] Concurrent Refinement Workers: 8
[2023-01-28T23:39:20.417+0100][gc,init] Periodic GC: Disabled
[2023-01-28T23:39:20.417+0100][gc,metaspace] CDS archive(s) not mapped
[2023-01-28T23:39:20.417+0100][gc,metaspace] Compressed class space mapped at: 0x0000000800000000-0x0000000840000000, reserved size: 1073741824
[2023-01-28T23:39:20.417+0100][gc,metaspace] Narrow klass base: 0x0000000800000000, Narrow klass shift: 0, Narrow klass range: 0x40000000
[2023-01-28T23:39:20.801+0100][gc,start    ] GC(0) Pause Young (Concurrent Start) (Metadata GC Threshold)
[2023-01-28T23:39:20.801+0100][gc,task     ] GC(0) Using 8 workers of 8 for evacuation
[2023-01-28T23:39:20.804+0100][gc,phases   ] GC(0)   Pre Evacuate Collection Set: 0.1ms
[2023-01-28T23:39:20.804+0100][gc,phases   ] GC(0)   Merge Heap Roots: 0.0ms
[2023-01-28T23:39:20.804+0100][gc,phases   ] GC(0)   Evacuate Collection Set: 2.3ms
[2023-01-28T23:39:20.804+0100][gc,phases   ] GC(0)   Post Evacuate Collection Set: 0.2ms
[2023-01-28T23:39:20.804+0100][gc,phases   ] GC(0)   Other: 0.2ms
[2023-01-28T23:39:20.804+0100][gc,heap     ] GC(0) Eden regions: 35->0(44)
[2023-01-28T23:39:20.804+0100][gc,heap     ] GC(0) Survivor regions: 0->7(7)
[2023-01-28T23:39:20.804+0100][gc,heap     ] GC(0) Old regions: 0->1
[2023-01-28T23:39:20.804+0100][gc,heap     ] GC(0) Archive regions: 0->0
[2023-01-28T23:39:20.804+0100][gc,heap     ] GC(0) Humongous regions: 0->0
[2023-01-28T23:39:20.804+0100][gc,metaspace] GC(0) Metaspace: 21348K(21504K)->21348K(21504K) NonClass: 18992K(19072K)->18992K(19072K) Class: 2356K(2432K)->2356K(2432K)
[2023-01-28T23:39:20.804+0100][gc          ] GC(0) Pause Young (Concurrent Start) (Metadata GC Threshold) 35M->7M(1024M) 2.880ms
[2023-01-28T23:39:20.804+0100][gc,cpu      ] GC(0) User=0.01s Sys=0.00s Real=0.00s
[2023-01-28T23:39:20.804+0100][gc          ] GC(1) Concurrent Mark Cycle
[2023-01-28T23:39:20.804+0100][gc,marking  ] GC(1) Concurrent Clear Claimed Marks
[2023-01-28T23:39:20.804+0100][gc,marking  ] GC(1) Concurrent Clear Claimed Marks 0.006ms
[2023-01-28T23:39:20.804+0100][gc,marking  ] GC(1) Concurrent Scan Root Regions
[2023-01-28T23:39:20.805+0100][gc,marking  ] GC(1) Concurrent Scan Root Regions 1.061ms
[2023-01-28T23:39:20.805+0100][gc,marking  ] GC(1) Concurrent Mark
[2023-01-28T23:39:20.805+0100][gc,marking  ] GC(1) Concurrent Mark From Roots
[2023-01-28T23:39:20.805+0100][gc,task     ] GC(1) Using 2 workers of 2 for marking
[2023-01-28T23:39:20.805+0100][gc,marking  ] GC(1) Concurrent Mark From Roots 0.065ms
[2023-01-28T23:39:20.805+0100][gc,marking  ] GC(1) Concurrent Preclean
[2023-01-28T23:39:20.805+0100][gc,marking  ] GC(1) Concurrent Preclean 0.013ms
[2023-01-28T23:39:20.805+0100][gc,start    ] GC(1) Pause Remark
[2023-01-28T23:39:20.806+0100][gc          ] GC(1) Pause Remark 7M->7M(1024M) 0.640ms
[2023-01-28T23:39:20.806+0100][gc,cpu      ] GC(1) User=0.00s Sys=0.01s Real=0.00s
[2023-01-28T23:39:20.806+0100][gc,marking  ] GC(1) Concurrent Mark 0.844ms
[2023-01-28T23:39:20.806+0100][gc,marking  ] GC(1) Concurrent Rebuild Remembered Sets
[2023-01-28T23:39:20.806+0100][gc,marking  ] GC(1) Concurrent Rebuild Remembered Sets 0.053ms
[2023-01-28T23:39:20.806+0100][gc,start    ] GC(1) Pause Cleanup
[2023-01-28T23:39:20.806+0100][gc          ] GC(1) Pause Cleanup 7M->7M(1024M) 0.059ms
[2023-01-28T23:39:20.806+0100][gc,cpu      ] GC(1) User=0.00s Sys=0.00s Real=0.00s
[2023-01-28T23:39:20.806+0100][gc,marking  ] GC(1) Concurrent Cleanup for Next Mark
[2023-01-28T23:39:20.807+0100][gc,marking  ] GC(1) Concurrent Cleanup for Next Mark 1.237ms
[2023-01-28T23:39:20.807+0100][gc          ] GC(1) Concurrent Mark Cycle 3.385ms
[2023-01-28T23:39:21.208+0100][gc,start    ] GC(2) Pause Young (Normal) (G1 Evacuation Pause)
[2023-01-28T23:39:21.208+0100][gc,task     ] GC(2) Using 8 workers of 8 for evacuation
[2023-01-28T23:39:21.211+0100][gc,phases   ] GC(2)   Pre Evacuate Collection Set: 0.1ms
[2023-01-28T23:39:21.211+0100][gc,phases   ] GC(2)   Merge Heap Roots: 0.0ms
[2023-01-28T23:39:21.211+0100][gc,phases   ] GC(2)   Evacuate Collection Set: 3.2ms
[2023-01-28T23:39:21.211+0100][gc,phases   ] GC(2)   Post Evacuate Collection Set: 0.2ms
[2023-01-28T23:39:21.211+0100][gc,phases   ] GC(2)   Other: 0.1ms
[2023-01-28T23:39:21.211+0100][gc,heap     ] GC(2) Eden regions: 44->0(48)
[2023-01-28T23:39:21.211+0100][gc,heap     ] GC(2) Survivor regions: 7->3(7)
[2023-01-28T23:39:21.211+0100][gc,heap     ] GC(2) Old regions: 1->7
[2023-01-28T23:39:21.211+0100][gc,heap     ] GC(2) Archive regions: 0->0
[2023-01-28T23:39:21.211+0100][gc,heap     ] GC(2) Humongous regions: 129->129
[2023-01-28T23:39:21.211+0100][gc,metaspace] GC(2) Metaspace: 33687K(33984K)->33687K(33984K) NonClass: 30023K(30208K)->30023K(30208K) Class: 3664K(3776K)->3664K(3776K)
[2023-01-28T23:39:21.212+0100][gc          ] GC(2) Pause Young (Normal) (G1 Evacuation Pause) 180M->138M(1024M) 3.582ms
[2023-01-28T23:39:21.212+0100][gc,cpu      ] GC(2) User=0.01s Sys=0.01s Real=0.01s
[2023-01-28T23:39:21.285+0100][gc,start    ] GC(3) Pause Young (Concurrent Start) (Metadata GC Threshold)
[2023-01-28T23:39:21.285+0100][gc,task     ] GC(3) Using 8 workers of 8 for evacuation
[2023-01-28T23:39:21.287+0100][gc,phases   ] GC(3)   Pre Evacuate Collection Set: 0.1ms
[2023-01-28T23:39:21.287+0100][gc,phases   ] GC(3)   Merge Heap Roots: 0.0ms
[2023-01-28T23:39:21.287+0100][gc,phases   ] GC(3)   Evacuate Collection Set: 1.8ms
[2023-01-28T23:39:21.287+0100][gc,phases   ] GC(3)   Post Evacuate Collection Set: 0.2ms
[2023-01-28T23:39:21.287+0100][gc,phases   ] GC(3)   Other: 0.1ms
[2023-01-28T23:39:21.287+0100][gc,heap     ] GC(3) Eden regions: 14->0(46)
[2023-01-28T23:39:21.287+0100][gc,heap     ] GC(3) Survivor regions: 3->5(7)
[2023-01-28T23:39:21.287+0100][gc,heap     ] GC(3) Old regions: 7->7
[2023-01-28T23:39:21.287+0100][gc,heap     ] GC(3) Archive regions: 0->0
[2023-01-28T23:39:21.287+0100][gc,heap     ] GC(3) Humongous regions: 129->129
[2023-01-28T23:39:21.287+0100][gc,metaspace] GC(3) Metaspace: 35776K(35968K)->35776K(35968K) NonClass: 31847K(31936K)->31847K(31936K) Class: 3928K(4032K)->3928K(4032K)
[2023-01-28T23:39:21.287+0100][gc          ] GC(3) Pause Young (Concurrent Start) (Metadata GC Threshold) 151M->140M(1024M) 2.309ms
[2023-01-28T23:39:21.287+0100][gc,cpu      ] GC(3) User=0.01s Sys=0.00s Real=0.00s
[2023-01-28T23:39:21.287+0100][gc          ] GC(4) Concurrent Mark Cycle
[2023-01-28T23:39:21.287+0100][gc,marking  ] GC(4) Concurrent Clear Claimed Marks
[2023-01-28T23:39:21.287+0100][gc,marking  ] GC(4) Concurrent Clear Claimed Marks 0.010ms
[2023-01-28T23:39:21.287+0100][gc,marking  ] GC(4) Concurrent Scan Root Regions
[2023-01-28T23:39:21.289+0100][gc,marking  ] GC(4) Concurrent Scan Root Regions 1.630ms
[2023-01-28T23:39:21.289+0100][gc,marking  ] GC(4) Concurrent Mark
[2023-01-28T23:39:21.289+0100][gc,marking  ] GC(4) Concurrent Mark From Roots
[2023-01-28T23:39:21.289+0100][gc,task     ] GC(4) Using 2 workers of 2 for marking
[2023-01-28T23:39:21.292+0100][gc,marking  ] GC(4) Concurrent Mark From Roots 2.654ms
[2023-01-28T23:39:21.292+0100][gc,marking  ] GC(4) Concurrent Preclean
[2023-01-28T23:39:21.292+0100][gc,marking  ] GC(4) Concurrent Preclean 0.038ms
[2023-01-28T23:39:21.292+0100][gc,start    ] GC(4) Pause Remark
[2023-01-28T23:39:21.293+0100][gc          ] GC(4) Pause Remark 141M->141M(1024M) 0.689ms
[2023-01-28T23:39:21.293+0100][gc,cpu      ] GC(4) User=0.00s Sys=0.00s Real=0.00s
[2023-01-28T23:39:21.293+0100][gc,marking  ] GC(4) Concurrent Mark 4.095ms
[2023-01-28T23:39:21.293+0100][gc,marking  ] GC(4) Concurrent Rebuild Remembered Sets
[2023-01-28T23:39:21.293+0100][gc,marking  ] GC(4) Concurrent Rebuild Remembered Sets 0.004ms
[2023-01-28T23:39:21.293+0100][gc,start    ] GC(4) Pause Cleanup
[2023-01-28T23:39:21.293+0100][gc          ] GC(4) Pause Cleanup 141M->141M(1024M) 0.006ms
[2023-01-28T23:39:21.293+0100][gc,cpu      ] GC(4) User=0.00s Sys=0.00s Real=0.00s
[2023-01-28T23:39:21.293+0100][gc,marking  ] GC(4) Concurrent Cleanup for Next Mark
[2023-01-28T23:39:21.295+0100][gc,marking  ] GC(4) Concurrent Cleanup for Next Mark 1.521ms
[2023-01-28T23:39:21.295+0100][gc          ] GC(4) Concurrent Mark Cycle 7.424ms
[2023-01-28T23:40:24.827+0100][gc,start    ] GC(5) Pause Young (Normal) (G1 Evacuation Pause)
[2023-01-28T23:40:24.827+0100][gc,task     ] GC(5) Using 8 workers of 8 for evacuation
[2023-01-28T23:40:24.838+0100][gc,phases   ] GC(5)   Pre Evacuate Collection Set: 0.2ms
[2023-01-28T23:40:24.838+0100][gc,phases   ] GC(5)   Merge Heap Roots: 0.0ms
[2023-01-28T23:40:24.838+0100][gc,phases   ] GC(5)   Evacuate Collection Set: 9.6ms
[2023-01-28T23:40:24.838+0100][gc,phases   ] GC(5)   Post Evacuate Collection Set: 0.7ms
[2023-01-28T23:40:24.838+0100][gc,phases   ] GC(5)   Other: 0.3ms
[2023-01-28T23:40:24.838+0100][gc,heap     ] GC(5) Eden regions: 46->0(45)
[2023-01-28T23:40:24.838+0100][gc,heap     ] GC(5) Survivor regions: 5->6(7)
[2023-01-28T23:40:24.838+0100][gc,heap     ] GC(5) Old regions: 7->10
[2023-01-28T23:40:24.838+0100][gc,heap     ] GC(5) Archive regions: 0->0
[2023-01-28T23:40:24.838+0100][gc,heap     ] GC(5) Humongous regions: 129->129
[2023-01-28T23:40:24.838+0100][gc,metaspace] GC(5) Metaspace: 46021K(46592K)->46021K(46592K) NonClass: 40826K(41152K)->40826K(41152K) Class: 5194K(5440K)->5194K(5440K)
[2023-01-28T23:40:24.838+0100][gc          ] GC(5) Pause Young (Normal) (G1 Evacuation Pause) 186M->143M(1024M) 10.911ms
[2023-01-28T23:40:24.838+0100][gc,cpu      ] GC(5) User=0.02s Sys=0.03s Real=0.01s
[2023-01-28T23:40:26.247+0100][gc,start    ] GC(6) Pause Young (Normal) (G1 Evacuation Pause)
[2023-01-28T23:40:26.247+0100][gc,task     ] GC(6) Using 8 workers of 8 for evacuation
[2023-01-28T23:40:26.250+0100][gc,phases   ] GC(6)   Pre Evacuate Collection Set: 0.1ms
[2023-01-28T23:40:26.250+0100][gc,phases   ] GC(6)   Merge Heap Roots: 0.1ms
[2023-01-28T23:40:26.250+0100][gc,phases   ] GC(6)   Evacuate Collection Set: 2.9ms
[2023-01-28T23:40:26.250+0100][gc,phases   ] GC(6)   Post Evacuate Collection Set: 0.3ms
[2023-01-28T23:40:26.250+0100][gc,phases   ] GC(6)   Other: 0.1ms
[2023-01-28T23:40:26.251+0100][gc,heap     ] GC(6) Eden regions: 45->0(45)
[2023-01-28T23:40:26.251+0100][gc,heap     ] GC(6) Survivor regions: 6->6(7)
[2023-01-28T23:40:26.251+0100][gc,heap     ] GC(6) Old regions: 10->12
[2023-01-28T23:40:26.251+0100][gc,heap     ] GC(6) Archive regions: 0->0
[2023-01-28T23:40:26.251+0100][gc,heap     ] GC(6) Humongous regions: 129->129
[2023-01-28T23:40:26.251+0100][gc,metaspace] GC(6) Metaspace: 47530K(48000K)->47530K(48000K) NonClass: 42250K(42496K)->42250K(42496K) Class: 5280K(5504K)->5280K(5504K)
[2023-01-28T23:40:26.251+0100][gc          ] GC(6) Pause Young (Normal) (G1 Evacuation Pause) 188M->145M(1024M) 3.505ms
[2023-01-28T23:40:26.251+0100][gc,cpu      ] GC(6) User=0.01s Sys=0.01s Real=0.01s
[2023-01-28T23:40:26.992+0100][gc,start    ] GC(7) Pause Young (Normal) (G1 Evacuation Pause)
[2023-01-28T23:40:26.992+0100][gc,task     ] GC(7) Using 8 workers of 8 for evacuation
[2023-01-28T23:40:26.995+0100][gc,phases   ] GC(7)   Pre Evacuate Collection Set: 0.1ms
[2023-01-28T23:40:26.995+0100][gc,phases   ] GC(7)   Merge Heap Roots: 0.0ms
[2023-01-28T23:40:26.995+0100][gc,phases   ] GC(7)   Evacuate Collection Set: 2.8ms
[2023-01-28T23:40:26.995+0100][gc,phases   ] GC(7)   Post Evacuate Collection Set: 0.2ms
[2023-01-28T23:40:26.995+0100][gc,phases   ] GC(7)   Other: 0.1ms
[2023-01-28T23:40:26.995+0100][gc,heap     ] GC(7) Eden regions: 45->0(48)
[2023-01-28T23:40:26.995+0100][gc,heap     ] GC(7) Survivor regions: 6->3(7)
[2023-01-28T23:40:26.995+0100][gc,heap     ] GC(7) Old regions: 12->15
[2023-01-28T23:40:26.995+0100][gc,heap     ] GC(7) Archive regions: 0->0
[2023-01-28T23:40:26.995+0100][gc,heap     ] GC(7) Humongous regions: 129->129
[2023-01-28T23:40:26.995+0100][gc,metaspace] GC(7) Metaspace: 47697K(48192K)->47697K(48192K) NonClass: 42417K(42688K)->42417K(42688K) Class: 5280K(5504K)->5280K(5504K)
[2023-01-28T23:40:26.995+0100][gc          ] GC(7) Pause Young (Normal) (G1 Evacuation Pause) 190M->146M(1024M) 3.296ms
[2023-01-28T23:40:26.995+0100][gc,cpu      ] GC(7) User=0.01s Sys=0.01s Real=0.00s
[2023-01-28T23:40:27.581+0100][gc,start    ] GC(8) Pause Young (Normal) (G1 Evacuation Pause)
[2023-01-28T23:40:27.581+0100][gc,task     ] GC(8) Using 8 workers of 8 for evacuation
[2023-01-28T23:40:27.585+0100][gc,phases   ] GC(8)   Pre Evacuate Collection Set: 0.2ms
[2023-01-28T23:40:27.585+0100][gc,phases   ] GC(8)   Merge Heap Roots: 0.1ms
[2023-01-28T23:40:27.585+0100][gc,phases   ] GC(8)   Evacuate Collection Set: 3.1ms
[2023-01-28T23:40:27.585+0100][gc,phases   ] GC(8)   Post Evacuate Collection Set: 0.4ms
[2023-01-28T23:40:27.585+0100][gc,phases   ] GC(8)   Other: 0.2ms
[2023-01-28T23:40:27.585+0100][gc,heap     ] GC(8) Eden regions: 48->0(48)
[2023-01-28T23:40:27.585+0100][gc,heap     ] GC(8) Survivor regions: 3->4(7)
[2023-01-28T23:40:27.585+0100][gc,heap     ] GC(8) Old regions: 15->15
[2023-01-28T23:40:27.585+0100][gc,heap     ] GC(8) Archive regions: 0->0
[2023-01-28T23:40:27.585+0100][gc,heap     ] GC(8) Humongous regions: 129->129
[2023-01-28T23:40:27.585+0100][gc,metaspace] GC(8) Metaspace: 47703K(48192K)->47703K(48192K) NonClass: 42422K(42688K)->42422K(42688K) Class: 5280K(5504K)->5280K(5504K)
[2023-01-28T23:40:27.585+0100][gc          ] GC(8) Pause Young (Normal) (G1 Evacuation Pause) 194M->146M(1024M) 4.097ms
[2023-01-28T23:40:27.585+0100][gc,cpu      ] GC(8) User=0.01s Sys=0.01s Real=0.00s
[2023-01-28T23:40:28.027+0100][gc,start    ] GC(9) Pause Young (Normal) (G1 Evacuation Pause)
[2023-01-28T23:40:28.027+0100][gc,task     ] GC(9) Using 8 workers of 8 for evacuation
[2023-01-28T23:40:28.030+0100][gc,phases   ] GC(9)   Pre Evacuate Collection Set: 0.1ms
[2023-01-28T23:40:28.030+0100][gc,phases   ] GC(9)   Merge Heap Roots: 0.0ms
[2023-01-28T23:40:28.030+0100][gc,phases   ] GC(9)   Evacuate Collection Set: 2.5ms
[2023-01-28T23:40:28.030+0100][gc,phases   ] GC(9)   Post Evacuate Collection Set: 0.3ms
[2023-01-28T23:40:28.030+0100][gc,phases   ] GC(9)   Other: 0.1ms
[2023-01-28T23:40:28.030+0100][gc,heap     ] GC(9) Eden regions: 48->0(81)
[2023-01-28T23:40:28.030+0100][gc,heap     ] GC(9) Survivor regions: 4->5(7)
[2023-01-28T23:40:28.030+0100][gc,heap     ] GC(9) Old regions: 15->15
[2023-01-28T23:40:28.030+0100][gc,heap     ] GC(9) Archive regions: 0->0
[2023-01-28T23:40:28.030+0100][gc,heap     ] GC(9) Humongous regions: 129->129
[2023-01-28T23:40:28.030+0100][gc,metaspace] GC(9) Metaspace: 47703K(48192K)->47703K(48192K) NonClass: 42422K(42688K)->42422K(42688K) Class: 5280K(5504K)->5280K(5504K)
[2023-01-28T23:40:28.030+0100][gc          ] GC(9) Pause Young (Normal) (G1 Evacuation Pause) 194M->147M(1024M) 3.061ms
[2023-01-28T23:40:28.030+0100][gc,cpu      ] GC(9) User=0.01s Sys=0.00s Real=0.01s
[2023-01-28T23:40:28.658+0100][gc,start    ] GC(10) Pause Young (Normal) (G1 Evacuation Pause)
[2023-01-28T23:40:28.658+0100][gc,task     ] GC(10) Using 8 workers of 8 for evacuation
[2023-01-28T23:40:28.660+0100][gc,phases   ] GC(10)   Pre Evacuate Collection Set: 0.1ms
[2023-01-28T23:40:28.660+0100][gc,phases   ] GC(10)   Merge Heap Roots: 0.0ms
[2023-01-28T23:40:28.660+0100][gc,phases   ] GC(10)   Evacuate Collection Set: 2.2ms
[2023-01-28T23:40:28.660+0100][gc,phases   ] GC(10)   Post Evacuate Collection Set: 0.3ms
[2023-01-28T23:40:28.660+0100][gc,phases   ] GC(10)   Other: 0.1ms
[2023-01-28T23:40:28.660+0100][gc,heap     ] GC(10) Eden regions: 81->0(119)
[2023-01-28T23:40:28.660+0100][gc,heap     ] GC(10) Survivor regions: 5->6(11)
[2023-01-28T23:40:28.660+0100][gc,heap     ] GC(10) Old regions: 15->15
[2023-01-28T23:40:28.660+0100][gc,heap     ] GC(10) Archive regions: 0->0
[2023-01-28T23:40:28.660+0100][gc,heap     ] GC(10) Humongous regions: 129->129
[2023-01-28T23:40:28.660+0100][gc,metaspace] GC(10) Metaspace: 47855K(48384K)->47855K(48384K) NonClass: 42567K(42880K)->42567K(42880K) Class: 5287K(5504K)->5287K(5504K)
[2023-01-28T23:40:28.660+0100][gc          ] GC(10) Pause Young (Normal) (G1 Evacuation Pause) 228M->148M(1024M) 2.734ms
[2023-01-28T23:40:28.660+0100][gc,cpu      ] GC(10) User=0.01s Sys=0.00s Real=0.01s
[2023-01-28T23:40:29.424+0100][gc,start    ] GC(11) Pause Young (Normal) (G1 Evacuation Pause)
[2023-01-28T23:40:29.424+0100][gc,task     ] GC(11) Using 8 workers of 8 for evacuation
[2023-01-28T23:40:29.427+0100][gc,phases   ] GC(11)   Pre Evacuate Collection Set: 0.2ms
[2023-01-28T23:40:29.427+0100][gc,phases   ] GC(11)   Merge Heap Roots: 0.0ms
[2023-01-28T23:40:29.427+0100][gc,phases   ] GC(11)   Evacuate Collection Set: 2.4ms
[2023-01-28T23:40:29.427+0100][gc,phases   ] GC(11)   Post Evacuate Collection Set: 0.3ms
[2023-01-28T23:40:29.427+0100][gc,phases   ] GC(11)   Other: 0.2ms
[2023-01-28T23:40:29.427+0100][gc,heap     ] GC(11) Eden regions: 119->0(201)
[2023-01-28T23:40:29.427+0100][gc,heap     ] GC(11) Survivor regions: 6->6(16)
[2023-01-28T23:40:29.427+0100][gc,heap     ] GC(11) Old regions: 15->15
[2023-01-28T23:40:29.427+0100][gc,heap     ] GC(11) Archive regions: 0->0
[2023-01-28T23:40:29.427+0100][gc,heap     ] GC(11) Humongous regions: 129->129
[2023-01-28T23:40:29.427+0100][gc,metaspace] GC(11) Metaspace: 47972K(48448K)->47972K(48448K) NonClass: 42684K(42944K)->42684K(42944K) Class: 5287K(5504K)->5287K(5504K)
[2023-01-28T23:40:29.427+0100][gc          ] GC(11) Pause Young (Normal) (G1 Evacuation Pause) 267M->149M(1024M) 3.117ms
[2023-01-28T23:40:29.427+0100][gc,cpu      ] GC(11) User=0.02s Sys=0.00s Real=0.00s
[2023-01-28T23:40:30.682+0100][gc,start    ] GC(12) Pause Young (Normal) (G1 Evacuation Pause)
[2023-01-28T23:40:30.682+0100][gc,task     ] GC(12) Using 8 workers of 8 for evacuation
[2023-01-28T23:40:30.688+0100][gc,phases   ] GC(12)   Pre Evacuate Collection Set: 0.2ms
[2023-01-28T23:40:30.688+0100][gc,phases   ] GC(12)   Merge Heap Roots: 0.1ms
[2023-01-28T23:40:30.688+0100][gc,phases   ] GC(12)   Evacuate Collection Set: 4.5ms
[2023-01-28T23:40:30.688+0100][gc,phases   ] GC(12)   Post Evacuate Collection Set: 0.4ms
[2023-01-28T23:40:30.688+0100][gc,phases   ] GC(12)   Other: 0.4ms
[2023-01-28T23:40:30.688+0100][gc,heap     ] GC(12) Eden regions: 201->0(396)
[2023-01-28T23:40:30.688+0100][gc,heap     ] GC(12) Survivor regions: 6->7(26)
[2023-01-28T23:40:30.688+0100][gc,heap     ] GC(12) Old regions: 15->15
[2023-01-28T23:40:30.688+0100][gc,heap     ] GC(12) Archive regions: 0->0
[2023-01-28T23:40:30.688+0100][gc,heap     ] GC(12) Humongous regions: 129->129
[2023-01-28T23:40:30.688+0100][gc,metaspace] GC(12) Metaspace: 47990K(48512K)->47990K(48512K) NonClass: 42702K(43008K)->42702K(43008K) Class: 5287K(5504K)->5287K(5504K)
[2023-01-28T23:40:30.688+0100][gc          ] GC(12) Pause Young (Normal) (G1 Evacuation Pause) 350M->150M(1024M) 5.754ms
[2023-01-28T23:40:30.688+0100][gc,cpu      ] GC(12) User=0.01s Sys=0.01s Real=0.00s
[2023-01-28T23:40:34.048+0100][gc,start    ] GC(13) Pause Young (Normal) (G1 Evacuation Pause)
[2023-01-28T23:40:34.048+0100][gc,task     ] GC(13) Using 8 workers of 8 for evacuation
[2023-01-28T23:40:34.059+0100][gc,phases   ] GC(13)   Pre Evacuate Collection Set: 0.2ms
[2023-01-28T23:40:34.059+0100][gc,phases   ] GC(13)   Merge Heap Roots: 0.1ms
[2023-01-28T23:40:34.059+0100][gc,phases   ] GC(13)   Evacuate Collection Set: 9.3ms
[2023-01-28T23:40:34.059+0100][gc,phases   ] GC(13)   Post Evacuate Collection Set: 1.0ms
[2023-01-28T23:40:34.059+0100][gc,phases   ] GC(13)   Other: 0.2ms
[2023-01-28T23:40:34.059+0100][gc,heap     ] GC(13) Eden regions: 396->0(482)
[2023-01-28T23:40:34.059+0100][gc,heap     ] GC(13) Survivor regions: 7->8(51)
[2023-01-28T23:40:34.059+0100][gc,heap     ] GC(13) Old regions: 15->15
[2023-01-28T23:40:34.059+0100][gc,heap     ] GC(13) Archive regions: 0->0
[2023-01-28T23:40:34.059+0100][gc,heap     ] GC(13) Humongous regions: 129->129
[2023-01-28T23:40:34.059+0100][gc,metaspace] GC(13) Metaspace: 47992K(48512K)->47992K(48512K) NonClass: 42704K(43008K)->42704K(43008K) Class: 5287K(5504K)->5287K(5504K)
[2023-01-28T23:40:34.059+0100][gc          ] GC(13) Pause Young (Normal) (G1 Evacuation Pause) 546M->151M(1024M) 10.876ms
[2023-01-28T23:40:34.059+0100][gc,cpu      ] GC(13) User=0.01s Sys=0.03s Real=0.01s
[2023-01-28T23:40:38.290+0100][gc,start    ] GC(14) Pause Young (Normal) (G1 Evacuation Pause)
[2023-01-28T23:40:38.290+0100][gc,task     ] GC(14) Using 8 workers of 8 for evacuation
[2023-01-28T23:40:38.298+0100][gc,phases   ] GC(14)   Pre Evacuate Collection Set: 0.1ms
[2023-01-28T23:40:38.298+0100][gc,phases   ] GC(14)   Merge Heap Roots: 0.1ms
[2023-01-28T23:40:38.298+0100][gc,phases   ] GC(14)   Evacuate Collection Set: 7.1ms
[2023-01-28T23:40:38.298+0100][gc,phases   ] GC(14)   Post Evacuate Collection Set: 0.4ms
[2023-01-28T23:40:38.298+0100][gc,phases   ] GC(14)   Other: 0.4ms
[2023-01-28T23:40:38.298+0100][gc,heap     ] GC(14) Eden regions: 482->0(605)
[2023-01-28T23:40:38.298+0100][gc,heap     ] GC(14) Survivor regions: 8->9(62)
[2023-01-28T23:40:38.298+0100][gc,heap     ] GC(14) Old regions: 15->15
[2023-01-28T23:40:38.298+0100][gc,heap     ] GC(14) Archive regions: 0->0
[2023-01-28T23:40:38.298+0100][gc,heap     ] GC(14) Humongous regions: 129->129
[2023-01-28T23:40:38.298+0100][gc,metaspace] GC(14) Metaspace: 47997K(48512K)->47997K(48512K) NonClass: 42709K(43008K)->42709K(43008K) Class: 5287K(5504K)->5287K(5504K)
[2023-01-28T23:40:38.298+0100][gc          ] GC(14) Pause Young (Normal) (G1 Evacuation Pause) 633M->152M(1024M) 8.273ms
[2023-01-28T23:40:38.298+0100][gc,cpu      ] GC(14) User=0.02s Sys=0.02s Real=0.00s
[2023-01-28T23:40:43.022+0100][gc,start    ] GC(15) Pause Young (Normal) (G1 Evacuation Pause)
[2023-01-28T23:40:43.022+0100][gc,task     ] GC(15) Using 8 workers of 8 for evacuation
[2023-01-28T23:40:43.034+0100][gc,phases   ] GC(15)   Pre Evacuate Collection Set: 0.1ms
[2023-01-28T23:40:43.034+0100][gc,phases   ] GC(15)   Merge Heap Roots: 0.1ms
[2023-01-28T23:40:43.034+0100][gc,phases   ] GC(15)   Evacuate Collection Set: 10.0ms
[2023-01-28T23:40:43.034+0100][gc,phases   ] GC(15)   Post Evacuate Collection Set: 1.1ms
[2023-01-28T23:40:43.034+0100][gc,phases   ] GC(15)   Other: 0.2ms
[2023-01-28T23:40:43.034+0100][gc,heap     ] GC(15) Eden regions: 605->0(604)
[2023-01-28T23:40:43.034+0100][gc,heap     ] GC(15) Survivor regions: 9->10(77)
[2023-01-28T23:40:43.034+0100][gc,heap     ] GC(15) Old regions: 15->15
[2023-01-28T23:40:43.034+0100][gc,heap     ] GC(15) Archive regions: 0->0
[2023-01-28T23:40:43.034+0100][gc,heap     ] GC(15) Humongous regions: 129->129
[2023-01-28T23:40:43.034+0100][gc,metaspace] GC(15) Metaspace: 47999K(48512K)->47999K(48512K) NonClass: 42711K(43008K)->42711K(43008K) Class: 5287K(5504K)->5287K(5504K)
[2023-01-28T23:40:43.034+0100][gc          ] GC(15) Pause Young (Normal) (G1 Evacuation Pause) 757M->153M(1024M) 11.706ms
[2023-01-28T23:40:43.034+0100][gc,cpu      ] GC(15) User=0.02s Sys=0.03s Real=0.01s
[2023-01-28T23:40:49.399+0100][gc,start    ] GC(16) Pause Young (Normal) (G1 Evacuation Pause)
[2023-01-28T23:40:49.399+0100][gc,task     ] GC(16) Using 8 workers of 8 for evacuation
[2023-01-28T23:40:49.429+0100][gc,mmu      ] GC(16) MMU target violated: 21.0ms (20.0ms/21.0ms)
[2023-01-28T23:40:49.429+0100][gc,phases   ] GC(16)   Pre Evacuate Collection Set: 0.2ms
[2023-01-28T23:40:49.429+0100][gc,phases   ] GC(16)   Merge Heap Roots: 0.1ms
[2023-01-28T23:40:49.429+0100][gc,phases   ] GC(16)   Evacuate Collection Set: 28.0ms
[2023-01-28T23:40:49.429+0100][gc,phases   ] GC(16)   Post Evacuate Collection Set: 1.3ms
[2023-01-28T23:40:49.429+0100][gc,phases   ] GC(16)   Other: 0.4ms
[2023-01-28T23:40:49.429+0100][gc,heap     ] GC(16) Eden regions: 604->0(40)
[2023-01-28T23:40:49.429+0100][gc,heap     ] GC(16) Survivor regions: 10->11(77)
[2023-01-28T23:40:49.429+0100][gc,heap     ] GC(16) Old regions: 15->15
[2023-01-28T23:40:49.429+0100][gc,heap     ] GC(16) Archive regions: 0->0
[2023-01-28T23:40:49.429+0100][gc,heap     ] GC(16) Humongous regions: 129->129
[2023-01-28T23:40:49.429+0100][gc,metaspace] GC(16) Metaspace: 48014K(48512K)->48014K(48512K) NonClass: 42725K(43008K)->42725K(43008K) Class: 5288K(5504K)->5288K(5504K)
[2023-01-28T23:40:49.429+0100][gc          ] GC(16) Pause Young (Normal) (G1 Evacuation Pause) 757M->154M(1024M) 29.957ms
[2023-01-28T23:40:49.429+0100][gc,cpu      ] GC(16) User=0.02s Sys=0.07s Real=0.03s
[2023-01-28T23:40:49.743+0100][gc,start    ] GC(17) Pause Young (Normal) (G1 Evacuation Pause)
[2023-01-28T23:40:49.743+0100][gc,task     ] GC(17) Using 8 workers of 8 for evacuation
[2023-01-28T23:40:49.747+0100][gc,phases   ] GC(17)   Pre Evacuate Collection Set: 0.1ms
[2023-01-28T23:40:49.747+0100][gc,phases   ] GC(17)   Merge Heap Roots: 0.0ms
[2023-01-28T23:40:49.747+0100][gc,phases   ] GC(17)   Evacuate Collection Set: 3.6ms
[2023-01-28T23:40:49.747+0100][gc,phases   ] GC(17)   Post Evacuate Collection Set: 0.2ms
[2023-01-28T23:40:49.747+0100][gc,phases   ] GC(17)   Other: 0.1ms
[2023-01-28T23:40:49.747+0100][gc,heap     ] GC(17) Eden regions: 40->0(610)
[2023-01-28T23:40:49.747+0100][gc,heap     ] GC(17) Survivor regions: 11->4(7)
[2023-01-28T23:40:49.747+0100][gc,heap     ] GC(17) Old regions: 15->22
[2023-01-28T23:40:49.747+0100][gc,heap     ] GC(17) Archive regions: 0->0
[2023-01-28T23:40:49.747+0100][gc,heap     ] GC(17) Humongous regions: 129->129
[2023-01-28T23:40:49.747+0100][gc,metaspace] GC(17) Metaspace: 48018K(48512K)->48018K(48512K) NonClass: 42729K(43008K)->42729K(43008K) Class: 5288K(5504K)->5288K(5504K)
[2023-01-28T23:40:49.747+0100][gc          ] GC(17) Pause Young (Normal) (G1 Evacuation Pause) 194M->154M(1024M) 4.124ms
[2023-01-28T23:40:49.747+0100][gc,cpu      ] GC(17) User=0.02s Sys=0.00s Real=0.00s
[2023-01-28T23:40:55.729+0100][gc,start    ] GC(18) Pause Young (Normal) (G1 Evacuation Pause)
[2023-01-28T23:40:55.730+0100][gc,task     ] GC(18) Using 8 workers of 8 for evacuation
[2023-01-28T23:40:55.741+0100][gc,phases   ] GC(18)   Pre Evacuate Collection Set: 0.5ms
[2023-01-28T23:40:55.741+0100][gc,phases   ] GC(18)   Merge Heap Roots: 0.1ms
[2023-01-28T23:40:55.741+0100][gc,phases   ] GC(18)   Evacuate Collection Set: 10.2ms
[2023-01-28T23:40:55.741+0100][gc,phases   ] GC(18)   Post Evacuate Collection Set: 0.6ms
[2023-01-28T23:40:55.741+0100][gc,phases   ] GC(18)   Other: 0.4ms
[2023-01-28T23:40:55.741+0100][gc,heap     ] GC(18) Eden regions: 610->0(610)
[2023-01-28T23:40:55.741+0100][gc,heap     ] GC(18) Survivor regions: 4->4(77)
[2023-01-28T23:40:55.741+0100][gc,heap     ] GC(18) Old regions: 22->22
[2023-01-28T23:40:55.741+0100][gc,heap     ] GC(18) Archive regions: 0->0
[2023-01-28T23:40:55.741+0100][gc,heap     ] GC(18) Humongous regions: 129->129
[2023-01-28T23:40:55.741+0100][gc,metaspace] GC(18) Metaspace: 48032K(48512K)->48032K(48512K) NonClass: 42742K(43008K)->42742K(43008K) Class: 5290K(5504K)->5290K(5504K)
[2023-01-28T23:40:55.741+0100][gc          ] GC(18) Pause Young (Normal) (G1 Evacuation Pause) 764M->154M(1024M) 11.904ms
[2023-01-28T23:40:55.741+0100][gc,cpu      ] GC(18) User=0.02s Sys=0.03s Real=0.02s
[2023-01-28T23:41:00.922+0100][gc,start    ] GC(19) Pause Young (Normal) (G1 Evacuation Pause)
[2023-01-28T23:41:00.922+0100][gc,task     ] GC(19) Using 8 workers of 8 for evacuation
[2023-01-28T23:41:00.944+0100][gc,mmu      ] GC(19) MMU target violated: 21.0ms (20.0ms/21.0ms)
[2023-01-28T23:41:00.944+0100][gc,phases   ] GC(19)   Pre Evacuate Collection Set: 0.2ms
[2023-01-28T23:41:00.944+0100][gc,phases   ] GC(19)   Merge Heap Roots: 0.1ms
[2023-01-28T23:41:00.944+0100][gc,phases   ] GC(19)   Evacuate Collection Set: 20.0ms
[2023-01-28T23:41:00.944+0100][gc,phases   ] GC(19)   Post Evacuate Collection Set: 1.8ms
[2023-01-28T23:41:00.944+0100][gc,phases   ] GC(19)   Other: 0.4ms
[2023-01-28T23:41:00.944+0100][gc,heap     ] GC(19) Eden regions: 610->0(382)
[2023-01-28T23:41:00.944+0100][gc,heap     ] GC(19) Survivor regions: 4->5(77)
[2023-01-28T23:41:00.944+0100][gc,heap     ] GC(19) Old regions: 22->22
[2023-01-28T23:41:00.944+0100][gc,heap     ] GC(19) Archive regions: 0->0
[2023-01-28T23:41:00.944+0100][gc,heap     ] GC(19) Humongous regions: 129->129
[2023-01-28T23:41:00.944+0100][gc,metaspace] GC(19) Metaspace: 48033K(48512K)->48033K(48512K) NonClass: 42743K(43008K)->42743K(43008K) Class: 5290K(5504K)->5290K(5504K)
[2023-01-28T23:41:00.944+0100][gc          ] GC(19) Pause Young (Normal) (G1 Evacuation Pause) 764M->155M(1024M) 22.515ms
[2023-01-28T23:41:00.944+0100][gc,cpu      ] GC(19) User=0.02s Sys=0.04s Real=0.02s
[2023-01-28T23:41:03.669+0100][gc,start    ] GC(20) Pause Young (Normal) (G1 Evacuation Pause)
[2023-01-28T23:41:03.669+0100][gc,task     ] GC(20) Using 8 workers of 8 for evacuation
[2023-01-28T23:41:03.681+0100][gc,phases   ] GC(20)   Pre Evacuate Collection Set: 0.3ms
[2023-01-28T23:41:03.681+0100][gc,phases   ] GC(20)   Merge Heap Roots: 0.1ms
[2023-01-28T23:41:03.681+0100][gc,phases   ] GC(20)   Evacuate Collection Set: 10.1ms
[2023-01-28T23:41:03.681+0100][gc,phases   ] GC(20)   Post Evacuate Collection Set: 0.7ms
[2023-01-28T23:41:03.681+0100][gc,phases   ] GC(20)   Other: 0.3ms
[2023-01-28T23:41:03.681+0100][gc,heap     ] GC(20) Eden regions: 348->0(605)
[2023-01-28T23:41:03.681+0100][gc,heap     ] GC(20) Survivor regions: 5->5(45)
[2023-01-28T23:41:03.681+0100][gc,heap     ] GC(20) Old regions: 22->22
[2023-01-28T23:41:03.681+0100][gc,heap     ] GC(20) Archive regions: 0->0
[2023-01-28T23:41:03.681+0100][gc,heap     ] GC(20) Humongous regions: 129->129
[2023-01-28T23:41:03.681+0100][gc,metaspace] GC(20) Metaspace: 48034K(48512K)->48034K(48512K) NonClass: 42744K(43008K)->42744K(43008K) Class: 5290K(5504K)->5290K(5504K)
[2023-01-28T23:41:03.681+0100][gc          ] GC(20) Pause Young (Normal) (G1 Evacuation Pause) 503M->155M(1024M) 11.510ms
[2023-01-28T23:41:03.681+0100][gc,cpu      ] GC(20) User=0.01s Sys=0.03s Real=0.02s
[2023-01-28T23:41:10.142+0100][gc,start    ] GC(21) Pause Young (Normal) (G1 Evacuation Pause)
[2023-01-28T23:41:10.143+0100][gc,task     ] GC(21) Using 8 workers of 8 for evacuation
[2023-01-28T23:41:10.154+0100][gc,phases   ] GC(21)   Pre Evacuate Collection Set: 0.3ms
[2023-01-28T23:41:10.154+0100][gc,phases   ] GC(21)   Merge Heap Roots: 0.3ms
[2023-01-28T23:41:10.154+0100][gc,phases   ] GC(21)   Evacuate Collection Set: 10.1ms
[2023-01-28T23:41:10.154+0100][gc,phases   ] GC(21)   Post Evacuate Collection Set: 0.6ms
[2023-01-28T23:41:10.154+0100][gc,phases   ] GC(21)   Other: 0.5ms
[2023-01-28T23:41:10.154+0100][gc,heap     ] GC(21) Eden regions: 605->0(608)
[2023-01-28T23:41:10.154+0100][gc,heap     ] GC(21) Survivor regions: 5->6(77)
[2023-01-28T23:41:10.154+0100][gc,heap     ] GC(21) Old regions: 22->22
[2023-01-28T23:41:10.154+0100][gc,heap     ] GC(21) Archive regions: 0->0
[2023-01-28T23:41:10.154+0100][gc,heap     ] GC(21) Humongous regions: 129->129
[2023-01-28T23:41:10.154+0100][gc,metaspace] GC(21) Metaspace: 48037K(48512K)->48037K(48512K) NonClass: 42746K(43008K)->42746K(43008K) Class: 5290K(5504K)->5290K(5504K)
[2023-01-28T23:41:10.155+0100][gc          ] GC(21) Pause Young (Normal) (G1 Evacuation Pause) 760M->155M(1024M) 12.139ms
[2023-01-28T23:41:10.155+0100][gc,cpu      ] GC(21) User=0.01s Sys=0.03s Real=0.01s
[2023-01-28T23:41:14.621+0100][gc,start    ] GC(22) Pause Young (Normal) (G1 Evacuation Pause)
[2023-01-28T23:41:14.621+0100][gc,task     ] GC(22) Using 8 workers of 8 for evacuation
[2023-01-28T23:41:14.631+0100][gc,phases   ] GC(22)   Pre Evacuate Collection Set: 0.9ms
[2023-01-28T23:41:14.631+0100][gc,phases   ] GC(22)   Merge Heap Roots: 0.1ms
[2023-01-28T23:41:14.631+0100][gc,phases   ] GC(22)   Evacuate Collection Set: 8.6ms
[2023-01-28T23:41:14.631+0100][gc,phases   ] GC(22)   Post Evacuate Collection Set: 0.5ms
[2023-01-28T23:41:14.631+0100][gc,phases   ] GC(22)   Other: 0.2ms
[2023-01-28T23:41:14.631+0100][gc,heap     ] GC(22) Eden regions: 608->0(608)
[2023-01-28T23:41:14.631+0100][gc,heap     ] GC(22) Survivor regions: 6->6(77)
[2023-01-28T23:41:14.631+0100][gc,heap     ] GC(22) Old regions: 22->22
[2023-01-28T23:41:14.631+0100][gc,heap     ] GC(22) Archive regions: 0->0
[2023-01-28T23:41:14.631+0100][gc,heap     ] GC(22) Humongous regions: 129->129
[2023-01-28T23:41:14.631+0100][gc,metaspace] GC(22) Metaspace: 48037K(48512K)->48037K(48512K) NonClass: 42747K(43008K)->42747K(43008K) Class: 5290K(5504K)->5290K(5504K)
[2023-01-28T23:41:14.631+0100][gc          ] GC(22) Pause Young (Normal) (G1 Evacuation Pause) 763M->156M(1024M) 10.467ms
[2023-01-28T23:41:14.631+0100][gc,cpu      ] GC(22) User=0.02s Sys=0.03s Real=0.01s
[2023-01-28T23:41:20.400+0100][gc,start    ] GC(23) Pause Young (Normal) (G1 Evacuation Pause)
[2023-01-28T23:41:20.400+0100][gc,task     ] GC(23) Using 8 workers of 8 for evacuation
[2023-01-28T23:41:20.434+0100][gc,mmu      ] GC(23) MMU target violated: 21.0ms (20.0ms/21.0ms)
[2023-01-28T23:41:20.434+0100][gc,phases   ] GC(23)   Pre Evacuate Collection Set: 0.8ms
[2023-01-28T23:41:20.434+0100][gc,phases   ] GC(23)   Merge Heap Roots: 1.1ms
[2023-01-28T23:41:20.434+0100][gc,phases   ] GC(23)   Evacuate Collection Set: 29.6ms
[2023-01-28T23:41:20.434+0100][gc,phases   ] GC(23)   Post Evacuate Collection Set: 1.4ms
[2023-01-28T23:41:20.434+0100][gc,phases   ] GC(23)   Other: 1.4ms
[2023-01-28T23:41:20.434+0100][gc,heap     ] GC(23) Eden regions: 608->0(44)
[2023-01-28T23:41:20.434+0100][gc,heap     ] GC(23) Survivor regions: 6->7(77)
[2023-01-28T23:41:20.434+0100][gc,heap     ] GC(23) Old regions: 22->22
[2023-01-28T23:41:20.434+0100][gc,heap     ] GC(23) Archive regions: 0->0
[2023-01-28T23:41:20.434+0100][gc,heap     ] GC(23) Humongous regions: 129->129
[2023-01-28T23:41:20.434+0100][gc,metaspace] GC(23) Metaspace: 48037K(48512K)->48037K(48512K) NonClass: 42747K(43008K)->42747K(43008K) Class: 5290K(5504K)->5290K(5504K)
[2023-01-28T23:41:20.434+0100][gc          ] GC(23) Pause Young (Normal) (G1 Evacuation Pause) 764M->157M(1024M) 34.193ms
[2023-01-28T23:41:20.434+0100][gc,cpu      ] GC(23) User=0.02s Sys=0.06s Real=0.03s
[2023-01-28T23:41:21.137+0100][gc,start    ] GC(24) Pause Young (Normal) (G1 Evacuation Pause)
[2023-01-28T23:41:21.137+0100][gc,task     ] GC(24) Using 8 workers of 8 for evacuation
[2023-01-28T23:41:21.147+0100][gc,phases   ] GC(24)   Pre Evacuate Collection Set: 0.3ms
[2023-01-28T23:41:21.147+0100][gc,phases   ] GC(24)   Merge Heap Roots: 0.2ms
[2023-01-28T23:41:21.147+0100][gc,phases   ] GC(24)   Evacuate Collection Set: 7.6ms
[2023-01-28T23:41:21.147+0100][gc,phases   ] GC(24)   Post Evacuate Collection Set: 1.2ms
[2023-01-28T23:41:21.147+0100][gc,phases   ] GC(24)   Other: 0.3ms
[2023-01-28T23:41:21.147+0100][gc,heap     ] GC(24) Eden regions: 44->0(610)
[2023-01-28T23:41:21.147+0100][gc,heap     ] GC(24) Survivor regions: 7->4(7)
[2023-01-28T23:41:21.147+0100][gc,heap     ] GC(24) Old regions: 22->25
[2023-01-28T23:41:21.147+0100][gc,heap     ] GC(24) Archive regions: 0->0
[2023-01-28T23:41:21.147+0100][gc,heap     ] GC(24) Humongous regions: 129->129
[2023-01-28T23:41:21.147+0100][gc,metaspace] GC(24) Metaspace: 48037K(48512K)->48037K(48512K) NonClass: 42747K(43008K)->42747K(43008K) Class: 5290K(5504K)->5290K(5504K)
[2023-01-28T23:41:21.147+0100][gc          ] GC(24) Pause Young (Normal) (G1 Evacuation Pause) 201M->157M(1024M) 9.766ms
[2023-01-28T23:41:21.147+0100][gc,cpu      ] GC(24) User=0.01s Sys=0.01s Real=0.01s
[2023-01-28T23:41:25.876+0100][gc,start    ] GC(25) Pause Young (Normal) (G1 Evacuation Pause)
[2023-01-28T23:41:25.876+0100][gc,task     ] GC(25) Using 8 workers of 8 for evacuation
[2023-01-28T23:41:25.883+0100][gc,phases   ] GC(25)   Pre Evacuate Collection Set: 0.3ms
[2023-01-28T23:41:25.884+0100][gc,phases   ] GC(25)   Merge Heap Roots: 0.3ms
[2023-01-28T23:41:25.884+0100][gc,phases   ] GC(25)   Evacuate Collection Set: 6.0ms
[2023-01-28T23:41:25.884+0100][gc,phases   ] GC(25)   Post Evacuate Collection Set: 0.6ms
[2023-01-28T23:41:25.884+0100][gc,phases   ] GC(25)   Other: 0.5ms
[2023-01-28T23:41:25.884+0100][gc,heap     ] GC(25) Eden regions: 610->0(610)
[2023-01-28T23:41:25.884+0100][gc,heap     ] GC(25) Survivor regions: 4->4(77)
[2023-01-28T23:41:25.884+0100][gc,heap     ] GC(25) Old regions: 25->25
[2023-01-28T23:41:25.884+0100][gc,heap     ] GC(25) Archive regions: 0->0
[2023-01-28T23:41:25.884+0100][gc,heap     ] GC(25) Humongous regions: 129->129
[2023-01-28T23:41:25.884+0100][gc,metaspace] GC(25) Metaspace: 48038K(48512K)->48038K(48512K) NonClass: 42748K(43008K)->42748K(43008K) Class: 5290K(5504K)->5290K(5504K)
[2023-01-28T23:41:25.884+0100][gc          ] GC(25) Pause Young (Normal) (G1 Evacuation Pause) 767M->157M(1024M) 7.751ms
[2023-01-28T23:41:25.884+0100][gc,cpu      ] GC(25) User=0.01s Sys=0.02s Real=0.01s
[2023-01-28T23:41:30.455+0100][gc,start    ] GC(26) Pause Young (Normal) (G1 Evacuation Pause)
[2023-01-28T23:41:30.455+0100][gc,task     ] GC(26) Using 8 workers of 8 for evacuation
[2023-01-28T23:41:30.465+0100][gc,phases   ] GC(26)   Pre Evacuate Collection Set: 0.3ms
[2023-01-28T23:41:30.465+0100][gc,phases   ] GC(26)   Merge Heap Roots: 0.2ms
[2023-01-28T23:41:30.466+0100][gc,phases   ] GC(26)   Evacuate Collection Set: 8.8ms
[2023-01-28T23:41:30.466+0100][gc,phases   ] GC(26)   Post Evacuate Collection Set: 0.8ms
[2023-01-28T23:41:30.466+0100][gc,phases   ] GC(26)   Other: 0.4ms
[2023-01-28T23:41:30.466+0100][gc,heap     ] GC(26) Eden regions: 610->0(609)
[2023-01-28T23:41:30.466+0100][gc,heap     ] GC(26) Survivor regions: 4->5(77)
[2023-01-28T23:41:30.466+0100][gc,heap     ] GC(26) Old regions: 25->25
[2023-01-28T23:41:30.466+0100][gc,heap     ] GC(26) Archive regions: 0->0
[2023-01-28T23:41:30.466+0100][gc,heap     ] GC(26) Humongous regions: 129->129
[2023-01-28T23:41:30.466+0100][gc,metaspace] GC(26) Metaspace: 48051K(48512K)->48051K(48512K) NonClass: 42760K(43008K)->42760K(43008K) Class: 5290K(5504K)->5290K(5504K)
[2023-01-28T23:41:30.466+0100][gc          ] GC(26) Pause Young (Normal) (G1 Evacuation Pause) 767M->157M(1024M) 10.600ms
[2023-01-28T23:41:30.466+0100][gc,cpu      ] GC(26) User=0.02s Sys=0.03s Real=0.01s
[2023-01-28T23:41:33.746+0100][gc,start    ] GC(27) Pause Young (Normal) (G1 Evacuation Pause)
[2023-01-28T23:41:33.746+0100][gc,task     ] GC(27) Using 8 workers of 8 for evacuation
[2023-01-28T23:41:33.751+0100][gc,phases   ] GC(27)   Pre Evacuate Collection Set: 0.1ms
[2023-01-28T23:41:33.751+0100][gc,phases   ] GC(27)   Merge Heap Roots: 0.1ms
[2023-01-28T23:41:33.751+0100][gc,phases   ] GC(27)   Evacuate Collection Set: 4.6ms
[2023-01-28T23:41:33.751+0100][gc,phases   ] GC(27)   Post Evacuate Collection Set: 0.4ms
[2023-01-28T23:41:33.751+0100][gc,phases   ] GC(27)   Other: 0.4ms
[2023-01-28T23:41:33.751+0100][gc,heap     ] GC(27) Eden regions: 609->0(608)
[2023-01-28T23:41:33.751+0100][gc,heap     ] GC(27) Survivor regions: 5->6(77)
[2023-01-28T23:41:33.751+0100][gc,heap     ] GC(27) Old regions: 25->25
[2023-01-28T23:41:33.751+0100][gc,heap     ] GC(27) Archive regions: 0->0
[2023-01-28T23:41:33.751+0100][gc,heap     ] GC(27) Humongous regions: 129->129
[2023-01-28T23:41:33.751+0100][gc,metaspace] GC(27) Metaspace: 48052K(48512K)->48052K(48512K) NonClass: 42762K(43008K)->42762K(43008K) Class: 5290K(5504K)->5290K(5504K)
[2023-01-28T23:41:33.751+0100][gc          ] GC(27) Pause Young (Normal) (G1 Evacuation Pause) 766M->158M(1024M) 5.658ms
[2023-01-28T23:41:33.751+0100][gc,cpu      ] GC(27) User=0.01s Sys=0.02s Real=0.01s
[2023-01-28T23:41:36.225+0100][gc,start    ] GC(28) Pause Young (Normal) (G1 Evacuation Pause)
[2023-01-28T23:41:36.225+0100][gc,task     ] GC(28) Using 8 workers of 8 for evacuation
[2023-01-28T23:41:36.237+0100][gc,phases   ] GC(28)   Pre Evacuate Collection Set: 0.2ms
[2023-01-28T23:41:36.237+0100][gc,phases   ] GC(28)   Merge Heap Roots: 0.2ms
[2023-01-28T23:41:36.237+0100][gc,phases   ] GC(28)   Evacuate Collection Set: 11.1ms
[2023-01-28T23:41:36.237+0100][gc,phases   ] GC(28)   Post Evacuate Collection Set: 1.0ms
[2023-01-28T23:41:36.237+0100][gc,phases   ] GC(28)   Other: 0.2ms
[2023-01-28T23:41:36.237+0100][gc,heap     ] GC(28) Eden regions: 608->0(608)
[2023-01-28T23:41:36.237+0100][gc,heap     ] GC(28) Survivor regions: 6->6(77)
[2023-01-28T23:41:36.237+0100][gc,heap     ] GC(28) Old regions: 25->25
[2023-01-28T23:41:36.237+0100][gc,heap     ] GC(28) Archive regions: 0->0
[2023-01-28T23:41:36.237+0100][gc,heap     ] GC(28) Humongous regions: 129->129
[2023-01-28T23:41:36.237+0100][gc,metaspace] GC(28) Metaspace: 48052K(48512K)->48052K(48512K) NonClass: 42762K(43008K)->42762K(43008K) Class: 5290K(5504K)->5290K(5504K)
[2023-01-28T23:41:36.237+0100][gc          ] GC(28) Pause Young (Normal) (G1 Evacuation Pause) 766M->158M(1024M) 12.730ms
[2023-01-28T23:41:36.237+0100][gc,cpu      ] GC(28) User=0.02s Sys=0.03s Real=0.01s
[2023-01-28T23:41:38.735+0100][gc,start    ] GC(29) Pause Young (Normal) (G1 Evacuation Pause)
[2023-01-28T23:41:38.736+0100][gc,task     ] GC(29) Using 8 workers of 8 for evacuation
[2023-01-28T23:41:38.752+0100][gc,phases   ] GC(29)   Pre Evacuate Collection Set: 0.3ms
[2023-01-28T23:41:38.752+0100][gc,phases   ] GC(29)   Merge Heap Roots: 0.2ms
[2023-01-28T23:41:38.752+0100][gc,phases   ] GC(29)   Evacuate Collection Set: 14.3ms
[2023-01-28T23:41:38.752+0100][gc,phases   ] GC(29)   Post Evacuate Collection Set: 0.9ms
[2023-01-28T23:41:38.752+0100][gc,phases   ] GC(29)   Other: 0.9ms
[2023-01-28T23:41:38.752+0100][gc,heap     ] GC(29) Eden regions: 608->0(608)
[2023-01-28T23:41:38.752+0100][gc,heap     ] GC(29) Survivor regions: 6->6(77)
[2023-01-28T23:41:38.752+0100][gc,heap     ] GC(29) Old regions: 25->25
[2023-01-28T23:41:38.752+0100][gc,heap     ] GC(29) Archive regions: 0->0
[2023-01-28T23:41:38.752+0100][gc,heap     ] GC(29) Humongous regions: 129->129
[2023-01-28T23:41:38.752+0100][gc,metaspace] GC(29) Metaspace: 48052K(48512K)->48052K(48512K) NonClass: 42762K(43008K)->42762K(43008K) Class: 5290K(5504K)->5290K(5504K)
[2023-01-28T23:41:38.752+0100][gc          ] GC(29) Pause Young (Normal) (G1 Evacuation Pause) 766M->159M(1024M) 16.697ms
[2023-01-28T23:41:38.752+0100][gc,cpu      ] GC(29) User=0.02s Sys=0.04s Real=0.02s
[2023-01-28T23:41:41.882+0100][gc,start    ] GC(30) Pause Young (Normal) (G1 Evacuation Pause)
[2023-01-28T23:41:41.882+0100][gc,task     ] GC(30) Using 8 workers of 8 for evacuation
[2023-01-28T23:41:41.889+0100][gc,phases   ] GC(30)   Pre Evacuate Collection Set: 0.1ms
[2023-01-28T23:41:41.889+0100][gc,phases   ] GC(30)   Merge Heap Roots: 0.1ms
[2023-01-28T23:41:41.889+0100][gc,phases   ] GC(30)   Evacuate Collection Set: 6.0ms
[2023-01-28T23:41:41.889+0100][gc,phases   ] GC(30)   Post Evacuate Collection Set: 0.5ms
[2023-01-28T23:41:41.889+0100][gc,phases   ] GC(30)   Other: 0.2ms
[2023-01-28T23:41:41.889+0100][gc,heap     ] GC(30) Eden regions: 608->0(607)
[2023-01-28T23:41:41.889+0100][gc,heap     ] GC(30) Survivor regions: 6->7(77)
[2023-01-28T23:41:41.889+0100][gc,heap     ] GC(30) Old regions: 25->25
[2023-01-28T23:41:41.889+0100][gc,heap     ] GC(30) Archive regions: 0->0
[2023-01-28T23:41:41.889+0100][gc,heap     ] GC(30) Humongous regions: 129->129
[2023-01-28T23:41:41.889+0100][gc,metaspace] GC(30) Metaspace: 48055K(48512K)->48055K(48512K) NonClass: 42765K(43008K)->42765K(43008K) Class: 5290K(5504K)->5290K(5504K)
[2023-01-28T23:41:41.889+0100][gc          ] GC(30) Pause Young (Normal) (G1 Evacuation Pause) 767M->159M(1024M) 6.922ms
[2023-01-28T23:41:41.889+0100][gc,cpu      ] GC(30) User=0.02s Sys=0.03s Real=0.00s
[2023-01-28T23:41:44.235+0100][gc,start    ] GC(31) Pause Young (Normal) (G1 Evacuation Pause)
[2023-01-28T23:41:44.236+0100][gc,task     ] GC(31) Using 8 workers of 8 for evacuation
[2023-01-28T23:41:44.253+0100][gc,phases   ] GC(31)   Pre Evacuate Collection Set: 0.3ms
[2023-01-28T23:41:44.253+0100][gc,phases   ] GC(31)   Merge Heap Roots: 0.2ms
[2023-01-28T23:41:44.253+0100][gc,phases   ] GC(31)   Evacuate Collection Set: 15.4ms
[2023-01-28T23:41:44.253+0100][gc,phases   ] GC(31)   Post Evacuate Collection Set: 1.5ms
[2023-01-28T23:41:44.253+0100][gc,phases   ] GC(31)   Other: 0.9ms
[2023-01-28T23:41:44.253+0100][gc,heap     ] GC(31) Eden regions: 607->0(607)
[2023-01-28T23:41:44.253+0100][gc,heap     ] GC(31) Survivor regions: 7->7(77)
[2023-01-28T23:41:44.253+0100][gc,heap     ] GC(31) Old regions: 25->25
[2023-01-28T23:41:44.253+0100][gc,heap     ] GC(31) Archive regions: 0->0
[2023-01-28T23:41:44.253+0100][gc,heap     ] GC(31) Humongous regions: 129->129
[2023-01-28T23:41:44.253+0100][gc,metaspace] GC(31) Metaspace: 48057K(48512K)->48057K(48512K) NonClass: 42767K(43008K)->42767K(43008K) Class: 5290K(5504K)->5290K(5504K)
[2023-01-28T23:41:44.253+0100][gc          ] GC(31) Pause Young (Normal) (G1 Evacuation Pause) 766M->160M(1024M) 18.340ms
[2023-01-28T23:41:44.253+0100][gc,cpu      ] GC(31) User=0.02s Sys=0.04s Real=0.02s
[2023-01-28T23:41:46.464+0100][gc,start    ] GC(32) Pause Young (Normal) (G1 Evacuation Pause)
[2023-01-28T23:41:46.464+0100][gc,task     ] GC(32) Using 8 workers of 8 for evacuation
[2023-01-28T23:41:46.471+0100][gc,phases   ] GC(32)   Pre Evacuate Collection Set: 0.1ms
[2023-01-28T23:41:46.471+0100][gc,phases   ] GC(32)   Merge Heap Roots: 0.1ms
[2023-01-28T23:41:46.471+0100][gc,phases   ] GC(32)   Evacuate Collection Set: 5.6ms
[2023-01-28T23:41:46.471+0100][gc,phases   ] GC(32)   Post Evacuate Collection Set: 0.5ms
[2023-01-28T23:41:46.471+0100][gc,phases   ] GC(32)   Other: 0.2ms
[2023-01-28T23:41:46.471+0100][gc,heap     ] GC(32) Eden regions: 607->0(606)
[2023-01-28T23:41:46.471+0100][gc,heap     ] GC(32) Survivor regions: 7->8(77)
[2023-01-28T23:41:46.471+0100][gc,heap     ] GC(32) Old regions: 25->25
[2023-01-28T23:41:46.471+0100][gc,heap     ] GC(32) Archive regions: 0->0
[2023-01-28T23:41:46.471+0100][gc,heap     ] GC(32) Humongous regions: 129->129
[2023-01-28T23:41:46.471+0100][gc,metaspace] GC(32) Metaspace: 48057K(48512K)->48057K(48512K) NonClass: 42767K(43008K)->42767K(43008K) Class: 5290K(5504K)->5290K(5504K)
[2023-01-28T23:41:46.471+0100][gc          ] GC(32) Pause Young (Normal) (G1 Evacuation Pause) 767M->160M(1024M) 6.667ms
[2023-01-28T23:41:46.471+0100][gc,cpu      ] GC(32) User=0.02s Sys=0.02s Real=0.01s
[2023-01-28T23:41:49.078+0100][gc,start    ] GC(33) Pause Young (Normal) (G1 Evacuation Pause)
[2023-01-28T23:41:49.079+0100][gc,task     ] GC(33) Using 8 workers of 8 for evacuation
[2023-01-28T23:41:49.085+0100][gc,phases   ] GC(33)   Pre Evacuate Collection Set: 0.2ms
[2023-01-28T23:41:49.085+0100][gc,phases   ] GC(33)   Merge Heap Roots: 0.2ms
[2023-01-28T23:41:49.085+0100][gc,phases   ] GC(33)   Evacuate Collection Set: 5.8ms
[2023-01-28T23:41:49.085+0100][gc,phases   ] GC(33)   Post Evacuate Collection Set: 0.5ms
[2023-01-28T23:41:49.085+0100][gc,phases   ] GC(33)   Other: 0.3ms
[2023-01-28T23:41:49.085+0100][gc,heap     ] GC(33) Eden regions: 606->0(607)
[2023-01-28T23:41:49.085+0100][gc,heap     ] GC(33) Survivor regions: 8->7(77)
[2023-01-28T23:41:49.085+0100][gc,heap     ] GC(33) Old regions: 25->26
[2023-01-28T23:41:49.085+0100][gc,heap     ] GC(33) Archive regions: 0->0
[2023-01-28T23:41:49.085+0100][gc,heap     ] GC(33) Humongous regions: 129->129
[2023-01-28T23:41:49.085+0100][gc,metaspace] GC(33) Metaspace: 48057K(48512K)->48057K(48512K) NonClass: 42767K(43008K)->42767K(43008K) Class: 5290K(5504K)->5290K(5504K)
[2023-01-28T23:41:49.085+0100][gc          ] GC(33) Pause Young (Normal) (G1 Evacuation Pause) 766M->160M(1024M) 6.973ms
[2023-01-28T23:41:49.085+0100][gc,cpu      ] GC(33) User=0.02s Sys=0.02s Real=0.01s
[2023-01-28T23:41:51.420+0100][gc,start    ] GC(34) Pause Young (Normal) (G1 Evacuation Pause)
[2023-01-28T23:41:51.421+0100][gc,task     ] GC(34) Using 8 workers of 8 for evacuation
[2023-01-28T23:41:51.436+0100][gc,phases   ] GC(34)   Pre Evacuate Collection Set: 0.2ms
[2023-01-28T23:41:51.436+0100][gc,phases   ] GC(34)   Merge Heap Roots: 0.5ms
[2023-01-28T23:41:51.436+0100][gc,phases   ] GC(34)   Evacuate Collection Set: 13.0ms
[2023-01-28T23:41:51.436+0100][gc,phases   ] GC(34)   Post Evacuate Collection Set: 0.7ms
[2023-01-28T23:41:51.436+0100][gc,phases   ] GC(34)   Other: 1.1ms
[2023-01-28T23:41:51.436+0100][gc,heap     ] GC(34) Eden regions: 607->0(607)
[2023-01-28T23:41:51.436+0100][gc,heap     ] GC(34) Survivor regions: 7->7(77)
[2023-01-28T23:41:51.436+0100][gc,heap     ] GC(34) Old regions: 26->26
[2023-01-28T23:41:51.436+0100][gc,heap     ] GC(34) Archive regions: 0->0
[2023-01-28T23:41:51.436+0100][gc,heap     ] GC(34) Humongous regions: 129->129
[2023-01-28T23:41:51.436+0100][gc,metaspace] GC(34) Metaspace: 48058K(48512K)->48058K(48512K) NonClass: 42767K(43008K)->42767K(43008K) Class: 5290K(5504K)->5290K(5504K)
[2023-01-28T23:41:51.436+0100][gc          ] GC(34) Pause Young (Normal) (G1 Evacuation Pause) 767M->161M(1024M) 15.397ms
[2023-01-28T23:41:51.436+0100][gc,cpu      ] GC(34) User=0.02s Sys=0.03s Real=0.01s
[2023-01-28T23:41:53.743+0100][gc,start    ] GC(35) Pause Young (Normal) (G1 Evacuation Pause)
[2023-01-28T23:41:53.743+0100][gc,task     ] GC(35) Using 8 workers of 8 for evacuation
[2023-01-28T23:41:53.757+0100][gc,phases   ] GC(35)   Pre Evacuate Collection Set: 0.7ms
[2023-01-28T23:41:53.757+0100][gc,phases   ] GC(35)   Merge Heap Roots: 0.4ms
[2023-01-28T23:41:53.757+0100][gc,phases   ] GC(35)   Evacuate Collection Set: 11.6ms
[2023-01-28T23:41:53.757+0100][gc,phases   ] GC(35)   Post Evacuate Collection Set: 1.0ms
[2023-01-28T23:41:53.757+0100][gc,phases   ] GC(35)   Other: 0.5ms
[2023-01-28T23:41:53.757+0100][gc,heap     ] GC(35) Eden regions: 607->0(607)
[2023-01-28T23:41:53.757+0100][gc,heap     ] GC(35) Survivor regions: 7->7(77)
[2023-01-28T23:41:53.757+0100][gc,heap     ] GC(35) Old regions: 26->27
[2023-01-28T23:41:53.757+0100][gc,heap     ] GC(35) Archive regions: 0->0
[2023-01-28T23:41:53.757+0100][gc,heap     ] GC(35) Humongous regions: 129->129
[2023-01-28T23:41:53.757+0100][gc,metaspace] GC(35) Metaspace: 48059K(48512K)->48059K(48512K) NonClass: 42769K(43008K)->42769K(43008K) Class: 5290K(5504K)->5290K(5504K)
[2023-01-28T23:41:53.757+0100][gc          ] GC(35) Pause Young (Normal) (G1 Evacuation Pause) 768M->161M(1024M) 14.192ms
[2023-01-28T23:41:53.757+0100][gc,cpu      ] GC(35) User=0.02s Sys=0.02s Real=0.01s
[2023-01-28T23:41:56.530+0100][gc,start    ] GC(36) Pause Young (Normal) (G1 Evacuation Pause)
[2023-01-28T23:41:56.531+0100][gc,task     ] GC(36) Using 8 workers of 8 for evacuation
[2023-01-28T23:41:56.560+0100][gc,mmu      ] GC(36) MMU target violated: 21.0ms (20.0ms/21.0ms)
[2023-01-28T23:41:56.560+0100][gc,phases   ] GC(36)   Pre Evacuate Collection Set: 0.6ms
[2023-01-28T23:41:56.560+0100][gc,phases   ] GC(36)   Merge Heap Roots: 0.4ms
[2023-01-28T23:41:56.560+0100][gc,phases   ] GC(36)   Evacuate Collection Set: 25.6ms
[2023-01-28T23:41:56.560+0100][gc,phases   ] GC(36)   Post Evacuate Collection Set: 2.3ms
[2023-01-28T23:41:56.560+0100][gc,phases   ] GC(36)   Other: 0.8ms
[2023-01-28T23:41:56.560+0100][gc,heap     ] GC(36) Eden regions: 607->0(608)
[2023-01-28T23:41:56.560+0100][gc,heap     ] GC(36) Survivor regions: 7->6(77)
[2023-01-28T23:41:56.560+0100][gc,heap     ] GC(36) Old regions: 27->27
[2023-01-28T23:41:56.560+0100][gc,heap     ] GC(36) Archive regions: 0->0
[2023-01-28T23:41:56.560+0100][gc,heap     ] GC(36) Humongous regions: 129->129
[2023-01-28T23:41:56.560+0100][gc,metaspace] GC(36) Metaspace: 48059K(48512K)->48059K(48512K) NonClass: 42769K(43008K)->42769K(43008K) Class: 5290K(5504K)->5290K(5504K)
[2023-01-28T23:41:56.560+0100][gc          ] GC(36) Pause Young (Normal) (G1 Evacuation Pause) 768M->161M(1024M) 29.707ms
[2023-01-28T23:41:56.560+0100][gc,cpu      ] GC(36) User=0.02s Sys=0.05s Real=0.03s
[2023-01-28T23:41:58.944+0100][gc,start    ] GC(37) Pause Young (Normal) (G1 Evacuation Pause)
[2023-01-28T23:41:58.944+0100][gc,task     ] GC(37) Using 8 workers of 8 for evacuation
[2023-01-28T23:41:58.950+0100][gc,phases   ] GC(37)   Pre Evacuate Collection Set: 0.2ms
[2023-01-28T23:41:58.951+0100][gc,phases   ] GC(37)   Merge Heap Roots: 0.2ms
[2023-01-28T23:41:58.951+0100][gc,phases   ] GC(37)   Evacuate Collection Set: 5.0ms
[2023-01-28T23:41:58.951+0100][gc,phases   ] GC(37)   Post Evacuate Collection Set: 0.7ms
[2023-01-28T23:41:58.951+0100][gc,phases   ] GC(37)   Other: 0.2ms
[2023-01-28T23:41:58.951+0100][gc,heap     ] GC(37) Eden regions: 608->0(608)
[2023-01-28T23:41:58.951+0100][gc,heap     ] GC(37) Survivor regions: 6->6(77)
[2023-01-28T23:41:58.951+0100][gc,heap     ] GC(37) Old regions: 27->28
[2023-01-28T23:41:58.951+0100][gc,heap     ] GC(37) Archive regions: 0->0
[2023-01-28T23:41:58.951+0100][gc,heap     ] GC(37) Humongous regions: 129->129
[2023-01-28T23:41:58.951+0100][gc,metaspace] GC(37) Metaspace: 48059K(48512K)->48059K(48512K) NonClass: 42769K(43008K)->42769K(43008K) Class: 5290K(5504K)->5290K(5504K)
[2023-01-28T23:41:58.951+0100][gc          ] GC(37) Pause Young (Normal) (G1 Evacuation Pause) 769M->161M(1024M) 6.369ms
[2023-01-28T23:41:58.951+0100][gc,cpu      ] GC(37) User=0.02s Sys=0.02s Real=0.01s
[2023-01-28T23:42:01.323+0100][gc,start    ] GC(38) Pause Young (Normal) (G1 Evacuation Pause)
[2023-01-28T23:42:01.323+0100][gc,task     ] GC(38) Using 8 workers of 8 for evacuation
[2023-01-28T23:42:01.331+0100][gc,phases   ] GC(38)   Pre Evacuate Collection Set: 0.2ms
[2023-01-28T23:42:01.331+0100][gc,phases   ] GC(38)   Merge Heap Roots: 0.2ms
[2023-01-28T23:42:01.331+0100][gc,phases   ] GC(38)   Evacuate Collection Set: 6.2ms
[2023-01-28T23:42:01.331+0100][gc,phases   ] GC(38)   Post Evacuate Collection Set: 0.9ms
[2023-01-28T23:42:01.331+0100][gc,phases   ] GC(38)   Other: 0.3ms
[2023-01-28T23:42:01.331+0100][gc,heap     ] GC(38) Eden regions: 608->0(608)
[2023-01-28T23:42:01.331+0100][gc,heap     ] GC(38) Survivor regions: 6->6(77)
[2023-01-28T23:42:01.331+0100][gc,heap     ] GC(38) Old regions: 28->28
[2023-01-28T23:42:01.331+0100][gc,heap     ] GC(38) Archive regions: 0->0
[2023-01-28T23:42:01.331+0100][gc,heap     ] GC(38) Humongous regions: 129->129
[2023-01-28T23:42:01.331+0100][gc,metaspace] GC(38) Metaspace: 48059K(48512K)->48059K(48512K) NonClass: 42769K(43008K)->42769K(43008K) Class: 5290K(5504K)->5290K(5504K)
[2023-01-28T23:42:01.331+0100][gc          ] GC(38) Pause Young (Normal) (G1 Evacuation Pause) 769M->162M(1024M) 7.998ms
[2023-01-28T23:42:01.331+0100][gc,cpu      ] GC(38) User=0.02s Sys=0.01s Real=0.01s
[2023-01-28T23:42:03.639+0100][gc,start    ] GC(39) Pause Young (Normal) (G1 Evacuation Pause)
[2023-01-28T23:42:03.640+0100][gc,task     ] GC(39) Using 8 workers of 8 for evacuation
[2023-01-28T23:42:03.657+0100][gc,phases   ] GC(39)   Pre Evacuate Collection Set: 0.2ms
[2023-01-28T23:42:03.657+0100][gc,phases   ] GC(39)   Merge Heap Roots: 0.2ms
[2023-01-28T23:42:03.657+0100][gc,phases   ] GC(39)   Evacuate Collection Set: 15.3ms
[2023-01-28T23:42:03.657+0100][gc,phases   ] GC(39)   Post Evacuate Collection Set: 1.3ms
[2023-01-28T23:42:03.657+0100][gc,phases   ] GC(39)   Other: 0.8ms
[2023-01-28T23:42:03.657+0100][gc,heap     ] GC(39) Eden regions: 608->0(608)
[2023-01-28T23:42:03.657+0100][gc,heap     ] GC(39) Survivor regions: 6->6(77)
[2023-01-28T23:42:03.657+0100][gc,heap     ] GC(39) Old regions: 28->28
[2023-01-28T23:42:03.657+0100][gc,heap     ] GC(39) Archive regions: 0->0
[2023-01-28T23:42:03.657+0100][gc,heap     ] GC(39) Humongous regions: 129->129
[2023-01-28T23:42:03.657+0100][gc,metaspace] GC(39) Metaspace: 48064K(48512K)->48064K(48512K) NonClass: 42774K(43008K)->42774K(43008K) Class: 5290K(5504K)->5290K(5504K)
[2023-01-28T23:42:03.657+0100][gc          ] GC(39) Pause Young (Normal) (G1 Evacuation Pause) 770M->162M(1024M) 17.906ms
[2023-01-28T23:42:03.657+0100][gc,cpu      ] GC(39) User=0.02s Sys=0.03s Real=0.02s
[2023-01-28T23:42:06.688+0100][gc,start    ] GC(40) Pause Young (Normal) (G1 Evacuation Pause)
[2023-01-28T23:42:06.688+0100][gc,task     ] GC(40) Using 8 workers of 8 for evacuation
[2023-01-28T23:42:06.695+0100][gc,phases   ] GC(40)   Pre Evacuate Collection Set: 0.2ms
[2023-01-28T23:42:06.695+0100][gc,phases   ] GC(40)   Merge Heap Roots: 0.2ms
[2023-01-28T23:42:06.695+0100][gc,phases   ] GC(40)   Evacuate Collection Set: 5.2ms
[2023-01-28T23:42:06.695+0100][gc,phases   ] GC(40)   Post Evacuate Collection Set: 0.6ms
[2023-01-28T23:42:06.695+0100][gc,phases   ] GC(40)   Other: 0.2ms
[2023-01-28T23:42:06.695+0100][gc,heap     ] GC(40) Eden regions: 608->0(608)
[2023-01-28T23:42:06.695+0100][gc,heap     ] GC(40) Survivor regions: 6->6(77)
[2023-01-28T23:42:06.695+0100][gc,heap     ] GC(40) Old regions: 28->29
[2023-01-28T23:42:06.695+0100][gc,heap     ] GC(40) Archive regions: 0->0
[2023-01-28T23:42:06.695+0100][gc,heap     ] GC(40) Humongous regions: 129->129
[2023-01-28T23:42:06.695+0100][gc,metaspace] GC(40) Metaspace: 48065K(48512K)->48065K(48512K) NonClass: 42775K(43008K)->42775K(43008K) Class: 5290K(5504K)->5290K(5504K)
[2023-01-28T23:42:06.695+0100][gc          ] GC(40) Pause Young (Normal) (G1 Evacuation Pause) 770M->162M(1024M) 6.506ms
[2023-01-28T23:42:06.695+0100][gc,cpu      ] GC(40) User=0.02s Sys=0.02s Real=0.01s
[2023-01-28T23:42:09.501+0100][gc,start    ] GC(41) Pause Young (Normal) (G1 Evacuation Pause)
[2023-01-28T23:42:09.503+0100][gc,task     ] GC(41) Using 8 workers of 8 for evacuation
[2023-01-28T23:42:09.515+0100][gc,phases   ] GC(41)   Pre Evacuate Collection Set: 0.2ms
[2023-01-28T23:42:09.515+0100][gc,phases   ] GC(41)   Merge Heap Roots: 0.3ms
[2023-01-28T23:42:09.515+0100][gc,phases   ] GC(41)   Evacuate Collection Set: 9.7ms
[2023-01-28T23:42:09.515+0100][gc,phases   ] GC(41)   Post Evacuate Collection Set: 1.7ms
[2023-01-28T23:42:09.515+0100][gc,phases   ] GC(41)   Other: 1.9ms
[2023-01-28T23:42:09.515+0100][gc,heap     ] GC(41) Eden regions: 608->0(608)
[2023-01-28T23:42:09.515+0100][gc,heap     ] GC(41) Survivor regions: 6->6(77)
[2023-01-28T23:42:09.515+0100][gc,heap     ] GC(41) Old regions: 29->29
[2023-01-28T23:42:09.515+0100][gc,heap     ] GC(41) Archive regions: 0->0
[2023-01-28T23:42:09.515+0100][gc,heap     ] GC(41) Humongous regions: 129->129
[2023-01-28T23:42:09.515+0100][gc,metaspace] GC(41) Metaspace: 48065K(48512K)->48065K(48512K) NonClass: 42775K(43008K)->42775K(43008K) Class: 5290K(5504K)->5290K(5504K)
[2023-01-28T23:42:09.515+0100][gc          ] GC(41) Pause Young (Normal) (G1 Evacuation Pause) 770M->162M(1024M) 13.892ms
[2023-01-28T23:42:09.515+0100][gc,cpu      ] GC(41) User=0.02s Sys=0.04s Real=0.01s
[2023-01-28T23:42:11.998+0100][gc,start    ] GC(42) Pause Young (Normal) (G1 Evacuation Pause)
[2023-01-28T23:42:11.998+0100][gc,task     ] GC(42) Using 8 workers of 8 for evacuation
[2023-01-28T23:42:12.005+0100][gc,phases   ] GC(42)   Pre Evacuate Collection Set: 0.2ms
[2023-01-28T23:42:12.005+0100][gc,phases   ] GC(42)   Merge Heap Roots: 0.2ms
[2023-01-28T23:42:12.005+0100][gc,phases   ] GC(42)   Evacuate Collection Set: 5.5ms
[2023-01-28T23:42:12.005+0100][gc,phases   ] GC(42)   Post Evacuate Collection Set: 0.5ms
[2023-01-28T23:42:12.005+0100][gc,phases   ] GC(42)   Other: 0.2ms
[2023-01-28T23:42:12.005+0100][gc,heap     ] GC(42) Eden regions: 608->0(609)
[2023-01-28T23:42:12.005+0100][gc,heap     ] GC(42) Survivor regions: 6->5(77)
[2023-01-28T23:42:12.005+0100][gc,heap     ] GC(42) Old regions: 29->30
[2023-01-28T23:42:12.005+0100][gc,heap     ] GC(42) Archive regions: 0->0
[2023-01-28T23:42:12.005+0100][gc,heap     ] GC(42) Humongous regions: 129->129
[2023-01-28T23:42:12.005+0100][gc,metaspace] GC(42) Metaspace: 48067K(48512K)->48067K(48512K) NonClass: 42777K(43008K)->42777K(43008K) Class: 5290K(5504K)->5290K(5504K)
[2023-01-28T23:42:12.005+0100][gc          ] GC(42) Pause Young (Normal) (G1 Evacuation Pause) 770M->163M(1024M) 6.688ms
[2023-01-28T23:42:12.005+0100][gc,cpu      ] GC(42) User=0.02s Sys=0.01s Real=0.01s
[2023-01-28T23:42:16.270+0100][gc,start    ] GC(43) Pause Young (Normal) (G1 Evacuation Pause)
[2023-01-28T23:42:16.271+0100][gc,task     ] GC(43) Using 8 workers of 8 for evacuation
[2023-01-28T23:42:16.288+0100][gc,phases   ] GC(43)   Pre Evacuate Collection Set: 0.2ms
[2023-01-28T23:42:16.288+0100][gc,phases   ] GC(43)   Merge Heap Roots: 0.3ms
[2023-01-28T23:42:16.288+0100][gc,phases   ] GC(43)   Evacuate Collection Set: 12.9ms
[2023-01-28T23:42:16.288+0100][gc,phases   ] GC(43)   Post Evacuate Collection Set: 3.3ms
[2023-01-28T23:42:16.288+0100][gc,phases   ] GC(43)   Other: 0.5ms
[2023-01-28T23:42:16.288+0100][gc,heap     ] GC(43) Eden regions: 609->0(609)
[2023-01-28T23:42:16.288+0100][gc,heap     ] GC(43) Survivor regions: 5->5(77)
[2023-01-28T23:42:16.288+0100][gc,heap     ] GC(43) Old regions: 30->30
[2023-01-28T23:42:16.288+0100][gc,heap     ] GC(43) Archive regions: 0->0
[2023-01-28T23:42:16.288+0100][gc,heap     ] GC(43) Humongous regions: 129->129
[2023-01-28T23:42:16.288+0100][gc,metaspace] GC(43) Metaspace: 48071K(48512K)->48071K(48512K) NonClass: 42781K(43008K)->42781K(43008K) Class: 5290K(5504K)->5290K(5504K)
[2023-01-28T23:42:16.288+0100][gc          ] GC(43) Pause Young (Normal) (G1 Evacuation Pause) 772M->163M(1024M) 17.231ms
[2023-01-28T23:42:16.288+0100][gc,cpu      ] GC(43) User=0.02s Sys=0.04s Real=0.01s
[2023-01-28T23:42:20.216+0100][gc,start    ] GC(44) Pause Young (Normal) (G1 Evacuation Pause)
[2023-01-28T23:42:20.217+0100][gc,task     ] GC(44) Using 8 workers of 8 for evacuation
[2023-01-28T23:42:20.223+0100][gc,phases   ] GC(44)   Pre Evacuate Collection Set: 0.3ms
[2023-01-28T23:42:20.223+0100][gc,phases   ] GC(44)   Merge Heap Roots: 0.3ms
[2023-01-28T23:42:20.223+0100][gc,phases   ] GC(44)   Evacuate Collection Set: 5.1ms
[2023-01-28T23:42:20.223+0100][gc,phases   ] GC(44)   Post Evacuate Collection Set: 0.6ms
[2023-01-28T23:42:20.223+0100][gc,phases   ] GC(44)   Other: 0.3ms
[2023-01-28T23:42:20.223+0100][gc,heap     ] GC(44) Eden regions: 609->0(609)
[2023-01-28T23:42:20.223+0100][gc,heap     ] GC(44) Survivor regions: 5->5(77)
[2023-01-28T23:42:20.223+0100][gc,heap     ] GC(44) Old regions: 30->31
[2023-01-28T23:42:20.223+0100][gc,heap     ] GC(44) Archive regions: 0->0
[2023-01-28T23:42:20.223+0100][gc,heap     ] GC(44) Humongous regions: 129->129
[2023-01-28T23:42:20.223+0100][gc,metaspace] GC(44) Metaspace: 48071K(48512K)->48071K(48512K) NonClass: 42781K(43008K)->42781K(43008K) Class: 5290K(5504K)->5290K(5504K)
[2023-01-28T23:42:20.223+0100][gc          ] GC(44) Pause Young (Normal) (G1 Evacuation Pause) 772M->163M(1024M) 6.501ms
[2023-01-28T23:42:20.223+0100][gc,cpu      ] GC(44) User=0.02s Sys=0.02s Real=0.01s
[2023-01-28T23:42:22.907+0100][gc,start    ] GC(45) Pause Young (Normal) (G1 Evacuation Pause)
[2023-01-28T23:42:22.908+0100][gc,task     ] GC(45) Using 8 workers of 8 for evacuation
[2023-01-28T23:42:22.914+0100][gc,phases   ] GC(45)   Pre Evacuate Collection Set: 0.3ms
[2023-01-28T23:42:22.914+0100][gc,phases   ] GC(45)   Merge Heap Roots: 0.2ms
[2023-01-28T23:42:22.914+0100][gc,phases   ] GC(45)   Evacuate Collection Set: 5.3ms
[2023-01-28T23:42:22.914+0100][gc,phases   ] GC(45)   Post Evacuate Collection Set: 0.7ms
[2023-01-28T23:42:22.914+0100][gc,phases   ] GC(45)   Other: 1.3ms
[2023-01-28T23:42:22.914+0100][gc,heap     ] GC(45) Eden regions: 609->0(610)
[2023-01-28T23:42:22.914+0100][gc,heap     ] GC(45) Survivor regions: 5->4(77)
[2023-01-28T23:42:22.914+0100][gc,heap     ] GC(45) Old regions: 31->31
[2023-01-28T23:42:22.914+0100][gc,heap     ] GC(45) Archive regions: 0->0
[2023-01-28T23:42:22.914+0100][gc,heap     ] GC(45) Humongous regions: 129->129
[2023-01-28T23:42:22.914+0100][gc,metaspace] GC(45) Metaspace: 48072K(48512K)->48072K(48512K) NonClass: 42781K(43008K)->42781K(43008K) Class: 5290K(5504K)->5290K(5504K)
[2023-01-28T23:42:22.914+0100][gc          ] GC(45) Pause Young (Normal) (G1 Evacuation Pause) 772M->163M(1024M) 7.832ms
[2023-01-28T23:42:22.914+0100][gc,cpu      ] GC(45) User=0.02s Sys=0.02s Real=0.01s
[2023-01-28T23:42:27.169+0100][gc,start    ] GC(46) Pause Young (Normal) (G1 Evacuation Pause)
[2023-01-28T23:42:27.169+0100][gc,task     ] GC(46) Using 8 workers of 8 for evacuation
[2023-01-28T23:42:27.185+0100][gc,phases   ] GC(46)   Pre Evacuate Collection Set: 0.2ms
[2023-01-28T23:42:27.185+0100][gc,phases   ] GC(46)   Merge Heap Roots: 0.3ms
[2023-01-28T23:42:27.185+0100][gc,phases   ] GC(46)   Evacuate Collection Set: 13.6ms
[2023-01-28T23:42:27.185+0100][gc,phases   ] GC(46)   Post Evacuate Collection Set: 1.3ms
[2023-01-28T23:42:27.185+0100][gc,phases   ] GC(46)   Other: 0.3ms
[2023-01-28T23:42:27.185+0100][gc,heap     ] GC(46) Eden regions: 610->0(610)
[2023-01-28T23:42:27.185+0100][gc,heap     ] GC(46) Survivor regions: 4->4(77)
[2023-01-28T23:42:27.185+0100][gc,heap     ] GC(46) Old regions: 31->32
[2023-01-28T23:42:27.185+0100][gc,heap     ] GC(46) Archive regions: 0->0
[2023-01-28T23:42:27.185+0100][gc,heap     ] GC(46) Humongous regions: 129->129
[2023-01-28T23:42:27.185+0100][gc,metaspace] GC(46) Metaspace: 48072K(48512K)->48072K(48512K) NonClass: 42781K(43008K)->42781K(43008K) Class: 5290K(5504K)->5290K(5504K)
[2023-01-28T23:42:27.185+0100][gc          ] GC(46) Pause Young (Normal) (G1 Evacuation Pause) 773M->163M(1024M) 15.813ms
[2023-01-28T23:42:27.185+0100][gc,cpu      ] GC(46) User=0.02s Sys=0.03s Real=0.02s
[2023-01-28T23:42:30.627+0100][gc,start    ] GC(47) Pause Young (Normal) (G1 Evacuation Pause)
[2023-01-28T23:42:30.627+0100][gc,task     ] GC(47) Using 8 workers of 8 for evacuation
[2023-01-28T23:42:30.633+0100][gc,phases   ] GC(47)   Pre Evacuate Collection Set: 0.2ms
[2023-01-28T23:42:30.633+0100][gc,phases   ] GC(47)   Merge Heap Roots: 0.2ms
[2023-01-28T23:42:30.633+0100][gc,phases   ] GC(47)   Evacuate Collection Set: 4.3ms
[2023-01-28T23:42:30.633+0100][gc,phases   ] GC(47)   Post Evacuate Collection Set: 0.6ms
[2023-01-28T23:42:30.633+0100][gc,phases   ] GC(47)   Other: 1.0ms
[2023-01-28T23:42:30.633+0100][gc,heap     ] GC(47) Eden regions: 610->0(610)
[2023-01-28T23:42:30.633+0100][gc,heap     ] GC(47) Survivor regions: 4->4(77)
[2023-01-28T23:42:30.633+0100][gc,heap     ] GC(47) Old regions: 32->32
[2023-01-28T23:42:30.633+0100][gc,heap     ] GC(47) Archive regions: 0->0
[2023-01-28T23:42:30.633+0100][gc,heap     ] GC(47) Humongous regions: 129->129
[2023-01-28T23:42:30.633+0100][gc,metaspace] GC(47) Metaspace: 48072K(48512K)->48072K(48512K) NonClass: 42781K(43008K)->42781K(43008K) Class: 5290K(5504K)->5290K(5504K)
[2023-01-28T23:42:30.633+0100][gc          ] GC(47) Pause Young (Normal) (G1 Evacuation Pause) 773M->164M(1024M) 6.446ms
[2023-01-28T23:42:30.633+0100][gc,cpu      ] GC(47) User=0.02s Sys=0.02s Real=0.01s
[2023-01-28T23:42:34.893+0100][gc,start    ] GC(48) Pause Young (Normal) (G1 Evacuation Pause)
[2023-01-28T23:42:34.893+0100][gc,task     ] GC(48) Using 8 workers of 8 for evacuation
[2023-01-28T23:42:34.907+0100][gc,phases   ] GC(48)   Pre Evacuate Collection Set: 0.2ms
[2023-01-28T23:42:34.907+0100][gc,phases   ] GC(48)   Merge Heap Roots: 0.3ms
[2023-01-28T23:42:34.907+0100][gc,phases   ] GC(48)   Evacuate Collection Set: 11.9ms
[2023-01-28T23:42:34.907+0100][gc,phases   ] GC(48)   Post Evacuate Collection Set: 1.5ms
[2023-01-28T23:42:34.907+0100][gc,phases   ] GC(48)   Other: 0.3ms
[2023-01-28T23:42:34.907+0100][gc,heap     ] GC(48) Eden regions: 610->0(610)
[2023-01-28T23:42:34.907+0100][gc,heap     ] GC(48) Survivor regions: 4->4(77)
[2023-01-28T23:42:34.907+0100][gc,heap     ] GC(48) Old regions: 32->32
[2023-01-28T23:42:34.907+0100][gc,heap     ] GC(48) Archive regions: 0->0
[2023-01-28T23:42:34.907+0100][gc,heap     ] GC(48) Humongous regions: 129->129
[2023-01-28T23:42:34.907+0100][gc,metaspace] GC(48) Metaspace: 48075K(48512K)->48075K(48512K) NonClass: 42785K(43008K)->42785K(43008K) Class: 5290K(5504K)->5290K(5504K)
[2023-01-28T23:42:34.907+0100][gc          ] GC(48) Pause Young (Normal) (G1 Evacuation Pause) 774M->164M(1024M) 14.209ms
[2023-01-28T23:42:34.907+0100][gc,cpu      ] GC(48) User=0.02s Sys=0.03s Real=0.01s
[2023-01-28T23:42:40.606+0100][gc,start    ] GC(49) Pause Young (Normal) (G1 Evacuation Pause)
[2023-01-28T23:42:40.607+0100][gc,task     ] GC(49) Using 8 workers of 8 for evacuation
[2023-01-28T23:42:40.639+0100][gc,mmu      ] GC(49) MMU target violated: 21.0ms (20.0ms/21.0ms)
[2023-01-28T23:42:40.639+0100][gc,phases   ] GC(49)   Pre Evacuate Collection Set: 1.7ms
[2023-01-28T23:42:40.639+0100][gc,phases   ] GC(49)   Merge Heap Roots: 0.8ms
[2023-01-28T23:42:40.639+0100][gc,phases   ] GC(49)   Evacuate Collection Set: 25.3ms
[2023-01-28T23:42:40.639+0100][gc,phases   ] GC(49)   Post Evacuate Collection Set: 2.4ms
[2023-01-28T23:42:40.639+0100][gc,phases   ] GC(49)   Other: 3.6ms
[2023-01-28T23:42:40.639+0100][gc,heap     ] GC(49) Eden regions: 610->0(610)
[2023-01-28T23:42:40.639+0100][gc,heap     ] GC(49) Survivor regions: 4->4(77)
[2023-01-28T23:42:40.639+0100][gc,heap     ] GC(49) Old regions: 32->33
[2023-01-28T23:42:40.639+0100][gc,heap     ] GC(49) Archive regions: 0->0
[2023-01-28T23:42:40.639+0100][gc,heap     ] GC(49) Humongous regions: 129->129
[2023-01-28T23:42:40.639+0100][gc,metaspace] GC(49) Metaspace: 48086K(48512K)->48086K(48512K) NonClass: 42796K(43008K)->42796K(43008K) Class: 5290K(5504K)->5290K(5504K)
[2023-01-28T23:42:40.639+0100][gc          ] GC(49) Pause Young (Normal) (G1 Evacuation Pause) 774M->164M(1024M) 32.999ms
[2023-01-28T23:42:40.639+0100][gc,cpu      ] GC(49) User=0.03s Sys=0.04s Real=0.03s
[2023-01-28T23:42:44.341+0100][gc,start    ] GC(50) Pause Young (Normal) (G1 Evacuation Pause)
[2023-01-28T23:42:44.341+0100][gc,task     ] GC(50) Using 8 workers of 8 for evacuation
[2023-01-28T23:42:44.349+0100][gc,phases   ] GC(50)   Pre Evacuate Collection Set: 0.3ms
[2023-01-28T23:42:44.349+0100][gc,phases   ] GC(50)   Merge Heap Roots: 0.3ms
[2023-01-28T23:42:44.349+0100][gc,phases   ] GC(50)   Evacuate Collection Set: 5.8ms
[2023-01-28T23:42:44.349+0100][gc,phases   ] GC(50)   Post Evacuate Collection Set: 0.8ms
[2023-01-28T23:42:44.349+0100][gc,phases   ] GC(50)   Other: 0.3ms
[2023-01-28T23:42:44.349+0100][gc,heap     ] GC(50) Eden regions: 610->0(610)
[2023-01-28T23:42:44.349+0100][gc,heap     ] GC(50) Survivor regions: 4->4(77)
[2023-01-28T23:42:44.349+0100][gc,heap     ] GC(50) Old regions: 33->33
[2023-01-28T23:42:44.349+0100][gc,heap     ] GC(50) Archive regions: 0->0
[2023-01-28T23:42:44.349+0100][gc,heap     ] GC(50) Humongous regions: 129->129
[2023-01-28T23:42:44.349+0100][gc,metaspace] GC(50) Metaspace: 48086K(48512K)->48086K(48512K) NonClass: 42796K(43008K)->42796K(43008K) Class: 5290K(5504K)->5290K(5504K)
[2023-01-28T23:42:44.349+0100][gc          ] GC(50) Pause Young (Normal) (G1 Evacuation Pause) 774M->164M(1024M) 7.446ms
[2023-01-28T23:42:44.349+0100][gc,cpu      ] GC(50) User=0.02s Sys=0.02s Real=0.00s
[2023-01-28T23:42:47.788+0100][gc,start    ] GC(51) Pause Young (Normal) (G1 Evacuation Pause)
[2023-01-28T23:42:47.788+0100][gc,task     ] GC(51) Using 8 workers of 8 for evacuation
[2023-01-28T23:42:47.795+0100][gc,phases   ] GC(51)   Pre Evacuate Collection Set: 0.3ms
[2023-01-28T23:42:47.795+0100][gc,phases   ] GC(51)   Merge Heap Roots: 0.4ms
[2023-01-28T23:42:47.795+0100][gc,phases   ] GC(51)   Evacuate Collection Set: 5.6ms
[2023-01-28T23:42:47.795+0100][gc,phases   ] GC(51)   Post Evacuate Collection Set: 0.8ms
[2023-01-28T23:42:47.795+0100][gc,phases   ] GC(51)   Other: 0.6ms
[2023-01-28T23:42:47.795+0100][gc,heap     ] GC(51) Eden regions: 610->0(610)
[2023-01-28T23:42:47.795+0100][gc,heap     ] GC(51) Survivor regions: 4->4(77)
[2023-01-28T23:42:47.795+0100][gc,heap     ] GC(51) Old regions: 33->33
[2023-01-28T23:42:47.795+0100][gc,heap     ] GC(51) Archive regions: 0->0
[2023-01-28T23:42:47.795+0100][gc,heap     ] GC(51) Humongous regions: 129->129
[2023-01-28T23:42:47.795+0100][gc,metaspace] GC(51) Metaspace: 48086K(48512K)->48086K(48512K) NonClass: 42796K(43008K)->42796K(43008K) Class: 5290K(5504K)->5290K(5504K)
[2023-01-28T23:42:47.795+0100][gc          ] GC(51) Pause Young (Normal) (G1 Evacuation Pause) 774M->164M(1024M) 7.650ms
[2023-01-28T23:42:47.795+0100][gc,cpu      ] GC(51) User=0.02s Sys=0.02s Real=0.01s
[2023-01-28T23:42:51.057+0100][gc,start    ] GC(52) Pause Young (Normal) (G1 Evacuation Pause)
[2023-01-28T23:42:51.057+0100][gc,task     ] GC(52) Using 8 workers of 8 for evacuation
[2023-01-28T23:42:51.073+0100][gc,phases   ] GC(52)   Pre Evacuate Collection Set: 0.3ms
[2023-01-28T23:42:51.073+0100][gc,phases   ] GC(52)   Merge Heap Roots: 0.3ms
[2023-01-28T23:42:51.073+0100][gc,phases   ] GC(52)   Evacuate Collection Set: 8.6ms
[2023-01-28T23:42:51.073+0100][gc,phases   ] GC(52)   Post Evacuate Collection Set: 6.4ms
[2023-01-28T23:42:51.073+0100][gc,phases   ] GC(52)   Other: 0.3ms
[2023-01-28T23:42:51.073+0100][gc,heap     ] GC(52) Eden regions: 610->0(610)
[2023-01-28T23:42:51.073+0100][gc,heap     ] GC(52) Survivor regions: 4->4(77)
[2023-01-28T23:42:51.073+0100][gc,heap     ] GC(52) Old regions: 33->33
[2023-01-28T23:42:51.073+0100][gc,heap     ] GC(52) Archive regions: 0->0
[2023-01-28T23:42:51.073+0100][gc,heap     ] GC(52) Humongous regions: 129->129
[2023-01-28T23:42:51.073+0100][gc,metaspace] GC(52) Metaspace: 48087K(48512K)->48087K(48512K) NonClass: 42797K(43008K)->42797K(43008K) Class: 5290K(5504K)->5290K(5504K)
[2023-01-28T23:42:51.073+0100][gc          ] GC(52) Pause Young (Normal) (G1 Evacuation Pause) 774M->165M(1024M) 16.013ms
[2023-01-28T23:42:51.073+0100][gc,cpu      ] GC(52) User=0.02s Sys=0.03s Real=0.02s
[2023-01-28T23:42:55.606+0100][gc,start    ] GC(53) Pause Young (Normal) (G1 Evacuation Pause)
[2023-01-28T23:42:55.608+0100][gc,task     ] GC(53) Using 8 workers of 8 for evacuation
[2023-01-28T23:42:55.630+0100][gc,mmu      ] GC(53) MMU target violated: 21.0ms (20.0ms/21.0ms)
[2023-01-28T23:42:55.631+0100][gc,phases   ] GC(53)   Pre Evacuate Collection Set: 1.3ms
[2023-01-28T23:42:55.631+0100][gc,phases   ] GC(53)   Merge Heap Roots: 0.9ms
[2023-01-28T23:42:55.631+0100][gc,phases   ] GC(53)   Evacuate Collection Set: 18.0ms
[2023-01-28T23:42:55.631+0100][gc,phases   ] GC(53)   Post Evacuate Collection Set: 1.8ms
[2023-01-28T23:42:55.631+0100][gc,phases   ] GC(53)   Other: 2.8ms
[2023-01-28T23:42:55.631+0100][gc,heap     ] GC(53) Eden regions: 610->0(610)
[2023-01-28T23:42:55.631+0100][gc,heap     ] GC(53) Survivor regions: 4->4(77)
[2023-01-28T23:42:55.631+0100][gc,heap     ] GC(53) Old regions: 33->34
[2023-01-28T23:42:55.631+0100][gc,heap     ] GC(53) Archive regions: 0->0
[2023-01-28T23:42:55.631+0100][gc,heap     ] GC(53) Humongous regions: 129->129
[2023-01-28T23:42:55.631+0100][gc,metaspace] GC(53) Metaspace: 48091K(48576K)->48091K(48576K) NonClass: 42801K(43072K)->42801K(43072K) Class: 5290K(5504K)->5290K(5504K)
[2023-01-28T23:42:55.631+0100][gc          ] GC(53) Pause Young (Normal) (G1 Evacuation Pause) 775M->165M(1024M) 24.947ms
[2023-01-28T23:42:55.631+0100][gc,cpu      ] GC(53) User=0.02s Sys=0.05s Real=0.03s
[2023-01-28T23:42:59.942+0100][gc,start    ] GC(54) Pause Young (Normal) (G1 Evacuation Pause)
[2023-01-28T23:42:59.942+0100][gc,task     ] GC(54) Using 8 workers of 8 for evacuation
[2023-01-28T23:42:59.951+0100][gc,phases   ] GC(54)   Pre Evacuate Collection Set: 0.3ms
[2023-01-28T23:42:59.951+0100][gc,phases   ] GC(54)   Merge Heap Roots: 0.4ms
[2023-01-28T23:42:59.951+0100][gc,phases   ] GC(54)   Evacuate Collection Set: 7.3ms
[2023-01-28T23:42:59.951+0100][gc,phases   ] GC(54)   Post Evacuate Collection Set: 1.0ms
[2023-01-28T23:42:59.951+0100][gc,phases   ] GC(54)   Other: 0.4ms
[2023-01-28T23:42:59.951+0100][gc,heap     ] GC(54) Eden regions: 610->0(610)
[2023-01-28T23:42:59.951+0100][gc,heap     ] GC(54) Survivor regions: 4->4(77)
[2023-01-28T23:42:59.951+0100][gc,heap     ] GC(54) Old regions: 34->34
[2023-01-28T23:42:59.951+0100][gc,heap     ] GC(54) Archive regions: 0->0
[2023-01-28T23:42:59.951+0100][gc,heap     ] GC(54) Humongous regions: 129->129
[2023-01-28T23:42:59.951+0100][gc,metaspace] GC(54) Metaspace: 48091K(48576K)->48091K(48576K) NonClass: 42801K(43072K)->42801K(43072K) Class: 5290K(5504K)->5290K(5504K)
[2023-01-28T23:42:59.951+0100][gc          ] GC(54) Pause Young (Normal) (G1 Evacuation Pause) 775M->165M(1024M) 9.466ms
[2023-01-28T23:42:59.951+0100][gc,cpu      ] GC(54) User=0.03s Sys=0.02s Real=0.01s
[2023-01-28T23:43:04.290+0100][gc,start    ] GC(55) Pause Young (Normal) (G1 Evacuation Pause)
[2023-01-28T23:43:04.291+0100][gc,task     ] GC(55) Using 8 workers of 8 for evacuation
[2023-01-28T23:43:04.325+0100][gc,mmu      ] GC(55) MMU target violated: 21.0ms (20.0ms/21.0ms)
[2023-01-28T23:43:04.325+0100][gc,phases   ] GC(55)   Pre Evacuate Collection Set: 0.4ms
[2023-01-28T23:43:04.325+0100][gc,phases   ] GC(55)   Merge Heap Roots: 0.4ms
[2023-01-28T23:43:04.325+0100][gc,phases   ] GC(55)   Evacuate Collection Set: 28.7ms
[2023-01-28T23:43:04.325+0100][gc,phases   ] GC(55)   Post Evacuate Collection Set: 4.3ms
[2023-01-28T23:43:04.325+0100][gc,phases   ] GC(55)   Other: 0.7ms
[2023-01-28T23:43:04.325+0100][gc,heap     ] GC(55) Eden regions: 610->0(95)
[2023-01-28T23:43:04.325+0100][gc,heap     ] GC(55) Survivor regions: 4->4(77)
[2023-01-28T23:43:04.325+0100][gc,heap     ] GC(55) Old regions: 34->34
[2023-01-28T23:43:04.325+0100][gc,heap     ] GC(55) Archive regions: 0->0
[2023-01-28T23:43:04.325+0100][gc,heap     ] GC(55) Humongous regions: 129->129
[2023-01-28T23:43:04.325+0100][gc,metaspace] GC(55) Metaspace: 48091K(48576K)->48091K(48576K) NonClass: 42801K(43072K)->42801K(43072K) Class: 5290K(5504K)->5290K(5504K)
[2023-01-28T23:43:04.325+0100][gc          ] GC(55) Pause Young (Normal) (G1 Evacuation Pause) 775M->165M(1024M) 34.603ms
[2023-01-28T23:43:04.325+0100][gc,cpu      ] GC(55) User=0.03s Sys=0.03s Real=0.03s
[2023-01-28T23:43:04.851+0100][gc,start    ] GC(56) Pause Young (Normal) (G1 Evacuation Pause)
[2023-01-28T23:43:04.851+0100][gc,task     ] GC(56) Using 8 workers of 8 for evacuation
[2023-01-28T23:43:04.855+0100][gc,phases   ] GC(56)   Pre Evacuate Collection Set: 0.2ms
[2023-01-28T23:43:04.855+0100][gc,phases   ] GC(56)   Merge Heap Roots: 0.1ms
[2023-01-28T23:43:04.855+0100][gc,phases   ] GC(56)   Evacuate Collection Set: 3.1ms
[2023-01-28T23:43:04.855+0100][gc,phases   ] GC(56)   Post Evacuate Collection Set: 0.3ms
[2023-01-28T23:43:04.855+0100][gc,phases   ] GC(56)   Other: 0.1ms
[2023-01-28T23:43:04.855+0100][gc,heap     ] GC(56) Eden regions: 76->0(611)
[2023-01-28T23:43:04.855+0100][gc,heap     ] GC(56) Survivor regions: 4->3(10)
[2023-01-28T23:43:04.855+0100][gc,heap     ] GC(56) Old regions: 34->34
[2023-01-28T23:43:04.855+0100][gc,heap     ] GC(56) Archive regions: 0->0
[2023-01-28T23:43:04.855+0100][gc,heap     ] GC(56) Humongous regions: 129->129
[2023-01-28T23:43:04.855+0100][gc,metaspace] GC(56) Metaspace: 48091K(48576K)->48091K(48576K) NonClass: 42801K(43072K)->42801K(43072K) Class: 5290K(5504K)->5290K(5504K)
[2023-01-28T23:43:04.855+0100][gc          ] GC(56) Pause Young (Normal) (G1 Evacuation Pause) 241M->165M(1024M) 3.909ms
[2023-01-28T23:43:04.855+0100][gc,cpu      ] GC(56) User=0.02s Sys=0.01s Real=0.00s
[2023-01-28T23:43:09.483+0100][gc,start    ] GC(57) Pause Young (Normal) (G1 Evacuation Pause)
[2023-01-28T23:43:09.483+0100][gc,task     ] GC(57) Using 8 workers of 8 for evacuation
[2023-01-28T23:43:09.512+0100][gc,mmu      ] GC(57) MMU target violated: 21.0ms (20.0ms/21.0ms)
[2023-01-28T23:43:09.512+0100][gc,phases   ] GC(57)   Pre Evacuate Collection Set: 0.3ms
[2023-01-28T23:43:09.512+0100][gc,phases   ] GC(57)   Merge Heap Roots: 0.4ms
[2023-01-28T23:43:09.512+0100][gc,phases   ] GC(57)   Evacuate Collection Set: 24.6ms
[2023-01-28T23:43:09.512+0100][gc,phases   ] GC(57)   Post Evacuate Collection Set: 2.9ms
[2023-01-28T23:43:09.512+0100][gc,phases   ] GC(57)   Other: 0.8ms
[2023-01-28T23:43:09.512+0100][gc,heap     ] GC(57) Eden regions: 611->0(611)
[2023-01-28T23:43:09.512+0100][gc,heap     ] GC(57) Survivor regions: 3->3(77)
[2023-01-28T23:43:09.512+0100][gc,heap     ] GC(57) Old regions: 34->35
[2023-01-28T23:43:09.512+0100][gc,heap     ] GC(57) Archive regions: 0->0
[2023-01-28T23:43:09.512+0100][gc,heap     ] GC(57) Humongous regions: 129->129
[2023-01-28T23:43:09.512+0100][gc,metaspace] GC(57) Metaspace: 48094K(48576K)->48094K(48576K) NonClass: 42804K(43072K)->42804K(43072K) Class: 5290K(5504K)->5290K(5504K)
[2023-01-28T23:43:09.512+0100][gc          ] GC(57) Pause Young (Normal) (G1 Evacuation Pause) 776M->166M(1024M) 29.207ms
[2023-01-28T23:43:09.512+0100][gc,cpu      ] GC(57) User=0.03s Sys=0.05s Real=0.03s
[2023-01-28T23:43:15.762+0100][gc,start    ] GC(58) Pause Young (Normal) (G1 Evacuation Pause)
[2023-01-28T23:43:15.763+0100][gc,task     ] GC(58) Using 8 workers of 8 for evacuation
[2023-01-28T23:43:15.784+0100][gc,mmu      ] GC(58) MMU target violated: 21.0ms (20.0ms/21.0ms)
[2023-01-28T23:43:15.784+0100][gc,phases   ] GC(58)   Pre Evacuate Collection Set: 0.3ms
[2023-01-28T23:43:15.784+0100][gc,phases   ] GC(58)   Merge Heap Roots: 0.3ms
[2023-01-28T23:43:15.784+0100][gc,phases   ] GC(58)   Evacuate Collection Set: 18.3ms
[2023-01-28T23:43:15.784+0100][gc,phases   ] GC(58)   Post Evacuate Collection Set: 2.3ms
[2023-01-28T23:43:15.784+0100][gc,phases   ] GC(58)   Other: 0.6ms
[2023-01-28T23:43:15.784+0100][gc,heap     ] GC(58) Eden regions: 611->0(611)
[2023-01-28T23:43:15.784+0100][gc,heap     ] GC(58) Survivor regions: 3->3(77)
[2023-01-28T23:43:15.784+0100][gc,heap     ] GC(58) Old regions: 35->35
[2023-01-28T23:43:15.785+0100][gc,heap     ] GC(58) Archive regions: 0->0
[2023-01-28T23:43:15.785+0100][gc,heap     ] GC(58) Humongous regions: 129->129
[2023-01-28T23:43:15.785+0100][gc,metaspace] GC(58) Metaspace: 48094K(48576K)->48094K(48576K) NonClass: 42804K(43072K)->42804K(43072K) Class: 5290K(5504K)->5290K(5504K)
[2023-01-28T23:43:15.785+0100][gc          ] GC(58) Pause Young (Normal) (G1 Evacuation Pause) 777M->166M(1024M) 22.222ms
[2023-01-28T23:43:15.785+0100][gc,cpu      ] GC(58) User=0.03s Sys=0.04s Real=0.02s
[2023-01-28T23:43:21.090+0100][gc,start    ] GC(59) Pause Young (Normal) (G1 Evacuation Pause)
[2023-01-28T23:43:21.091+0100][gc,task     ] GC(59) Using 8 workers of 8 for evacuation
[2023-01-28T23:43:21.099+0100][gc,phases   ] GC(59)   Pre Evacuate Collection Set: 0.3ms
[2023-01-28T23:43:21.099+0100][gc,phases   ] GC(59)   Merge Heap Roots: 0.3ms
[2023-01-28T23:43:21.099+0100][gc,phases   ] GC(59)   Evacuate Collection Set: 6.5ms
[2023-01-28T23:43:21.099+0100][gc,phases   ] GC(59)   Post Evacuate Collection Set: 0.8ms
[2023-01-28T23:43:21.099+0100][gc,phases   ] GC(59)   Other: 0.4ms
[2023-01-28T23:43:21.099+0100][gc,heap     ] GC(59) Eden regions: 611->0(611)
[2023-01-28T23:43:21.099+0100][gc,heap     ] GC(59) Survivor regions: 3->3(77)
[2023-01-28T23:43:21.099+0100][gc,heap     ] GC(59) Old regions: 35->35
[2023-01-28T23:43:21.099+0100][gc,heap     ] GC(59) Archive regions: 0->0
[2023-01-28T23:43:21.099+0100][gc,heap     ] GC(59) Humongous regions: 129->129
[2023-01-28T23:43:21.099+0100][gc,metaspace] GC(59) Metaspace: 48094K(48576K)->48094K(48576K) NonClass: 42804K(43072K)->42804K(43072K) Class: 5290K(5504K)->5290K(5504K)
[2023-01-28T23:43:21.099+0100][gc          ] GC(59) Pause Young (Normal) (G1 Evacuation Pause) 777M->166M(1024M) 8.424ms
[2023-01-28T23:43:21.099+0100][gc,cpu      ] GC(59) User=0.02s Sys=0.03s Real=0.00s
[2023-01-28T23:43:29.061+0100][gc,start    ] GC(60) Pause Young (Normal) (G1 Evacuation Pause)
[2023-01-28T23:43:29.062+0100][gc,task     ] GC(60) Using 8 workers of 8 for evacuation
[2023-01-28T23:43:29.081+0100][gc,phases   ] GC(60)   Pre Evacuate Collection Set: 1.2ms
[2023-01-28T23:43:29.081+0100][gc,phases   ] GC(60)   Merge Heap Roots: 1.3ms
[2023-01-28T23:43:29.081+0100][gc,phases   ] GC(60)   Evacuate Collection Set: 13.7ms
[2023-01-28T23:43:29.081+0100][gc,phases   ] GC(60)   Post Evacuate Collection Set: 1.5ms
[2023-01-28T23:43:29.081+0100][gc,phases   ] GC(60)   Other: 1.7ms
[2023-01-28T23:43:29.081+0100][gc,heap     ] GC(60) Eden regions: 611->0(611)
[2023-01-28T23:43:29.081+0100][gc,heap     ] GC(60) Survivor regions: 3->3(77)
[2023-01-28T23:43:29.081+0100][gc,heap     ] GC(60) Old regions: 35->35
[2023-01-28T23:43:29.081+0100][gc,heap     ] GC(60) Archive regions: 0->0
[2023-01-28T23:43:29.081+0100][gc,heap     ] GC(60) Humongous regions: 129->129
[2023-01-28T23:43:29.081+0100][gc,metaspace] GC(60) Metaspace: 48095K(48576K)->48095K(48576K) NonClass: 42805K(43072K)->42805K(43072K) Class: 5290K(5504K)->5290K(5504K)
[2023-01-28T23:43:29.081+0100][gc          ] GC(60) Pause Young (Normal) (G1 Evacuation Pause) 777M->166M(1024M) 19.386ms
[2023-01-28T23:43:29.081+0100][gc,cpu      ] GC(60) User=0.02s Sys=0.03s Real=0.02s
[2023-01-28T23:43:43.926+0100][gc,start    ] GC(61) Pause Young (Normal) (G1 Evacuation Pause)
[2023-01-28T23:43:43.926+0100][gc,task     ] GC(61) Using 8 workers of 8 for evacuation
[2023-01-28T23:43:43.949+0100][gc,mmu      ] GC(61) MMU target violated: 21.0ms (20.0ms/21.0ms)
[2023-01-28T23:43:43.949+0100][gc,phases   ] GC(61)   Pre Evacuate Collection Set: 0.3ms
[2023-01-28T23:43:43.949+0100][gc,phases   ] GC(61)   Merge Heap Roots: 0.2ms
[2023-01-28T23:43:43.949+0100][gc,phases   ] GC(61)   Evacuate Collection Set: 20.3ms
[2023-01-28T23:43:43.949+0100][gc,phases   ] GC(61)   Post Evacuate Collection Set: 2.0ms
[2023-01-28T23:43:43.949+0100][gc,phases   ] GC(61)   Other: 0.5ms
[2023-01-28T23:43:43.949+0100][gc,heap     ] GC(61) Eden regions: 611->0(611)
[2023-01-28T23:43:43.949+0100][gc,heap     ] GC(61) Survivor regions: 3->3(77)
[2023-01-28T23:43:43.949+0100][gc,heap     ] GC(61) Old regions: 35->35
[2023-01-28T23:43:43.949+0100][gc,heap     ] GC(61) Archive regions: 0->0
[2023-01-28T23:43:43.949+0100][gc,heap     ] GC(61) Humongous regions: 129->129
[2023-01-28T23:43:43.949+0100][gc,metaspace] GC(61) Metaspace: 48125K(48640K)->48125K(48640K) NonClass: 42834K(43136K)->42834K(43136K) Class: 5290K(5504K)->5290K(5504K)
[2023-01-28T23:43:43.949+0100][gc          ] GC(61) Pause Young (Normal) (G1 Evacuation Pause) 777M->166M(1024M) 23.487ms
[2023-01-28T23:43:43.950+0100][gc,cpu      ] GC(61) User=0.03s Sys=0.04s Real=0.03s
[2023-01-28T23:44:50.157+0100][gc,start    ] GC(62) Pause Young (Normal) (G1 Evacuation Pause)
[2023-01-28T23:44:50.157+0100][gc,task     ] GC(62) Using 8 workers of 8 for evacuation
[2023-01-28T23:44:50.162+0100][gc,phases   ] GC(62)   Pre Evacuate Collection Set: 0.2ms
[2023-01-28T23:44:50.162+0100][gc,phases   ] GC(62)   Merge Heap Roots: 0.3ms
[2023-01-28T23:44:50.162+0100][gc,phases   ] GC(62)   Evacuate Collection Set: 3.1ms
[2023-01-28T23:44:50.162+0100][gc,phases   ] GC(62)   Post Evacuate Collection Set: 0.5ms
[2023-01-28T23:44:50.162+0100][gc,phases   ] GC(62)   Other: 0.4ms
[2023-01-28T23:44:50.162+0100][gc,heap     ] GC(62) Eden regions: 611->0(610)
[2023-01-28T23:44:50.162+0100][gc,heap     ] GC(62) Survivor regions: 3->4(77)
[2023-01-28T23:44:50.162+0100][gc,heap     ] GC(62) Old regions: 35->36
[2023-01-28T23:44:50.162+0100][gc,heap     ] GC(62) Archive regions: 0->0
[2023-01-28T23:44:50.162+0100][gc,heap     ] GC(62) Humongous regions: 129->129
[2023-01-28T23:44:50.162+0100][gc,metaspace] GC(62) Metaspace: 48145K(48640K)->48145K(48640K) NonClass: 42854K(43136K)->42854K(43136K) Class: 5290K(5504K)->5290K(5504K)
[2023-01-28T23:44:50.162+0100][gc          ] GC(62) Pause Young (Normal) (G1 Evacuation Pause) 777M->167M(1024M) 4.502ms
[2023-01-28T23:44:50.162+0100][gc,cpu      ] GC(62) User=0.02s Sys=0.01s Real=0.01s
[2023-01-28T23:44:52.418+0100][gc,start    ] GC(63) Pause Young (Normal) (G1 Evacuation Pause)
[2023-01-28T23:44:52.418+0100][gc,task     ] GC(63) Using 8 workers of 8 for evacuation
[2023-01-28T23:44:52.424+0100][gc,phases   ] GC(63)   Pre Evacuate Collection Set: 0.2ms
[2023-01-28T23:44:52.424+0100][gc,phases   ] GC(63)   Merge Heap Roots: 0.3ms
[2023-01-28T23:44:52.424+0100][gc,phases   ] GC(63)   Evacuate Collection Set: 4.6ms
[2023-01-28T23:44:52.424+0100][gc,phases   ] GC(63)   Post Evacuate Collection Set: 0.5ms
[2023-01-28T23:44:52.424+0100][gc,phases   ] GC(63)   Other: 0.2ms
[2023-01-28T23:44:52.424+0100][gc,heap     ] GC(63) Eden regions: 610->0(610)
[2023-01-28T23:44:52.424+0100][gc,heap     ] GC(63) Survivor regions: 4->4(77)
[2023-01-28T23:44:52.424+0100][gc,heap     ] GC(63) Old regions: 36->36
[2023-01-28T23:44:52.424+0100][gc,heap     ] GC(63) Archive regions: 0->0
[2023-01-28T23:44:52.424+0100][gc,heap     ] GC(63) Humongous regions: 129->129
[2023-01-28T23:44:52.424+0100][gc,metaspace] GC(63) Metaspace: 48195K(48768K)->48195K(48768K) NonClass: 42893K(43200K)->42893K(43200K) Class: 5301K(5568K)->5301K(5568K)
[2023-01-28T23:44:52.424+0100][gc          ] GC(63) Pause Young (Normal) (G1 Evacuation Pause) 777M->167M(1024M) 5.758ms
[2023-01-28T23:44:52.424+0100][gc,cpu      ] GC(63) User=0.02s Sys=0.02s Real=0.01s
[2023-01-28T23:44:54.565+0100][gc,start    ] GC(64) Pause Young (Normal) (G1 Evacuation Pause)
[2023-01-28T23:44:54.565+0100][gc,task     ] GC(64) Using 8 workers of 8 for evacuation
[2023-01-28T23:44:54.573+0100][gc,phases   ] GC(64)   Pre Evacuate Collection Set: 0.2ms
[2023-01-28T23:44:54.573+0100][gc,phases   ] GC(64)   Merge Heap Roots: 0.2ms
[2023-01-28T23:44:54.573+0100][gc,phases   ] GC(64)   Evacuate Collection Set: 6.1ms
[2023-01-28T23:44:54.573+0100][gc,phases   ] GC(64)   Post Evacuate Collection Set: 0.7ms
[2023-01-28T23:44:54.573+0100][gc,phases   ] GC(64)   Other: 0.2ms
[2023-01-28T23:44:54.573+0100][gc,heap     ] GC(64) Eden regions: 610->0(610)
[2023-01-28T23:44:54.573+0100][gc,heap     ] GC(64) Survivor regions: 4->4(77)
[2023-01-28T23:44:54.573+0100][gc,heap     ] GC(64) Old regions: 36->36
[2023-01-28T23:44:54.573+0100][gc,heap     ] GC(64) Archive regions: 0->0
[2023-01-28T23:44:54.573+0100][gc,heap     ] GC(64) Humongous regions: 129->129
[2023-01-28T23:44:54.573+0100][gc,metaspace] GC(64) Metaspace: 48195K(48768K)->48195K(48768K) NonClass: 42893K(43200K)->42893K(43200K) Class: 5301K(5568K)->5301K(5568K)
[2023-01-28T23:44:54.573+0100][gc          ] GC(64) Pause Young (Normal) (G1 Evacuation Pause) 777M->168M(1024M) 7.493ms
[2023-01-28T23:44:54.573+0100][gc,cpu      ] GC(64) User=0.02s Sys=0.02s Real=0.01s
[2023-01-28T23:44:56.652+0100][gc,start    ] GC(65) Pause Young (Normal) (G1 Evacuation Pause)
[2023-01-28T23:44:56.652+0100][gc,task     ] GC(65) Using 8 workers of 8 for evacuation
[2023-01-28T23:44:56.657+0100][gc,phases   ] GC(65)   Pre Evacuate Collection Set: 0.3ms
[2023-01-28T23:44:56.657+0100][gc,phases   ] GC(65)   Merge Heap Roots: 0.4ms
[2023-01-28T23:44:56.657+0100][gc,phases   ] GC(65)   Evacuate Collection Set: 3.7ms
[2023-01-28T23:44:56.657+0100][gc,phases   ] GC(65)   Post Evacuate Collection Set: 0.5ms
[2023-01-28T23:44:56.657+0100][gc,phases   ] GC(65)   Other: 0.9ms
[2023-01-28T23:44:56.657+0100][gc,heap     ] GC(65) Eden regions: 610->0(609)
[2023-01-28T23:44:56.657+0100][gc,heap     ] GC(65) Survivor regions: 4->5(77)
[2023-01-28T23:44:56.658+0100][gc,heap     ] GC(65) Old regions: 36->36
[2023-01-28T23:44:56.658+0100][gc,heap     ] GC(65) Archive regions: 0->0
[2023-01-28T23:44:56.658+0100][gc,heap     ] GC(65) Humongous regions: 129->129
[2023-01-28T23:44:56.658+0100][gc,metaspace] GC(65) Metaspace: 48195K(48768K)->48195K(48768K) NonClass: 42893K(43200K)->42893K(43200K) Class: 5301K(5568K)->5301K(5568K)
[2023-01-28T23:44:56.658+0100][gc          ] GC(65) Pause Young (Normal) (G1 Evacuation Pause) 778M->168M(1024M) 5.826ms
[2023-01-28T23:44:56.658+0100][gc,cpu      ] GC(65) User=0.02s Sys=0.01s Real=0.00s
[2023-01-28T23:44:58.750+0100][gc,start    ] GC(66) Pause Young (Normal) (G1 Evacuation Pause)
[2023-01-28T23:44:58.751+0100][gc,task     ] GC(66) Using 8 workers of 8 for evacuation
[2023-01-28T23:44:58.761+0100][gc,phases   ] GC(66)   Pre Evacuate Collection Set: 0.7ms
[2023-01-28T23:44:58.761+0100][gc,phases   ] GC(66)   Merge Heap Roots: 0.4ms
[2023-01-28T23:44:58.761+0100][gc,phases   ] GC(66)   Evacuate Collection Set: 7.9ms
[2023-01-28T23:44:58.761+0100][gc,phases   ] GC(66)   Post Evacuate Collection Set: 0.5ms
[2023-01-28T23:44:58.761+0100][gc,phases   ] GC(66)   Other: 1.1ms
[2023-01-28T23:44:58.761+0100][gc,heap     ] GC(66) Eden regions: 609->0(609)
[2023-01-28T23:44:58.761+0100][gc,heap     ] GC(66) Survivor regions: 5->5(77)
[2023-01-28T23:44:58.761+0100][gc,heap     ] GC(66) Old regions: 36->36
[2023-01-28T23:44:58.761+0100][gc,heap     ] GC(66) Archive regions: 0->0
[2023-01-28T23:44:58.761+0100][gc,heap     ] GC(66) Humongous regions: 129->129
[2023-01-28T23:44:58.761+0100][gc,metaspace] GC(66) Metaspace: 48196K(48768K)->48196K(48768K) NonClass: 42894K(43200K)->42894K(43200K) Class: 5301K(5568K)->5301K(5568K)
[2023-01-28T23:44:58.761+0100][gc          ] GC(66) Pause Young (Normal) (G1 Evacuation Pause) 777M->169M(1024M) 10.656ms
[2023-01-28T23:44:58.761+0100][gc,cpu      ] GC(66) User=0.02s Sys=0.01s Real=0.01s
[2023-01-28T23:45:00.880+0100][gc,start    ] GC(67) Pause Young (Normal) (G1 Evacuation Pause)
[2023-01-28T23:45:00.880+0100][gc,task     ] GC(67) Using 8 workers of 8 for evacuation
[2023-01-28T23:45:00.887+0100][gc,phases   ] GC(67)   Pre Evacuate Collection Set: 0.2ms
[2023-01-28T23:45:00.887+0100][gc,phases   ] GC(67)   Merge Heap Roots: 0.3ms
[2023-01-28T23:45:00.887+0100][gc,phases   ] GC(67)   Evacuate Collection Set: 5.4ms
[2023-01-28T23:45:00.887+0100][gc,phases   ] GC(67)   Post Evacuate Collection Set: 0.8ms
[2023-01-28T23:45:00.887+0100][gc,phases   ] GC(67)   Other: 0.3ms
[2023-01-28T23:45:00.887+0100][gc,heap     ] GC(67) Eden regions: 609->0(609)
[2023-01-28T23:45:00.887+0100][gc,heap     ] GC(67) Survivor regions: 5->5(77)
[2023-01-28T23:45:00.887+0100][gc,heap     ] GC(67) Old regions: 36->37
[2023-01-28T23:45:00.887+0100][gc,heap     ] GC(67) Archive regions: 0->0
[2023-01-28T23:45:00.887+0100][gc,heap     ] GC(67) Humongous regions: 129->129
[2023-01-28T23:45:00.887+0100][gc,metaspace] GC(67) Metaspace: 48196K(48768K)->48196K(48768K) NonClass: 42894K(43200K)->42894K(43200K) Class: 5301K(5568K)->5301K(5568K)
[2023-01-28T23:45:00.887+0100][gc          ] GC(67) Pause Young (Normal) (G1 Evacuation Pause) 778M->169M(1024M) 7.200ms
[2023-01-28T23:45:00.887+0100][gc,cpu      ] GC(67) User=0.02s Sys=0.02s Real=0.00s
[2023-01-29T00:05:54.708+0100][gc,start    ] GC(68) Pause Young (Normal) (G1 Evacuation Pause)
[2023-01-29T00:05:54.709+0100][gc,task     ] GC(68) Using 8 workers of 8 for evacuation
[2023-01-29T00:05:54.751+0100][gc,mmu      ] GC(68) MMU target violated: 21.0ms (20.0ms/21.0ms)
[2023-01-29T00:05:54.751+0100][gc,phases   ] GC(68)   Pre Evacuate Collection Set: 0.6ms
[2023-01-29T00:05:54.751+0100][gc,phases   ] GC(68)   Merge Heap Roots: 0.4ms
[2023-01-29T00:05:54.751+0100][gc,phases   ] GC(68)   Evacuate Collection Set: 38.7ms
[2023-01-29T00:05:54.751+0100][gc,phases   ] GC(68)   Post Evacuate Collection Set: 2.0ms
[2023-01-29T00:05:54.751+0100][gc,phases   ] GC(68)   Other: 0.9ms
[2023-01-29T00:05:54.751+0100][gc,heap     ] GC(68) Eden regions: 609->0(37)
[2023-01-29T00:05:54.751+0100][gc,heap     ] GC(68) Survivor regions: 5->14(77)
[2023-01-29T00:05:54.751+0100][gc,heap     ] GC(68) Old regions: 37->37
[2023-01-29T00:05:54.751+0100][gc,heap     ] GC(68) Archive regions: 0->0
[2023-01-29T00:05:54.751+0100][gc,heap     ] GC(68) Humongous regions: 129->129
[2023-01-29T00:05:54.751+0100][gc,metaspace] GC(68) Metaspace: 48857K(49408K)->48857K(49408K) NonClass: 43471K(43776K)->43471K(43776K) Class: 5385K(5632K)->5385K(5632K)
[2023-01-29T00:05:54.751+0100][gc          ] GC(68) Pause Young (Normal) (G1 Evacuation Pause) 778M->178M(1024M) 42.742ms
[2023-01-29T00:05:54.751+0100][gc,cpu      ] GC(68) User=0.05s Sys=0.10s Real=0.05s
[2023-01-29T00:09:57.288+0100][gc,start    ] GC(69) Pause Young (Normal) (G1 Evacuation Pause)
[2023-01-29T00:09:57.288+0100][gc,task     ] GC(69) Using 8 workers of 8 for evacuation
[2023-01-29T00:09:57.310+0100][gc,mmu      ] GC(69) MMU target violated: 21.0ms (20.0ms/21.0ms)
[2023-01-29T00:09:57.310+0100][gc,phases   ] GC(69)   Pre Evacuate Collection Set: 0.4ms
[2023-01-29T00:09:57.310+0100][gc,phases   ] GC(69)   Merge Heap Roots: 0.3ms
[2023-01-29T00:09:57.310+0100][gc,phases   ] GC(69)   Evacuate Collection Set: 20.0ms
[2023-01-29T00:09:57.310+0100][gc,phases   ] GC(69)   Post Evacuate Collection Set: 0.6ms
[2023-01-29T00:09:57.310+0100][gc,phases   ] GC(69)   Other: 1.2ms
[2023-01-29T00:09:57.310+0100][gc,heap     ] GC(69) Eden regions: 37->0(176)
[2023-01-29T00:09:57.310+0100][gc,heap     ] GC(69) Survivor regions: 14->3(7)
[2023-01-29T00:09:57.310+0100][gc,heap     ] GC(69) Old regions: 37->49
[2023-01-29T00:09:57.310+0100][gc,heap     ] GC(69) Archive regions: 0->0
[2023-01-29T00:09:57.310+0100][gc,heap     ] GC(69) Humongous regions: 129->129
[2023-01-29T00:09:57.310+0100][gc,metaspace] GC(69) Metaspace: 48939K(49408K)->48939K(49408K) NonClass: 43553K(43776K)->43553K(43776K) Class: 5385K(5632K)->5385K(5632K)
[2023-01-29T00:09:57.310+0100][gc          ] GC(69) Pause Young (Normal) (G1 Evacuation Pause) 215M->180M(1024M) 22.558ms
[2023-01-29T00:09:57.310+0100][gc,cpu      ] GC(69) User=0.03s Sys=0.05s Real=0.03s
[2023-01-29T00:38:28.200+0100][gc,start    ] GC(70) Pause Young (Normal) (G1 Evacuation Pause)
[2023-01-29T00:38:28.202+0100][gc,task     ] GC(70) Using 8 workers of 8 for evacuation
[2023-01-29T00:38:28.239+0100][gc,mmu      ] GC(70) MMU target violated: 21.0ms (20.0ms/21.0ms)
[2023-01-29T00:38:28.239+0100][gc,phases   ] GC(70)   Pre Evacuate Collection Set: 0.9ms
[2023-01-29T00:38:28.239+0100][gc,phases   ] GC(70)   Merge Heap Roots: 0.8ms
[2023-01-29T00:38:28.239+0100][gc,phases   ] GC(70)   Evacuate Collection Set: 33.4ms
[2023-01-29T00:38:28.239+0100][gc,phases   ] GC(70)   Post Evacuate Collection Set: 0.7ms
[2023-01-29T00:38:28.239+0100][gc,phases   ] GC(70)   Other: 2.7ms
[2023-01-29T00:38:28.239+0100][gc,heap     ] GC(70) Eden regions: 176->0(37)
[2023-01-29T00:38:28.239+0100][gc,heap     ] GC(70) Survivor regions: 3->14(23)
[2023-01-29T00:38:28.239+0100][gc,heap     ] GC(70) Old regions: 49->49
[2023-01-29T00:38:28.239+0100][gc,heap     ] GC(70) Archive regions: 0->0
[2023-01-29T00:38:28.239+0100][gc,heap     ] GC(70) Humongous regions: 129->129
[2023-01-29T00:38:28.239+0100][gc,metaspace] GC(70) Metaspace: 49017K(49536K)->49017K(49536K) NonClass: 43630K(43904K)->43630K(43904K) Class: 5386K(5632K)->5386K(5632K)
[2023-01-29T00:38:28.239+0100][gc          ] GC(70) Pause Young (Normal) (G1 Evacuation Pause) 356M->191M(1024M) 38.383ms
[2023-01-29T00:38:28.239+0100][gc,cpu      ] GC(70) User=0.06s Sys=0.09s Real=0.03s
[2023-01-29T00:49:52.564+0100][gc,start    ] GC(71) Pause Young (Normal) (G1 Evacuation Pause)
[2023-01-29T00:49:52.565+0100][gc,task     ] GC(71) Using 8 workers of 8 for evacuation
[2023-01-29T00:49:52.578+0100][gc,phases   ] GC(71)   Pre Evacuate Collection Set: 0.4ms
[2023-01-29T00:49:52.578+0100][gc,phases   ] GC(71)   Merge Heap Roots: 0.2ms
[2023-01-29T00:49:52.578+0100][gc,phases   ] GC(71)   Evacuate Collection Set: 10.6ms
[2023-01-29T00:49:52.578+0100][gc,phases   ] GC(71)   Post Evacuate Collection Set: 1.2ms
[2023-01-29T00:49:52.578+0100][gc,phases   ] GC(71)   Other: 1.1ms
[2023-01-29T00:49:52.578+0100][gc,heap     ] GC(71) Eden regions: 37->0(124)
[2023-01-29T00:49:52.578+0100][gc,heap     ] GC(71) Survivor regions: 14->3(7)
[2023-01-29T00:49:52.578+0100][gc,heap     ] GC(71) Old regions: 49->62
[2023-01-29T00:49:52.578+0100][gc,heap     ] GC(71) Archive regions: 0->0
[2023-01-29T00:49:52.578+0100][gc,heap     ] GC(71) Humongous regions: 129->129
[2023-01-29T00:49:52.578+0100][gc,metaspace] GC(71) Metaspace: 49057K(49600K)->49057K(49600K) NonClass: 43666K(43968K)->43666K(43968K) Class: 5390K(5632K)->5390K(5632K)
[2023-01-29T00:49:52.578+0100][gc          ] GC(71) Pause Young (Normal) (G1 Evacuation Pause) 228M->192M(1024M) 13.448ms
[2023-01-29T00:49:52.578+0100][gc,cpu      ] GC(71) User=0.02s Sys=0.04s Real=0.01s
[2023-01-29T00:59:46.644+0100][gc,heap,exit] Heap
[2023-01-29T00:59:46.644+0100][gc,heap,exit]  garbage-first heap   total 1048576K, used 282091K [0x00000007c0000000, 0x0000000800000000)
[2023-01-29T00:59:46.644+0100][gc,heap,exit]   region size 1024K, 86 young (88064K), 3 survivors (3072K)
[2023-01-29T00:59:46.644+0100][gc,heap,exit]  Metaspace       used 50919K, committed 51456K, reserved 1097728K
[2023-01-29T00:59:46.644+0100][gc,heap,exit]   class space    used 5837K, committed 6080K, reserved 1048576K
