[2023-01-28T23:39:10.683+0100][gc] Using G1
[2023-01-28T23:39:10.684+0100][gc,init] Version: 17.0.6+10 (release)
[2023-01-28T23:39:10.684+0100][gc,init] CPUs: 8 total, 8 available
[2023-01-28T23:39:10.684+0100][gc,init] Memory: 8192M
[2023-01-28T23:39:10.684+0100][gc,init] Large Page Support: Disabled
[2023-01-28T23:39:10.684+0100][gc,init] NUMA Support: Disabled
[2023-01-28T23:39:10.684+0100][gc,init] Compressed Oops: Enabled (Zero based)
[2023-01-28T23:39:10.684+0100][gc,init] Heap Region Size: 1M
[2023-01-28T23:39:10.684+0100][gc,init] Heap Min Capacity: 1G
[2023-01-28T23:39:10.684+0100][gc,init] Heap Initial Capacity: 1G
[2023-01-28T23:39:10.684+0100][gc,init] Heap Max Capacity: 1G
[2023-01-28T23:39:10.684+0100][gc,init] Pre-touch: Disabled
[2023-01-28T23:39:10.684+0100][gc,init] Parallel Workers: 8
[2023-01-28T23:39:10.684+0100][gc,init] Concurrent Workers: 2
[2023-01-28T23:39:10.684+0100][gc,init] Concurrent Refinement Workers: 8
[2023-01-28T23:39:10.684+0100][gc,init] Periodic GC: Disabled
[2023-01-28T23:39:10.684+0100][gc,metaspace] CDS archive(s) not mapped
[2023-01-28T23:39:10.685+0100][gc,metaspace] Compressed class space mapped at: 0x0000000800000000-0x0000000840000000, reserved size: 1073741824
[2023-01-28T23:39:10.685+0100][gc,metaspace] Narrow klass base: 0x0000000800000000, Narrow klass shift: 0, Narrow klass range: 0x40000000
[2023-01-28T23:39:11.169+0100][gc,start    ] GC(0) Pause Young (Concurrent Start) (Metadata GC Threshold)
[2023-01-28T23:39:11.169+0100][gc,task     ] GC(0) Using 8 workers of 8 for evacuation
[2023-01-28T23:39:11.171+0100][gc,phases   ] GC(0)   Pre Evacuate Collection Set: 0.1ms
[2023-01-28T23:39:11.171+0100][gc,phases   ] GC(0)   Merge Heap Roots: 0.2ms
[2023-01-28T23:39:11.171+0100][gc,phases   ] GC(0)   Evacuate Collection Set: 2.0ms
[2023-01-28T23:39:11.171+0100][gc,phases   ] GC(0)   Post Evacuate Collection Set: 0.2ms
[2023-01-28T23:39:11.171+0100][gc,phases   ] GC(0)   Other: 0.2ms
[2023-01-28T23:39:11.171+0100][gc,heap     ] GC(0) Eden regions: 35->0(44)
[2023-01-28T23:39:11.171+0100][gc,heap     ] GC(0) Survivor regions: 0->7(7)
[2023-01-28T23:39:11.171+0100][gc,heap     ] GC(0) Old regions: 0->1
[2023-01-28T23:39:11.171+0100][gc,heap     ] GC(0) Archive regions: 0->0
[2023-01-28T23:39:11.171+0100][gc,heap     ] GC(0) Humongous regions: 0->0
[2023-01-28T23:39:11.171+0100][gc,metaspace] GC(0) Metaspace: 21360K(21504K)->21360K(21504K) NonClass: 19005K(19072K)->19005K(19072K) Class: 2355K(2432K)->2355K(2432K)
[2023-01-28T23:39:11.171+0100][gc          ] GC(0) Pause Young (Concurrent Start) (Metadata GC Threshold) 34M->7M(1024M) 2.831ms
[2023-01-28T23:39:11.172+0100][gc,cpu      ] GC(0) User=0.02s Sys=0.01s Real=0.01s
[2023-01-28T23:39:11.172+0100][gc          ] GC(1) Concurrent Mark Cycle
[2023-01-28T23:39:11.172+0100][gc,marking  ] GC(1) Concurrent Clear Claimed Marks
[2023-01-28T23:39:11.172+0100][gc,marking  ] GC(1) Concurrent Clear Claimed Marks 0.008ms
[2023-01-28T23:39:11.172+0100][gc,marking  ] GC(1) Concurrent Scan Root Regions
[2023-01-28T23:39:11.173+0100][gc,marking  ] GC(1) Concurrent Scan Root Regions 1.210ms
[2023-01-28T23:39:11.173+0100][gc,marking  ] GC(1) Concurrent Mark
[2023-01-28T23:39:11.173+0100][gc,marking  ] GC(1) Concurrent Mark From Roots
[2023-01-28T23:39:11.173+0100][gc,task     ] GC(1) Using 2 workers of 2 for marking
[2023-01-28T23:39:11.173+0100][gc,marking  ] GC(1) Concurrent Mark From Roots 0.068ms
[2023-01-28T23:39:11.173+0100][gc,marking  ] GC(1) Concurrent Preclean
[2023-01-28T23:39:11.173+0100][gc,marking  ] GC(1) Concurrent Preclean 0.015ms
[2023-01-28T23:39:11.173+0100][gc,start    ] GC(1) Pause Remark
[2023-01-28T23:39:11.174+0100][gc          ] GC(1) Pause Remark 7M->7M(1024M) 0.604ms
[2023-01-28T23:39:11.174+0100][gc,cpu      ] GC(1) User=0.00s Sys=0.00s Real=0.00s
[2023-01-28T23:39:11.174+0100][gc,marking  ] GC(1) Concurrent Mark 0.795ms
[2023-01-28T23:39:11.174+0100][gc,marking  ] GC(1) Concurrent Rebuild Remembered Sets
[2023-01-28T23:39:11.174+0100][gc,marking  ] GC(1) Concurrent Rebuild Remembered Sets 0.340ms
[2023-01-28T23:39:11.174+0100][gc,start    ] GC(1) Pause Cleanup
[2023-01-28T23:39:11.174+0100][gc          ] GC(1) Pause Cleanup 7M->7M(1024M) 0.071ms
[2023-01-28T23:39:11.174+0100][gc,cpu      ] GC(1) User=0.00s Sys=0.00s Real=0.00s
[2023-01-28T23:39:11.174+0100][gc,marking  ] GC(1) Concurrent Cleanup for Next Mark
[2023-01-28T23:39:11.177+0100][gc,marking  ] GC(1) Concurrent Cleanup for Next Mark 2.763ms
[2023-01-28T23:39:11.177+0100][gc          ] GC(1) Concurrent Mark Cycle 5.403ms
[2023-01-28T23:39:11.710+0100][gc,start    ] GC(2) Pause Young (Normal) (G1 Evacuation Pause)
[2023-01-28T23:39:11.711+0100][gc,task     ] GC(2) Using 8 workers of 8 for evacuation
[2023-01-28T23:39:11.714+0100][gc,phases   ] GC(2)   Pre Evacuate Collection Set: 0.1ms
[2023-01-28T23:39:11.714+0100][gc,phases   ] GC(2)   Merge Heap Roots: 0.0ms
[2023-01-28T23:39:11.714+0100][gc,phases   ] GC(2)   Evacuate Collection Set: 2.6ms
[2023-01-28T23:39:11.714+0100][gc,phases   ] GC(2)   Post Evacuate Collection Set: 0.2ms
[2023-01-28T23:39:11.714+0100][gc,phases   ] GC(2)   Other: 0.3ms
[2023-01-28T23:39:11.714+0100][gc,heap     ] GC(2) Eden regions: 44->0(48)
[2023-01-28T23:39:11.714+0100][gc,heap     ] GC(2) Survivor regions: 7->3(7)
[2023-01-28T23:39:11.714+0100][gc,heap     ] GC(2) Old regions: 1->7
[2023-01-28T23:39:11.714+0100][gc,heap     ] GC(2) Archive regions: 0->0
[2023-01-28T23:39:11.714+0100][gc,heap     ] GC(2) Humongous regions: 129->129
[2023-01-28T23:39:11.714+0100][gc,metaspace] GC(2) Metaspace: 33727K(33984K)->33727K(33984K) NonClass: 30060K(30208K)->30060K(30208K) Class: 3666K(3776K)->3666K(3776K)
[2023-01-28T23:39:11.714+0100][gc          ] GC(2) Pause Young (Normal) (G1 Evacuation Pause) 180M->138M(1024M) 3.230ms
[2023-01-28T23:39:11.714+0100][gc,cpu      ] GC(2) User=0.01s Sys=0.00s Real=0.00s
[2023-01-28T23:39:11.793+0100][gc,start    ] GC(3) Pause Young (Concurrent Start) (Metadata GC Threshold)
[2023-01-28T23:39:11.793+0100][gc,task     ] GC(3) Using 8 workers of 8 for evacuation
[2023-01-28T23:39:11.795+0100][gc,phases   ] GC(3)   Pre Evacuate Collection Set: 0.1ms
[2023-01-28T23:39:11.795+0100][gc,phases   ] GC(3)   Merge Heap Roots: 0.0ms
[2023-01-28T23:39:11.795+0100][gc,phases   ] GC(3)   Evacuate Collection Set: 1.6ms
[2023-01-28T23:39:11.795+0100][gc,phases   ] GC(3)   Post Evacuate Collection Set: 0.2ms
[2023-01-28T23:39:11.795+0100][gc,phases   ] GC(3)   Other: 0.1ms
[2023-01-28T23:39:11.795+0100][gc,heap     ] GC(3) Eden regions: 13->0(46)
[2023-01-28T23:39:11.795+0100][gc,heap     ] GC(3) Survivor regions: 3->5(7)
[2023-01-28T23:39:11.795+0100][gc,heap     ] GC(3) Old regions: 7->7
[2023-01-28T23:39:11.795+0100][gc,heap     ] GC(3) Archive regions: 0->0
[2023-01-28T23:39:11.795+0100][gc,heap     ] GC(3) Humongous regions: 129->129
[2023-01-28T23:39:11.795+0100][gc,metaspace] GC(3) Metaspace: 35785K(35968K)->35785K(35968K) NonClass: 31857K(31936K)->31857K(31936K) Class: 3928K(4032K)->3928K(4032K)
[2023-01-28T23:39:11.795+0100][gc          ] GC(3) Pause Young (Concurrent Start) (Metadata GC Threshold) 151M->140M(1024M) 2.018ms
[2023-01-28T23:39:11.795+0100][gc,cpu      ] GC(3) User=0.01s Sys=0.00s Real=0.00s
[2023-01-28T23:39:11.795+0100][gc          ] GC(4) Concurrent Mark Cycle
[2023-01-28T23:39:11.795+0100][gc,marking  ] GC(4) Concurrent Clear Claimed Marks
[2023-01-28T23:39:11.795+0100][gc,marking  ] GC(4) Concurrent Clear Claimed Marks 0.010ms
[2023-01-28T23:39:11.795+0100][gc,marking  ] GC(4) Concurrent Scan Root Regions
[2023-01-28T23:39:11.796+0100][gc,marking  ] GC(4) Concurrent Scan Root Regions 1.111ms
[2023-01-28T23:39:11.796+0100][gc,marking  ] GC(4) Concurrent Mark
[2023-01-28T23:39:11.796+0100][gc,marking  ] GC(4) Concurrent Mark From Roots
[2023-01-28T23:39:11.796+0100][gc,task     ] GC(4) Using 2 workers of 2 for marking
[2023-01-28T23:39:11.798+0100][gc,marking  ] GC(4) Concurrent Mark From Roots 2.146ms
[2023-01-28T23:39:11.798+0100][gc,marking  ] GC(4) Concurrent Preclean
[2023-01-28T23:39:11.798+0100][gc,marking  ] GC(4) Concurrent Preclean 0.029ms
[2023-01-28T23:39:11.799+0100][gc,start    ] GC(4) Pause Remark
[2023-01-28T23:39:11.800+0100][gc          ] GC(4) Pause Remark 141M->141M(1024M) 0.806ms
[2023-01-28T23:39:11.800+0100][gc,cpu      ] GC(4) User=0.00s Sys=0.00s Real=0.01s
[2023-01-28T23:39:11.800+0100][gc,marking  ] GC(4) Concurrent Mark 3.366ms
[2023-01-28T23:39:11.800+0100][gc,marking  ] GC(4) Concurrent Rebuild Remembered Sets
[2023-01-28T23:39:11.800+0100][gc,marking  ] GC(4) Concurrent Rebuild Remembered Sets 0.003ms
[2023-01-28T23:39:11.800+0100][gc,start    ] GC(4) Pause Cleanup
[2023-01-28T23:39:11.800+0100][gc          ] GC(4) Pause Cleanup 141M->141M(1024M) 0.006ms
[2023-01-28T23:39:11.800+0100][gc,cpu      ] GC(4) User=0.00s Sys=0.00s Real=0.00s
[2023-01-28T23:39:11.800+0100][gc,marking  ] GC(4) Concurrent Cleanup for Next Mark
[2023-01-28T23:39:11.801+0100][gc,marking  ] GC(4) Concurrent Cleanup for Next Mark 1.376ms
[2023-01-28T23:39:11.801+0100][gc          ] GC(4) Concurrent Mark Cycle 6.011ms
[2023-01-28T23:39:12.348+0100][gc,start    ] GC(5) Pause Young (Normal) (G1 Evacuation Pause)
[2023-01-28T23:39:12.348+0100][gc,task     ] GC(5) Using 8 workers of 8 for evacuation
[2023-01-28T23:39:12.351+0100][gc,phases   ] GC(5)   Pre Evacuate Collection Set: 0.1ms
[2023-01-28T23:39:12.351+0100][gc,phases   ] GC(5)   Merge Heap Roots: 0.0ms
[2023-01-28T23:39:12.351+0100][gc,phases   ] GC(5)   Evacuate Collection Set: 2.6ms
[2023-01-28T23:39:12.351+0100][gc,phases   ] GC(5)   Post Evacuate Collection Set: 0.2ms
[2023-01-28T23:39:12.351+0100][gc,phases   ] GC(5)   Other: 0.1ms
[2023-01-28T23:39:12.351+0100][gc,heap     ] GC(5) Eden regions: 46->0(45)
[2023-01-28T23:39:12.351+0100][gc,heap     ] GC(5) Survivor regions: 5->6(7)
[2023-01-28T23:39:12.351+0100][gc,heap     ] GC(5) Old regions: 7->10
[2023-01-28T23:39:12.351+0100][gc,heap     ] GC(5) Archive regions: 0->0
[2023-01-28T23:39:12.351+0100][gc,heap     ] GC(5) Humongous regions: 129->129
[2023-01-28T23:39:12.351+0100][gc,metaspace] GC(5) Metaspace: 44910K(45376K)->44910K(45376K) NonClass: 39883K(40128K)->39883K(40128K) Class: 5026K(5248K)->5026K(5248K)
[2023-01-28T23:39:12.351+0100][gc          ] GC(5) Pause Young (Normal) (G1 Evacuation Pause) 186M->143M(1024M) 3.059ms
[2023-01-28T23:39:12.351+0100][gc,cpu      ] GC(5) User=0.01s Sys=0.00s Real=0.01s
[2023-01-28T23:40:26.421+0100][gc,start    ] GC(6) Pause Young (Normal) (G1 Evacuation Pause)
[2023-01-28T23:40:26.421+0100][gc,task     ] GC(6) Using 8 workers of 8 for evacuation
[2023-01-28T23:40:26.446+0100][gc,mmu      ] GC(6) MMU target violated: 21.0ms (20.0ms/21.0ms)
[2023-01-28T23:40:26.446+0100][gc,phases   ] GC(6)   Pre Evacuate Collection Set: 0.6ms
[2023-01-28T23:40:26.446+0100][gc,phases   ] GC(6)   Merge Heap Roots: 0.1ms
[2023-01-28T23:40:26.446+0100][gc,phases   ] GC(6)   Evacuate Collection Set: 23.3ms
[2023-01-28T23:40:26.446+0100][gc,phases   ] GC(6)   Post Evacuate Collection Set: 0.8ms
[2023-01-28T23:40:26.446+0100][gc,phases   ] GC(6)   Other: 0.3ms
[2023-01-28T23:40:26.446+0100][gc,heap     ] GC(6) Eden regions: 45->0(44)
[2023-01-28T23:40:26.446+0100][gc,heap     ] GC(6) Survivor regions: 6->7(7)
[2023-01-28T23:40:26.446+0100][gc,heap     ] GC(6) Old regions: 10->12
[2023-01-28T23:40:26.446+0100][gc,heap     ] GC(6) Archive regions: 0->0
[2023-01-28T23:40:26.446+0100][gc,heap     ] GC(6) Humongous regions: 129->129
[2023-01-28T23:40:26.446+0100][gc,metaspace] GC(6) Metaspace: 50535K(51264K)->50535K(51264K) NonClass: 44499K(44928K)->44499K(44928K) Class: 6035K(6336K)->6035K(6336K)
[2023-01-28T23:40:26.446+0100][gc          ] GC(6) Pause Young (Normal) (G1 Evacuation Pause) 188M->146M(1024M) 25.210ms
[2023-01-28T23:40:26.446+0100][gc,cpu      ] GC(6) User=0.02s Sys=0.06s Real=0.02s
[2023-01-28T23:40:28.725+0100][gc,start    ] GC(7) Pause Young (Normal) (G1 Evacuation Pause)
[2023-01-28T23:40:28.725+0100][gc,task     ] GC(7) Using 8 workers of 8 for evacuation
[2023-01-28T23:40:28.729+0100][gc,phases   ] GC(7)   Pre Evacuate Collection Set: 0.2ms
[2023-01-28T23:40:28.729+0100][gc,phases   ] GC(7)   Merge Heap Roots: 0.1ms
[2023-01-28T23:40:28.729+0100][gc,phases   ] GC(7)   Evacuate Collection Set: 2.9ms
[2023-01-28T23:40:28.729+0100][gc,phases   ] GC(7)   Post Evacuate Collection Set: 0.4ms
[2023-01-28T23:40:28.729+0100][gc,phases   ] GC(7)   Other: 0.2ms
[2023-01-28T23:40:28.729+0100][gc,heap     ] GC(7) Eden regions: 44->0(48)
[2023-01-28T23:40:28.729+0100][gc,heap     ] GC(7) Survivor regions: 7->3(7)
[2023-01-28T23:40:28.729+0100][gc,heap     ] GC(7) Old regions: 12->15
[2023-01-28T23:40:28.729+0100][gc,heap     ] GC(7) Archive regions: 0->0
[2023-01-28T23:40:28.729+0100][gc,heap     ] GC(7) Humongous regions: 129->129
[2023-01-28T23:40:28.729+0100][gc,metaspace] GC(7) Metaspace: 50617K(51264K)->50617K(51264K) NonClass: 44571K(44928K)->44571K(44928K) Class: 6046K(6336K)->6046K(6336K)
[2023-01-28T23:40:28.729+0100][gc          ] GC(7) Pause Young (Normal) (G1 Evacuation Pause) 190M->146M(1024M) 3.724ms
[2023-01-28T23:40:28.729+0100][gc,cpu      ] GC(7) User=0.01s Sys=0.01s Real=0.00s
[2023-01-28T23:40:29.911+0100][gc,start    ] GC(8) Pause Young (Normal) (G1 Evacuation Pause)
[2023-01-28T23:40:29.911+0100][gc,task     ] GC(8) Using 8 workers of 8 for evacuation
[2023-01-28T23:40:29.914+0100][gc,phases   ] GC(8)   Pre Evacuate Collection Set: 0.1ms
[2023-01-28T23:40:29.914+0100][gc,phases   ] GC(8)   Merge Heap Roots: 0.1ms
[2023-01-28T23:40:29.914+0100][gc,phases   ] GC(8)   Evacuate Collection Set: 1.9ms
[2023-01-28T23:40:29.914+0100][gc,phases   ] GC(8)   Post Evacuate Collection Set: 0.3ms
[2023-01-28T23:40:29.914+0100][gc,phases   ] GC(8)   Other: 0.1ms
[2023-01-28T23:40:29.914+0100][gc,heap     ] GC(8) Eden regions: 48->0(122)
[2023-01-28T23:40:29.914+0100][gc,heap     ] GC(8) Survivor regions: 3->3(7)
[2023-01-28T23:40:29.914+0100][gc,heap     ] GC(8) Old regions: 15->15
[2023-01-28T23:40:29.914+0100][gc,heap     ] GC(8) Archive regions: 0->0
[2023-01-28T23:40:29.914+0100][gc,heap     ] GC(8) Humongous regions: 129->129
[2023-01-28T23:40:29.914+0100][gc,metaspace] GC(8) Metaspace: 50627K(51328K)->50627K(51328K) NonClass: 44580K(44992K)->44580K(44992K) Class: 6046K(6336K)->6046K(6336K)
[2023-01-28T23:40:29.914+0100][gc          ] GC(8) Pause Young (Normal) (G1 Evacuation Pause) 194M->146M(1024M) 2.523ms
[2023-01-28T23:40:29.914+0100][gc,cpu      ] GC(8) User=0.01s Sys=0.01s Real=0.00s
[2023-01-28T23:40:31.913+0100][gc,start    ] GC(9) Pause Young (Normal) (G1 Evacuation Pause)
[2023-01-28T23:40:31.913+0100][gc,task     ] GC(9) Using 8 workers of 8 for evacuation
[2023-01-28T23:40:31.916+0100][gc,phases   ] GC(9)   Pre Evacuate Collection Set: 0.2ms
[2023-01-28T23:40:31.916+0100][gc,phases   ] GC(9)   Merge Heap Roots: 0.0ms
[2023-01-28T23:40:31.916+0100][gc,phases   ] GC(9)   Evacuate Collection Set: 2.8ms
[2023-01-28T23:40:31.916+0100][gc,phases   ] GC(9)   Post Evacuate Collection Set: 0.3ms
[2023-01-28T23:40:31.916+0100][gc,phases   ] GC(9)   Other: 0.2ms
[2023-01-28T23:40:31.916+0100][gc,heap     ] GC(9) Eden regions: 122->0(65)
[2023-01-28T23:40:31.916+0100][gc,heap     ] GC(9) Survivor regions: 3->5(16)
[2023-01-28T23:40:31.916+0100][gc,heap     ] GC(9) Old regions: 15->15
[2023-01-28T23:40:31.916+0100][gc,heap     ] GC(9) Archive regions: 0->0
[2023-01-28T23:40:31.916+0100][gc,heap     ] GC(9) Humongous regions: 129->129
[2023-01-28T23:40:31.916+0100][gc,metaspace] GC(9) Metaspace: 51444K(52096K)->51444K(52096K) NonClass: 45395K(45760K)->45395K(45760K) Class: 6049K(6336K)->6049K(6336K)
[2023-01-28T23:40:31.916+0100][gc          ] GC(9) Pause Young (Normal) (G1 Evacuation Pause) 268M->148M(1024M) 3.665ms
[2023-01-28T23:40:31.917+0100][gc,cpu      ] GC(9) User=0.01s Sys=0.00s Real=0.00s
[2023-01-28T23:40:32.564+0100][gc,start    ] GC(10) Pause Young (Normal) (G1 Evacuation Pause)
[2023-01-28T23:40:32.564+0100][gc,task     ] GC(10) Using 8 workers of 8 for evacuation
[2023-01-28T23:40:32.572+0100][gc,phases   ] GC(10)   Pre Evacuate Collection Set: 0.1ms
[2023-01-28T23:40:32.572+0100][gc,phases   ] GC(10)   Merge Heap Roots: 0.1ms
[2023-01-28T23:40:32.572+0100][gc,phases   ] GC(10)   Evacuate Collection Set: 7.0ms
[2023-01-28T23:40:32.572+0100][gc,phases   ] GC(10)   Post Evacuate Collection Set: 1.1ms
[2023-01-28T23:40:32.572+0100][gc,phases   ] GC(10)   Other: 0.1ms
[2023-01-28T23:40:32.572+0100][gc,heap     ] GC(10) Eden regions: 65->0(186)
[2023-01-28T23:40:32.572+0100][gc,heap     ] GC(10) Survivor regions: 5->5(9)
[2023-01-28T23:40:32.572+0100][gc,heap     ] GC(10) Old regions: 15->15
[2023-01-28T23:40:32.572+0100][gc,heap     ] GC(10) Archive regions: 0->0
[2023-01-28T23:40:32.572+0100][gc,heap     ] GC(10) Humongous regions: 129->129
[2023-01-28T23:40:32.572+0100][gc,metaspace] GC(10) Metaspace: 51475K(52096K)->51475K(52096K) NonClass: 45426K(45760K)->45426K(45760K) Class: 6049K(6336K)->6049K(6336K)
[2023-01-28T23:40:32.572+0100][gc          ] GC(10) Pause Young (Normal) (G1 Evacuation Pause) 213M->148M(1024M) 8.583ms
[2023-01-28T23:40:32.572+0100][gc,cpu      ] GC(10) User=0.01s Sys=0.00s Real=0.01s
[2023-01-28T23:40:34.507+0100][gc,start    ] GC(11) Pause Young (Normal) (G1 Evacuation Pause)
[2023-01-28T23:40:34.507+0100][gc,task     ] GC(11) Using 8 workers of 8 for evacuation
[2023-01-28T23:40:34.513+0100][gc,phases   ] GC(11)   Pre Evacuate Collection Set: 0.2ms
[2023-01-28T23:40:34.513+0100][gc,phases   ] GC(11)   Merge Heap Roots: 0.1ms
[2023-01-28T23:40:34.513+0100][gc,phases   ] GC(11)   Evacuate Collection Set: 4.4ms
[2023-01-28T23:40:34.513+0100][gc,phases   ] GC(11)   Post Evacuate Collection Set: 0.6ms
[2023-01-28T23:40:34.513+0100][gc,phases   ] GC(11)   Other: 0.4ms
[2023-01-28T23:40:34.513+0100][gc,heap     ] GC(11) Eden regions: 186->0(246)
[2023-01-28T23:40:34.513+0100][gc,heap     ] GC(11) Survivor regions: 5->5(24)
[2023-01-28T23:40:34.513+0100][gc,heap     ] GC(11) Old regions: 15->15
[2023-01-28T23:40:34.513+0100][gc,heap     ] GC(11) Archive regions: 0->0
[2023-01-28T23:40:34.513+0100][gc,heap     ] GC(11) Humongous regions: 129->129
[2023-01-28T23:40:34.513+0100][gc,metaspace] GC(11) Metaspace: 51495K(52160K)->51495K(52160K) NonClass: 45446K(45824K)->45446K(45824K) Class: 6049K(6336K)->6049K(6336K)
[2023-01-28T23:40:34.513+0100][gc          ] GC(11) Pause Young (Normal) (G1 Evacuation Pause) 334M->148M(1024M) 5.703ms
[2023-01-28T23:40:34.513+0100][gc,cpu      ] GC(11) User=0.02s Sys=0.01s Real=0.01s
[2023-01-28T23:40:36.949+0100][gc,start    ] GC(12) Pause Young (Normal) (G1 Evacuation Pause)
[2023-01-28T23:40:36.949+0100][gc,task     ] GC(12) Using 8 workers of 8 for evacuation
[2023-01-28T23:40:36.953+0100][gc,phases   ] GC(12)   Pre Evacuate Collection Set: 0.1ms
[2023-01-28T23:40:36.953+0100][gc,phases   ] GC(12)   Merge Heap Roots: 0.1ms
[2023-01-28T23:40:36.953+0100][gc,phases   ] GC(12)   Evacuate Collection Set: 3.7ms
[2023-01-28T23:40:36.953+0100][gc,phases   ] GC(12)   Post Evacuate Collection Set: 0.6ms
[2023-01-28T23:40:36.953+0100][gc,phases   ] GC(12)   Other: 0.2ms
[2023-01-28T23:40:36.953+0100][gc,heap     ] GC(12) Eden regions: 246->0(609)
[2023-01-28T23:40:36.953+0100][gc,heap     ] GC(12) Survivor regions: 5->5(32)
[2023-01-28T23:40:36.953+0100][gc,heap     ] GC(12) Old regions: 15->15
[2023-01-28T23:40:36.953+0100][gc,heap     ] GC(12) Archive regions: 0->0
[2023-01-28T23:40:36.953+0100][gc,heap     ] GC(12) Humongous regions: 129->129
[2023-01-28T23:40:36.953+0100][gc,metaspace] GC(12) Metaspace: 51499K(52160K)->51499K(52160K) NonClass: 45450K(45824K)->45450K(45824K) Class: 6049K(6336K)->6049K(6336K)
[2023-01-28T23:40:36.953+0100][gc          ] GC(12) Pause Young (Normal) (G1 Evacuation Pause) 394M->148M(1024M) 4.748ms
[2023-01-28T23:40:36.953+0100][gc,cpu      ] GC(12) User=0.01s Sys=0.01s Real=0.01s
[2023-01-28T23:40:41.836+0100][gc,start    ] GC(13) Pause Young (Normal) (G1 Evacuation Pause)
[2023-01-28T23:40:41.836+0100][gc,task     ] GC(13) Using 8 workers of 8 for evacuation
[2023-01-28T23:40:41.844+0100][gc,phases   ] GC(13)   Pre Evacuate Collection Set: 0.2ms
[2023-01-28T23:40:41.844+0100][gc,phases   ] GC(13)   Merge Heap Roots: 0.1ms
[2023-01-28T23:40:41.844+0100][gc,phases   ] GC(13)   Evacuate Collection Set: 6.7ms
[2023-01-28T23:40:41.844+0100][gc,phases   ] GC(13)   Post Evacuate Collection Set: 0.6ms
[2023-01-28T23:40:41.844+0100][gc,phases   ] GC(13)   Other: 0.6ms
[2023-01-28T23:40:41.844+0100][gc,heap     ] GC(13) Eden regions: 609->0(609)
[2023-01-28T23:40:41.844+0100][gc,heap     ] GC(13) Survivor regions: 5->5(77)
[2023-01-28T23:40:41.844+0100][gc,heap     ] GC(13) Old regions: 15->15
[2023-01-28T23:40:41.844+0100][gc,heap     ] GC(13) Archive regions: 0->0
[2023-01-28T23:40:41.844+0100][gc,heap     ] GC(13) Humongous regions: 129->129
[2023-01-28T23:40:41.844+0100][gc,metaspace] GC(13) Metaspace: 51508K(52160K)->51508K(52160K) NonClass: 45459K(45824K)->45459K(45824K) Class: 6049K(6336K)->6049K(6336K)
[2023-01-28T23:40:41.844+0100][gc          ] GC(13) Pause Young (Normal) (G1 Evacuation Pause) 757M->148M(1024M) 8.263ms
[2023-01-28T23:40:41.844+0100][gc,cpu      ] GC(13) User=0.02s Sys=0.01s Real=0.01s
[2023-01-28T23:40:47.373+0100][gc,start    ] GC(14) Pause Young (Normal) (G1 Evacuation Pause)
[2023-01-28T23:40:47.374+0100][gc,task     ] GC(14) Using 8 workers of 8 for evacuation
[2023-01-28T23:40:47.406+0100][gc,mmu      ] GC(14) MMU target violated: 21.0ms (20.0ms/21.0ms)
[2023-01-28T23:40:47.406+0100][gc,phases   ] GC(14)   Pre Evacuate Collection Set: 0.2ms
[2023-01-28T23:40:47.406+0100][gc,phases   ] GC(14)   Merge Heap Roots: 0.2ms
[2023-01-28T23:40:47.406+0100][gc,phases   ] GC(14)   Evacuate Collection Set: 30.2ms
[2023-01-28T23:40:47.406+0100][gc,phases   ] GC(14)   Post Evacuate Collection Set: 1.5ms
[2023-01-28T23:40:47.406+0100][gc,phases   ] GC(14)   Other: 0.5ms
[2023-01-28T23:40:47.406+0100][gc,heap     ] GC(14) Eden regions: 609->0(54)
[2023-01-28T23:40:47.406+0100][gc,heap     ] GC(14) Survivor regions: 5->5(77)
[2023-01-28T23:40:47.406+0100][gc,heap     ] GC(14) Old regions: 15->15
[2023-01-28T23:40:47.406+0100][gc,heap     ] GC(14) Archive regions: 0->0
[2023-01-28T23:40:47.406+0100][gc,heap     ] GC(14) Humongous regions: 129->129
[2023-01-28T23:40:47.406+0100][gc,metaspace] GC(14) Metaspace: 51516K(52160K)->51516K(52160K) NonClass: 45467K(45824K)->45467K(45824K) Class: 6049K(6336K)->6049K(6336K)
[2023-01-28T23:40:47.406+0100][gc          ] GC(14) Pause Young (Normal) (G1 Evacuation Pause) 757M->148M(1024M) 32.627ms
[2023-01-28T23:40:47.406+0100][gc,cpu      ] GC(14) User=0.01s Sys=0.05s Real=0.03s
[2023-01-28T23:40:47.935+0100][gc,start    ] GC(15) Pause Young (Normal) (G1 Evacuation Pause)
[2023-01-28T23:40:47.935+0100][gc,task     ] GC(15) Using 8 workers of 8 for evacuation
[2023-01-28T23:40:47.944+0100][gc,phases   ] GC(15)   Pre Evacuate Collection Set: 0.7ms
[2023-01-28T23:40:47.944+0100][gc,phases   ] GC(15)   Merge Heap Roots: 0.1ms
[2023-01-28T23:40:47.944+0100][gc,phases   ] GC(15)   Evacuate Collection Set: 7.0ms
[2023-01-28T23:40:47.944+0100][gc,phases   ] GC(15)   Post Evacuate Collection Set: 0.7ms
[2023-01-28T23:40:47.944+0100][gc,phases   ] GC(15)   Other: 0.1ms
[2023-01-28T23:40:47.944+0100][gc,heap     ] GC(15) Eden regions: 54->0(611)
[2023-01-28T23:40:47.944+0100][gc,heap     ] GC(15) Survivor regions: 5->3(8)
[2023-01-28T23:40:47.944+0100][gc,heap     ] GC(15) Old regions: 15->18
[2023-01-28T23:40:47.944+0100][gc,heap     ] GC(15) Archive regions: 0->0
[2023-01-28T23:40:47.944+0100][gc,heap     ] GC(15) Humongous regions: 129->129
[2023-01-28T23:40:47.944+0100][gc,metaspace] GC(15) Metaspace: 51518K(52160K)->51518K(52160K) NonClass: 45468K(45824K)->45468K(45824K) Class: 6049K(6336K)->6049K(6336K)
[2023-01-28T23:40:47.944+0100][gc          ] GC(15) Pause Young (Normal) (G1 Evacuation Pause) 202M->148M(1024M) 8.740ms
[2023-01-28T23:40:47.944+0100][gc,cpu      ] GC(15) User=0.01s Sys=0.01s Real=0.01s
[2023-01-28T23:40:53.963+0100][gc,start    ] GC(16) Pause Young (Normal) (G1 Evacuation Pause)
[2023-01-28T23:40:53.963+0100][gc,task     ] GC(16) Using 8 workers of 8 for evacuation
[2023-01-28T23:40:53.984+0100][gc,mmu      ] GC(16) MMU target violated: 21.0ms (20.0ms/21.0ms)
[2023-01-28T23:40:53.984+0100][gc,phases   ] GC(16)   Pre Evacuate Collection Set: 0.2ms
[2023-01-28T23:40:53.984+0100][gc,phases   ] GC(16)   Merge Heap Roots: 0.1ms
[2023-01-28T23:40:53.984+0100][gc,phases   ] GC(16)   Evacuate Collection Set: 18.6ms
[2023-01-28T23:40:53.984+0100][gc,phases   ] GC(16)   Post Evacuate Collection Set: 2.3ms
[2023-01-28T23:40:53.984+0100][gc,phases   ] GC(16)   Other: 0.3ms
[2023-01-28T23:40:53.984+0100][gc,heap     ] GC(16) Eden regions: 611->0(218)
[2023-01-28T23:40:53.984+0100][gc,heap     ] GC(16) Survivor regions: 3->3(77)
[2023-01-28T23:40:53.984+0100][gc,heap     ] GC(16) Old regions: 18->18
[2023-01-28T23:40:53.984+0100][gc,heap     ] GC(16) Archive regions: 0->0
[2023-01-28T23:40:53.984+0100][gc,heap     ] GC(16) Humongous regions: 129->129
[2023-01-28T23:40:53.984+0100][gc,metaspace] GC(16) Metaspace: 51528K(52160K)->51528K(52160K) NonClass: 45479K(45824K)->45479K(45824K) Class: 6049K(6336K)->6049K(6336K)
[2023-01-28T23:40:53.984+0100][gc          ] GC(16) Pause Young (Normal) (G1 Evacuation Pause) 759M->148M(1024M) 21.736ms
[2023-01-28T23:40:53.984+0100][gc,cpu      ] GC(16) User=0.01s Sys=0.05s Real=0.02s
[2023-01-28T23:40:56.296+0100][gc,start    ] GC(17) Pause Young (Normal) (G1 Evacuation Pause)
[2023-01-28T23:40:56.296+0100][gc,task     ] GC(17) Using 8 workers of 8 for evacuation
[2023-01-28T23:40:56.302+0100][gc,phases   ] GC(17)   Pre Evacuate Collection Set: 0.2ms
[2023-01-28T23:40:56.302+0100][gc,phases   ] GC(17)   Merge Heap Roots: 0.1ms
[2023-01-28T23:40:56.302+0100][gc,phases   ] GC(17)   Evacuate Collection Set: 5.1ms
[2023-01-28T23:40:56.302+0100][gc,phases   ] GC(17)   Post Evacuate Collection Set: 0.8ms
[2023-01-28T23:40:56.302+0100][gc,phases   ] GC(17)   Other: 0.2ms
[2023-01-28T23:40:56.302+0100][gc,heap     ] GC(17) Eden regions: 218->0(439)
[2023-01-28T23:40:56.302+0100][gc,heap     ] GC(17) Survivor regions: 3->3(28)
[2023-01-28T23:40:56.302+0100][gc,heap     ] GC(17) Old regions: 18->18
[2023-01-28T23:40:56.302+0100][gc,heap     ] GC(17) Archive regions: 0->0
[2023-01-28T23:40:56.302+0100][gc,heap     ] GC(17) Humongous regions: 129->129
[2023-01-28T23:40:56.302+0100][gc,metaspace] GC(17) Metaspace: 51529K(52160K)->51529K(52160K) NonClass: 45479K(45824K)->45479K(45824K) Class: 6049K(6336K)->6049K(6336K)
[2023-01-28T23:40:56.302+0100][gc          ] GC(17) Pause Young (Normal) (G1 Evacuation Pause) 366M->148M(1024M) 6.485ms
[2023-01-28T23:40:56.302+0100][gc,cpu      ] GC(17) User=0.01s Sys=0.01s Real=0.01s
[2023-01-28T23:40:59.950+0100][gc,start    ] GC(18) Pause Young (Normal) (G1 Evacuation Pause)
[2023-01-28T23:40:59.950+0100][gc,task     ] GC(18) Using 8 workers of 8 for evacuation
[2023-01-28T23:40:59.957+0100][gc,phases   ] GC(18)   Pre Evacuate Collection Set: 0.2ms
[2023-01-28T23:40:59.957+0100][gc,phases   ] GC(18)   Merge Heap Roots: 0.1ms
[2023-01-28T23:40:59.957+0100][gc,phases   ] GC(18)   Evacuate Collection Set: 6.4ms
[2023-01-28T23:40:59.957+0100][gc,phases   ] GC(18)   Post Evacuate Collection Set: 0.4ms
[2023-01-28T23:40:59.957+0100][gc,phases   ] GC(18)   Other: 0.3ms
[2023-01-28T23:40:59.957+0100][gc,heap     ] GC(18) Eden regions: 439->0(611)
[2023-01-28T23:40:59.957+0100][gc,heap     ] GC(18) Survivor regions: 3->3(56)
[2023-01-28T23:40:59.957+0100][gc,heap     ] GC(18) Old regions: 18->18
[2023-01-28T23:40:59.957+0100][gc,heap     ] GC(18) Archive regions: 0->0
[2023-01-28T23:40:59.957+0100][gc,heap     ] GC(18) Humongous regions: 129->129
[2023-01-28T23:40:59.957+0100][gc,metaspace] GC(18) Metaspace: 51540K(52160K)->51540K(52160K) NonClass: 45491K(45824K)->45491K(45824K) Class: 6049K(6336K)->6049K(6336K)
[2023-01-28T23:40:59.957+0100][gc          ] GC(18) Pause Young (Normal) (G1 Evacuation Pause) 587M->149M(1024M) 7.495ms
[2023-01-28T23:40:59.957+0100][gc,cpu      ] GC(18) User=0.01s Sys=0.03s Real=0.00s
[2023-01-28T23:41:04.869+0100][gc,start    ] GC(19) Pause Young (Normal) (G1 Evacuation Pause)
[2023-01-28T23:41:04.869+0100][gc,task     ] GC(19) Using 8 workers of 8 for evacuation
[2023-01-28T23:41:04.890+0100][gc,mmu      ] GC(19) MMU target violated: 20.8ms (20.0ms/21.0ms)
[2023-01-28T23:41:04.890+0100][gc,phases   ] GC(19)   Pre Evacuate Collection Set: 0.2ms
[2023-01-28T23:41:04.890+0100][gc,phases   ] GC(19)   Merge Heap Roots: 0.2ms
[2023-01-28T23:41:04.890+0100][gc,phases   ] GC(19)   Evacuate Collection Set: 18.9ms
[2023-01-28T23:41:04.890+0100][gc,phases   ] GC(19)   Post Evacuate Collection Set: 1.6ms
[2023-01-28T23:41:04.890+0100][gc,phases   ] GC(19)   Other: 0.3ms
[2023-01-28T23:41:04.890+0100][gc,heap     ] GC(19) Eden regions: 611->0(231)
[2023-01-28T23:41:04.890+0100][gc,heap     ] GC(19) Survivor regions: 3->4(77)
[2023-01-28T23:41:04.890+0100][gc,heap     ] GC(19) Old regions: 18->18
[2023-01-28T23:41:04.890+0100][gc,heap     ] GC(19) Archive regions: 0->0
[2023-01-28T23:41:04.890+0100][gc,heap     ] GC(19) Humongous regions: 129->129
[2023-01-28T23:41:04.890+0100][gc,metaspace] GC(19) Metaspace: 51542K(52160K)->51542K(52160K) NonClass: 45492K(45824K)->45492K(45824K) Class: 6049K(6336K)->6049K(6336K)
[2023-01-28T23:41:04.890+0100][gc          ] GC(19) Pause Young (Normal) (G1 Evacuation Pause) 760M->149M(1024M) 21.241ms
[2023-01-28T23:41:04.890+0100][gc,cpu      ] GC(19) User=0.01s Sys=0.04s Real=0.03s
[2023-01-28T23:41:07.786+0100][gc,start    ] GC(20) Pause Young (Normal) (G1 Evacuation Pause)
[2023-01-28T23:41:07.787+0100][gc,task     ] GC(20) Using 8 workers of 8 for evacuation
[2023-01-28T23:41:07.809+0100][gc,mmu      ] GC(20) MMU target violated: 21.0ms (20.0ms/21.0ms)
[2023-01-28T23:41:07.809+0100][gc,phases   ] GC(20)   Pre Evacuate Collection Set: 0.2ms
[2023-01-28T23:41:07.809+0100][gc,phases   ] GC(20)   Merge Heap Roots: 0.1ms
[2023-01-28T23:41:07.809+0100][gc,phases   ] GC(20)   Evacuate Collection Set: 21.5ms
[2023-01-28T23:41:07.809+0100][gc,phases   ] GC(20)   Post Evacuate Collection Set: 0.8ms
[2023-01-28T23:41:07.809+0100][gc,phases   ] GC(20)   Other: 0.4ms
[2023-01-28T23:41:07.809+0100][gc,heap     ] GC(20) Eden regions: 231->0(47)
[2023-01-28T23:41:07.809+0100][gc,heap     ] GC(20) Survivor regions: 4->4(30)
[2023-01-28T23:41:07.809+0100][gc,heap     ] GC(20) Old regions: 18->18
[2023-01-28T23:41:07.809+0100][gc,heap     ] GC(20) Archive regions: 0->0
[2023-01-28T23:41:07.809+0100][gc,heap     ] GC(20) Humongous regions: 129->129
[2023-01-28T23:41:07.809+0100][gc,metaspace] GC(20) Metaspace: 51544K(52160K)->51544K(52160K) NonClass: 45494K(45824K)->45494K(45824K) Class: 6049K(6336K)->6049K(6336K)
[2023-01-28T23:41:07.809+0100][gc          ] GC(20) Pause Young (Normal) (G1 Evacuation Pause) 380M->149M(1024M) 23.010ms
[2023-01-28T23:41:07.809+0100][gc,cpu      ] GC(20) User=0.01s Sys=0.04s Real=0.02s
[2023-01-28T23:41:08.306+0100][gc,start    ] GC(21) Pause Young (Normal) (G1 Evacuation Pause)
[2023-01-28T23:41:08.306+0100][gc,task     ] GC(21) Using 8 workers of 8 for evacuation
[2023-01-28T23:41:08.308+0100][gc,phases   ] GC(21)   Pre Evacuate Collection Set: 0.2ms
[2023-01-28T23:41:08.308+0100][gc,phases   ] GC(21)   Merge Heap Roots: 0.0ms
[2023-01-28T23:41:08.308+0100][gc,phases   ] GC(21)   Evacuate Collection Set: 1.6ms
[2023-01-28T23:41:08.308+0100][gc,phases   ] GC(21)   Post Evacuate Collection Set: 0.2ms
[2023-01-28T23:41:08.308+0100][gc,phases   ] GC(21)   Other: 0.1ms
[2023-01-28T23:41:08.308+0100][gc,heap     ] GC(21) Eden regions: 47->0(333)
[2023-01-28T23:41:08.308+0100][gc,heap     ] GC(21) Survivor regions: 4->4(7)
[2023-01-28T23:41:08.308+0100][gc,heap     ] GC(21) Old regions: 18->18
[2023-01-28T23:41:08.308+0100][gc,heap     ] GC(21) Archive regions: 0->0
[2023-01-28T23:41:08.308+0100][gc,heap     ] GC(21) Humongous regions: 129->129
[2023-01-28T23:41:08.308+0100][gc,metaspace] GC(21) Metaspace: 51544K(52160K)->51544K(52160K) NonClass: 45494K(45824K)->45494K(45824K) Class: 6049K(6336K)->6049K(6336K)
[2023-01-28T23:41:08.308+0100][gc          ] GC(21) Pause Young (Normal) (G1 Evacuation Pause) 196M->149M(1024M) 2.191ms
[2023-01-28T23:41:08.308+0100][gc,cpu      ] GC(21) User=0.01s Sys=0.01s Real=0.00s
[2023-01-28T23:41:11.164+0100][gc,start    ] GC(22) Pause Young (Normal) (G1 Evacuation Pause)
[2023-01-28T23:41:11.164+0100][gc,task     ] GC(22) Using 8 workers of 8 for evacuation
[2023-01-28T23:41:11.170+0100][gc,phases   ] GC(22)   Pre Evacuate Collection Set: 0.2ms
[2023-01-28T23:41:11.170+0100][gc,phases   ] GC(22)   Merge Heap Roots: 0.1ms
[2023-01-28T23:41:11.170+0100][gc,phases   ] GC(22)   Evacuate Collection Set: 5.5ms
[2023-01-28T23:41:11.170+0100][gc,phases   ] GC(22)   Post Evacuate Collection Set: 0.5ms
[2023-01-28T23:41:11.170+0100][gc,phases   ] GC(22)   Other: 0.1ms
[2023-01-28T23:41:11.170+0100][gc,heap     ] GC(22) Eden regions: 333->0(610)
[2023-01-28T23:41:11.170+0100][gc,heap     ] GC(22) Survivor regions: 4->4(43)
[2023-01-28T23:41:11.170+0100][gc,heap     ] GC(22) Old regions: 18->18
[2023-01-28T23:41:11.170+0100][gc,heap     ] GC(22) Archive regions: 0->0
[2023-01-28T23:41:11.170+0100][gc,heap     ] GC(22) Humongous regions: 129->129
[2023-01-28T23:41:11.170+0100][gc,metaspace] GC(22) Metaspace: 51544K(52160K)->51544K(52160K) NonClass: 45495K(45824K)->45495K(45824K) Class: 6049K(6336K)->6049K(6336K)
[2023-01-28T23:41:11.170+0100][gc          ] GC(22) Pause Young (Normal) (G1 Evacuation Pause) 482M->149M(1024M) 6.528ms
[2023-01-28T23:41:11.171+0100][gc,cpu      ] GC(22) User=0.01s Sys=0.02s Real=0.01s
[2023-01-28T23:41:15.272+0100][gc,start    ] GC(23) Pause Young (Normal) (G1 Evacuation Pause)
[2023-01-28T23:41:15.272+0100][gc,task     ] GC(23) Using 8 workers of 8 for evacuation
[2023-01-28T23:41:15.291+0100][gc,phases   ] GC(23)   Pre Evacuate Collection Set: 0.3ms
[2023-01-28T23:41:15.292+0100][gc,phases   ] GC(23)   Merge Heap Roots: 0.2ms
[2023-01-28T23:41:15.292+0100][gc,phases   ] GC(23)   Evacuate Collection Set: 18.2ms
[2023-01-28T23:41:15.292+0100][gc,phases   ] GC(23)   Post Evacuate Collection Set: 1.0ms
[2023-01-28T23:41:15.292+0100][gc,phases   ] GC(23)   Other: 0.3ms
[2023-01-28T23:41:15.292+0100][gc,heap     ] GC(23) Eden regions: 610->0(436)
[2023-01-28T23:41:15.292+0100][gc,heap     ] GC(23) Survivor regions: 4->4(77)
[2023-01-28T23:41:15.292+0100][gc,heap     ] GC(23) Old regions: 18->18
[2023-01-28T23:41:15.292+0100][gc,heap     ] GC(23) Archive regions: 0->0
[2023-01-28T23:41:15.292+0100][gc,heap     ] GC(23) Humongous regions: 129->129
[2023-01-28T23:41:15.292+0100][gc,metaspace] GC(23) Metaspace: 51568K(52224K)->51568K(52224K) NonClass: 45519K(45888K)->45519K(45888K) Class: 6049K(6336K)->6049K(6336K)
[2023-01-28T23:41:15.292+0100][gc          ] GC(23) Pause Young (Normal) (G1 Evacuation Pause) 759M->149M(1024M) 20.048ms
[2023-01-28T23:41:15.292+0100][gc,cpu      ] GC(23) User=0.01s Sys=0.04s Real=0.02s
[2023-01-28T23:41:18.902+0100][gc,start    ] GC(24) Pause Young (Normal) (G1 Evacuation Pause)
[2023-01-28T23:41:18.902+0100][gc,task     ] GC(24) Using 8 workers of 8 for evacuation
[2023-01-28T23:41:18.928+0100][gc,mmu      ] GC(24) MMU target violated: 21.0ms (20.0ms/21.0ms)
[2023-01-28T23:41:18.928+0100][gc,phases   ] GC(24)   Pre Evacuate Collection Set: 0.2ms
[2023-01-28T23:41:18.928+0100][gc,phases   ] GC(24)   Merge Heap Roots: 0.8ms
[2023-01-28T23:41:18.928+0100][gc,phases   ] GC(24)   Evacuate Collection Set: 22.4ms
[2023-01-28T23:41:18.928+0100][gc,phases   ] GC(24)   Post Evacuate Collection Set: 2.2ms
[2023-01-28T23:41:18.928+0100][gc,phases   ] GC(24)   Other: 0.3ms
[2023-01-28T23:41:18.928+0100][gc,heap     ] GC(24) Eden regions: 436->0(166)
[2023-01-28T23:41:18.928+0100][gc,heap     ] GC(24) Survivor regions: 4->4(55)
[2023-01-28T23:41:18.928+0100][gc,heap     ] GC(24) Old regions: 18->18
[2023-01-28T23:41:18.928+0100][gc,heap     ] GC(24) Archive regions: 0->0
[2023-01-28T23:41:18.928+0100][gc,heap     ] GC(24) Humongous regions: 129->129
[2023-01-28T23:41:18.928+0100][gc,metaspace] GC(24) Metaspace: 51570K(52224K)->51570K(52224K) NonClass: 45520K(45888K)->45520K(45888K) Class: 6049K(6336K)->6049K(6336K)
[2023-01-28T23:41:18.928+0100][gc          ] GC(24) Pause Young (Normal) (G1 Evacuation Pause) 585M->150M(1024M) 26.002ms
[2023-01-28T23:41:18.928+0100][gc,cpu      ] GC(24) User=0.01s Sys=0.06s Real=0.02s
[2023-01-28T23:41:21.339+0100][gc,start    ] GC(25) Pause Young (Normal) (G1 Evacuation Pause)
[2023-01-28T23:41:21.340+0100][gc,task     ] GC(25) Using 8 workers of 8 for evacuation
[2023-01-28T23:41:21.358+0100][gc,phases   ] GC(25)   Pre Evacuate Collection Set: 2.0ms
[2023-01-28T23:41:21.358+0100][gc,phases   ] GC(25)   Merge Heap Roots: 1.0ms
[2023-01-28T23:41:21.358+0100][gc,phases   ] GC(25)   Evacuate Collection Set: 13.3ms
[2023-01-28T23:41:21.358+0100][gc,phases   ] GC(25)   Post Evacuate Collection Set: 1.3ms
[2023-01-28T23:41:21.358+0100][gc,phases   ] GC(25)   Other: 1.1ms
[2023-01-28T23:41:21.358+0100][gc,heap     ] GC(25) Eden regions: 166->0(333)
[2023-01-28T23:41:21.358+0100][gc,heap     ] GC(25) Survivor regions: 4->4(22)
[2023-01-28T23:41:21.358+0100][gc,heap     ] GC(25) Old regions: 18->18
[2023-01-28T23:41:21.358+0100][gc,heap     ] GC(25) Archive regions: 0->0
[2023-01-28T23:41:21.358+0100][gc,heap     ] GC(25) Humongous regions: 129->129
[2023-01-28T23:41:21.358+0100][gc,metaspace] GC(25) Metaspace: 51575K(52224K)->51575K(52224K) NonClass: 45525K(45888K)->45525K(45888K) Class: 6049K(6336K)->6049K(6336K)
[2023-01-28T23:41:21.358+0100][gc          ] GC(25) Pause Young (Normal) (G1 Evacuation Pause) 316M->150M(1024M) 18.898ms
[2023-01-28T23:41:21.358+0100][gc,cpu      ] GC(25) User=0.01s Sys=0.02s Real=0.02s
[2023-01-28T23:41:23.902+0100][gc,start    ] GC(26) Pause Young (Normal) (G1 Evacuation Pause)
[2023-01-28T23:41:23.902+0100][gc,task     ] GC(26) Using 8 workers of 8 for evacuation
[2023-01-28T23:41:23.913+0100][gc,phases   ] GC(26)   Pre Evacuate Collection Set: 0.2ms
[2023-01-28T23:41:23.913+0100][gc,phases   ] GC(26)   Merge Heap Roots: 0.1ms
[2023-01-28T23:41:23.913+0100][gc,phases   ] GC(26)   Evacuate Collection Set: 10.5ms
[2023-01-28T23:41:23.913+0100][gc,phases   ] GC(26)   Post Evacuate Collection Set: 0.8ms
[2023-01-28T23:41:23.913+0100][gc,phases   ] GC(26)   Other: 0.2ms
[2023-01-28T23:41:23.913+0100][gc,heap     ] GC(26) Eden regions: 333->0(325)
[2023-01-28T23:41:23.913+0100][gc,heap     ] GC(26) Survivor regions: 4->5(43)
[2023-01-28T23:41:23.913+0100][gc,heap     ] GC(26) Old regions: 18->18
[2023-01-28T23:41:23.913+0100][gc,heap     ] GC(26) Archive regions: 0->0
[2023-01-28T23:41:23.913+0100][gc,heap     ] GC(26) Humongous regions: 129->129
[2023-01-28T23:41:23.913+0100][gc,metaspace] GC(26) Metaspace: 51575K(52224K)->51575K(52224K) NonClass: 45525K(45888K)->45525K(45888K) Class: 6049K(6336K)->6049K(6336K)
[2023-01-28T23:41:23.913+0100][gc          ] GC(26) Pause Young (Normal) (G1 Evacuation Pause) 483M->150M(1024M) 11.828ms
[2023-01-28T23:41:23.913+0100][gc,cpu      ] GC(26) User=0.01s Sys=0.03s Real=0.01s
[2023-01-28T23:41:26.266+0100][gc,start    ] GC(27) Pause Young (Normal) (G1 Evacuation Pause)
[2023-01-28T23:41:26.266+0100][gc,task     ] GC(27) Using 8 workers of 8 for evacuation
[2023-01-28T23:41:26.271+0100][gc,phases   ] GC(27)   Pre Evacuate Collection Set: 0.2ms
[2023-01-28T23:41:26.271+0100][gc,phases   ] GC(27)   Merge Heap Roots: 0.2ms
[2023-01-28T23:41:26.271+0100][gc,phases   ] GC(27)   Evacuate Collection Set: 4.3ms
[2023-01-28T23:41:26.271+0100][gc,phases   ] GC(27)   Post Evacuate Collection Set: 0.4ms
[2023-01-28T23:41:26.271+0100][gc,phases   ] GC(27)   Other: 0.2ms
[2023-01-28T23:41:26.271+0100][gc,heap     ] GC(27) Eden regions: 325->0(609)
[2023-01-28T23:41:26.271+0100][gc,heap     ] GC(27) Survivor regions: 5->5(42)
[2023-01-28T23:41:26.271+0100][gc,heap     ] GC(27) Old regions: 18->18
[2023-01-28T23:41:26.271+0100][gc,heap     ] GC(27) Archive regions: 0->0
[2023-01-28T23:41:26.271+0100][gc,heap     ] GC(27) Humongous regions: 129->129
[2023-01-28T23:41:26.271+0100][gc,metaspace] GC(27) Metaspace: 51578K(52224K)->51578K(52224K) NonClass: 45529K(45888K)->45529K(45888K) Class: 6049K(6336K)->6049K(6336K)
[2023-01-28T23:41:26.272+0100][gc          ] GC(27) Pause Young (Normal) (G1 Evacuation Pause) 475M->150M(1024M) 5.349ms
[2023-01-28T23:41:26.272+0100][gc,cpu      ] GC(27) User=0.01s Sys=0.01s Real=0.01s
[2023-01-28T23:41:30.779+0100][gc,start    ] GC(28) Pause Young (Normal) (G1 Evacuation Pause)
[2023-01-28T23:41:30.779+0100][gc,task     ] GC(28) Using 8 workers of 8 for evacuation
[2023-01-28T23:41:30.802+0100][gc,mmu      ] GC(28) MMU target violated: 21.0ms (20.0ms/21.0ms)
[2023-01-28T23:41:30.802+0100][gc,phases   ] GC(28)   Pre Evacuate Collection Set: 0.2ms
[2023-01-28T23:41:30.803+0100][gc,phases   ] GC(28)   Merge Heap Roots: 0.2ms
[2023-01-28T23:41:30.803+0100][gc,phases   ] GC(28)   Evacuate Collection Set: 21.8ms
[2023-01-28T23:41:30.803+0100][gc,phases   ] GC(28)   Post Evacuate Collection Set: 0.8ms
[2023-01-28T23:41:30.803+0100][gc,phases   ] GC(28)   Other: 0.4ms
[2023-01-28T23:41:30.803+0100][gc,heap     ] GC(28) Eden regions: 609->0(309)
[2023-01-28T23:41:30.803+0100][gc,heap     ] GC(28) Survivor regions: 5->5(77)
[2023-01-28T23:41:30.803+0100][gc,heap     ] GC(28) Old regions: 18->18
[2023-01-28T23:41:30.803+0100][gc,heap     ] GC(28) Archive regions: 0->0
[2023-01-28T23:41:30.803+0100][gc,heap     ] GC(28) Humongous regions: 129->129
[2023-01-28T23:41:30.803+0100][gc,metaspace] GC(28) Metaspace: 51589K(52224K)->51589K(52224K) NonClass: 45539K(45888K)->45539K(45888K) Class: 6049K(6336K)->6049K(6336K)
[2023-01-28T23:41:30.803+0100][gc          ] GC(28) Pause Young (Normal) (G1 Evacuation Pause) 759M->151M(1024M) 23.534ms
[2023-01-28T23:41:30.803+0100][gc,cpu      ] GC(28) User=0.01s Sys=0.04s Real=0.03s
[2023-01-28T23:41:36.419+0100][gc,start    ] GC(29) Pause Young (Normal) (G1 Evacuation Pause)
[2023-01-28T23:41:36.420+0100][gc,task     ] GC(29) Using 8 workers of 8 for evacuation
[2023-01-28T23:41:36.424+0100][gc,phases   ] GC(29)   Pre Evacuate Collection Set: 0.2ms
[2023-01-28T23:41:36.424+0100][gc,phases   ] GC(29)   Merge Heap Roots: 0.1ms
[2023-01-28T23:41:36.424+0100][gc,phases   ] GC(29)   Evacuate Collection Set: 3.1ms
[2023-01-28T23:41:36.424+0100][gc,phases   ] GC(29)   Post Evacuate Collection Set: 0.4ms
[2023-01-28T23:41:36.424+0100][gc,phases   ] GC(29)   Other: 1.1ms
[2023-01-28T23:41:36.424+0100][gc,heap     ] GC(29) Eden regions: 284->0(610)
[2023-01-28T23:41:36.424+0100][gc,heap     ] GC(29) Survivor regions: 5->4(37)
[2023-01-28T23:41:36.424+0100][gc,heap     ] GC(29) Old regions: 18->19
[2023-01-28T23:41:36.424+0100][gc,heap     ] GC(29) Archive regions: 0->0
[2023-01-28T23:41:36.424+0100][gc,heap     ] GC(29) Humongous regions: 129->129
[2023-01-28T23:41:36.424+0100][gc,metaspace] GC(29) Metaspace: 51591K(52224K)->51591K(52224K) NonClass: 45541K(45888K)->45541K(45888K) Class: 6049K(6336K)->6049K(6336K)
[2023-01-28T23:41:36.424+0100][gc          ] GC(29) Pause Young (Normal) (G1 Evacuation Pause) 435M->150M(1024M) 4.905ms
[2023-01-28T23:41:36.424+0100][gc,cpu      ] GC(29) User=0.01s Sys=0.01s Real=0.01s
[2023-01-28T23:41:49.775+0100][gc,start    ] GC(30) Pause Young (Normal) (G1 Evacuation Pause)
[2023-01-28T23:41:49.775+0100][gc,task     ] GC(30) Using 8 workers of 8 for evacuation
[2023-01-28T23:41:49.779+0100][gc,phases   ] GC(30)   Pre Evacuate Collection Set: 0.2ms
[2023-01-28T23:41:49.779+0100][gc,phases   ] GC(30)   Merge Heap Roots: 0.2ms
[2023-01-28T23:41:49.779+0100][gc,phases   ] GC(30)   Evacuate Collection Set: 3.1ms
[2023-01-28T23:41:49.779+0100][gc,phases   ] GC(30)   Post Evacuate Collection Set: 0.7ms
[2023-01-28T23:41:49.779+0100][gc,phases   ] GC(30)   Other: 0.4ms
[2023-01-28T23:41:49.779+0100][gc,heap     ] GC(30) Eden regions: 610->0(610)
[2023-01-28T23:41:49.779+0100][gc,heap     ] GC(30) Survivor regions: 4->4(77)
[2023-01-28T23:41:49.779+0100][gc,heap     ] GC(30) Old regions: 19->19
[2023-01-28T23:41:49.779+0100][gc,heap     ] GC(30) Archive regions: 0->0
[2023-01-28T23:41:49.779+0100][gc,heap     ] GC(30) Humongous regions: 129->129
[2023-01-28T23:41:49.779+0100][gc,metaspace] GC(30) Metaspace: 51603K(52224K)->51603K(52224K) NonClass: 45553K(45888K)->45553K(45888K) Class: 6049K(6336K)->6049K(6336K)
[2023-01-28T23:41:49.779+0100][gc          ] GC(30) Pause Young (Normal) (G1 Evacuation Pause) 760M->151M(1024M) 4.619ms
[2023-01-28T23:41:49.780+0100][gc,cpu      ] GC(30) User=0.01s Sys=0.02s Real=0.01s
[2023-01-28T23:42:02.589+0100][gc,start    ] GC(31) Pause Young (Normal) (G1 Evacuation Pause)
[2023-01-28T23:42:02.590+0100][gc,task     ] GC(31) Using 8 workers of 8 for evacuation
[2023-01-28T23:42:02.600+0100][gc,phases   ] GC(31)   Pre Evacuate Collection Set: 0.5ms
[2023-01-28T23:42:02.600+0100][gc,phases   ] GC(31)   Merge Heap Roots: 0.1ms
[2023-01-28T23:42:02.600+0100][gc,phases   ] GC(31)   Evacuate Collection Set: 7.2ms
[2023-01-28T23:42:02.600+0100][gc,phases   ] GC(31)   Post Evacuate Collection Set: 2.0ms
[2023-01-28T23:42:02.600+0100][gc,phases   ] GC(31)   Other: 1.4ms
[2023-01-28T23:42:02.600+0100][gc,heap     ] GC(31) Eden regions: 610->0(610)
[2023-01-28T23:42:02.600+0100][gc,heap     ] GC(31) Survivor regions: 4->4(77)
[2023-01-28T23:42:02.600+0100][gc,heap     ] GC(31) Old regions: 19->19
[2023-01-28T23:42:02.600+0100][gc,heap     ] GC(31) Archive regions: 0->0
[2023-01-28T23:42:02.600+0100][gc,heap     ] GC(31) Humongous regions: 129->129
[2023-01-28T23:42:02.600+0100][gc,metaspace] GC(31) Metaspace: 51629K(52224K)->51629K(52224K) NonClass: 45579K(45888K)->45579K(45888K) Class: 6049K(6336K)->6049K(6336K)
[2023-01-28T23:42:02.600+0100][gc          ] GC(31) Pause Young (Normal) (G1 Evacuation Pause) 761M->151M(1024M) 11.292ms
[2023-01-28T23:42:02.600+0100][gc,cpu      ] GC(31) User=0.01s Sys=0.02s Real=0.02s
[2023-01-28T23:42:16.431+0100][gc,start    ] GC(32) Pause Young (Normal) (G1 Evacuation Pause)
[2023-01-28T23:42:16.432+0100][gc,task     ] GC(32) Using 8 workers of 8 for evacuation
[2023-01-28T23:42:16.437+0100][gc,phases   ] GC(32)   Pre Evacuate Collection Set: 0.3ms
[2023-01-28T23:42:16.437+0100][gc,phases   ] GC(32)   Merge Heap Roots: 0.2ms
[2023-01-28T23:42:16.437+0100][gc,phases   ] GC(32)   Evacuate Collection Set: 3.7ms
[2023-01-28T23:42:16.437+0100][gc,phases   ] GC(32)   Post Evacuate Collection Set: 0.9ms
[2023-01-28T23:42:16.437+0100][gc,phases   ] GC(32)   Other: 0.5ms
[2023-01-28T23:42:16.437+0100][gc,heap     ] GC(32) Eden regions: 610->0(610)
[2023-01-28T23:42:16.437+0100][gc,heap     ] GC(32) Survivor regions: 4->4(77)
[2023-01-28T23:42:16.437+0100][gc,heap     ] GC(32) Old regions: 19->19
[2023-01-28T23:42:16.437+0100][gc,heap     ] GC(32) Archive regions: 0->0
[2023-01-28T23:42:16.437+0100][gc,heap     ] GC(32) Humongous regions: 129->129
[2023-01-28T23:42:16.437+0100][gc,metaspace] GC(32) Metaspace: 51636K(52224K)->51636K(52224K) NonClass: 45587K(45888K)->45587K(45888K) Class: 6049K(6336K)->6049K(6336K)
[2023-01-28T23:42:16.437+0100][gc          ] GC(32) Pause Young (Normal) (G1 Evacuation Pause) 761M->151M(1024M) 5.687ms
[2023-01-28T23:42:16.437+0100][gc,cpu      ] GC(32) User=0.01s Sys=0.01s Real=0.00s
[2023-01-28T23:42:25.335+0100][gc,start    ] GC(33) Pause Young (Normal) (G1 Evacuation Pause)
[2023-01-28T23:42:25.336+0100][gc,task     ] GC(33) Using 8 workers of 8 for evacuation
[2023-01-28T23:42:25.354+0100][gc,phases   ] GC(33)   Pre Evacuate Collection Set: 0.2ms
[2023-01-28T23:42:25.354+0100][gc,phases   ] GC(33)   Merge Heap Roots: 0.2ms
[2023-01-28T23:42:25.354+0100][gc,phases   ] GC(33)   Evacuate Collection Set: 15.5ms
[2023-01-28T23:42:25.354+0100][gc,phases   ] GC(33)   Post Evacuate Collection Set: 2.2ms
[2023-01-28T23:42:25.354+0100][gc,phases   ] GC(33)   Other: 1.2ms
[2023-01-28T23:42:25.354+0100][gc,heap     ] GC(33) Eden regions: 610->0(610)
[2023-01-28T23:42:25.354+0100][gc,heap     ] GC(33) Survivor regions: 4->4(77)
[2023-01-28T23:42:25.354+0100][gc,heap     ] GC(33) Old regions: 19->20
[2023-01-28T23:42:25.354+0100][gc,heap     ] GC(33) Archive regions: 0->0
[2023-01-28T23:42:25.354+0100][gc,heap     ] GC(33) Humongous regions: 129->129
[2023-01-28T23:42:25.354+0100][gc,metaspace] GC(33) Metaspace: 51669K(52288K)->51669K(52288K) NonClass: 45612K(45952K)->45612K(45952K) Class: 6056K(6336K)->6056K(6336K)
[2023-01-28T23:42:25.354+0100][gc          ] GC(33) Pause Young (Normal) (G1 Evacuation Pause) 761M->151M(1024M) 19.309ms
[2023-01-28T23:42:25.354+0100][gc,cpu      ] GC(33) User=0.02s Sys=0.05s Real=0.02s
[2023-01-28T23:42:28.978+0100][gc,start    ] GC(34) Pause Young (Normal) (G1 Evacuation Pause)
[2023-01-28T23:42:28.978+0100][gc,task     ] GC(34) Using 8 workers of 8 for evacuation
[2023-01-28T23:42:28.993+0100][gc,phases   ] GC(34)   Pre Evacuate Collection Set: 0.2ms
[2023-01-28T23:42:28.993+0100][gc,phases   ] GC(34)   Merge Heap Roots: 0.2ms
[2023-01-28T23:42:28.993+0100][gc,phases   ] GC(34)   Evacuate Collection Set: 13.8ms
[2023-01-28T23:42:28.993+0100][gc,phases   ] GC(34)   Post Evacuate Collection Set: 0.7ms
[2023-01-28T23:42:28.993+0100][gc,phases   ] GC(34)   Other: 0.3ms
[2023-01-28T23:42:28.993+0100][gc,heap     ] GC(34) Eden regions: 610->0(610)
[2023-01-28T23:42:28.993+0100][gc,heap     ] GC(34) Survivor regions: 4->4(77)
[2023-01-28T23:42:28.993+0100][gc,heap     ] GC(34) Old regions: 20->20
[2023-01-28T23:42:28.993+0100][gc,heap     ] GC(34) Archive regions: 0->0
[2023-01-28T23:42:28.993+0100][gc,heap     ] GC(34) Humongous regions: 129->129
[2023-01-28T23:42:28.993+0100][gc,metaspace] GC(34) Metaspace: 51670K(52288K)->51670K(52288K) NonClass: 45613K(45952K)->45613K(45952K) Class: 6056K(6336K)->6056K(6336K)
[2023-01-28T23:42:28.993+0100][gc          ] GC(34) Pause Young (Normal) (G1 Evacuation Pause) 761M->152M(1024M) 15.252ms
[2023-01-28T23:42:28.993+0100][gc,cpu      ] GC(34) User=0.02s Sys=0.04s Real=0.02s
[2023-01-28T23:42:32.851+0100][gc,start    ] GC(35) Pause Young (Normal) (G1 Evacuation Pause)
[2023-01-28T23:42:32.851+0100][gc,task     ] GC(35) Using 8 workers of 8 for evacuation
[2023-01-28T23:42:32.879+0100][gc,mmu      ] GC(35) MMU target violated: 21.0ms (20.0ms/21.0ms)
[2023-01-28T23:42:32.879+0100][gc,phases   ] GC(35)   Pre Evacuate Collection Set: 0.2ms
[2023-01-28T23:42:32.879+0100][gc,phases   ] GC(35)   Merge Heap Roots: 0.2ms
[2023-01-28T23:42:32.879+0100][gc,phases   ] GC(35)   Evacuate Collection Set: 26.3ms
[2023-01-28T23:42:32.879+0100][gc,phases   ] GC(35)   Post Evacuate Collection Set: 0.8ms
[2023-01-28T23:42:32.879+0100][gc,phases   ] GC(35)   Other: 0.4ms
[2023-01-28T23:42:32.879+0100][gc,heap     ] GC(35) Eden regions: 610->0(46)
[2023-01-28T23:42:32.879+0100][gc,heap     ] GC(35) Survivor regions: 4->5(77)
[2023-01-28T23:42:32.879+0100][gc,heap     ] GC(35) Old regions: 20->20
[2023-01-28T23:42:32.879+0100][gc,heap     ] GC(35) Archive regions: 0->0
[2023-01-28T23:42:32.879+0100][gc,heap     ] GC(35) Humongous regions: 129->129
[2023-01-28T23:42:32.879+0100][gc,metaspace] GC(35) Metaspace: 51671K(52288K)->51671K(52288K) NonClass: 45614K(45952K)->45614K(45952K) Class: 6056K(6336K)->6056K(6336K)
[2023-01-28T23:42:32.879+0100][gc          ] GC(35) Pause Young (Normal) (G1 Evacuation Pause) 762M->153M(1024M) 28.011ms
[2023-01-28T23:42:32.879+0100][gc,cpu      ] GC(35) User=0.03s Sys=0.06s Real=0.02s
[2023-01-28T23:42:33.238+0100][gc,start    ] GC(36) Pause Young (Normal) (G1 Evacuation Pause)
[2023-01-28T23:42:33.238+0100][gc,task     ] GC(36) Using 8 workers of 8 for evacuation
[2023-01-28T23:42:33.241+0100][gc,phases   ] GC(36)   Pre Evacuate Collection Set: 0.2ms
[2023-01-28T23:42:33.241+0100][gc,phases   ] GC(36)   Merge Heap Roots: 0.1ms
[2023-01-28T23:42:33.242+0100][gc,phases   ] GC(36)   Evacuate Collection Set: 2.6ms
[2023-01-28T23:42:33.242+0100][gc,phases   ] GC(36)   Post Evacuate Collection Set: 0.3ms
[2023-01-28T23:42:33.242+0100][gc,phases   ] GC(36)   Other: 0.1ms
[2023-01-28T23:42:33.242+0100][gc,heap     ] GC(36) Eden regions: 46->0(610)
[2023-01-28T23:42:33.242+0100][gc,heap     ] GC(36) Survivor regions: 5->4(7)
[2023-01-28T23:42:33.242+0100][gc,heap     ] GC(36) Old regions: 20->21
[2023-01-28T23:42:33.242+0100][gc,heap     ] GC(36) Archive regions: 0->0
[2023-01-28T23:42:33.242+0100][gc,heap     ] GC(36) Humongous regions: 129->129
[2023-01-28T23:42:33.242+0100][gc,metaspace] GC(36) Metaspace: 51675K(52288K)->51675K(52288K) NonClass: 45619K(45952K)->45619K(45952K) Class: 6056K(6336K)->6056K(6336K)
[2023-01-28T23:42:33.242+0100][gc          ] GC(36) Pause Young (Normal) (G1 Evacuation Pause) 199M->153M(1024M) 3.367ms
[2023-01-28T23:42:33.242+0100][gc,cpu      ] GC(36) User=0.02s Sys=0.00s Real=0.01s
[2023-01-28T23:42:38.019+0100][gc,start    ] GC(37) Pause Young (Normal) (G1 Evacuation Pause)
[2023-01-28T23:42:38.020+0100][gc,task     ] GC(37) Using 8 workers of 8 for evacuation
[2023-01-28T23:42:38.043+0100][gc,mmu      ] GC(37) MMU target violated: 21.0ms (20.0ms/21.0ms)
[2023-01-28T23:42:38.043+0100][gc,phases   ] GC(37)   Pre Evacuate Collection Set: 0.4ms
[2023-01-28T23:42:38.043+0100][gc,phases   ] GC(37)   Merge Heap Roots: 0.3ms
[2023-01-28T23:42:38.043+0100][gc,phases   ] GC(37)   Evacuate Collection Set: 20.9ms
[2023-01-28T23:42:38.043+0100][gc,phases   ] GC(37)   Post Evacuate Collection Set: 2.1ms
[2023-01-28T23:42:38.043+0100][gc,phases   ] GC(37)   Other: 0.6ms
[2023-01-28T23:42:38.043+0100][gc,heap     ] GC(37) Eden regions: 610->0(84)
[2023-01-28T23:42:38.043+0100][gc,heap     ] GC(37) Survivor regions: 4->5(77)
[2023-01-28T23:42:38.043+0100][gc,heap     ] GC(37) Old regions: 21->21
[2023-01-28T23:42:38.043+0100][gc,heap     ] GC(37) Archive regions: 0->0
[2023-01-28T23:42:38.043+0100][gc,heap     ] GC(37) Humongous regions: 129->129
[2023-01-28T23:42:38.044+0100][gc,metaspace] GC(37) Metaspace: 51675K(52288K)->51675K(52288K) NonClass: 45619K(45952K)->45619K(45952K) Class: 6056K(6336K)->6056K(6336K)
[2023-01-28T23:42:38.044+0100][gc          ] GC(37) Pause Young (Normal) (G1 Evacuation Pause) 763M->153M(1024M) 24.255ms
[2023-01-28T23:42:38.044+0100][gc,cpu      ] GC(37) User=0.02s Sys=0.06s Real=0.03s
[2023-01-28T23:42:39.004+0100][gc,start    ] GC(38) Pause Young (Normal) (G1 Evacuation Pause)
[2023-01-28T23:42:39.004+0100][gc,task     ] GC(38) Using 8 workers of 8 for evacuation
[2023-01-28T23:42:39.013+0100][gc,phases   ] GC(38)   Pre Evacuate Collection Set: 0.6ms
[2023-01-28T23:42:39.013+0100][gc,phases   ] GC(38)   Merge Heap Roots: 0.4ms
[2023-01-28T23:42:39.013+0100][gc,phases   ] GC(38)   Evacuate Collection Set: 6.7ms
[2023-01-28T23:42:39.013+0100][gc,phases   ] GC(38)   Post Evacuate Collection Set: 1.2ms
[2023-01-28T23:42:39.013+0100][gc,phases   ] GC(38)   Other: 0.3ms
[2023-01-28T23:42:39.013+0100][gc,heap     ] GC(38) Eden regions: 84->0(564)
[2023-01-28T23:42:39.013+0100][gc,heap     ] GC(38) Survivor regions: 5->5(12)
[2023-01-28T23:42:39.013+0100][gc,heap     ] GC(38) Old regions: 21->21
[2023-01-28T23:42:39.013+0100][gc,heap     ] GC(38) Archive regions: 0->0
[2023-01-28T23:42:39.013+0100][gc,heap     ] GC(38) Humongous regions: 129->129
[2023-01-28T23:42:39.013+0100][gc,metaspace] GC(38) Metaspace: 51675K(52288K)->51675K(52288K) NonClass: 45619K(45952K)->45619K(45952K) Class: 6056K(6336K)->6056K(6336K)
[2023-01-28T23:42:39.013+0100][gc          ] GC(38) Pause Young (Normal) (G1 Evacuation Pause) 237M->154M(1024M) 9.173ms
[2023-01-28T23:42:39.013+0100][gc,cpu      ] GC(38) User=0.01s Sys=0.00s Real=0.01s
[2023-01-28T23:42:55.543+0100][gc,start    ] GC(39) Pause Young (Normal) (G1 Evacuation Pause)
[2023-01-28T23:42:55.544+0100][gc,task     ] GC(39) Using 8 workers of 8 for evacuation
[2023-01-28T23:42:55.556+0100][gc,phases   ] GC(39)   Pre Evacuate Collection Set: 0.4ms
[2023-01-28T23:42:55.556+0100][gc,phases   ] GC(39)   Merge Heap Roots: 0.2ms
[2023-01-28T23:42:55.556+0100][gc,phases   ] GC(39)   Evacuate Collection Set: 9.9ms
[2023-01-28T23:42:55.556+0100][gc,phases   ] GC(39)   Post Evacuate Collection Set: 1.2ms
[2023-01-28T23:42:55.556+0100][gc,phases   ] GC(39)   Other: 1.0ms
[2023-01-28T23:42:55.556+0100][gc,heap     ] GC(39) Eden regions: 564->0(610)
[2023-01-28T23:42:55.556+0100][gc,heap     ] GC(39) Survivor regions: 5->4(72)
[2023-01-28T23:42:55.556+0100][gc,heap     ] GC(39) Old regions: 21->21
[2023-01-28T23:42:55.556+0100][gc,heap     ] GC(39) Archive regions: 0->0
[2023-01-28T23:42:55.556+0100][gc,heap     ] GC(39) Humongous regions: 129->129
[2023-01-28T23:42:55.556+0100][gc,metaspace] GC(39) Metaspace: 51690K(52352K)->51690K(52352K) NonClass: 45634K(46016K)->45634K(46016K) Class: 6056K(6336K)->6056K(6336K)
[2023-01-28T23:42:55.556+0100][gc          ] GC(39) Pause Young (Normal) (G1 Evacuation Pause) 718M->153M(1024M) 12.810ms
[2023-01-28T23:42:55.556+0100][gc,cpu      ] GC(39) User=0.02s Sys=0.03s Real=0.01s
[2023-01-28T23:43:21.513+0100][gc,start    ] GC(40) Pause Young (Normal) (G1 Evacuation Pause)
[2023-01-28T23:43:21.513+0100][gc,task     ] GC(40) Using 8 workers of 8 for evacuation
[2023-01-28T23:43:21.528+0100][gc,phases   ] GC(40)   Pre Evacuate Collection Set: 0.9ms
[2023-01-28T23:43:21.528+0100][gc,phases   ] GC(40)   Merge Heap Roots: 0.6ms
[2023-01-28T23:43:21.528+0100][gc,phases   ] GC(40)   Evacuate Collection Set: 12.0ms
[2023-01-28T23:43:21.528+0100][gc,phases   ] GC(40)   Post Evacuate Collection Set: 0.9ms
[2023-01-28T23:43:21.528+0100][gc,phases   ] GC(40)   Other: 1.0ms
[2023-01-28T23:43:21.528+0100][gc,heap     ] GC(40) Eden regions: 610->0(610)
[2023-01-28T23:43:21.528+0100][gc,heap     ] GC(40) Survivor regions: 4->4(77)
[2023-01-28T23:43:21.528+0100][gc,heap     ] GC(40) Old regions: 21->22
[2023-01-28T23:43:21.528+0100][gc,heap     ] GC(40) Archive regions: 0->0
[2023-01-28T23:43:21.528+0100][gc,heap     ] GC(40) Humongous regions: 129->129
[2023-01-28T23:43:21.528+0100][gc,metaspace] GC(40) Metaspace: 51708K(52352K)->51708K(52352K) NonClass: 45652K(46016K)->45652K(46016K) Class: 6056K(6336K)->6056K(6336K)
[2023-01-28T23:43:21.528+0100][gc          ] GC(40) Pause Young (Normal) (G1 Evacuation Pause) 763M->154M(1024M) 15.445ms
[2023-01-28T23:43:21.528+0100][gc,cpu      ] GC(40) User=0.02s Sys=0.03s Real=0.01s
[2023-01-28T23:43:31.143+0100][gc,start    ] GC(41) Pause Young (Normal) (G1 Evacuation Pause)
[2023-01-28T23:43:31.144+0100][gc,task     ] GC(41) Using 8 workers of 8 for evacuation
[2023-01-28T23:43:31.157+0100][gc,phases   ] GC(41)   Pre Evacuate Collection Set: 0.4ms
[2023-01-28T23:43:31.157+0100][gc,phases   ] GC(41)   Merge Heap Roots: 0.5ms
[2023-01-28T23:43:31.157+0100][gc,phases   ] GC(41)   Evacuate Collection Set: 10.9ms
[2023-01-28T23:43:31.157+0100][gc,phases   ] GC(41)   Post Evacuate Collection Set: 1.1ms
[2023-01-28T23:43:31.157+0100][gc,phases   ] GC(41)   Other: 1.6ms
[2023-01-28T23:43:31.157+0100][gc,heap     ] GC(41) Eden regions: 610->0(609)
[2023-01-28T23:43:31.157+0100][gc,heap     ] GC(41) Survivor regions: 4->5(77)
[2023-01-28T23:43:31.157+0100][gc,heap     ] GC(41) Old regions: 22->22
[2023-01-28T23:43:31.157+0100][gc,heap     ] GC(41) Archive regions: 0->0
[2023-01-28T23:43:31.157+0100][gc,heap     ] GC(41) Humongous regions: 129->129
[2023-01-28T23:43:31.157+0100][gc,metaspace] GC(41) Metaspace: 51715K(52352K)->51715K(52352K) NonClass: 45658K(46016K)->45658K(46016K) Class: 6056K(6336K)->6056K(6336K)
[2023-01-28T23:43:31.157+0100][gc          ] GC(41) Pause Young (Normal) (G1 Evacuation Pause) 764M->155M(1024M) 14.591ms
[2023-01-28T23:43:31.157+0100][gc,cpu      ] GC(41) User=0.03s Sys=0.04s Real=0.01s
[2023-01-28T23:44:50.360+0100][gc,start    ] GC(42) Pause Young (Normal) (G1 Evacuation Pause)
[2023-01-28T23:44:50.360+0100][gc,task     ] GC(42) Using 8 workers of 8 for evacuation
[2023-01-28T23:44:50.367+0100][gc,phases   ] GC(42)   Pre Evacuate Collection Set: 0.3ms
[2023-01-28T23:44:50.367+0100][gc,phases   ] GC(42)   Merge Heap Roots: 0.2ms
[2023-01-28T23:44:50.367+0100][gc,phases   ] GC(42)   Evacuate Collection Set: 5.6ms
[2023-01-28T23:44:50.367+0100][gc,phases   ] GC(42)   Post Evacuate Collection Set: 0.8ms
[2023-01-28T23:44:50.367+0100][gc,phases   ] GC(42)   Other: 0.4ms
[2023-01-28T23:44:50.367+0100][gc,heap     ] GC(42) Eden regions: 609->0(609)
[2023-01-28T23:44:50.367+0100][gc,heap     ] GC(42) Survivor regions: 5->5(77)
[2023-01-28T23:44:50.367+0100][gc,heap     ] GC(42) Old regions: 22->22
[2023-01-28T23:44:50.367+0100][gc,heap     ] GC(42) Archive regions: 0->0
[2023-01-28T23:44:50.367+0100][gc,heap     ] GC(42) Humongous regions: 129->129
[2023-01-28T23:44:50.367+0100][gc,metaspace] GC(42) Metaspace: 51770K(52416K)->51770K(52416K) NonClass: 45708K(46080K)->45708K(46080K) Class: 6062K(6336K)->6062K(6336K)
[2023-01-28T23:44:50.367+0100][gc          ] GC(42) Pause Young (Normal) (G1 Evacuation Pause) 764M->155M(1024M) 7.264ms
[2023-01-28T23:44:50.367+0100][gc,cpu      ] GC(42) User=0.02s Sys=0.02s Real=0.00s
[2023-01-28T23:49:42.362+0100][gc,start    ] GC(43) Pause Young (Normal) (G1 Evacuation Pause)
[2023-01-28T23:49:42.363+0100][gc,task     ] GC(43) Using 8 workers of 8 for evacuation
[2023-01-28T23:49:42.371+0100][gc,phases   ] GC(43)   Pre Evacuate Collection Set: 0.3ms
[2023-01-28T23:49:42.371+0100][gc,phases   ] GC(43)   Merge Heap Roots: 0.2ms
[2023-01-28T23:49:42.371+0100][gc,phases   ] GC(43)   Evacuate Collection Set: 6.2ms
[2023-01-28T23:49:42.371+0100][gc,phases   ] GC(43)   Post Evacuate Collection Set: 0.6ms
[2023-01-28T23:49:42.371+0100][gc,phases   ] GC(43)   Other: 1.0ms
[2023-01-28T23:49:42.371+0100][gc,heap     ] GC(43) Eden regions: 609->0(607)
[2023-01-28T23:49:42.371+0100][gc,heap     ] GC(43) Survivor regions: 5->7(77)
[2023-01-28T23:49:42.371+0100][gc,heap     ] GC(43) Old regions: 22->23
[2023-01-28T23:49:42.371+0100][gc,heap     ] GC(43) Archive regions: 0->0
[2023-01-28T23:49:42.371+0100][gc,heap     ] GC(43) Humongous regions: 129->129
[2023-01-28T23:49:42.371+0100][gc,metaspace] GC(43) Metaspace: 52321K(52992K)->52321K(52992K) NonClass: 46159K(46528K)->46159K(46528K) Class: 6161K(6464K)->6161K(6464K)
[2023-01-28T23:49:42.371+0100][gc          ] GC(43) Pause Young (Normal) (G1 Evacuation Pause) 764M->157M(1024M) 8.367ms
[2023-01-28T23:49:42.371+0100][gc,cpu      ] GC(43) User=0.03s Sys=0.02s Real=0.01s
[2023-01-29T00:59:44.850+0100][gc,heap,exit] Heap
[2023-01-29T00:59:44.851+0100][gc,heap,exit]  garbage-first heap   total 1048576K, used 732641K [0x00000007c0000000, 0x0000000800000000)
[2023-01-29T00:59:44.851+0100][gc,heap,exit]   region size 1024K, 566 young (579584K), 7 survivors (7168K)
[2023-01-29T00:59:44.851+0100][gc,heap,exit]  Metaspace       used 53818K, committed 54464K, reserved 1097728K
[2023-01-29T00:59:44.851+0100][gc,heap,exit]   class space    used 6357K, committed 6656K, reserved 1048576K
