[2023-01-29T17:48:21.478+0100][gc] Using G1
[2023-01-29T17:48:21.479+0100][gc,init] Version: 17.0.6+10 (release)
[2023-01-29T17:48:21.479+0100][gc,init] CPUs: 8 total, 8 available
[2023-01-29T17:48:21.479+0100][gc,init] Memory: 8192M
[2023-01-29T17:48:21.479+0100][gc,init] Large Page Support: Disabled
[2023-01-29T17:48:21.479+0100][gc,init] NUMA Support: Disabled
[2023-01-29T17:48:21.479+0100][gc,init] Compressed Oops: Enabled (Zero based)
[2023-01-29T17:48:21.479+0100][gc,init] Heap Region Size: 1M
[2023-01-29T17:48:21.479+0100][gc,init] Heap Min Capacity: 1G
[2023-01-29T17:48:21.479+0100][gc,init] Heap Initial Capacity: 1G
[2023-01-29T17:48:21.479+0100][gc,init] Heap Max Capacity: 1G
[2023-01-29T17:48:21.479+0100][gc,init] Pre-touch: Disabled
[2023-01-29T17:48:21.479+0100][gc,init] Parallel Workers: 8
[2023-01-29T17:48:21.479+0100][gc,init] Concurrent Workers: 2
[2023-01-29T17:48:21.479+0100][gc,init] Concurrent Refinement Workers: 8
[2023-01-29T17:48:21.479+0100][gc,init] Periodic GC: Disabled
[2023-01-29T17:48:21.479+0100][gc,metaspace] CDS archive(s) not mapped
[2023-01-29T17:48:21.479+0100][gc,metaspace] Compressed class space mapped at: 0x0000000800000000-0x0000000840000000, reserved size: 1073741824
[2023-01-29T17:48:21.479+0100][gc,metaspace] Narrow klass base: 0x0000000800000000, Narrow klass shift: 0, Narrow klass range: 0x40000000
[2023-01-29T17:48:21.862+0100][gc,start    ] GC(0) Pause Young (Concurrent Start) (Metadata GC Threshold)
[2023-01-29T17:48:21.862+0100][gc,task     ] GC(0) Using 8 workers of 8 for evacuation
[2023-01-29T17:48:21.865+0100][gc,phases   ] GC(0)   Pre Evacuate Collection Set: 0.1ms
[2023-01-29T17:48:21.865+0100][gc,phases   ] GC(0)   Merge Heap Roots: 0.0ms
[2023-01-29T17:48:21.865+0100][gc,phases   ] GC(0)   Evacuate Collection Set: 2.3ms
[2023-01-29T17:48:21.865+0100][gc,phases   ] GC(0)   Post Evacuate Collection Set: 0.2ms
[2023-01-29T17:48:21.865+0100][gc,phases   ] GC(0)   Other: 0.2ms
[2023-01-29T17:48:21.865+0100][gc,heap     ] GC(0) Eden regions: 35->0(44)
[2023-01-29T17:48:21.865+0100][gc,heap     ] GC(0) Survivor regions: 0->7(7)
[2023-01-29T17:48:21.865+0100][gc,heap     ] GC(0) Old regions: 0->1
[2023-01-29T17:48:21.865+0100][gc,heap     ] GC(0) Archive regions: 0->0
[2023-01-29T17:48:21.865+0100][gc,heap     ] GC(0) Humongous regions: 0->0
[2023-01-29T17:48:21.865+0100][gc,metaspace] GC(0) Metaspace: 21353K(21504K)->21353K(21504K) NonClass: 18997K(19072K)->18997K(19072K) Class: 2356K(2432K)->2356K(2432K)
[2023-01-29T17:48:21.865+0100][gc          ] GC(0) Pause Young (Concurrent Start) (Metadata GC Threshold) 35M->7M(1024M) 2.965ms
[2023-01-29T17:48:21.865+0100][gc,cpu      ] GC(0) User=0.02s Sys=0.01s Real=0.00s
[2023-01-29T17:48:21.865+0100][gc          ] GC(1) Concurrent Mark Cycle
[2023-01-29T17:48:21.865+0100][gc,marking  ] GC(1) Concurrent Clear Claimed Marks
[2023-01-29T17:48:21.865+0100][gc,marking  ] GC(1) Concurrent Clear Claimed Marks 0.009ms
[2023-01-29T17:48:21.865+0100][gc,marking  ] GC(1) Concurrent Scan Root Regions
[2023-01-29T17:48:21.866+0100][gc,marking  ] GC(1) Concurrent Scan Root Regions 0.952ms
[2023-01-29T17:48:21.866+0100][gc,marking  ] GC(1) Concurrent Mark
[2023-01-29T17:48:21.866+0100][gc,marking  ] GC(1) Concurrent Mark From Roots
[2023-01-29T17:48:21.866+0100][gc,task     ] GC(1) Using 2 workers of 2 for marking
[2023-01-29T17:48:21.866+0100][gc,marking  ] GC(1) Concurrent Mark From Roots 0.349ms
[2023-01-29T17:48:21.866+0100][gc,marking  ] GC(1) Concurrent Preclean
[2023-01-29T17:48:21.866+0100][gc,marking  ] GC(1) Concurrent Preclean 0.014ms
[2023-01-29T17:48:21.866+0100][gc,start    ] GC(1) Pause Remark
[2023-01-29T17:48:21.867+0100][gc          ] GC(1) Pause Remark 7M->7M(1024M) 0.694ms
[2023-01-29T17:48:21.867+0100][gc,cpu      ] GC(1) User=0.00s Sys=0.00s Real=0.00s
[2023-01-29T17:48:21.867+0100][gc,marking  ] GC(1) Concurrent Mark 1.258ms
[2023-01-29T17:48:21.867+0100][gc,marking  ] GC(1) Concurrent Rebuild Remembered Sets
[2023-01-29T17:48:21.867+0100][gc,marking  ] GC(1) Concurrent Rebuild Remembered Sets 0.225ms
[2023-01-29T17:48:21.867+0100][gc,start    ] GC(1) Pause Cleanup
[2023-01-29T17:48:21.867+0100][gc          ] GC(1) Pause Cleanup 8M->8M(1024M) 0.058ms
[2023-01-29T17:48:21.867+0100][gc,cpu      ] GC(1) User=0.00s Sys=0.00s Real=0.00s
[2023-01-29T17:48:21.867+0100][gc,marking  ] GC(1) Concurrent Cleanup for Next Mark
[2023-01-29T17:48:21.869+0100][gc,marking  ] GC(1) Concurrent Cleanup for Next Mark 1.772ms
[2023-01-29T17:48:21.869+0100][gc          ] GC(1) Concurrent Mark Cycle 4.400ms
[2023-01-29T17:48:22.307+0100][gc,start    ] GC(2) Pause Young (Normal) (G1 Evacuation Pause)
[2023-01-29T17:48:22.307+0100][gc,task     ] GC(2) Using 8 workers of 8 for evacuation
[2023-01-29T17:48:22.312+0100][gc,phases   ] GC(2)   Pre Evacuate Collection Set: 0.1ms
[2023-01-29T17:48:22.312+0100][gc,phases   ] GC(2)   Merge Heap Roots: 0.1ms
[2023-01-29T17:48:22.312+0100][gc,phases   ] GC(2)   Evacuate Collection Set: 4.1ms
[2023-01-29T17:48:22.312+0100][gc,phases   ] GC(2)   Post Evacuate Collection Set: 0.3ms
[2023-01-29T17:48:22.312+0100][gc,phases   ] GC(2)   Other: 0.1ms
[2023-01-29T17:48:22.312+0100][gc,heap     ] GC(2) Eden regions: 44->0(48)
[2023-01-29T17:48:22.312+0100][gc,heap     ] GC(2) Survivor regions: 7->3(7)
[2023-01-29T17:48:22.312+0100][gc,heap     ] GC(2) Old regions: 1->8
[2023-01-29T17:48:22.312+0100][gc,heap     ] GC(2) Archive regions: 0->0
[2023-01-29T17:48:22.312+0100][gc,heap     ] GC(2) Humongous regions: 129->129
[2023-01-29T17:48:22.312+0100][gc,metaspace] GC(2) Metaspace: 33673K(33920K)->33673K(33920K) NonClass: 30009K(30144K)->30009K(30144K) Class: 3663K(3776K)->3663K(3776K)
[2023-01-29T17:48:22.312+0100][gc          ] GC(2) Pause Young (Normal) (G1 Evacuation Pause) 180M->138M(1024M) 4.766ms
[2023-01-29T17:48:22.312+0100][gc,cpu      ] GC(2) User=0.01s Sys=0.01s Real=0.01s
[2023-01-29T17:48:22.440+0100][gc,start    ] GC(3) Pause Young (Concurrent Start) (Metadata GC Threshold)
[2023-01-29T17:48:22.440+0100][gc,task     ] GC(3) Using 8 workers of 8 for evacuation
[2023-01-29T17:48:22.444+0100][gc,phases   ] GC(3)   Pre Evacuate Collection Set: 0.2ms
[2023-01-29T17:48:22.444+0100][gc,phases   ] GC(3)   Merge Heap Roots: 0.3ms
[2023-01-29T17:48:22.444+0100][gc,phases   ] GC(3)   Evacuate Collection Set: 2.5ms
[2023-01-29T17:48:22.444+0100][gc,phases   ] GC(3)   Post Evacuate Collection Set: 1.1ms
[2023-01-29T17:48:22.444+0100][gc,phases   ] GC(3)   Other: 0.3ms
[2023-01-29T17:48:22.444+0100][gc,heap     ] GC(3) Eden regions: 14->0(46)
[2023-01-29T17:48:22.444+0100][gc,heap     ] GC(3) Survivor regions: 3->5(7)
[2023-01-29T17:48:22.444+0100][gc,heap     ] GC(3) Old regions: 8->8
[2023-01-29T17:48:22.444+0100][gc,heap     ] GC(3) Archive regions: 0->0
[2023-01-29T17:48:22.444+0100][gc,heap     ] GC(3) Humongous regions: 129->129
[2023-01-29T17:48:22.444+0100][gc,metaspace] GC(3) Metaspace: 35788K(35968K)->35788K(35968K) NonClass: 31856K(31936K)->31856K(31936K) Class: 3932K(4032K)->3932K(4032K)
[2023-01-29T17:48:22.444+0100][gc          ] GC(3) Pause Young (Concurrent Start) (Metadata GC Threshold) 152M->140M(1024M) 4.567ms
[2023-01-29T17:48:22.444+0100][gc,cpu      ] GC(3) User=0.01s Sys=0.00s Real=0.00s
[2023-01-29T17:48:22.444+0100][gc          ] GC(4) Concurrent Mark Cycle
[2023-01-29T17:48:22.444+0100][gc,marking  ] GC(4) Concurrent Clear Claimed Marks
[2023-01-29T17:48:22.444+0100][gc,marking  ] GC(4) Concurrent Clear Claimed Marks 0.018ms
[2023-01-29T17:48:22.444+0100][gc,marking  ] GC(4) Concurrent Scan Root Regions
[2023-01-29T17:48:22.446+0100][gc,marking  ] GC(4) Concurrent Scan Root Regions 1.600ms
[2023-01-29T17:48:22.446+0100][gc,marking  ] GC(4) Concurrent Mark
[2023-01-29T17:48:22.446+0100][gc,marking  ] GC(4) Concurrent Mark From Roots
[2023-01-29T17:48:22.446+0100][gc,task     ] GC(4) Using 2 workers of 2 for marking
[2023-01-29T17:48:22.450+0100][gc,marking  ] GC(4) Concurrent Mark From Roots 4.195ms
[2023-01-29T17:48:22.450+0100][gc,marking  ] GC(4) Concurrent Preclean
[2023-01-29T17:48:22.450+0100][gc,marking  ] GC(4) Concurrent Preclean 0.072ms
[2023-01-29T17:48:22.451+0100][gc,start    ] GC(4) Pause Remark
[2023-01-29T17:48:22.452+0100][gc          ] GC(4) Pause Remark 141M->141M(1024M) 1.225ms
[2023-01-29T17:48:22.452+0100][gc,cpu      ] GC(4) User=0.00s Sys=0.00s Real=0.00s
[2023-01-29T17:48:22.452+0100][gc,marking  ] GC(4) Concurrent Mark 6.208ms
[2023-01-29T17:48:22.452+0100][gc,marking  ] GC(4) Concurrent Rebuild Remembered Sets
[2023-01-29T17:48:22.455+0100][gc,marking  ] GC(4) Concurrent Rebuild Remembered Sets 2.526ms
[2023-01-29T17:48:22.455+0100][gc,start    ] GC(4) Pause Cleanup
[2023-01-29T17:48:22.455+0100][gc          ] GC(4) Pause Cleanup 142M->142M(1024M) 0.161ms
[2023-01-29T17:48:22.455+0100][gc,cpu      ] GC(4) User=0.01s Sys=0.00s Real=0.00s
[2023-01-29T17:48:22.455+0100][gc,marking  ] GC(4) Concurrent Cleanup for Next Mark
[2023-01-29T17:48:22.458+0100][gc,marking  ] GC(4) Concurrent Cleanup for Next Mark 2.405ms
[2023-01-29T17:48:22.458+0100][gc          ] GC(4) Concurrent Mark Cycle 13.409ms
[2023-01-29T17:53:20.118+0100][gc,start    ] GC(5) Pause Young (Prepare Mixed) (G1 Evacuation Pause)
[2023-01-29T17:53:20.119+0100][gc,task     ] GC(5) Using 8 workers of 8 for evacuation
[2023-01-29T17:53:20.137+0100][gc,phases   ] GC(5)   Pre Evacuate Collection Set: 1.2ms
[2023-01-29T17:53:20.137+0100][gc,phases   ] GC(5)   Merge Heap Roots: 0.2ms
[2023-01-29T17:53:20.137+0100][gc,phases   ] GC(5)   Evacuate Collection Set: 15.5ms
[2023-01-29T17:53:20.137+0100][gc,phases   ] GC(5)   Post Evacuate Collection Set: 0.6ms
[2023-01-29T17:53:20.137+0100][gc,phases   ] GC(5)   Other: 1.6ms
[2023-01-29T17:53:20.137+0100][gc,heap     ] GC(5) Eden regions: 46->0(46)
[2023-01-29T17:53:20.137+0100][gc,heap     ] GC(5) Survivor regions: 5->5(7)
[2023-01-29T17:53:20.137+0100][gc,heap     ] GC(5) Old regions: 8->10
[2023-01-29T17:53:20.137+0100][gc,heap     ] GC(5) Archive regions: 0->0
[2023-01-29T17:53:20.137+0100][gc,heap     ] GC(5) Humongous regions: 129->129
[2023-01-29T17:53:20.137+0100][gc,metaspace] GC(5) Metaspace: 45413K(45888K)->45413K(45888K) NonClass: 40374K(40640K)->40374K(40640K) Class: 5038K(5248K)->5038K(5248K)
[2023-01-29T17:53:20.137+0100][gc          ] GC(5) Pause Young (Prepare Mixed) (G1 Evacuation Pause) 186M->143M(1024M) 19.115ms
[2023-01-29T17:53:20.137+0100][gc,cpu      ] GC(5) User=0.03s Sys=0.05s Real=0.02s
[2023-01-29T18:00:45.591+0100][gc,start    ] GC(6) Pause Young (Mixed) (G1 Evacuation Pause)
[2023-01-29T18:00:45.591+0100][gc,task     ] GC(6) Using 8 workers of 8 for evacuation
[2023-01-29T18:00:45.615+0100][gc,mmu      ] GC(6) MMU target violated: 21.0ms (20.0ms/21.0ms)
[2023-01-29T18:00:45.615+0100][gc,phases   ] GC(6)   Pre Evacuate Collection Set: 0.2ms
[2023-01-29T18:00:45.615+0100][gc,phases   ] GC(6)   Merge Heap Roots: 0.1ms
[2023-01-29T18:00:45.615+0100][gc,phases   ] GC(6)   Evacuate Collection Set: 22.4ms
[2023-01-29T18:00:45.615+0100][gc,phases   ] GC(6)   Post Evacuate Collection Set: 1.0ms
[2023-01-29T18:00:45.615+0100][gc,phases   ] GC(6)   Other: 0.3ms
[2023-01-29T18:00:45.615+0100][gc,heap     ] GC(6) Eden regions: 46->0(45)
[2023-01-29T18:00:45.615+0100][gc,heap     ] GC(6) Survivor regions: 5->6(7)
[2023-01-29T18:00:45.615+0100][gc,heap     ] GC(6) Old regions: 10->12
[2023-01-29T18:00:45.615+0100][gc,heap     ] GC(6) Archive regions: 0->0
[2023-01-29T18:00:45.615+0100][gc,heap     ] GC(6) Humongous regions: 129->129
[2023-01-29T18:00:45.615+0100][gc,metaspace] GC(6) Metaspace: 46722K(47168K)->46722K(47168K) NonClass: 41583K(41792K)->41583K(41792K) Class: 5139K(5376K)->5139K(5376K)
[2023-01-29T18:00:45.615+0100][gc          ] GC(6) Pause Young (Mixed) (G1 Evacuation Pause) 189M->146M(1024M) 24.646ms
[2023-01-29T18:00:45.615+0100][gc,cpu      ] GC(6) User=0.03s Sys=0.03s Real=0.02s
[2023-01-29T18:03:45.547+0100][gc,start    ] GC(7) Pause Young (Normal) (G1 Evacuation Pause)
[2023-01-29T18:03:45.547+0100][gc,task     ] GC(7) Using 8 workers of 8 for evacuation
[2023-01-29T18:03:45.566+0100][gc,phases   ] GC(7)   Pre Evacuate Collection Set: 1.0ms
[2023-01-29T18:03:45.566+0100][gc,phases   ] GC(7)   Merge Heap Roots: 0.2ms
[2023-01-29T18:03:45.566+0100][gc,phases   ] GC(7)   Evacuate Collection Set: 16.9ms
[2023-01-29T18:03:45.566+0100][gc,phases   ] GC(7)   Post Evacuate Collection Set: 0.4ms
[2023-01-29T18:03:45.566+0100][gc,phases   ] GC(7)   Other: 0.6ms
[2023-01-29T18:03:45.566+0100][gc,heap     ] GC(7) Eden regions: 45->0(48)
[2023-01-29T18:03:45.566+0100][gc,heap     ] GC(7) Survivor regions: 6->3(7)
[2023-01-29T18:03:45.566+0100][gc,heap     ] GC(7) Old regions: 12->15
[2023-01-29T18:03:45.566+0100][gc,heap     ] GC(7) Archive regions: 0->0
[2023-01-29T18:03:45.566+0100][gc,heap     ] GC(7) Humongous regions: 129->129
[2023-01-29T18:03:45.566+0100][gc,metaspace] GC(7) Metaspace: 47888K(48384K)->47888K(48384K) NonClass: 42604K(42880K)->42604K(42880K) Class: 5284K(5504K)->5284K(5504K)
[2023-01-29T18:03:45.566+0100][gc          ] GC(7) Pause Young (Normal) (G1 Evacuation Pause) 191M->145M(1024M) 19.045ms
[2023-01-29T18:03:45.566+0100][gc,cpu      ] GC(7) User=0.01s Sys=0.04s Real=0.02s
[2023-01-29T18:07:37.790+0100][gc,start    ] GC(8) Pause Young (Normal) (G1 Evacuation Pause)
[2023-01-29T18:07:37.790+0100][gc,task     ] GC(8) Using 8 workers of 8 for evacuation
[2023-01-29T18:07:37.796+0100][gc,phases   ] GC(8)   Pre Evacuate Collection Set: 0.3ms
[2023-01-29T18:07:37.796+0100][gc,phases   ] GC(8)   Merge Heap Roots: 0.1ms
[2023-01-29T18:07:37.796+0100][gc,phases   ] GC(8)   Evacuate Collection Set: 4.3ms
[2023-01-29T18:07:37.796+0100][gc,phases   ] GC(8)   Post Evacuate Collection Set: 0.3ms
[2023-01-29T18:07:37.796+0100][gc,phases   ] GC(8)   Other: 0.4ms
[2023-01-29T18:07:37.796+0100][gc,heap     ] GC(8) Eden regions: 48->0(48)
[2023-01-29T18:07:37.796+0100][gc,heap     ] GC(8) Survivor regions: 3->3(7)
[2023-01-29T18:07:37.796+0100][gc,heap     ] GC(8) Old regions: 15->15
[2023-01-29T18:07:37.796+0100][gc,heap     ] GC(8) Archive regions: 0->0
[2023-01-29T18:07:37.796+0100][gc,heap     ] GC(8) Humongous regions: 129->129
[2023-01-29T18:07:37.796+0100][gc,metaspace] GC(8) Metaspace: 47981K(48512K)->47981K(48512K) NonClass: 42697K(43008K)->42697K(43008K) Class: 5284K(5504K)->5284K(5504K)
[2023-01-29T18:07:37.796+0100][gc          ] GC(8) Pause Young (Normal) (G1 Evacuation Pause) 193M->146M(1024M) 5.431ms
[2023-01-29T18:07:37.796+0100][gc,cpu      ] GC(8) User=0.01s Sys=0.02s Real=0.00s
[2023-01-29T18:11:20.995+0100][gc,start    ] GC(9) Pause Young (Normal) (G1 Evacuation Pause)
[2023-01-29T18:11:20.995+0100][gc,task     ] GC(9) Using 8 workers of 8 for evacuation
[2023-01-29T18:11:21.005+0100][gc,phases   ] GC(9)   Pre Evacuate Collection Set: 2.1ms
[2023-01-29T18:11:21.005+0100][gc,phases   ] GC(9)   Merge Heap Roots: 0.1ms
[2023-01-29T18:11:21.005+0100][gc,phases   ] GC(9)   Evacuate Collection Set: 7.1ms
[2023-01-29T18:11:21.005+0100][gc,phases   ] GC(9)   Post Evacuate Collection Set: 0.7ms
[2023-01-29T18:11:21.005+0100][gc,phases   ] GC(9)   Other: 0.2ms
[2023-01-29T18:11:21.005+0100][gc,heap     ] GC(9) Eden regions: 48->0(50)
[2023-01-29T18:11:21.005+0100][gc,heap     ] GC(9) Survivor regions: 3->4(7)
[2023-01-29T18:11:21.005+0100][gc,heap     ] GC(9) Old regions: 15->15
[2023-01-29T18:11:21.005+0100][gc,heap     ] GC(9) Archive regions: 0->0
[2023-01-29T18:11:21.005+0100][gc,heap     ] GC(9) Humongous regions: 129->129
[2023-01-29T18:11:21.005+0100][gc,metaspace] GC(9) Metaspace: 48218K(48768K)->48218K(48768K) NonClass: 42922K(43200K)->42922K(43200K) Class: 5295K(5568K)->5295K(5568K)
[2023-01-29T18:11:21.005+0100][gc          ] GC(9) Pause Young (Normal) (G1 Evacuation Pause) 194M->146M(1024M) 10.262ms
[2023-01-29T18:11:21.005+0100][gc,cpu      ] GC(9) User=0.01s Sys=0.02s Real=0.01s
[2023-01-29T18:15:26.961+0100][gc,start    ] GC(10) Pause Young (Normal) (G1 Evacuation Pause)
[2023-01-29T18:15:26.961+0100][gc,task     ] GC(10) Using 8 workers of 8 for evacuation
[2023-01-29T18:15:26.967+0100][gc,phases   ] GC(10)   Pre Evacuate Collection Set: 0.3ms
[2023-01-29T18:15:26.967+0100][gc,phases   ] GC(10)   Merge Heap Roots: 0.2ms
[2023-01-29T18:15:26.967+0100][gc,phases   ] GC(10)   Evacuate Collection Set: 4.5ms
[2023-01-29T18:15:26.967+0100][gc,phases   ] GC(10)   Post Evacuate Collection Set: 0.4ms
[2023-01-29T18:15:26.967+0100][gc,phases   ] GC(10)   Other: 0.2ms
[2023-01-29T18:15:26.967+0100][gc,heap     ] GC(10) Eden regions: 50->0(115)
[2023-01-29T18:15:26.967+0100][gc,heap     ] GC(10) Survivor regions: 4->4(7)
[2023-01-29T18:15:26.967+0100][gc,heap     ] GC(10) Old regions: 15->15
[2023-01-29T18:15:26.967+0100][gc,heap     ] GC(10) Archive regions: 0->0
[2023-01-29T18:15:26.967+0100][gc,heap     ] GC(10) Humongous regions: 129->129
[2023-01-29T18:15:26.967+0100][gc,metaspace] GC(10) Metaspace: 48231K(48768K)->48231K(48768K) NonClass: 42935K(43200K)->42935K(43200K) Class: 5295K(5568K)->5295K(5568K)
[2023-01-29T18:15:26.967+0100][gc          ] GC(10) Pause Young (Normal) (G1 Evacuation Pause) 196M->146M(1024M) 5.634ms
[2023-01-29T18:15:26.967+0100][gc,cpu      ] GC(10) User=0.01s Sys=0.01s Real=0.00s
[2023-01-29T18:32:19.217+0100][gc,start    ] GC(11) Pause Young (Normal) (G1 Evacuation Pause)
[2023-01-29T18:32:19.217+0100][gc,task     ] GC(11) Using 8 workers of 8 for evacuation
[2023-01-29T18:32:19.232+0100][gc,phases   ] GC(11)   Pre Evacuate Collection Set: 1.3ms
[2023-01-29T18:32:19.232+0100][gc,phases   ] GC(11)   Merge Heap Roots: 0.6ms
[2023-01-29T18:32:19.232+0100][gc,phases   ] GC(11)   Evacuate Collection Set: 11.9ms
[2023-01-29T18:32:19.232+0100][gc,phases   ] GC(11)   Post Evacuate Collection Set: 0.9ms
[2023-01-29T18:32:19.232+0100][gc,phases   ] GC(11)   Other: 1.1ms
[2023-01-29T18:32:19.232+0100][gc,heap     ] GC(11) Eden regions: 115->0(129)
[2023-01-29T18:32:19.232+0100][gc,heap     ] GC(11) Survivor regions: 4->4(15)
[2023-01-29T18:32:19.232+0100][gc,heap     ] GC(11) Old regions: 15->15
[2023-01-29T18:32:19.232+0100][gc,heap     ] GC(11) Archive regions: 0->0
[2023-01-29T18:32:19.232+0100][gc,heap     ] GC(11) Humongous regions: 129->129
[2023-01-29T18:32:19.232+0100][gc,metaspace] GC(11) Metaspace: 48314K(48832K)->48314K(48832K) NonClass: 43017K(43264K)->43017K(43264K) Class: 5296K(5568K)->5296K(5568K)
[2023-01-29T18:32:19.232+0100][gc          ] GC(11) Pause Young (Normal) (G1 Evacuation Pause) 261M->146M(1024M) 15.878ms
[2023-01-29T18:32:19.232+0100][gc,cpu      ] GC(11) User=0.02s Sys=0.03s Real=0.02s
[2023-01-29T18:54:08.734+0100][gc,start    ] GC(12) Pause Young (Normal) (G1 Evacuation Pause)
[2023-01-29T18:54:08.735+0100][gc,task     ] GC(12) Using 8 workers of 8 for evacuation
[2023-01-29T18:54:08.743+0100][gc,phases   ] GC(12)   Pre Evacuate Collection Set: 0.4ms
[2023-01-29T18:54:08.743+0100][gc,phases   ] GC(12)   Merge Heap Roots: 0.2ms
[2023-01-29T18:54:08.743+0100][gc,phases   ] GC(12)   Evacuate Collection Set: 7.0ms
[2023-01-29T18:54:08.743+0100][gc,phases   ] GC(12)   Post Evacuate Collection Set: 0.6ms
[2023-01-29T18:54:08.743+0100][gc,phases   ] GC(12)   Other: 1.0ms
[2023-01-29T18:54:08.743+0100][gc,heap     ] GC(12) Eden regions: 129->0(321)
[2023-01-29T18:54:08.743+0100][gc,heap     ] GC(12) Survivor regions: 4->5(17)
[2023-01-29T18:54:08.743+0100][gc,heap     ] GC(12) Old regions: 15->15
[2023-01-29T18:54:08.743+0100][gc,heap     ] GC(12) Archive regions: 0->0
[2023-01-29T18:54:08.743+0100][gc,heap     ] GC(12) Humongous regions: 129->129
[2023-01-29T18:54:08.743+0100][gc,metaspace] GC(12) Metaspace: 48468K(49024K)->48468K(49024K) NonClass: 43153K(43456K)->43153K(43456K) Class: 5314K(5568K)->5314K(5568K)
[2023-01-29T18:54:08.743+0100][gc          ] GC(12) Pause Young (Normal) (G1 Evacuation Pause) 275M->147M(1024M) 9.294ms
[2023-01-29T18:54:08.743+0100][gc,cpu      ] GC(12) User=0.02s Sys=0.02s Real=0.01s
[2023-01-29T19:05:57.700+0100][gc,heap,exit] Heap
[2023-01-29T19:05:57.700+0100][gc,heap,exit]  garbage-first heap   total 1048576K, used 243954K [0x00000007c0000000, 0x0000000800000000)
[2023-01-29T19:05:57.700+0100][gc,heap,exit]   region size 1024K, 96 young (98304K), 5 survivors (5120K)
[2023-01-29T19:05:57.700+0100][gc,heap,exit]  Metaspace       used 50754K, committed 51328K, reserved 1097728K
[2023-01-29T19:05:57.700+0100][gc,heap,exit]   class space    used 5824K, committed 6080K, reserved 1048576K
